-- west build: generating a build system
Loading Zephyr module(s) (Zephyr base (cached)): sysbuild_default
-- Cache files will be written to: /home/user/.cache/zephyr
-- Found west (found suitable version "1.2.0", minimum required is "0.14.0")
-- Board: ab1620dm_evk, qualifiers: ab1620dm
Parsing /workdir/zephyr/share/sysbuild/Kconfig
Loaded configuration '/workdir/out/ab1620dm_evk/hid_dongle_ref_design_m20/zephyr/.config'
No change to configuration in '/workdir/out/ab1620dm_evk/hid_dongle_ref_design_m20/zephyr/.config'
No change to Kconfig header in '/workdir/out/ab1620dm_evk/hid_dongle_ref_design_m20/_sysbuild/autoconf.h'
[Airoha] AIR_SYSBUILD_PATH: /workdir/airoha/mcu/boards/airoha/ab1620dm_evk/../../../cmake/sysbuild
[Airoha][Build] SYSBUILD_START_TIME_IN_SEC: 1779846389
[Airoha] IMAGES: 
[Airoha] DEFAULT_IMAGE: hid_dongle_ref_design
[Airoha] SYSBUILD_IMAGES: hid_dongle_ref_design;mcuboot
[Airoha][Footprint] script(/workdir/airoha/mcu/cmake/sysbuild/../../scripts/scripts_protected/memory_utility/footprint_v2/footprint.py) not exist
-- 
   *****************************
   * Running CMake for mcuboot *
   *****************************

Loading Zephyr default modules (Zephyr base (cached)).
-- Application: /workdir/airoha/mcu/applications/mcuboot/boot/zephyr
-- CMake version: 3.22.1
-- Cache files will be written to: /home/user/.cache/zephyr
-- Zephyr version: 3.7.1 (/workdir/zephyr)
-- Found west (found suitable version "1.2.0", minimum required is "0.14.0")
-- Board: ab1620dm_evk, qualifiers: ab1620dm
-- Found host-tools: zephyr 0.16.9 (/opt/toolchains/zephyr-sdk-0.16.9)
-- Found toolchain: zephyr 0.16.9 (/opt/toolchains/zephyr-sdk-0.16.9)
-- Found BOARD.dts: /workdir/airoha/mcu/boards/airoha/ab1620dm_evk/ab1620dm_evk.dts
-- Found devicetree overlay: config/ab162x_evb/mcuboot.overlay
unit address and first address in 'reg' (0x420b0000) don't match for /soc/gpio@420b0004
-- Generated zephyr.dts: /workdir/out/ab1620dm_evk/hid_dongle_ref_design_m20/mcuboot/zephyr/zephyr.dts
-- Generated devicetree_generated.h: /workdir/out/ab1620dm_evk/hid_dongle_ref_design_m20/mcuboot/zephyr/include/generated/zephyr/devicetree_generated.h
-- Including generated dts.cmake file: /workdir/out/ab1620dm_evk/hid_dongle_ref_design_m20/mcuboot/zephyr/dts.cmake
/workdir/out/ab1620dm_evk/hid_dongle_ref_design_m20/mcuboot/zephyr/zephyr.dts:161.26-164.5: Warning (simple_bus_reg): /soc/airoha_hci: missing or empty reg/ranges property
/workdir/out/ab1620dm_evk/hid_dongle_ref_design_m20/mcuboot/zephyr/zephyr.dts:235.25-244.5: Warning (simple_bus_reg): /soc/gpio@420b0004: simple-bus unit address format error, expected "420b0000"
/workdir/out/ab1620dm_evk/hid_dongle_ref_design_m20/mcuboot/zephyr/zephyr.dts:245.27-275.5: Warning (simple_bus_reg): /soc/pin-controller: missing or empty reg/ranges property
Parsing /workdir/airoha/mcu/applications/mcuboot/boot/zephyr/Kconfig
Loaded configuration '/workdir/out/ab1620dm_evk/hid_dongle_ref_design_m20/mcuboot/zephyr/.config'
Merged configuration '/workdir/out/ab1620dm_evk/hid_dongle_ref_design_m20/mcuboot/zephyr/.config.sysbuild'
No change to configuration in '/workdir/out/ab1620dm_evk/hid_dongle_ref_design_m20/mcuboot/zephyr/.config'
No change to Kconfig header in '/workdir/out/ab1620dm_evk/hid_dongle_ref_design_m20/mcuboot/zephyr/include/generated/zephyr/autoconf.h'
CMake Warning at /workdir/zephyr/CMakeLists.txt:541 (message):
  ZEPHYR_BASE=/workdir/zephyr doesn't appear to be a git repository, please
  specify '-DBUILD_VERSION=<version>'


[Airoha] soc/airoha/ab162x/CMakeLists.txt was included!
[Airoha] variable SOC_LINKER_SCRIPT is /workdir/airoha/mcu/soc/airoha/ab162x/linker.ld
[Airoh] CMakeLists.txt in boards/airoha/ab1620dm_evk was inclueded!
-- Using ccache: /usr/local/bin/ccache
-- ZEPHYR_VERSION_CODE: 198401
-- KERNELVERSION: 0x3070100
-- KERNEL_VERSION_NUMBER: 0x30701
[Airoha] AIR_PREBUILT_LIB_ROOT: /workdir/airoha/mcu/prebuilt
[Airoha] AIR_MODULE_OUT_PATH: /workdir/out/ab1620dm_evk/hid_dongle_ref_design_m20/mcuboot/modules/airoha
[Airoha] APPLICATION_BINARY_DIR: /workdir/out/ab1620dm_evk/hid_dongle_ref_design_m20/mcuboot
[Airoha] AIR_ROOT_DIR: /workdir/airoha/mcu
[Airoha] AIR_COMMON_ROOT_DIR: /workdir/airoha/common
[Airoha] AIR_COMMON_ROOT_DIR: /workdir/airoha/common
CMake Warning at /workdir/zephyr/CMakeLists.txt:915 (message):
  No SOURCES given to Zephyr library: ..__airoha__mcu__subsys__airoha__argb

  Excluding target from build.


CMake Warning at /workdir/zephyr/CMakeLists.txt:915 (message):
  No SOURCES given to Zephyr library: ..__airoha__mcu__subsys__airoha__led

  Excluding target from build.


CMake Warning at /workdir/zephyr/CMakeLists.txt:915 (message):
  No SOURCES given to Zephyr library: ..__airoha__mcu__subsys__airoha__rgb

  Excluding target from build.


MCUBoot bootloader key file: /workdir/airoha/mcu/applications/mcuboot/private_secure_boot_3k.pem
-- Configuring done
-- Generating done
-- Build files have been written to: /workdir/out/ab1620dm_evk/hid_dongle_ref_design_m20/mcuboot
-- 
   *******************************************
   * Running CMake for hid_dongle_ref_design *
   *******************************************

Loading Zephyr default modules (Zephyr base (cached)).
-- Application: /workdir/airoha/mcu/applications/hid_dongle_ref_design
-- CMake version: 3.22.1
-- Cache files will be written to: /home/user/.cache/zephyr
-- Zephyr version: 3.7.1 (/workdir/zephyr)
-- Found west (found suitable version "1.2.0", minimum required is "0.14.0")
-- Board: ab1620dm_evk, qualifiers: ab1620dm
-- Found host-tools: zephyr 0.16.9 (/opt/toolchains/zephyr-sdk-0.16.9)
-- Found toolchain: zephyr 0.16.9 (/opt/toolchains/zephyr-sdk-0.16.9)
-- Found BOARD.dts: /workdir/airoha/mcu/boards/airoha/ab1620dm_evk/ab1620dm_evk.dts
-- Found devicetree overlay: config/ab1620dm_evk/app.overlay
unit address and first address in 'reg' (0x420b0000) don't match for /soc/gpio@420b0004
-- Generated zephyr.dts: /workdir/out/ab1620dm_evk/hid_dongle_ref_design_m20/hid_dongle_ref_design/zephyr/zephyr.dts
-- Generated devicetree_generated.h: /workdir/out/ab1620dm_evk/hid_dongle_ref_design_m20/hid_dongle_ref_design/zephyr/include/generated/zephyr/devicetree_generated.h
-- Including generated dts.cmake file: /workdir/out/ab1620dm_evk/hid_dongle_ref_design_m20/hid_dongle_ref_design/zephyr/dts.cmake
/workdir/out/ab1620dm_evk/hid_dongle_ref_design_m20/hid_dongle_ref_design/zephyr/zephyr.dts:162.26-165.5: Warning (simple_bus_reg): /soc/airoha_hci: missing or empty reg/ranges property
/workdir/out/ab1620dm_evk/hid_dongle_ref_design_m20/hid_dongle_ref_design/zephyr/zephyr.dts:236.25-245.5: Warning (simple_bus_reg): /soc/gpio@420b0004: simple-bus unit address format error, expected "420b0000"
/workdir/out/ab1620dm_evk/hid_dongle_ref_design_m20/hid_dongle_ref_design/zephyr/zephyr.dts:246.27-276.5: Warning (simple_bus_reg): /soc/pin-controller: missing or empty reg/ranges property
Parsing /workdir/airoha/mcu/applications/hid_dongle_ref_design/Kconfig
Loaded configuration '/workdir/out/ab1620dm_evk/hid_dongle_ref_design_m20/hid_dongle_ref_design/zephyr/.config'
Merged configuration '/workdir/out/ab1620dm_evk/hid_dongle_ref_design_m20/hid_dongle_ref_design/zephyr/.config.sysbuild'
No change to configuration in '/workdir/out/ab1620dm_evk/hid_dongle_ref_design_m20/hid_dongle_ref_design/zephyr/.config'
No change to Kconfig header in '/workdir/out/ab1620dm_evk/hid_dongle_ref_design_m20/hid_dongle_ref_design/zephyr/include/generated/zephyr/autoconf.h'
CMake Warning at /workdir/zephyr/CMakeLists.txt:541 (message):
  ZEPHYR_BASE=/workdir/zephyr doesn't appear to be a git repository, please
  specify '-DBUILD_VERSION=<version>'


[Airoha] soc/airoha/ab162x/CMakeLists.txt was included!
[Airoha] variable SOC_LINKER_SCRIPT is /workdir/airoha/mcu/soc/airoha/ab162x/linker.ld
CMake Warning at /workdir/airoha/mcu/cmake/common/air_chip.cmake:48 (message):
  [Airoha][nvkey] /workdir/airoha/mcu/soc/common/exception_handler/nvkey.xml
  not exist.
Call Stack (most recent call first):
  /workdir/airoha/mcu/soc/airoha/common/exception_handler/CMakeLists.txt:39 (airoha_nvkey_append_xml)


[Airoh] CMakeLists.txt in boards/airoha/ab1620dm_evk was inclueded!
-- Using ccache: /usr/local/bin/ccache
-- ZEPHYR_VERSION_CODE: 198401
-- KERNELVERSION: 0x3070100
-- KERNEL_VERSION_NUMBER: 0x30701
[Airoha] AIR_PREBUILT_LIB_ROOT: /workdir/airoha/mcu/prebuilt
[Airoha] AIR_MODULE_OUT_PATH: /workdir/out/ab1620dm_evk/hid_dongle_ref_design_m20/hid_dongle_ref_design/modules/airoha
[Airoha] APPLICATION_BINARY_DIR: /workdir/out/ab1620dm_evk/hid_dongle_ref_design_m20/hid_dongle_ref_design
[Airoha] AIR_ROOT_DIR: /workdir/airoha/mcu
[Airoha] AIR_COMMON_ROOT_DIR: /workdir/airoha/common
[Airoha] CONFIG_SETTINGS_NVS_SECTOR_COUNT is 10
[Airoha] CONFIG_STORAGE_PARTITION_SIZE is 40
[Airoha] NVKEY_FILE_LIST is /workdir/airoha/mcu/soc/airoha/ab162x/nvkey.xml;/workdir/airoha/mcu/boards/airoha/ab1620dm_evk/nvkey.xml
[Airoha] GEN_DEFAULT_NVS_BIN is y
/workdir/airoha/mcu/subsys/airoha/bluetooth/controller/pka_protected is empty. Prebuilt libpka_zephyrle_asic.a is used
CMake Warning at /workdir/airoha/mcu/cmake/common/air_chip.cmake:48 (message):
  [Airoha][nvkey] /workdir/airoha/mcu/subsys/airoha/logging/nvkey.xml not
  exist.
Call Stack (most recent call first):
  /workdir/airoha/mcu/prebuilt/system/ab162x/logging/CMakeLists.txt:45 (airoha_nvkey_append_xml)


[Airoha] AIR_COMMON_ROOT_DIR: /workdir/airoha/common
CMake Warning at /workdir/zephyr/CMakeLists.txt:915 (message):
  No SOURCES given to Zephyr library: drivers__usb__device

  Excluding target from build.


CMake Warning at /workdir/zephyr/CMakeLists.txt:915 (message):
  No SOURCES given to Zephyr library: drivers__entropy

  Excluding target from build.


CMake Warning at /workdir/zephyr/CMakeLists.txt:915 (message):
  No SOURCES given to Zephyr library: drivers__gpio

  Excluding target from build.


CMake Warning at /workdir/zephyr/CMakeLists.txt:915 (message):
  No SOURCES given to Zephyr library: drivers__serial

  Excluding target from build.


CMake Warning at /workdir/zephyr/CMakeLists.txt:915 (message):
  No SOURCES given to Zephyr library:
  ..__airoha__mcu__subsys__airoha__bluetooth__host

  Excluding target from build.


CMake Warning at /workdir/zephyr/CMakeLists.txt:915 (message):
  No SOURCES given to Zephyr library:
  ..__airoha__mcu__prebuilt__system__ab162x__offline_dump

  Excluding target from build.


CMake Warning at /workdir/zephyr/CMakeLists.txt:915 (message):
  No SOURCES given to Zephyr library: ..__airoha__mcu__subsys__airoha__argb

  Excluding target from build.


CMake Warning at /workdir/zephyr/CMakeLists.txt:915 (message):
  No SOURCES given to Zephyr library:
  ..__airoha__mcu__prebuilt__system__ab162x__logging

  Excluding target from build.


CMake Warning at /workdir/zephyr/CMakeLists.txt:915 (message):
  No SOURCES given to Zephyr library:
  ..__airoha__mcu__prebuilt__system__ab162x__exception_handler

  Excluding target from build.


CMake Warning at /workdir/zephyr/CMakeLists.txt:915 (message):
  No SOURCES given to Zephyr library: ..__airoha__mcu__subsys__airoha__led

  Excluding target from build.


-- Including signing script: /workdir/zephyr/cmake/mcuboot.cmake
CMake Warning at /workdir/zephyr/CMakeLists.txt:2094 (message):
  __ASSERT() statements are globally ENABLED


-- [Airoha][NVKey] NVKEY_FILE 1: airoha/mcu/soc/airoha/ab162x/nvkey.xml
-- [Airoha][NVKey] NVKEY_FILE 2: airoha/mcu/boards/airoha/ab1620dm_evk/nvkey.xml
-- [Airoha][NVKey] NVKEY_FILE 3: airoha/mcu/subsys/airoha/pka/nvdm/nvkey.xml
-- [Airoha][NVKey] NVKEY_FILE 4: airoha/mcu/prebuilt/system/ab162x/exception_handler/nvkey.xml
-- [Airoha][NVKey] NVKEY_FILE 5: airoha/mcu/subsys/airoha/hid/auto_switch_service/nvkey.xml
-- [Airoha][NVKey] NVKEY_FILE 6: airoha/mcu/applications/hid_dongle_ref_design/config/ab1620dm_evk/nvkey_m20.xml
-- [Airoha][NVKey][MP] NVKEY_FILE 1: airoha/mcu/soc/airoha/ab162x/nvkey.xml
-- [Airoha][NVKey][MP] NVKEY_FILE 2: airoha/mcu/boards/airoha/ab1620dm_evk/nvkey.xml
-- [Airoha][NVKey][MP] NVKEY_FILE 3: airoha/mcu/subsys/airoha/pka/nvdm/nvkey.xml
-- [Airoha][NVKey][MP] NVKEY_FILE 4: airoha/mcu/prebuilt/system/ab162x/exception_handler/nvkey.xml
-- [Airoha][NVKey][MP] NVKEY_FILE 5: airoha/mcu/subsys/airoha/hid/auto_switch_service/nvkey.xml
-- [Airoha][NVKey][MP] NVKEY_FILE 6: airoha/mcu/applications/hid_dongle_ref_design/config/ab1620dm_evk/nvkey_m20.xml
-- [Airoha][NVKey][MP] NVKEY_FILE 7: airoha/mcu/soc/airoha/common/exception_handler/nvkey_release.xml
-- Configuring done
-- Generating done
-- Build files have been written to: /workdir/out/ab1620dm_evk/hid_dongle_ref_design_m20/hid_dongle_ref_design
-- Configuring done
-- Generating done
-- Build files have been written to: /workdir/out/ab1620dm_evk/hid_dongle_ref_design_m20
-- west build: building application
[0/12] Performing build step for 'hid_dongle_ref_design'
[1/14] [Airoha] Generating flash_download.cfg for airoha's download tool...
[2/14] [Airoha] Generating partition table for airoha's boot flow
[3/14] [Airoha][NVKey] Merge the input xml into one full nvkey.xml, and if there are dumplicate items, prompt or overwrite them according to project's policy.
[4/14] [Airoha][NVKey] Executing nvs_post_build target to generate storage binary data for downloading default NVS data
NVS PostBuildTool v1.0.0
======================initialized======================
append XML file: /workdir/out/ab1620dm_evk/hid_dongle_ref_design_m20/hid_dongle_ref_design/download/nvkey.xml
31 NV added.
parse 1 xml done.
Generate NVS image.
Successfully merge 32 NVKEYs and generate a NVS image of 40 KBytes
/workdir/out/ab1620dm_evk/hid_dongle_ref_design_m20/hid_dongle_ref_design/download/nvs.bin
/workdir/out/ab1620dm_evk/hid_dongle_ref_design_m20/hid_dongle_ref_design/download/nvkey_ota.c
[5/14] [Airoha][NVKey] Merge the input xml into one full nvkey_release.xml, and if there are dumplicate items, prompt or overwrite them according to project's policy.
[6/14] [Airoha][NVKey] Executing nvs_release_post_build target to generate storage_release.bin for downloading default NVS data with MP flag
NVS PostBuildTool v1.0.0
======================initialized======================
append XML file: /workdir/out/ab1620dm_evk/hid_dongle_ref_design_m20/hid_dongle_ref_design/download/nvkey_release.xml
31 NV added.
parse 1 xml done.
Generate NVS image.
Successfully merge 32 NVKEYs and generate a NVS image of 40 KBytes
/workdir/out/ab1620dm_evk/hid_dongle_ref_design_m20/hid_dongle_ref_design/download/nvs.bin
/workdir/out/ab1620dm_evk/hid_dongle_ref_design_m20/hid_dongle_ref_design/download/nvkey_ota.c
[7/14] Generating misc/generated/syscalls.json, misc/generated/struct_tags.json
[8/14] Generating linker_zephyr_pre0.cmd
[9/14] Building C object modules/airoha/subsys/airoha/version/CMakeFiles/..__airoha__mcu__subsys__airoha__version.dir/misc/generated/air_version.c.obj
[10/14] Building C object modules/airoha/modules/hal/airoha/ab162x/CMakeFiles/..__airoha__mcu__modules__hal__airoha__ab162x.dir/src/hal_bat.c.obj
[11/14] Linking C static library modules/airoha/subsys/airoha/version/lib..__airoha__mcu__subsys__airoha__version.a
[12/14] Building C object modules/airoha/modules/hal/airoha/ab162x/CMakeFiles/..__airoha__mcu__modules__hal__airoha__ab162x.dir/src/hal_usb.c.obj
[13/14] Linking C static library modules/airoha/modules/hal/airoha/ab162x/lib..__airoha__mcu__modules__hal__airoha__ab162x.a
[14/14] Linking CXX executable zephyr/zephyr.elf
Memory region         Used Size  Region Size  %age Used
           FLASH:      662004 B       948 KB     68.19%
            SRAM:      266172 B       384 KB     67.69%
         SRAM_BT:       15856 B        16 KB     96.78%
  ROM_LOG_STRING:      346643 B        32 MB      1.03%
        IDT_LIST:          0 GB         2 KB      0.00%
Generating files from /workdir/out/ab1620dm_evk/hid_dongle_ref_design_m20/hid_dongle_ref_design/zephyr/zephyr.elf for board: ab1620dm_evk
[1/12] Performing build step for 'mcuboot'
[1/9] [Airoha] Generating partition table for airoha's boot flow
[2/9] Generating misc/generated/syscalls.json, misc/generated/struct_tags.json
[3/9] Generating linker_zephyr_pre0.cmd
[4/9] Building C object modules/airoha/modules/hal/airoha/ab162x/CMakeFiles/..__airoha__mcu__modules__hal__airoha__ab162x.dir/src/hal_usb.c.obj
[5/9] Building C object modules/airoha/subsys/airoha/version/CMakeFiles/..__airoha__mcu__subsys__airoha__version.dir/misc/generated/air_version.c.obj
[6/9] Building C object modules/airoha/modules/hal/airoha/ab162x/CMakeFiles/..__airoha__mcu__modules__hal__airoha__ab162x.dir/src/hal_bat.c.obj
[7/9] Linking C static library modules/airoha/subsys/airoha/version/lib..__airoha__mcu__subsys__airoha__version.a
[8/9] Linking C static library modules/airoha/modules/hal/airoha/ab162x/lib..__airoha__mcu__modules__hal__airoha__ab162x.a
[9/9] Linking CXX executable zephyr/zephyr.elf
Memory region         Used Size  Region Size  %age Used
            SRAM:       70992 B       384 KB     18.05%
         SRAM_BT:          0 GB        16 KB      0.00%
  ROM_LOG_STRING:          0 GB        32 MB      0.00%
        IDT_LIST:          0 GB         2 KB      0.00%
Generating files from /workdir/out/ab1620dm_evk/hid_dongle_ref_design_m20/mcuboot/zephyr/zephyr.elf for board: ab1620dm_evk
[3/12] Completed 'hid_dongle_ref_design'
[5/12] No install step for 'mcuboot'
[6/12] Completed 'mcuboot'
[7/12] [Airoha] collect firmware and change firmware name in flash_download.cfg
[Airoha][Collect Firmware] obtain zephyr version: 0x03070100
[Airoha][Collect Firmware] create directory /workdir/out/ab1620dm_evk/hid_dongle_ref_design_m20/download
[Airoha][Collect Firmware] create directory /workdir/out/ab1620dm_evk/hid_dongle_ref_design_m20/debug
[Airoha][Collect Firmware] create directory /workdir/out/ab1620dm_evk/hid_dongle_ref_design_m20/debug/hid_dongle_ref_design
[Airoha][Collect Firmware] copy debug files which file extension match ('.dts', '.elf', '.map', '.bin', '.hex', '.yaml', '.config', '.cmd', '.lst', '.json', '.symbols', '.stat') from /workdir/out/ab1620dm_evk/hid_dongle_ref_design_m20/hid_dongle_ref_design/zephyr to /workdir/out/ab1620dm_evk/hid_dongle_ref_design_m20/debug/hid_dongle_ref_design
[Airoha][Collect Firmware] copy firmware file from /workdir/out/ab1620dm_evk/hid_dongle_ref_design_m20/hid_dongle_ref_design/zephyr/zephyr.signed.bin to /workdir/out/ab1620dm_evk/hid_dongle_ref_design_m20/download/hid_dongle_ref_design.signed.bin
[Airoha][Collect Firmware] copy all other download binary files from /workdir/out/ab1620dm_evk/hid_dongle_ref_design_m20/hid_dongle_ref_design/download to /workdir/out/ab1620dm_evk/hid_dongle_ref_design_m20/download
[Airoha][Collect Firmware] create directory /workdir/out/ab1620dm_evk/hid_dongle_ref_design_m20/debug/mcuboot
[Airoha][Collect Firmware] copy debug files which file extension match ('.dts', '.elf', '.map', '.bin', '.hex', '.yaml', '.config', '.cmd', '.lst', '.json', '.symbols', '.stat') from /workdir/out/ab1620dm_evk/hid_dongle_ref_design_m20/mcuboot/zephyr to /workdir/out/ab1620dm_evk/hid_dongle_ref_design_m20/debug/mcuboot
[Airoha][Collect Firmware] copy firmware file from /workdir/out/ab1620dm_evk/hid_dongle_ref_design_m20/mcuboot/zephyr/zephyr.bin to /workdir/out/ab1620dm_evk/hid_dongle_ref_design_m20/download/mcuboot.bin
[Airoha][Collect Firmware] build dirs: ('/workdir/out/ab1620dm_evk/hid_dongle_ref_design_m20/hid_dongle_ref_design', '/workdir/out/ab1620dm_evk/hid_dongle_ref_design_m20/mcuboot')
[Airoha][Collect Firmware] default project: hid_dongle_ref_design
[Airoha][Collect Firmware] firmware of default project: hid_dongle_ref_design.signed.bin
[Airoha][Collect Firmware] bootloader project: mcuboot
[Airoha][Collect Firmware] firmware of bootloader project: mcuboot.bin
[Airoha][Collect Firmware] replace image-0.bin => hid_dongle_ref_design.signed.bin in flash_download.cfg
[Airoha][Collect Firmware] replace bootloader.bin => mcuboot.bin in flash_download.cfg
[Airoha][Collect Firmware] remove download entry of secure_hdr0.bin due to CONFIG_AIR_SECURITY_SECURE_BOOT_ENABLE=y not matched
[Airoha][Collect Firmware] remove download entry of secure_hdr1.bin due to CONFIG_AIR_SECURITY_SECURE_BOOT_ENABLE=y not matched
[Airoha][Collect Firmware] represent as hex format
[Airoha][Collect Firmware] generate /workdir/out/ab1620dm_evk/hid_dongle_ref_design_m20/download/flash_download.cfg
[Airoha][Collect Firmware] generate /workdir/out/ab1620dm_evk/hid_dongle_ref_design_m20/download/flash_download.cfg done!
[8/12] [Airoha][Release] Generating release related files...
[9/12] [Airoha][Footprint] Generating statistics data for footprint analysising...
[Airoha][Footprint][Statistics] processing /workdir/out/ab1620dm_evk/hid_dongle_ref_design_m20
[10/12] [Airoha] check the differences in the flash partition across different projects in sysbuild
[Airoha][FlashPartition Check] time: 0 min 0 seconds
[11/12] [Airoha] check sysbuild result, especially the address defined by the cross core variable
[Airoha][SysBuild Check] time: 0 min 0 seconds
[12/12] [Airoha][Build] print sysbuild time
[Airoha][Build] Real Build Time: 0 min 15 s
[Airoha][Build] Total Build Time: 0 min 17 s
