Archive member included to satisfy reference by file (symbol)

/workdir/airoha/risc-v/prebuilt/system/chip/ab162x/exception_handler/libexception_handler.a(exception_handler.o)
                              /workdir/out/ab1623m_evk/hid_ref_mouse_m20/hid_device_ref_design_mouse/riscv/mouse_ref_design/hid_ref_mouse_m20/projects/applications/mouse_ref_design/src/app/riscv_ccni.o (light_assert)
/workdir/airoha/risc-v/prebuilt/system/chip/ab162x/exception_handler/libexception_handler.a(exception.o)
                              /workdir/out/ab1623m_evk/hid_ref_mouse_m20/hid_device_ref_design_mouse/riscv/mouse_ref_design/hid_ref_mouse_m20/config/chip/ab162x/startup.o (airoha_int_handler)
/workdir/airoha/risc-v/prebuilt/system/chip/ab162x/syslog/libsyslog.a(syslog.o)
                              /workdir/out/ab1623m_evk/hid_ref_mouse_m20/hid_device_ref_design_mouse/riscv/mouse_ref_design/hid_ref_mouse_m20/projects/applications/mouse_ref_design/src/app/riscv_ccni.o (print_module_msgid_log)
/workdir/airoha/risc-v/tools/toolchain/xpack-riscv-none-elf-gcc-13.2.0-2/bin/../lib/gcc/riscv-none-elf/13.2.0/rv32ec/ilp32e/libgcc.a(_lshrdi3.o)
                              /workdir/out/ab1623m_evk/hid_ref_mouse_m20/hid_device_ref_design_mouse/riscv/mouse_ref_design/hid_ref_mouse_m20/drivers/chip/ab162x/src_core/hal_sleep_manager_internal.o (__lshrdi3)
/workdir/airoha/risc-v/tools/toolchain/xpack-riscv-none-elf-gcc-13.2.0-2/bin/../lib/gcc/riscv-none-elf/13.2.0/rv32ec/ilp32e/libgcc.a(_ashldi3.o)
                              /workdir/out/ab1623m_evk/hid_ref_mouse_m20/hid_device_ref_design_mouse/riscv/mouse_ref_design/hid_ref_mouse_m20/drivers/chip/ab162x/src_core/hal_sleep_manager_internal.o (__ashldi3)
/workdir/airoha/risc-v/tools/toolchain/xpack-riscv-none-elf-gcc-13.2.0-2/bin/../lib/gcc/riscv-none-elf/13.2.0/rv32ec/ilp32e/libgcc.a(_divdi3.o)
                              /workdir/out/ab1623m_evk/hid_ref_mouse_m20/hid_device_ref_design_mouse/riscv/mouse_ref_design/hid_ref_mouse_m20/drivers/chip/ab162x/src/hal_rtc_internal.o (__divdi3)
/workdir/airoha/risc-v/tools/toolchain/xpack-riscv-none-elf-gcc-13.2.0-2/bin/../lib/gcc/riscv-none-elf/13.2.0/rv32ec/ilp32e/libgcc.a(_moddi3.o)
                              /workdir/out/ab1623m_evk/hid_ref_mouse_m20/hid_device_ref_design_mouse/riscv/mouse_ref_design/hid_ref_mouse_m20/drivers/chip/ab162x/src/hal_rtc_internal.o (__moddi3)
/workdir/airoha/risc-v/tools/toolchain/xpack-riscv-none-elf-gcc-13.2.0-2/bin/../lib/gcc/riscv-none-elf/13.2.0/rv32ec/ilp32e/libgcc.a(_udivdi3.o)
                              /workdir/out/ab1623m_evk/hid_ref_mouse_m20/hid_device_ref_design_mouse/riscv/mouse_ref_design/hid_ref_mouse_m20/drivers/chip/ab162x/src/hal_rtc_internal.o (__udivdi3)
/workdir/airoha/risc-v/tools/toolchain/xpack-riscv-none-elf-gcc-13.2.0-2/bin/../lib/gcc/riscv-none-elf/13.2.0/rv32ec/ilp32e/libgcc.a(_umoddi3.o)
                              /workdir/out/ab1623m_evk/hid_ref_mouse_m20/hid_device_ref_design_mouse/riscv/mouse_ref_design/hid_ref_mouse_m20/drivers/chip/ab162x/src/hal_rtc_internal.o (__umoddi3)
/workdir/airoha/risc-v/tools/toolchain/xpack-riscv-none-elf-gcc-13.2.0-2/bin/../lib/gcc/riscv-none-elf/13.2.0/rv32ec/ilp32e/libgcc.a(addsf3.o)
                              /workdir/out/ab1623m_evk/hid_ref_mouse_m20/hid_device_ref_design_mouse/riscv/mouse_ref_design/hid_ref_mouse_m20/drivers/chip/ab162x/src/hal_saradc.o (__addsf3)
/workdir/airoha/risc-v/tools/toolchain/xpack-riscv-none-elf-gcc-13.2.0-2/bin/../lib/gcc/riscv-none-elf/13.2.0/rv32ec/ilp32e/libgcc.a(divsf3.o)
                              /workdir/out/ab1623m_evk/hid_ref_mouse_m20/hid_device_ref_design_mouse/riscv/mouse_ref_design/hid_ref_mouse_m20/drivers/chip/ab162x/src/hal_saradc.o (__divsf3)
/workdir/airoha/risc-v/tools/toolchain/xpack-riscv-none-elf-gcc-13.2.0-2/bin/../lib/gcc/riscv-none-elf/13.2.0/rv32ec/ilp32e/libgcc.a(mulsf3.o)
                              /workdir/out/ab1623m_evk/hid_ref_mouse_m20/hid_device_ref_design_mouse/riscv/mouse_ref_design/hid_ref_mouse_m20/drivers/chip/ab162x/src/hal_saradc.o (__mulsf3)
/workdir/airoha/risc-v/tools/toolchain/xpack-riscv-none-elf-gcc-13.2.0-2/bin/../lib/gcc/riscv-none-elf/13.2.0/rv32ec/ilp32e/libgcc.a(subsf3.o)
                              /workdir/out/ab1623m_evk/hid_ref_mouse_m20/hid_device_ref_design_mouse/riscv/mouse_ref_design/hid_ref_mouse_m20/drivers/chip/ab162x/src/hal_saradc.o (__subsf3)
/workdir/airoha/risc-v/tools/toolchain/xpack-riscv-none-elf-gcc-13.2.0-2/bin/../lib/gcc/riscv-none-elf/13.2.0/rv32ec/ilp32e/libgcc.a(fixunssfsi.o)
                              /workdir/out/ab1623m_evk/hid_ref_mouse_m20/hid_device_ref_design_mouse/riscv/mouse_ref_design/hid_ref_mouse_m20/drivers/chip/ab162x/src/hal_saradc.o (__fixunssfsi)
/workdir/airoha/risc-v/tools/toolchain/xpack-riscv-none-elf-gcc-13.2.0-2/bin/../lib/gcc/riscv-none-elf/13.2.0/rv32ec/ilp32e/libgcc.a(floatunsisf.o)
[...]
Memory Configuration

Name             Origin             Length             Attributes
ram              0x84064000         0x00007a00         xrw
stack            0x8406ba00         0x00000200         rw
system_stack     0x8406bc00         0x00000400         rw
ccm              0x0400e550         0x00001f54         rw
ROM_LOG_STRING   0x06000000         0x02000000         xr
*default*        0x00000000         0xffffffff

Linker script and memory map

LOAD /workdir/out/ab1623m_evk/hid_ref_mouse_m20/hid_device_ref_design_mouse/riscv/mouse_ref_design/hid_ref_mouse_m20/projects/applications/mouse_ref_design/src/app/riscv_ccni.o
LOAD /workdir/out/ab1623m_evk/hid_ref_mouse_m20/hid_device_ref_design_mouse/riscv/mouse_ref_design/hid_ref_mouse_m20/projects/applications/mouse_ref_design/src/app/riscv_main.o
LOAD /workdir/out/ab1623m_evk/hid_ref_mouse_m20/hid_device_ref_design_mouse/riscv/mouse_ref_design/hid_ref_mouse_m20/projects/applications/mouse_ref_design/src/app/riscv_motion_sensor.o
LOAD /workdir/out/ab1623m_evk/hid_ref_mouse_m20/hid_device_ref_design_mouse/riscv/mouse_ref_design/hid_ref_mouse_m20/projects/applications/mouse_ref_design/src/app/riscv_mouse_key.o
LOAD /workdir/out/ab1623m_evk/hid_ref_mouse_m20/hid_device_ref_design_mouse/riscv/mouse_ref_design/hid_ref_mouse_m20/projects/applications/mouse_ref_design/src/app/riscv_mouse_key_ir_ctrl.o
LOAD /workdir/out/ab1623m_evk/hid_ref_mouse_m20/hid_device_ref_design_mouse/riscv/mouse_ref_design/hid_ref_mouse_m20/projects/applications/mouse_ref_design/src/app/riscv_mouse_key_sw_debounce.o
LOAD /workdir/out/ab1623m_evk/hid_ref_mouse_m20/hid_device_ref_design_mouse/riscv/mouse_ref_design/hid_ref_mouse_m20/projects/applications/mouse_ref_design/src/app/riscv_peripheral_sampling.o
LOAD /workdir/out/ab1623m_evk/hid_ref_mouse_m20/hid_device_ref_design_mouse/riscv/mouse_ref_design/hid_ref_mouse_m20/projects/applications/mouse_ref_design/src/app/riscv_wheel.o
LOAD /workdir/out/ab1623m_evk/hid_ref_mouse_m20/hid_device_ref_design_mouse/riscv/mouse_ref_design/hid_ref_mouse_m20/projects/applications/mouse_ref_design/src/app/riscv_wheel_ir_comparator.o
LOAD /workdir/out/ab1623m_evk/hid_ref_mouse_m20/hid_device_ref_design_mouse/riscv/mouse_ref_design/hid_ref_mouse_m20/projects/applications/mouse_ref_design/src/app/riscv_wheel_queue.o
LOAD /workdir/out/ab1623m_evk/hid_ref_mouse_m20/hid_device_ref_design_mouse/riscv/mouse_ref_design/hid_ref_mouse_m20/projects/applications/mouse_ref_design/../general_used/src/sys_init.o
LOAD /workdir/out/ab1623m_evk/hid_ref_mouse_m20/hid_device_ref_design_mouse/riscv/mouse_ref_design/hid_ref_mouse_m20/middleware/airoha/pka/src/pka.o
LOAD /workdir/out/ab1623m_evk/hid_ref_mouse_m20/hid_device_ref_design_mouse/riscv/mouse_ref_design/hid_ref_mouse_m20/middleware/airoha/comp_wheel/src/comp_wheel.o
LOAD /workdir/out/ab1623m_evk/hid_ref_mouse_m20/hid_device_ref_design_mouse/riscv/mouse_ref_design/hid_ref_mouse_m20/common/middleware/airoha/share_buffer/src/share_buffer.o
LOAD /workdir/out/ab1623m_evk/hid_ref_mouse_m20/hid_device_ref_design_mouse/riscv/mouse_ref_design/hid_ref_mouse_m20/common/middleware/airoha/pka_share/src/pka_share.o
LOAD /workdir/out/ab1623m_evk/hid_ref_mouse_m20/hid_device_ref_design_mouse/riscv/mouse_ref_design/hid_ref_mouse_m20/common/drivers/chip/ab162x/src/hal_ccni.o
LOAD /workdir/out/ab1623m_evk/hid_ref_mouse_m20/hid_device_ref_design_mouse/riscv/mouse_ref_design/hid_ref_mouse_m20/common/drivers/chip/ab162x/src/hal_ccni_config.o
LOAD /workdir/out/ab1623m_evk/hid_ref_mouse_m20/hid_device_ref_design_mouse/riscv/mouse_ref_design/hid_ref_mouse_m20/common/drivers/chip/ab162x/src/hal_core_status.o
LOAD /workdir/out/ab1623m_evk/hid_ref_mouse_m20/hid_device_ref_design_mouse/riscv/mouse_ref_design/hid_ref_mouse_m20/common/drivers/chip/ab162x/src/hal_cross_core_config.o
LOAD /workdir/out/ab1623m_evk/hid_ref_mouse_m20/hid_device_ref_design_mouse/riscv/mouse_ref_design/hid_ref_mouse_m20/common/drivers/chip/ab162x/src/hal_hw_semaphore.o
LOAD /workdir/out/ab1623m_evk/hid_ref_mouse_m20/hid_device_ref_design_mouse/riscv/mouse_ref_design/hid_ref_mouse_m20/common/applications/hid/src/hid_common.o
LOAD /workdir/out/ab1623m_evk/hid_ref_mouse_m20/hid_device_ref_design_mouse/riscv/mouse_ref_design/hid_ref_mouse_m20/common/applications/hid/src/hid_common_acl_rsp_via_hid.o
LOAD /workdir/out/ab1623m_evk/hid_ref_mouse_m20/hid_device_ref_design_mouse/riscv/mouse_ref_design/hid_ref_mouse_m20/common/applications/hid/src/hid_common_button.o
LOAD /workdir/out/ab1623m_evk/hid_ref_mouse_m20/hid_device_ref_design_mouse/riscv/mouse_ref_design/hid_ref_mouse_m20/common/middleware/airoha/hid_express/src/riscv_hid_express.o
LOAD /workdir/out/ab1623m_evk/hid_ref_mouse_m20/hid_device_ref_design_mouse/riscv/mouse_ref_design/hid_ref_mouse_m20/common/middleware/airoha/hid_express/src/riscv_hid_express_bt_mode.o
LOAD /workdir/out/ab1623m_evk/hid_ref_mouse_m20/hid_device_ref_design_mouse/riscv/mouse_ref_design/hid_ref_mouse_m20/common/middleware/airoha/hid_express/src/riscv_hid_express_2_4G_mode.o
LOAD /workdir/out/ab1623m_evk/hid_ref_mouse_m20/hid_device_ref_design_mouse/riscv/mouse_ref_design/hid_ref_mouse_m20/common/middleware/airoha/hid_express/src/riscv_hid_express_usb_mode.o
LOAD /workdir/out/ab1623m_evk/hid_ref_mouse_m20/hid_device_ref_design_mouse/riscv/mouse_ref_design/hid_ref_mouse_m20/common/middleware/airoha/hid_express/src/riscv_hid_express_xy_queue.o
LOAD /workdir/out/ab1623m_evk/hid_ref_mouse_m20/hid_device_ref_design_mouse/riscv/mouse_ref_design/hid_ref_mouse_m20/common/middleware/airoha/hid_express/src/riscv_hid_express_key_queue_mouse.o
LOAD /workdir/out/ab1623m_evk/hid_ref_mouse_m20/hid_device_ref_design_mouse/riscv/mouse_ref_design/hid_ref_mouse_m20/common/middleware/airoha/hid_express/src/riscv_hid_express_key_queue_keyboard.o
LOAD /workdir/out/ab1623m_evk/hid_ref_mouse_m20/hid_device_ref_design_mouse/riscv/mouse_ref_design/hid_ref_mouse_m20/common/middleware/airoha/hid_express/src/riscv_hid_express_key_queue_game_controller.o
LOAD /workdir/out/ab1623m_evk/hid_ref_mouse_m20/hid_device_ref_design_mouse/riscv/mouse_ref_design/hid_ref_mouse_m20/common/middleware/airoha/hid_express/src/rv_fake_report.o
LOAD /workdir/out/ab1623m_evk/hid_ref_mouse_m20/hid_device_ref_design_mouse/riscv/mouse_ref_design/hid_ref_mouse_m20/common/middleware/airoha/hid_express/src/rv_hid_exp_delay_printf.o
LOAD /workdir/out/ab1623m_evk/hid_ref_mouse_m20/hid_device_ref_design_mouse/riscv/mouse_ref_design/hid_ref_mouse_m20/common/middleware/airoha/hid_express/src/riscv_hid_report_id_selector.o
LOAD /workdir/out/ab1623m_evk/hid_ref_mouse_m20/hid_device_ref_design_mouse/riscv/mouse_ref_design/hid_ref_mouse_m20/common/middleware/airoha/hid_express/src/rv_burst_tx_buf_ctrl.o
LOAD /workdir/out/ab1623m_evk/hid_ref_mouse_m20/hid_device_ref_design_mouse/riscv/mouse_ref_design/hid_ref_mouse_m20/common/middleware/airoha/hid_express/src/rv_latency.o
LOAD /workdir/out/ab1623m_evk/hid_ref_mouse_m20/hid_device_ref_design_mouse/riscv/mouse_ref_design/hid_ref_mouse_m20/common/middleware/airoha/hid_express/src/pka.o
LOAD /workdir/out/ab1623m_evk/hid_ref_mouse_m20/hid_device_ref_design_mouse/riscv/mouse_ref_design/hid_ref_mouse_m20/common/middleware/airoha/key_remap/src/key_remap_frontend.o
LOAD /workdir/out/ab1623m_evk/hid_ref_mouse_m20/hid_device_ref_design_mouse/riscv/mouse_ref_design/hid_ref_mouse_m20/common/middleware/airoha/key_remap/src/key_remap_backend.o
LOAD /workdir/out/ab1623m_evk/hid_ref_mouse_m20/hid_device_ref_design_mouse/riscv/mouse_ref_design/hid_ref_mouse_m20/common/middleware/airoha/key_remap/src/key_remap_queue.o
LOAD /workdir/out/ab1623m_evk/hid_ref_mouse_m20/hid_device_ref_design_mouse/riscv/mouse_ref_design/hid_ref_mouse_m20/drivers/chip/ab162x/src/hal_clock.o
LOAD /workdir/out/ab1623m_evk/hid_ref_mouse_m20/hid_device_ref_design_mouse/riscv/mouse_ref_design/hid_ref_mouse_m20/drivers/chip/ab162x/src/hal_comparator.o
LOAD /workdir/out/ab1623m_evk/hid_ref_mouse_m20/hid_device_ref_design_mouse/riscv/mouse_ref_design/hid_ref_mouse_m20/drivers/chip/ab162x/src/hal_eint.o
LOAD /workdir/out/ab1623m_evk/hid_ref_mouse_m20/hid_device_ref_design_mouse/riscv/mouse_ref_design/hid_ref_mouse_m20/drivers/chip/ab162x/src/hal_eint_internal.o
LOAD /workdir/out/ab1623m_evk/hid_ref_mouse_m20/hid_device_ref_design_mouse/riscv/mouse_ref_design/hid_ref_mouse_m20/drivers/chip/ab162x/src/hal_gpio.o
LOAD /workdir/out/ab1623m_evk/hid_ref_mouse_m20/hid_device_ref_design_mouse/riscv/mouse_ref_design/hid_ref_mouse_m20/drivers/chip/ab162x/src/hal_gpio_internal.o
LOAD /workdir/out/ab1623m_evk/hid_ref_mouse_m20/hid_device_ref_design_mouse/riscv/mouse_ref_design/hid_ref_mouse_m20/drivers/chip/ab162x/src/hal_gpt.o
LOAD /workdir/out/ab1623m_evk/hid_ref_mouse_m20/hid_device_ref_design_mouse/riscv/mouse_ref_design/hid_ref_mouse_m20/drivers/chip/ab162x/src/hal_gpt_internal.o
LOAD /workdir/out/ab1623m_evk/hid_ref_mouse_m20/hid_device_ref_design_mouse/riscv/mouse_ref_design/hid_ref_mouse_m20/drivers/chip/ab162x/src/hal_hw_keyscan.o
LOAD /workdir/out/ab1623m_evk/hid_ref_mouse_m20/hid_device_ref_design_mouse/riscv/mouse_ref_design/hid_ref_mouse_m20/drivers/chip/ab162x/src/hal_i2c_master.o
LOAD /workdir/out/ab1623m_evk/hid_ref_mouse_m20/hid_device_ref_design_mouse/riscv/mouse_ref_design/hid_ref_mouse_m20/drivers/chip/ab162x/src/hal_i2c_master_internal.o
LOAD /workdir/out/ab1623m_evk/hid_ref_mouse_m20/hid_device_ref_design_mouse/riscv/mouse_ref_design/hid_ref_mouse_m20/drivers/chip/ab162x/src/hal_memview.o
LOAD /workdir/out/ab1623m_evk/hid_ref_mouse_m20/hid_device_ref_design_mouse/riscv/mouse_ref_design/hid_ref_mouse_m20/drivers/chip/ab162x/src/hal_nvic.o
LOAD /workdir/out/ab1623m_evk/hid_ref_mouse_m20/hid_device_ref_design_mouse/riscv/mouse_ref_design/hid_ref_mouse_m20/drivers/chip/ab162x/src/hal_pdma_internal.o
LOAD /workdir/out/ab1623m_evk/hid_ref_mouse_m20/hid_device_ref_design_mouse/riscv/mouse_ref_design/hid_ref_mouse_m20/drivers/chip/ab162x/src/hal_qdec.o
LOAD /workdir/out/ab1623m_evk/hid_ref_mouse_m20/hid_device_ref_design_mouse/riscv/mouse_ref_design/hid_ref_mouse_m20/drivers/chip/ab162x/src/hal_ramboz.o
LOAD /workdir/out/ab1623m_evk/hid_ref_mouse_m20/hid_device_ref_design_mouse/riscv/mouse_ref_design/hid_ref_mouse_m20/drivers/chip/ab162x/src/hal_rtc.o
LOAD /workdir/out/ab1623m_evk/hid_ref_mouse_m20/hid_device_ref_design_mouse/riscv/mouse_ref_design/hid_ref_mouse_m20/drivers/chip/ab162x/src/hal_rtc_internal.o
LOAD /workdir/out/ab1623m_evk/hid_ref_mouse_m20/hid_device_ref_design_mouse/riscv/mouse_ref_design/hid_ref_mouse_m20/drivers/chip/ab162x/src/hal_saradc.o
LOAD /workdir/out/ab1623m_evk/hid_ref_mouse_m20/hid_device_ref_design_mouse/riscv/mouse_ref_design/hid_ref_mouse_m20/drivers/chip/ab162x/src/hal_spi_master.o
LOAD /workdir/out/ab1623m_evk/hid_ref_mouse_m20/hid_device_ref_design_mouse/riscv/mouse_ref_design/hid_ref_mouse_m20/drivers/chip/ab162x/src/hal_spi_master_internal.o
LOAD /workdir/out/ab1623m_evk/hid_ref_mouse_m20/hid_device_ref_design_mouse/riscv/mouse_ref_design/hid_ref_mouse_m20/drivers/chip/ab162x/src/hal_spi_slave.o
LOAD /workdir/out/ab1623m_evk/hid_ref_mouse_m20/hid_device_ref_design_mouse/riscv/mouse_ref_design/hid_ref_mouse_m20/drivers/chip/ab162x/src/hal_spi_slave_internal.o
LOAD /workdir/out/ab1623m_evk/hid_ref_mouse_m20/hid_device_ref_design_mouse/riscv/mouse_ref_design/hid_ref_mouse_m20/drivers/chip/ab162x/src/hal_uart.o
LOAD /workdir/out/ab1623m_evk/hid_ref_mouse_m20/hid_device_ref_design_mouse/riscv/mouse_ref_design/hid_ref_mouse_m20/drivers/chip/ab162x/src/hal_uart_internal.o
LOAD /workdir/out/ab1623m_evk/hid_ref_mouse_m20/hid_device_ref_design_mouse/riscv/mouse_ref_design/hid_ref_mouse_m20/drivers/chip/ab162x/src/mouse_sensor.o
LOAD /workdir/out/ab1623m_evk/hid_ref_mouse_m20/hid_device_ref_design_mouse/riscv/mouse_ref_design/hid_ref_mouse_m20/drivers/chip/ab162x/src_core/hal_sleep_manager.o
LOAD /workdir/out/ab1623m_evk/hid_ref_mouse_m20/hid_device_ref_design_mouse/riscv/mouse_ref_design/hid_ref_mouse_m20/drivers/chip/ab162x/src_core/hal_sleep_manager_internal.o
LOAD /workdir/out/ab1623m_evk/hid_ref_mouse_m20/hid_device_ref_design_mouse/riscv/mouse_ref_design/hid_ref_mouse_m20/drivers/chip/ab162x/src_core/hal_spm.o
LOAD /workdir/out/ab1623m_evk/hid_ref_mouse_m20/hid_device_ref_design_mouse/riscv/mouse_ref_design/hid_ref_mouse_m20/kernel/service/exception_handler/src/exception_portable.o
LOAD /workdir/out/ab1623m_evk/hid_ref_mouse_m20/hid_device_ref_design_mouse/riscv/mouse_ref_design/hid_ref_mouse_m20/kernel/service/syslog/src/syslog_port.o
LOAD /workdir/out/ab1623m_evk/hid_ref_mouse_m20/hid_device_ref_design_mouse/riscv/mouse_ref_design/hid_ref_mouse_m20/kernel/service/swla/src/swla_port.o
LOAD /workdir/out/ab1623m_evk/hid_ref_mouse_m20/hid_device_ref_design_mouse/riscv/mouse_ref_design/hid_ref_mouse_m20/kernel/service/system_online_dump/src/system_online_dump.o
LOAD /workdir/out/ab1623m_evk/hid_ref_mouse_m20/hid_device_ref_design_mouse/riscv/mouse_ref_design/hid_ref_mouse_m20/config/chip/ab162x/startup.o
LOAD /workdir/airoha/risc-v/prebuilt/system/chip/ab162x/exception_handler/libexception_handler.a
LOAD /workdir/airoha/risc-v/prebuilt/system/chip/ab162x/syslog/libsyslog.a
LOAD /workdir/airoha/risc-v/prebuilt/system/chip/ab162x/swla/libswla.a
LOAD /workdir/airoha/risc-v/tools/toolchain/xpack-riscv-none-elf-gcc-13.2.0-2/bin/../lib/gcc/riscv-none-elf/13.2.0/rv32ec/ilp32e/libgcc.a
START GROUP
LOAD /workdir/airoha/risc-v/tools/toolchain/xpack-riscv-none-elf-gcc-13.2.0-2/bin/../lib/gcc/riscv-none-elf/13.2.0/../../../../riscv-none-elf/lib/rv32ec/ilp32e/libc.a
LOAD /workdir/airoha/risc-v/tools/toolchain/xpack-riscv-none-elf-gcc-13.2.0-2/bin/../lib/gcc/riscv-none-elf/13.2.0/../../../../riscv-none-elf/lib/rv32ec/ilp32e/libgloss.a
END GROUP
LOAD /workdir/airoha/risc-v/tools/toolchain/xpack-riscv-none-elf-gcc-13.2.0-2/bin/../lib/gcc/riscv-none-elf/13.2.0/rv32ec/ilp32e/libgcc.a
                0x84064000                        ram_start_addr = ORIGIN (ram)
                0x00007a00                        ram_length = LENGTH (ram)
                0x00000000                        _min_stack = 0x0
                0x00000200                        _stack_len = LENGTH (stack)
                0x8406bc00                        _stack_start = (ORIGIN (stack) + LENGTH (stack))
                0x8406ba00                        _thread_stack_begin = ORIGIN (stack)
                0x8406bc00                        _thread_stack_end = _stack_start
                0x00000400                        _system_stack_len = LENGTH (system_stack)
                0x8406c000                        _system_stack_start = (ORIGIN (system_stack) + LENGTH (system_stack))
                0x8406bc00                        _isr_stack_begin = ORIGIN (system_stack)
                0x8406c000                        _isr_stack_end = _system_stack_start
                0x84064080                        _entry_point = (_vectors_start + 0x80)
                0x8406bc10                        fromhost = (_stack_start + 0x10)

.vectors        0x84064000       0x98
                0x84064000                        . = ALIGN (0x4)
                0x84064000                        _vectors_start = .
 *(.vectors)
 .vectors       0x84064000       0x98 /workdir/out/ab1623m_evk/hid_ref_mouse_m20/hid_device_ref_design_mouse/riscv/mouse_ref_design/hid_ref_mouse_m20/config/chip/ab162x/startup.o
                0x84064084                fix_data_init
                0x84064098                        _vectors_end = .

.text           0x840640a0     0x6836
                0x840640a0                        . = ALIGN (0x4)
                0x840640a0                        _text_start = .
 *(.text)
 .text          0x840640a0       0xa2 /workdir/out/ab1623m_evk/hid_ref_mouse_m20/hid_device_ref_design_mouse/riscv/mouse_ref_design/hid_ref_mouse_m20/config/chip/ab162x/startup.o
                0x840640e4                _start
 *fill*         0x84064142        0xe 
 .text          0x84064150      0x180 /workdir/airoha/risc-v/prebuilt/system/chip/ab162x/exception_handler/libexception_handler.a(exception.o)
                0x84064150                airoha_int_handler
                0x84064240                aiorha_exc_handler
 .text          0x840642d0       0x16 /workdir/airoha/risc-v/tools/toolchain/xpack-riscv-none-elf-gcc-13.2.0-2/bin/../lib/gcc/riscv-none-elf/13.2.0/rv32ec/ilp32e/libgcc.a(muldi3.o)
                0x840642d0                __mulsi3
 *fill*         0x840642e6        0x2 
 .text          0x840642e8       0x7e /workdir/airoha/risc-v/tools/toolchain/xpack-riscv-none-elf-gcc-13.2.0-2/bin/../lib/gcc/riscv-none-elf/13.2.0/rv32ec/ilp32e/libgcc.a(div.o)
                0x840642e8                __divsi3
                0x840642f0                __hidden___udivsi3
                0x840642f0                __udivsi3
                0x8406431c                __umodsi3
                0x84064340                __modsi3
 .text          0x84064366       0xa8 /workdir/airoha/risc-v/tools/toolchain/xpack-riscv-none-elf-gcc-13.2.0-2/bin/../lib/gcc/riscv-none-elf/13.2.0/../../../../riscv-none-elf/lib/rv32ec/ilp32e/libc.a(libc_a-memset.o)
                0x84064366                memset
 *(.text.*)
 .text.rv_sleep_lock_request
                0x8406440e       0x64 /workdir/out/ab1623m_evk/hid_ref_mouse_m20/hid_device_ref_design_mouse/riscv/mouse_ref_design/hid_ref_mouse_m20/projects/applications/mouse_ref_design/src/app/riscv_ccni.o
                0x8406440e                rv_sleep_lock_request
 .text.hal_ccni_event_callback3
                0x84064472      0x1ae /workdir/out/ab1623m_evk/hid_ref_mouse_m20/hid_device_ref_design_mouse/riscv/mouse_ref_design/hid_ref_mouse_m20/projects/applications/mouse_ref_design/src/app/riscv_ccni.o
                0x84064472                hal_ccni_event_callback3
 .text.riscv_app_ccin_init
                0x84064620        0xa /workdir/out/ab1623m_evk/hid_ref_mouse_m20/hid_device_ref_design_mouse/riscv/mouse_ref_design/hid_ref_mouse_m20/projects/applications/mouse_ref_design/src/app/riscv_ccni.o
                0x84064620                riscv_app_ccin_init
 .text.riscv_app_ccin_send
                0x8406462a       0x94 /workdir/out/ab1623m_evk/hid_ref_mouse_m20/hid_device_ref_design_mouse/riscv/mouse_ref_design/hid_ref_mouse_m20/projects/applications/mouse_ref_design/src/app/riscv_ccni.o
                0x8406462a                riscv_app_ccin_send
 .text.riscv_app_ccin_fake_data_disable
                0x840646be       0x18 /workdir/out/ab1623m_evk/hid_ref_mouse_m20/hid_device_ref_design_mouse/riscv/mouse_ref_design/hid_ref_mouse_m20/projects/applications/mouse_ref_design/src/app/riscv_ccni.o
                0x840646be                riscv_app_ccin_fake_data_disable
 .text.riscv_app_ccni_key_remap_send
                0x840646d6       0x26 /workdir/out/ab1623m_evk/hid_ref_mouse_m20/hid_device_ref_design_mouse/riscv/mouse_ref_design/hid_ref_mouse_m20/projects/applications/mouse_ref_design/src/app/riscv_ccni.o
                0x840646d6                riscv_app_ccni_key_remap_send
 .text.startup.main
                0x840646fc       0x5a /workdir/out/ab1623m_evk/hid_ref_mouse_m20/hid_device_ref_design_mouse/riscv/mouse_ref_design/hid_ref_mouse_m20/projects/applications/mouse_ref_design/src/app/riscv_main.o
                0x840646fc                main
 .text.riscv_motion_sensor_data_get
                0x84064756       0x44 /workdir/out/ab1623m_evk/hid_ref_mouse_m20/hid_device_ref_design_mouse/riscv/mouse_ref_design/hid_ref_mouse_m20/projects/applications/mouse_ref_design/src/app/riscv_motion_sensor.o
                0x84064756                riscv_motion_sensor_data_get
 .text.riscv_motion_sensor_init
                0x8406479a        0x4 /workdir/out/ab1623m_evk/hid_ref_mouse_m20/hid_device_ref_design_mouse/riscv/mouse_ref_design/hid_ref_mouse_m20/projects/applications/mouse_ref_design/src/app/riscv_motion_sensor.o
                0x8406479a                riscv_motion_sensor_init
 .text.riscv_mouse_key_polling_all_key_status
                0x8406479e       0x90 /workdir/out/ab1623m_evk/hid_ref_mouse_m20/hid_device_ref_design_mouse/riscv/mouse_ref_design/hid_ref_mouse_m20/projects/applications/mouse_ref_design/src/app/riscv_mouse_key.o
                0x8406479e                riscv_mouse_key_polling_all_key_status
 .text.riscv_mouse_key_combo_key_check
                0x8406482e       0x42 /workdir/out/ab1623m_evk/hid_ref_mouse_m20/hid_device_ref_design_mouse/riscv/mouse_ref_design/hid_ref_mouse_m20/projects/applications/mouse_ref_design/src/app/riscv_mouse_key.o
                0x8406482e                riscv_mouse_key_combo_key_check
 .text.riscv_mouse_key_early_handle
                0x84064870        0xe /workdir/out/ab1623m_evk/hid_ref_mouse_m20/hid_device_ref_design_mouse/riscv/mouse_ref_design/hid_ref_mouse_m20/projects/applications/mouse_ref_design/src/app/riscv_mouse_key.o
                0x84064870                riscv_mouse_key_early_handle
 .text.riscv_mouse_key_get_key_status
                0x8406487e       0x24 /workdir/out/ab1623m_evk/hid_ref_mouse_m20/hid_device_ref_design_mouse/riscv/mouse_ref_design/hid_ref_mouse_m20/projects/applications/mouse_ref_design/src/app/riscv_mouse_key.o
                0x8406487e                riscv_mouse_key_get_key_status
 .text.riscv_mouse_key_post_process
                0x840648a2       0x12 /workdir/out/ab1623m_evk/hid_ref_mouse_m20/hid_device_ref_design_mouse/riscv/mouse_ref_design/hid_ref_mouse_m20/projects/applications/mouse_ref_design/src/app/riscv_mouse_key.o
                0x840648a2                riscv_mouse_key_post_process
 .text.riscv_mouse_key_get_combo_key
                0x840648b4       0x1c /workdir/out/ab1623m_evk/hid_ref_mouse_m20/hid_device_ref_design_mouse/riscv/mouse_ref_design/hid_ref_mouse_m20/projects/applications/mouse_ref_design/src/app/riscv_mouse_key.o
                0x840648b4                riscv_mouse_key_get_combo_key
 .text.riscv_mouse_key_init
                0x840648d0       0x88 /workdir/out/ab1623m_evk/hid_ref_mouse_m20/hid_device_ref_design_mouse/riscv/mouse_ref_design/hid_ref_mouse_m20/projects/applications/mouse_ref_design/src/app/riscv_mouse_key.o
                0x840648d0                riscv_mouse_key_init
 .text.riscv_mouse_key_change_state
                0x84064958        0xa /workdir/out/ab1623m_evk/hid_ref_mouse_m20/hid_device_ref_design_mouse/riscv/mouse_ref_design/hid_ref_mouse_m20/projects/applications/mouse_ref_design/src/app/riscv_mouse_key.o
                0x84064958                riscv_mouse_key_change_state
 .text.riscv_mouse_keys_is_new_key_pressed
                0x84064962       0x1c /workdir/out/ab1623m_evk/hid_ref_mouse_m20/hid_device_ref_design_mouse/riscv/mouse_ref_design/hid_ref_mouse_m20/projects/applications/mouse_ref_design/src/app/riscv_mouse_key.o
                0x84064962                riscv_mouse_keys_is_new_key_pressed
 .text.riscv_mouse_key_pairing_key_check
                0x8406497e       0x74 /workdir/out/ab1623m_evk/hid_ref_mouse_m20/hid_device_ref_design_mouse/riscv/mouse_ref_design/hid_ref_mouse_m20/projects/applications/mouse_ref_design/src/app/riscv_mouse_key.o
                0x8406497e                riscv_mouse_key_pairing_key_check
 .text.riscv_mouse_key__app_state_update
                0x840649f2        0x2 /workdir/out/ab1623m_evk/hid_ref_mouse_m20/hid_device_ref_design_mouse/riscv/mouse_ref_design/hid_ref_mouse_m20/projects/applications/mouse_ref_design/src/app/riscv_mouse_key.o
                0x840649f2                riscv_mouse_key__app_state_update
 .text.riscv_mouse_key_common_para_update
                0x840649f4        0x2 /workdir/out/ab1623m_evk/hid_ref_mouse_m20/hid_device_ref_design_mouse/riscv/mouse_ref_design/hid_ref_mouse_m20/projects/applications/mouse_ref_design/src/app/riscv_mouse_key.o
                0x840649f4                riscv_mouse_key_common_para_update
 .text.riscv_mouse_key_debug_print
                0x840649f6       0x72 /workdir/out/ab1623m_evk/hid_ref_mouse_m20/hid_device_ref_design_mouse/riscv/mouse_ref_design/hid_ref_mouse_m20/projects/applications/mouse_ref_design/src/app/riscv_mouse_key.o
                0x840649f6                riscv_mouse_key_debug_print
 .text.riscv_mouse_key__ccni_send_status
                0x84064a68       0x32 /workdir/out/ab1623m_evk/hid_ref_mouse_m20/hid_device_ref_design_mouse/riscv/mouse_ref_design/hid_ref_mouse_m20/projects/applications/mouse_ref_design/src/app/riscv_mouse_key.o
                0x84064a68                riscv_mouse_key__ccni_send_status
 .text.riscv_mouse_key_id_to_key_status
                0x84064a9a       0x2e /workdir/out/ab1623m_evk/hid_ref_mouse_m20/hid_device_ref_design_mouse/riscv/mouse_ref_design/hid_ref_mouse_m20/projects/applications/mouse_ref_design/src/app/riscv_mouse_key.o
                0x84064a9a                riscv_mouse_key_id_to_key_status
 .text.peripheral_sampling_inactivity_timeout
                0x84064ac8       0x22 /workdir/out/ab1623m_evk/hid_ref_mouse_m20/hid_device_ref_design_mouse/riscv/mouse_ref_design/hid_ref_mouse_m20/projects/applications/mouse_ref_design/src/app/riscv_peripheral_sampling.o
                0x84064ac8                peripheral_sampling_inactivity_timeout
 .text.riscv_fake_report_check
                0x84064aea       0x32 /workdir/out/ab1623m_evk/hid_ref_mouse_m20/hid_device_ref_design_mouse/riscv/mouse_ref_design/hid_ref_mouse_m20/projects/applications/mouse_ref_design/src/app/riscv_peripheral_sampling.o
                0x84064aea                riscv_fake_report_check
 .text.peripheral_sampling_state_change_active
                0x84064b1c        0xa /workdir/out/ab1623m_evk/hid_ref_mouse_m20/hid_device_ref_design_mouse/riscv/mouse_ref_design/hid_ref_mouse_m20/projects/applications/mouse_ref_design/src/app/riscv_peripheral_sampling.o
                0x84064b1c                peripheral_sampling_state_change_active
 .text.peripheral_sampling_set_inActivity_timeout
                0x84064b26       0x14 /workdir/out/ab1623m_evk/hid_ref_mouse_m20/hid_device_ref_design_mouse/riscv/mouse_ref_design/hid_ref_mouse_m20/projects/applications/mouse_ref_design/src/app/riscv_peripheral_sampling.o
                0x84064b26                peripheral_sampling_set_inActivity_timeout
 .text.peripheral_sampling_all_key_release_ccni_send
                0x84064b3a       0x22 /workdir/out/ab1623m_evk/hid_ref_mouse_m20/hid_device_ref_design_mouse/riscv/mouse_ref_design/hid_ref_mouse_m20/projects/applications/mouse_ref_design/src/app/riscv_peripheral_sampling.o
                0x84064b3a                peripheral_sampling_all_key_release_ccni_send
 .text.peripheral_sampling_pairing_check
                0x84064b5c       0x62 /workdir/out/ab1623m_evk/hid_ref_mouse_m20/hid_device_ref_design_mouse/riscv/mouse_ref_design/hid_ref_mouse_m20/projects/applications/mouse_ref_design/src/app/riscv_peripheral_sampling.o
                0x84064b5c                peripheral_sampling_pairing_check
 .text.peripheral_sampling_idle_check
                0x84064bbe       0x9a /workdir/out/ab1623m_evk/hid_ref_mouse_m20/hid_device_ref_design_mouse/riscv/mouse_ref_design/hid_ref_mouse_m20/projects/applications/mouse_ref_design/src/app/riscv_peripheral_sampling.o
                0x84064bbe                peripheral_sampling_idle_check
 .text.peripheral_sampling__need_early_key_handle_in_wireless_mode
                0x84064c58       0x2e /workdir/out/ab1623m_evk/hid_ref_mouse_m20/hid_device_ref_design_mouse/riscv/mouse_ref_design/hid_ref_mouse_m20/projects/applications/mouse_ref_design/src/app/riscv_peripheral_sampling.o
                0x84064c58                peripheral_sampling__need_early_key_handle_in_wireless_mode
 .text.peripheral_sampling_last_handler
                0x84064c86       0x62 /workdir/out/ab1623m_evk/hid_ref_mouse_m20/hid_device_ref_design_mouse/riscv/mouse_ref_design/hid_ref_mouse_m20/projects/applications/mouse_ref_design/src/app/riscv_peripheral_sampling.o
                0x84064c86                peripheral_sampling_last_handler
 .text.peripheral_sampling_handler
                0x84064ce8       0xae /workdir/out/ab1623m_evk/hid_ref_mouse_m20/hid_device_ref_design_mouse/riscv/mouse_ref_design/hid_ref_mouse_m20/projects/applications/mouse_ref_design/src/app/riscv_peripheral_sampling.o
                0x84064ce8                peripheral_sampling_handler
 .text.peripheral_sampling_deinit
                0x84064d96       0x24 /workdir/out/ab1623m_evk/hid_ref_mouse_m20/hid_device_ref_design_mouse/riscv/mouse_ref_design/hid_ref_mouse_m20/projects/applications/mouse_ref_design/src/app/riscv_peripheral_sampling.o
                0x84064d96                peripheral_sampling_deinit
 .text.peripheral_sampling_debug_print
                0x84064dba        0xc /workdir/out/ab1623m_evk/hid_ref_mouse_m20/hid_device_ref_design_mouse/riscv/mouse_ref_design/hid_ref_mouse_m20/projects/applications/mouse_ref_design/src/app/riscv_peripheral_sampling.o
                0x84064dba                peripheral_sampling_debug_print
 .text.peripheral_sampling_common_para_update
                0x84064dc6       0x6e /workdir/out/ab1623m_evk/hid_ref_mouse_m20/hid_device_ref_design_mouse/riscv/mouse_ref_design/hid_ref_mouse_m20/projects/applications/mouse_ref_design/src/app/riscv_peripheral_sampling.o
                0x84064dc6                peripheral_sampling_common_para_update
 .text.peripheral_sampling_init
                0x84064e34       0x48 /workdir/out/ab1623m_evk/hid_ref_mouse_m20/hid_device_ref_design_mouse/riscv/mouse_ref_design/hid_ref_mouse_m20/projects/applications/mouse_ref_design/src/app/riscv_peripheral_sampling.o
                0x84064e34                peripheral_sampling_init
 .text.peripheral_sampling_app_state_update
                0x84064e7c       0x70 /workdir/out/ab1623m_evk/hid_ref_mouse_m20/hid_device_ref_design_mouse/riscv/mouse_ref_design/hid_ref_mouse_m20/projects/applications/mouse_ref_design/src/app/riscv_peripheral_sampling.o
                0x84064e7c                peripheral_sampling_app_state_update
 .text.riscv_wheel_trigger_read_process
                0x84064eec       0x10 /workdir/out/ab1623m_evk/hid_ref_mouse_m20/hid_device_ref_design_mouse/riscv/mouse_ref_design/hid_ref_mouse_m20/projects/applications/mouse_ref_design/src/app/riscv_wheel.o
                0x84064eec                riscv_wheel_trigger_read_process
 .text.riscv_wheel_get_data
                0x84064efc       0xb0 /workdir/out/ab1623m_evk/hid_ref_mouse_m20/hid_device_ref_design_mouse/riscv/mouse_ref_design/hid_ref_mouse_m20/projects/applications/mouse_ref_design/src/app/riscv_wheel.o
                0x84064efc                riscv_wheel_get_data
 .text.riscv_wheel_post_process
                0x84064fac        0x2 /workdir/out/ab1623m_evk/hid_ref_mouse_m20/hid_device_ref_design_mouse/riscv/mouse_ref_design/hid_ref_mouse_m20/projects/applications/mouse_ref_design/src/app/riscv_wheel.o
                0x84064fac                riscv_wheel_post_process
 .text.riscv_wheel_init
                0x84064fae       0x5e /workdir/out/ab1623m_evk/hid_ref_mouse_m20/hid_device_ref_design_mouse/riscv/mouse_ref_design/hid_ref_mouse_m20/projects/applications/mouse_ref_design/src/app/riscv_wheel.o
                0x84064fae                riscv_wheel_init
 .text.riscv_wheel_deinit
                0x8406500c       0x18 /workdir/out/ab1623m_evk/hid_ref_mouse_m20/hid_device_ref_design_mouse/riscv/mouse_ref_design/hid_ref_mouse_m20/projects/applications/mouse_ref_design/src/app/riscv_wheel.o
                0x8406500c                riscv_wheel_deinit
 .text.riscv_wheel__app_state_update
                0x84065024        0xa /workdir/out/ab1623m_evk/hid_ref_mouse_m20/hid_device_ref_design_mouse/riscv/mouse_ref_design/hid_ref_mouse_m20/projects/applications/mouse_ref_design/src/app/riscv_wheel.o
                0x84065024                riscv_wheel__app_state_update
 .text.riscv_wheel_debug_print
                0x8406502e        0x2 /workdir/out/ab1623m_evk/hid_ref_mouse_m20/hid_device_ref_design_mouse/riscv/mouse_ref_design/hid_ref_mouse_m20/projects/applications/mouse_ref_design/src/app/riscv_wheel.o
                0x8406502e                riscv_wheel_debug_print
 .text.riscv_wheel_queue_init_q_ctrl
                0x84065030       0x12 /workdir/out/ab1623m_evk/hid_ref_mouse_m20/hid_device_ref_design_mouse/riscv/mouse_ref_design/hid_ref_mouse_m20/projects/applications/mouse_ref_design/src/app/riscv_wheel_queue.o
                0x84065030                riscv_wheel_queue_init_q_ctrl
 .text.riscv_wheel_queue_is_full
                0x84065042       0x18 /workdir/out/ab1623m_evk/hid_ref_mouse_m20/hid_device_ref_design_mouse/riscv/mouse_ref_design/hid_ref_mouse_m20/projects/applications/mouse_ref_design/src/app/riscv_wheel_queue.o
                0x84065042                riscv_wheel_queue_is_full
 .text.riscv_wheel_queue_is_empty
                0x8406505a       0x14 /workdir/out/ab1623m_evk/hid_ref_mouse_m20/hid_device_ref_design_mouse/riscv/mouse_ref_design/hid_ref_mouse_m20/projects/applications/mouse_ref_design/src/app/riscv_wheel_queue.o
                0x8406505a                riscv_wheel_queue_is_empty
 .text.riscv_wheel_queue_push
                0x8406506e       0x4e /workdir/out/ab1623m_evk/hid_ref_mouse_m20/hid_device_ref_design_mouse/riscv/mouse_ref_design/hid_ref_mouse_m20/projects/applications/mouse_ref_design/src/app/riscv_wheel_queue.o
                0x8406506e                riscv_wheel_queue_push
 .text.riscv_wheel_queue_pop_temp
                0x840650bc       0x2c /workdir/out/ab1623m_evk/hid_ref_mouse_m20/hid_device_ref_design_mouse/riscv/mouse_ref_design/hid_ref_mouse_m20/projects/applications/mouse_ref_design/src/app/riscv_wheel_queue.o
                0x840650bc                riscv_wheel_queue_pop_temp
 .text.riscv_wheel_queue_pop_confirm
                0x840650e8       0x12 /workdir/out/ab1623m_evk/hid_ref_mouse_m20/hid_device_ref_design_mouse/riscv/mouse_ref_design/hid_ref_mouse_m20/projects/applications/mouse_ref_design/src/app/riscv_wheel_queue.o
                0x840650e8                riscv_wheel_queue_pop_confirm
 .text.riscv_wheel_queue_update
                0x840650fa       0x1a /workdir/out/ab1623m_evk/hid_ref_mouse_m20/hid_device_ref_design_mouse/riscv/mouse_ref_design/hid_ref_mouse_m20/projects/applications/mouse_ref_design/src/app/riscv_wheel_queue.o
                0x840650fa                riscv_wheel_queue_update
 .text.system_init
                0x84065114       0x2a /workdir/out/ab1623m_evk/hid_ref_mouse_m20/hid_device_ref_design_mouse/riscv/mouse_ref_design/hid_ref_mouse_m20/projects/applications/mouse_ref_design/../general_used/src/sys_init.o
                0x84065114                system_init
 .text.riscv_pka_rtt_tx_post_prepare_callback
                0x8406513e       0x26 /workdir/out/ab1623m_evk/hid_ref_mouse_m20/hid_device_ref_design_mouse/riscv/mouse_ref_design/hid_ref_mouse_m20/middleware/airoha/pka/src/pka.o
                0x8406513e                riscv_pka_rtt_tx_post_prepare_callback
 .text.pka_share_OS_dlist_getfront
                0x84065164       0x1a /workdir/out/ab1623m_evk/hid_ref_mouse_m20/hid_device_ref_design_mouse/riscv/mouse_ref_design/hid_ref_mouse_m20/middleware/airoha/pka/src/pka.o
                0x84065164                pka_share_OS_dlist_getfront
 .text.__pka_share_OSMQ_Get
                0x8406517e       0x3e /workdir/out/ab1623m_evk/hid_ref_mouse_m20/hid_device_ref_design_mouse/riscv/mouse_ref_design/hid_ref_mouse_m20/middleware/airoha/pka/src/pka.o
                0x8406517e                __pka_share_OSMQ_Get
 .text.pka_share_OSMQ_Put
                0x840651bc       0x5a /workdir/out/ab1623m_evk/hid_ref_mouse_m20/hid_device_ref_design_mouse/riscv/mouse_ref_design/hid_ref_mouse_m20/middleware/airoha/pka/src/pka.o
                0x840651bc                pka_share_OSMQ_Put
 .text.pka_share_OSMQ_PutFront
                0x84065216       0x5a /workdir/out/ab1623m_evk/hid_ref_mouse_m20/hid_device_ref_design_mouse/riscv/mouse_ref_design/hid_ref_mouse_m20/middleware/airoha/pka/src/pka.o
                0x84065216                pka_share_OSMQ_PutFront
 .text.pka_share_tx_buf_apply_to_HWMT
                0x84065270       0x8c /workdir/out/ab1623m_evk/hid_ref_mouse_m20/hid_device_ref_design_mouse/riscv/mouse_ref_design/hid_ref_mouse_m20/middleware/airoha/pka/src/pka.o
                0x84065270                pka_share_tx_buf_apply_to_HWMT
 .text.riscv_pka_le_tx_post_prepare_callback
                0x840652fc        0x2 /workdir/out/ab1623m_evk/hid_ref_mouse_m20/hid_device_ref_design_mouse/riscv/mouse_ref_design/hid_ref_mouse_m20/middleware/airoha/pka/src/pka.o
                0x840652fc                riscv_pka_le_tx_post_prepare_callback
 .text.pka_share_tx_buf_ack_pending_check
                0x840652fe       0x5a /workdir/out/ab1623m_evk/hid_ref_mouse_m20/hid_device_ref_design_mouse/riscv/mouse_ref_design/hid_ref_mouse_m20/middleware/airoha/pka/src/pka.o
                0x840652fe                pka_share_tx_buf_ack_pending_check
 .text.record_riscV_info
                0x84065358       0x68 /workdir/out/ab1623m_evk/hid_ref_mouse_m20/hid_device_ref_design_mouse/riscv/mouse_ref_design/hid_ref_mouse_m20/middleware/airoha/pka/src/pka.o
                0x84065358                record_riscV_info
 .text.pka_share_tx_buf_set_pkt_len
                0x840653c0        0xa /workdir/out/ab1623m_evk/hid_ref_mouse_m20/hid_device_ref_design_mouse/riscv/mouse_ref_design/hid_ref_mouse_m20/middleware/airoha/pka/src/pka.o
                0x840653c0                pka_share_tx_buf_set_pkt_len
 .text.pka_share_hwmt_get_rxhdr
                0x840653ca       0x12 /workdir/out/ab1623m_evk/hid_ref_mouse_m20/hid_device_ref_design_mouse/riscv/mouse_ref_design/hid_ref_mouse_m20/middleware/airoha/pka/src/pka.o
                0x840653ca                pka_share_hwmt_get_rxhdr
 .text.pka_share_hwmt_get_curidx
                0x840653dc       0x10 /workdir/out/ab1623m_evk/hid_ref_mouse_m20/hid_device_ref_design_mouse/riscv/mouse_ref_design/hid_ref_mouse_m20/middleware/airoha/pka/src/pka.o
                0x840653dc                pka_share_hwmt_get_curidx
 .text.pka_share_get_hwmt_last_anchor
                0x840653ec       0x1a /workdir/out/ab1623m_evk/hid_ref_mouse_m20/hid_device_ref_design_mouse/riscv/mouse_ref_design/hid_ref_mouse_m20/middleware/airoha/pka/src/pka.o
                0x840653ec                pka_share_get_hwmt_last_anchor
 .text.pka_share_get_hwmt_pico_offset
                0x84065406       0x22 /workdir/out/ab1623m_evk/hid_ref_mouse_m20/hid_device_ref_design_mouse/riscv/mouse_ref_design/hid_ref_mouse_m20/middleware/airoha/pka/src/pka.o
                0x84065406                pka_share_get_hwmt_pico_offset
 .text.pka_share_get_sync_clk
                0x84065428       0x1e /workdir/out/ab1623m_evk/hid_ref_mouse_m20/hid_device_ref_design_mouse/riscv/mouse_ref_design/hid_ref_mouse_m20/middleware/airoha/pka/src/pka.o
                0x84065428                pka_share_get_sync_clk
 .text.riscv_pka_rt_tx_post_prepare_callback
                0x84065446      0x334 /workdir/out/ab1623m_evk/hid_ref_mouse_m20/hid_device_ref_design_mouse/riscv/mouse_ref_design/hid_ref_mouse_m20/middleware/airoha/pka/src/pka.o
                0x84065446                riscv_pka_rt_tx_post_prepare_callback
 .text.pka_spi_callback_pre_process
                0x8406577a       0x34 /workdir/out/ab1623m_evk/hid_ref_mouse_m20/hid_device_ref_design_mouse/riscv/mouse_ref_design/hid_ref_mouse_m20/middleware/airoha/pka/src/pka.o
                0x8406577a                pka_spi_callback_pre_process
 .text.pka_spi_callback_post_process
                0x840657ae       0x48 /workdir/out/ab1623m_evk/hid_ref_mouse_m20/hid_device_ref_design_mouse/riscv/mouse_ref_design/hid_ref_mouse_m20/middleware/airoha/pka/src/pka.o
                0x840657ae                pka_spi_callback_post_process
 .text.riscv_pka_init
                0x840657f6        0x2 /workdir/out/ab1623m_evk/hid_ref_mouse_m20/hid_device_ref_design_mouse/riscv/mouse_ref_design/hid_ref_mouse_m20/middleware/airoha/pka/src/pka.o
                0x840657f6                riscv_pka_init
 .text.pka_share_tx_buf_send
                0x840657f8       0x10 /workdir/out/ab1623m_evk/hid_ref_mouse_m20/hid_device_ref_design_mouse/riscv/mouse_ref_design/hid_ref_mouse_m20/middleware/airoha/pka/src/pka.o
                0x840657f8                pka_share_tx_buf_send
 .text.pka_share_tx_buf_get_from_q
                0x84065808        0xe /workdir/out/ab1623m_evk/hid_ref_mouse_m20/hid_device_ref_design_mouse/riscv/mouse_ref_design/hid_ref_mouse_m20/middleware/airoha/pka/src/pka.o
                0x84065808                pka_share_tx_buf_get_from_q
 .text.share_buffer_hw_semaphore_take
                0x84065816       0x44 /workdir/out/ab1623m_evk/hid_ref_mouse_m20/hid_device_ref_design_mouse/riscv/mouse_ref_design/hid_ref_mouse_m20/common/middleware/airoha/share_buffer/src/share_buffer.o
                0x84065816                share_buffer_hw_semaphore_take
 .text.share_buffer_hw_semaphore_give
                0x8406585a       0x2c /workdir/out/ab1623m_evk/hid_ref_mouse_m20/hid_device_ref_design_mouse/riscv/mouse_ref_design/hid_ref_mouse_m20/common/middleware/airoha/share_buffer/src/share_buffer.o
                0x8406585a                share_buffer_hw_semaphore_give
 .text.pka_share_init
                0x84065886       0x1a /workdir/out/ab1623m_evk/hid_ref_mouse_m20/hid_device_ref_design_mouse/riscv/mouse_ref_design/hid_ref_mouse_m20/common/middleware/airoha/pka_share/src/pka_share.o
                0x84065886                pka_share_init
 .text.pka_share_tx_buf_get_payload
                0x840658a0       0x10 /workdir/out/ab1623m_evk/hid_ref_mouse_m20/hid_device_ref_design_mouse/riscv/mouse_ref_design/hid_ref_mouse_m20/common/middleware/airoha/pka_share/src/pka_share.o
                0x840658a0                pka_share_tx_buf_get_payload
 .text.pka_tx_buf_set_active_state
                0x840658b0       0x14 /workdir/out/ab1623m_evk/hid_ref_mouse_m20/hid_device_ref_design_mouse/riscv/mouse_ref_design/hid_ref_mouse_m20/common/middleware/airoha/pka_share/src/pka_share.o
                0x840658b0                pka_tx_buf_set_active_state
 .text.pka_tx_buf_is_hid
                0x840658c4       0x1e /workdir/out/ab1623m_evk/hid_ref_mouse_m20/hid_device_ref_design_mouse/riscv/mouse_ref_design/hid_ref_mouse_m20/common/middleware/airoha/pka_share/src/pka_share.o
                0x840658c4                pka_tx_buf_is_hid
 .text.pka_active_state_match
                0x840658e2       0x1a /workdir/out/ab1623m_evk/hid_ref_mouse_m20/hid_device_ref_design_mouse/riscv/mouse_ref_design/hid_ref_mouse_m20/common/middleware/airoha/pka_share/src/pka_share.o
                0x840658e2                pka_active_state_match
 .text.pka_active_state_set
                0x840658fc       0x58 /workdir/out/ab1623m_evk/hid_ref_mouse_m20/hid_device_ref_design_mouse/riscv/mouse_ref_design/hid_ref_mouse_m20/common/middleware/airoha/pka_share/src/pka_share.o
                0x840658fc                pka_active_state_set
 .text.pka_share_tx_ctrl_init
                0x84065954       0xd4 /workdir/out/ab1623m_evk/hid_ref_mouse_m20/hid_device_ref_design_mouse/riscv/mouse_ref_design/hid_ref_mouse_m20/common/middleware/airoha/pka_share/src/pka_share.o
                0x84065954                pka_share_tx_ctrl_init
 .text.pka_share_updt_hid_tx_ptr
                0x84065a28       0x5c /workdir/out/ab1623m_evk/hid_ref_mouse_m20/hid_device_ref_design_mouse/riscv/mouse_ref_design/hid_ref_mouse_m20/common/middleware/airoha/pka_share/src/pka_share.o
                0x84065a28                pka_share_updt_hid_tx_ptr
 .text.pka_share_get_hid_tx_ptr
                0x84065a84       0x88 /workdir/out/ab1623m_evk/hid_ref_mouse_m20/hid_device_ref_design_mouse/riscv/mouse_ref_design/hid_ref_mouse_m20/common/middleware/airoha/pka_share/src/pka_share.o
                0x84065a84                pka_share_get_hid_tx_ptr
 .text.pka_share_push_hid_tx_ptr
                0x84065b0c       0x3c /workdir/out/ab1623m_evk/hid_ref_mouse_m20/hid_device_ref_design_mouse/riscv/mouse_ref_design/hid_ref_mouse_m20/common/middleware/airoha/pka_share/src/pka_share.o
                0x84065b0c                pka_share_push_hid_tx_ptr
 .text.pka_share_advanced_tx_prepare_rt
                0x84065b48      0x2a4 /workdir/out/ab1623m_evk/hid_ref_mouse_m20/hid_device_ref_design_mouse/riscv/mouse_ref_design/hid_ref_mouse_m20/common/middleware/airoha/pka_share/src/pka_share.o
                0x84065b48                pka_share_advanced_tx_prepare_rt
 .text.pka_share_tx_forward_prepare_rtt0
                0x84065dec       0x50 /workdir/out/ab1623m_evk/hid_ref_mouse_m20/hid_device_ref_design_mouse/riscv/mouse_ref_design/hid_ref_mouse_m20/common/middleware/airoha/pka_share/src/pka_share.o
                0x84065dec                pka_share_tx_forward_prepare_rtt0
 .text.ccni_write_register
                0x84065e3c       0x6e /workdir/out/ab1623m_evk/hid_ref_mouse_m20/hid_device_ref_design_mouse/riscv/mouse_ref_design/hid_ref_mouse_m20/common/drivers/chip/ab162x/src/hal_ccni.o
 .text.hal_ccni_init
                0x84065eaa       0x20 /workdir/out/ab1623m_evk/hid_ref_mouse_m20/hid_device_ref_design_mouse/riscv/mouse_ref_design/hid_ref_mouse_m20/common/drivers/chip/ab162x/src/hal_ccni.o
                0x84065eaa                hal_ccni_init
 .text.hal_ccni_query_event_status
                0x84065eca       0x7e /workdir/out/ab1623m_evk/hid_ref_mouse_m20/hid_device_ref_design_mouse/riscv/mouse_ref_design/hid_ref_mouse_m20/common/drivers/chip/ab162x/src/hal_ccni.o
                0x84065eca                hal_ccni_query_event_status
 .text.hal_ccni_set_event_with_retry
                0x84065f48       0xa4 /workdir/out/ab1623m_evk/hid_ref_mouse_m20/hid_device_ref_design_mouse/riscv/mouse_ref_design/hid_ref_mouse_m20/common/drivers/chip/ab162x/src/hal_ccni.o
                0x84065f48                hal_ccni_set_event_with_retry
 .text.hal_ccni_set_event
                0x84065fec        0x4 /workdir/out/ab1623m_evk/hid_ref_mouse_m20/hid_device_ref_design_mouse/riscv/mouse_ref_design/hid_ref_mouse_m20/common/drivers/chip/ab162x/src/hal_ccni.o
                0x84065fec                hal_ccni_set_event
 .text.hal_ccni_clear_event
                0x84065ff0        0x6 /workdir/out/ab1623m_evk/hid_ref_mouse_m20/hid_device_ref_design_mouse/riscv/mouse_ref_design/hid_ref_mouse_m20/common/drivers/chip/ab162x/src/hal_ccni.o
                0x84065ff0                hal_ccni_clear_event
 .text.hal_ccni_mask_event
                0x84065ff6        0x6 /workdir/out/ab1623m_evk/hid_ref_mouse_m20/hid_device_ref_design_mouse/riscv/mouse_ref_design/hid_ref_mouse_m20/common/drivers/chip/ab162x/src/hal_ccni.o
                0x84065ff6                hal_ccni_mask_event
 .text.hal_ccni_unmask_event
                0x84065ffc        0x6 /workdir/out/ab1623m_evk/hid_ref_mouse_m20/hid_device_ref_design_mouse/riscv/mouse_ref_design/hid_ref_mouse_m20/common/drivers/chip/ab162x/src/hal_ccni.o
                0x84065ffc                hal_ccni_unmask_event
 .text.ccni_irq_handler
                0x84066002       0x86 /workdir/out/ab1623m_evk/hid_ref_mouse_m20/hid_device_ref_design_mouse/riscv/mouse_ref_design/hid_ref_mouse_m20/common/drivers/chip/ab162x/src/hal_ccni.o
 .text.hal_ccni_event_callback0
                0x84066088        0x2 /workdir/out/ab1623m_evk/hid_ref_mouse_m20/hid_device_ref_design_mouse/riscv/mouse_ref_design/hid_ref_mouse_m20/common/drivers/chip/ab162x/src/hal_ccni_config.o
                0x84066088                hal_ccni_event_callback0
 .text.hal_ccni_event_callback31
                0x8406608a        0x2 /workdir/out/ab1623m_evk/hid_ref_mouse_m20/hid_device_ref_design_mouse/riscv/mouse_ref_design/hid_ref_mouse_m20/common/drivers/chip/ab162x/src/hal_ccni_config.o
                0x8406608a                hal_ccni_event_callback31
 .text.hal_ccni_event_callback1
                0x8406608c        0x2 /workdir/out/ab1623m_evk/hid_ref_mouse_m20/hid_device_ref_design_mouse/riscv/mouse_ref_design/hid_ref_mouse_m20/common/drivers/chip/ab162x/src/hal_ccni_config.o
                0x8406608c                hal_ccni_event_callback1
 .text.hal_ccni_event_callback2
                0x8406608e        0x2 /workdir/out/ab1623m_evk/hid_ref_mouse_m20/hid_device_ref_design_mouse/riscv/mouse_ref_design/hid_ref_mouse_m20/common/drivers/chip/ab162x/src/hal_ccni_config.o
                0x8406608e                hal_ccni_event_callback2
 .text.hal_ccni_event_callback4
                0x84066090        0x2 /workdir/out/ab1623m_evk/hid_ref_mouse_m20/hid_device_ref_design_mouse/riscv/mouse_ref_design/hid_ref_mouse_m20/common/drivers/chip/ab162x/src/hal_ccni_config.o
                0x84066090                hal_ccni_event_callback4
 .text.hal_ccni_event_callback5
                0x84066092        0x2 /workdir/out/ab1623m_evk/hid_ref_mouse_m20/hid_device_ref_design_mouse/riscv/mouse_ref_design/hid_ref_mouse_m20/common/drivers/chip/ab162x/src/hal_ccni_config.o
                0x84066092                hal_ccni_event_callback5
 .text.hal_ccni_event_callback6
                0x84066094        0x2 /workdir/out/ab1623m_evk/hid_ref_mouse_m20/hid_device_ref_design_mouse/riscv/mouse_ref_design/hid_ref_mouse_m20/common/drivers/chip/ab162x/src/hal_ccni_config.o
                0x84066094                hal_ccni_event_callback6
 .text.hal_ccni_event_callback7
                0x84066096        0x2 /workdir/out/ab1623m_evk/hid_ref_mouse_m20/hid_device_ref_design_mouse/riscv/mouse_ref_design/hid_ref_mouse_m20/common/drivers/chip/ab162x/src/hal_ccni_config.o
                0x84066096                hal_ccni_event_callback7
 .text.hal_ccni_event_callback8
                0x84066098        0x2 /workdir/out/ab1623m_evk/hid_ref_mouse_m20/hid_device_ref_design_mouse/riscv/mouse_ref_design/hid_ref_mouse_m20/common/drivers/chip/ab162x/src/hal_ccni_config.o
                0x84066098                hal_ccni_event_callback8
 .text.hal_ccni_event_callback9
                0x8406609a        0x2 /workdir/out/ab1623m_evk/hid_ref_mouse_m20/hid_device_ref_design_mouse/riscv/mouse_ref_design/hid_ref_mouse_m20/common/drivers/chip/ab162x/src/hal_ccni_config.o
                0x8406609a                hal_ccni_event_callback9
 .text.hal_ccni_event_callback10
                0x8406609c        0x2 /workdir/out/ab1623m_evk/hid_ref_mouse_m20/hid_device_ref_design_mouse/riscv/mouse_ref_design/hid_ref_mouse_m20/common/drivers/chip/ab162x/src/hal_ccni_config.o
                0x8406609c                hal_ccni_event_callback10
 .text.hal_ccni_event_callback11
                0x8406609e        0x2 /workdir/out/ab1623m_evk/hid_ref_mouse_m20/hid_device_ref_design_mouse/riscv/mouse_ref_design/hid_ref_mouse_m20/common/drivers/chip/ab162x/src/hal_ccni_config.o
                0x8406609e                hal_ccni_event_callback11
 .text.hal_ccni_event_callback12
                0x840660a0        0x2 /workdir/out/ab1623m_evk/hid_ref_mouse_m20/hid_device_ref_design_mouse/riscv/mouse_ref_design/hid_ref_mouse_m20/common/drivers/chip/ab162x/src/hal_ccni_config.o
                0x840660a0                hal_ccni_event_callback12
 .text.hal_ccni_event_callback13
                0x840660a2        0x2 /workdir/out/ab1623m_evk/hid_ref_mouse_m20/hid_device_ref_design_mouse/riscv/mouse_ref_design/hid_ref_mouse_m20/common/drivers/chip/ab162x/src/hal_ccni_config.o
                0x840660a2                hal_ccni_event_callback13
 .text.hal_ccni_event_callback14
                0x840660a4        0x2 /workdir/out/ab1623m_evk/hid_ref_mouse_m20/hid_device_ref_design_mouse/riscv/mouse_ref_design/hid_ref_mouse_m20/common/drivers/chip/ab162x/src/hal_ccni_config.o
                0x840660a4                hal_ccni_event_callback14
 .text.hal_ccni_event_callback17
                0x840660a6        0x2 /workdir/out/ab1623m_evk/hid_ref_mouse_m20/hid_device_ref_design_mouse/riscv/mouse_ref_design/hid_ref_mouse_m20/common/drivers/chip/ab162x/src/hal_ccni_config.o
                0x840660a6                hal_ccni_event_callback17
 .text.hal_ccni_event_callback18
                0x840660a8        0x2 /workdir/out/ab1623m_evk/hid_ref_mouse_m20/hid_device_ref_design_mouse/riscv/mouse_ref_design/hid_ref_mouse_m20/common/drivers/chip/ab162x/src/hal_ccni_config.o
                0x840660a8                hal_ccni_event_callback18
 .text.hal_ccni_event_callback19
                0x840660aa        0x2 /workdir/out/ab1623m_evk/hid_ref_mouse_m20/hid_device_ref_design_mouse/riscv/mouse_ref_design/hid_ref_mouse_m20/common/drivers/chip/ab162x/src/hal_ccni_config.o
                0x840660aa                hal_ccni_event_callback19
 .text.hal_ccni_event_callback21
                0x840660ac        0x2 /workdir/out/ab1623m_evk/hid_ref_mouse_m20/hid_device_ref_design_mouse/riscv/mouse_ref_design/hid_ref_mouse_m20/common/drivers/chip/ab162x/src/hal_ccni_config.o
                0x840660ac                hal_ccni_event_callback21
 .text.hal_ccni_event_callback22
                0x840660ae        0x2 /workdir/out/ab1623m_evk/hid_ref_mouse_m20/hid_device_ref_design_mouse/riscv/mouse_ref_design/hid_ref_mouse_m20/common/drivers/chip/ab162x/src/hal_ccni_config.o
                0x840660ae                hal_ccni_event_callback22
 .text.hal_ccni_event_callback23
                0x840660b0        0x2 /workdir/out/ab1623m_evk/hid_ref_mouse_m20/hid_device_ref_design_mouse/riscv/mouse_ref_design/hid_ref_mouse_m20/common/drivers/chip/ab162x/src/hal_ccni_config.o
                0x840660b0                hal_ccni_event_callback23
 .text.hal_ccni_event_callback24
                0x840660b2        0x2 /workdir/out/ab1623m_evk/hid_ref_mouse_m20/hid_device_ref_design_mouse/riscv/mouse_ref_design/hid_ref_mouse_m20/common/drivers/chip/ab162x/src/hal_ccni_config.o
                0x840660b2                hal_ccni_event_callback24
 .text.hal_ccni_event_callback25
                0x840660b4        0x2 /workdir/out/ab1623m_evk/hid_ref_mouse_m20/hid_device_ref_design_mouse/riscv/mouse_ref_design/hid_ref_mouse_m20/common/drivers/chip/ab162x/src/hal_ccni_config.o
                0x840660b4                hal_ccni_event_callback25
 .text.hal_ccni_event_callback26
                0x840660b6        0x2 /workdir/out/ab1623m_evk/hid_ref_mouse_m20/hid_device_ref_design_mouse/riscv/mouse_ref_design/hid_ref_mouse_m20/common/drivers/chip/ab162x/src/hal_ccni_config.o
                0x840660b6                hal_ccni_event_callback26
 .text.hal_ccni_event_callback27
                0x840660b8        0x2 /workdir/out/ab1623m_evk/hid_ref_mouse_m20/hid_device_ref_design_mouse/riscv/mouse_ref_design/hid_ref_mouse_m20/common/drivers/chip/ab162x/src/hal_ccni_config.o
                0x840660b8                hal_ccni_event_callback27
 .text.hal_ccni_event_callback28
                0x840660ba        0x2 /workdir/out/ab1623m_evk/hid_ref_mouse_m20/hid_device_ref_design_mouse/riscv/mouse_ref_design/hid_ref_mouse_m20/common/drivers/chip/ab162x/src/hal_ccni_config.o
                0x840660ba                hal_ccni_event_callback28
 .text.hal_ccni_event_callback29
                0x840660bc        0x2 /workdir/out/ab1623m_evk/hid_ref_mouse_m20/hid_device_ref_design_mouse/riscv/mouse_ref_design/hid_ref_mouse_m20/common/drivers/chip/ab162x/src/hal_ccni_config.o
                0x840660bc                hal_ccni_event_callback29
 .text.hal_ccni_event_callback30
                0x840660be        0x2 /workdir/out/ab1623m_evk/hid_ref_mouse_m20/hid_device_ref_design_mouse/riscv/mouse_ref_design/hid_ref_mouse_m20/common/drivers/chip/ab162x/src/hal_ccni_config.o
                0x840660be                hal_ccni_event_callback30
 .text.hal_core_status_write
                0x840660c0       0x4e /workdir/out/ab1623m_evk/hid_ref_mouse_m20/hid_device_ref_design_mouse/riscv/mouse_ref_design/hid_ref_mouse_m20/common/drivers/chip/ab162x/src/hal_core_status.o
                0x840660c0                hal_core_status_write
 .text.hw_semaphore_take
                0x8406610e       0x4e /workdir/out/ab1623m_evk/hid_ref_mouse_m20/hid_device_ref_design_mouse/riscv/mouse_ref_design/hid_ref_mouse_m20/common/drivers/chip/ab162x/src/hal_hw_semaphore.o
                0x8406610e                hw_semaphore_take
 .text.hal_hw_semaphore_take
                0x8406615c        0xc /workdir/out/ab1623m_evk/hid_ref_mouse_m20/hid_device_ref_design_mouse/riscv/mouse_ref_design/hid_ref_mouse_m20/common/drivers/chip/ab162x/src/hal_hw_semaphore.o
                0x8406615c                hal_hw_semaphore_take
 .text.hw_semaphore_take_special
                0x84066168       0x26 /workdir/out/ab1623m_evk/hid_ref_mouse_m20/hid_device_ref_design_mouse/riscv/mouse_ref_design/hid_ref_mouse_m20/common/drivers/chip/ab162x/src/hal_hw_semaphore.o
                0x84066168                hw_semaphore_take_special
 .text.hw_semaphore_give_special
                0x8406618e       0x20 /workdir/out/ab1623m_evk/hid_ref_mouse_m20/hid_device_ref_design_mouse/riscv/mouse_ref_design/hid_ref_mouse_m20/common/drivers/chip/ab162x/src/hal_hw_semaphore.o
                0x8406618e                hw_semaphore_give_special
 .text.hid_common_set_hid_exp_flag
                0x840661ae       0x16 /workdir/out/ab1623m_evk/hid_ref_mouse_m20/hid_device_ref_design_mouse/riscv/mouse_ref_design/hid_ref_mouse_m20/common/applications/hid/src/hid_common.o
                0x840661ae                hid_common_set_hid_exp_flag
 .text.hid_common_clear_hid_exp_flag
                0x840661c4       0x1a /workdir/out/ab1623m_evk/hid_ref_mouse_m20/hid_device_ref_design_mouse/riscv/mouse_ref_design/hid_ref_mouse_m20/common/applications/hid/src/hid_common.o
                0x840661c4                hid_common_clear_hid_exp_flag
 .text.hid_common_get_hid_exp_features
                0x840661de       0x10 /workdir/out/ab1623m_evk/hid_ref_mouse_m20/hid_device_ref_design_mouse/riscv/mouse_ref_design/hid_ref_mouse_m20/common/applications/hid/src/hid_common.o
                0x840661de                hid_common_get_hid_exp_features
 .text.hid_common_get_dongle_scenario
                0x840661ee        0xc /workdir/out/ab1623m_evk/hid_ref_mouse_m20/hid_device_ref_design_mouse/riscv/mouse_ref_design/hid_ref_mouse_m20/common/applications/hid/src/hid_common.o
                0x840661ee                hid_common_get_dongle_scenario
 .text.hid_common_get_combo_key_list
                0x840661fa       0x16 /workdir/out/ab1623m_evk/hid_ref_mouse_m20/hid_device_ref_design_mouse/riscv/mouse_ref_design/hid_ref_mouse_m20/common/applications/hid/src/hid_common.o
                0x840661fa                hid_common_get_combo_key_list
 .text.hid_common_get_backend_key_remap_data
                0x84066210       0xa4 /workdir/out/ab1623m_evk/hid_ref_mouse_m20/hid_device_ref_design_mouse/riscv/mouse_ref_design/hid_ref_mouse_m20/common/applications/hid/src/hid_common.o
                0x84066210                hid_common_get_backend_key_remap_data
 .text.hid_common_get_frontend_key_remap_data
                0x840662b4       0x5e /workdir/out/ab1623m_evk/hid_ref_mouse_m20/hid_device_ref_design_mouse/riscv/mouse_ref_design/hid_ref_mouse_m20/common/applications/hid/src/hid_common.o
                0x840662b4                hid_common_get_frontend_key_remap_data
 .text.hid_express_get_hid_flag
                0x84066312        0xa /workdir/out/ab1623m_evk/hid_ref_mouse_m20/hid_device_ref_design_mouse/riscv/mouse_ref_design/hid_ref_mouse_m20/common/middleware/airoha/hid_express/src/riscv_hid_express.o
                0x84066312                hid_express_get_hid_flag
 .text.hid_express_get_get_tx_result
                0x8406631c        0xa /workdir/out/ab1623m_evk/hid_ref_mouse_m20/hid_device_ref_design_mouse/riscv/mouse_ref_design/hid_ref_mouse_m20/common/middleware/airoha/hid_express/src/riscv_hid_express.o
                0x8406631c                hid_express_get_get_tx_result
 .text.hid_express_get_outgpoig_report_result
                0x84066326        0xa /workdir/out/ab1623m_evk/hid_ref_mouse_m20/hid_device_ref_design_mouse/riscv/mouse_ref_design/hid_ref_mouse_m20/common/middleware/airoha/hid_express/src/riscv_hid_express.o
                0x84066326                hid_express_get_outgpoig_report_result
 .text.hid_express_prepare_X_Y
                0x84066330      0x120 /workdir/out/ab1623m_evk/hid_ref_mouse_m20/hid_device_ref_design_mouse/riscv/mouse_ref_design/hid_ref_mouse_m20/common/middleware/airoha/hid_express/src/riscv_hid_express.o
                0x84066330                hid_express_prepare_X_Y
 .text.hid_express_send
                0x84066450      0x18c /workdir/out/ab1623m_evk/hid_ref_mouse_m20/hid_device_ref_design_mouse/riscv/mouse_ref_design/hid_ref_mouse_m20/common/middleware/airoha/hid_express/src/riscv_hid_express.o
                0x84066450                hid_express_send
 .text.hid_express_entrance
                0x840665dc      0x26a /workdir/out/ab1623m_evk/hid_ref_mouse_m20/hid_device_ref_design_mouse/riscv/mouse_ref_design/hid_ref_mouse_m20/common/middleware/airoha/hid_express/src/riscv_hid_express.o
                0x840665dc                hid_express_entrance
 .text.hid_express_init_gpio_timestamp_latch
                0x84066846       0x34 /workdir/out/ab1623m_evk/hid_ref_mouse_m20/hid_device_ref_design_mouse/riscv/mouse_ref_design/hid_ref_mouse_m20/common/middleware/airoha/hid_express/src/riscv_hid_express.o
                0x84066846                hid_express_init_gpio_timestamp_latch
 .text.hid_express_init
                0x8406687a       0x62 /workdir/out/ab1623m_evk/hid_ref_mouse_m20/hid_device_ref_design_mouse/riscv/mouse_ref_design/hid_ref_mouse_m20/common/middleware/airoha/hid_express/src/riscv_hid_express.o
                0x8406687a                hid_express_init
 .text.hid_express_dongle_scenario_update
                0x840668dc        0xa /workdir/out/ab1623m_evk/hid_ref_mouse_m20/hid_device_ref_design_mouse/riscv/mouse_ref_design/hid_ref_mouse_m20/common/middleware/airoha/hid_express/src/riscv_hid_express.o
                0x840668dc                hid_express_dongle_scenario_update
 .text.hid_express_set_features
                0x840668e6        0xa /workdir/out/ab1623m_evk/hid_ref_mouse_m20/hid_device_ref_design_mouse/riscv/mouse_ref_design/hid_ref_mouse_m20/common/middleware/airoha/hid_express/src/riscv_hid_express.o
                0x840668e6                hid_express_set_features
 .text.hid_express_debug_print
                0x840668f0       0x32 /workdir/out/ab1623m_evk/hid_ref_mouse_m20/hid_device_ref_design_mouse/riscv/mouse_ref_design/hid_ref_mouse_m20/common/middleware/airoha/hid_express/src/riscv_hid_express.o
                0x840668f0                hid_express_debug_print
 .text.hid_express_set_report_rate_idx
                0x84066922       0x2e /workdir/out/ab1623m_evk/hid_ref_mouse_m20/hid_device_ref_design_mouse/riscv/mouse_ref_design/hid_ref_mouse_m20/common/middleware/airoha/hid_express/src/riscv_hid_express.o
                0x84066922                hid_express_set_report_rate_idx
 .text.hid_express_clear_key_pushed
                0x84066950        0xc /workdir/out/ab1623m_evk/hid_ref_mouse_m20/hid_device_ref_design_mouse/riscv/mouse_ref_design/hid_ref_mouse_m20/common/middleware/airoha/hid_express/src/riscv_hid_express.o
                0x84066950                hid_express_clear_key_pushed
 .text.hid_express__push_to_key_queue
                0x8406695c       0x7e /workdir/out/ab1623m_evk/hid_ref_mouse_m20/hid_device_ref_design_mouse/riscv/mouse_ref_design/hid_ref_mouse_m20/common/middleware/airoha/hid_express/src/riscv_hid_express.o
                0x8406695c                hid_express__push_to_key_queue
 .text.hid_express_deinit
                0x840669da        0x4 /workdir/out/ab1623m_evk/hid_ref_mouse_m20/hid_device_ref_design_mouse/riscv/mouse_ref_design/hid_ref_mouse_m20/common/middleware/airoha/hid_express/src/riscv_hid_express.o
                0x840669da                hid_express_deinit
 .text.hid_express_bt_submit_report_to_pka_16bits
                0x840669de       0x3e /workdir/out/ab1623m_evk/hid_ref_mouse_m20/hid_device_ref_design_mouse/riscv/mouse_ref_design/hid_ref_mouse_m20/common/middleware/airoha/hid_express/src/riscv_hid_express_bt_mode.o
 .text.init_bt_queue
                0x84066a1c       0x1e /workdir/out/ab1623m_evk/hid_ref_mouse_m20/hid_device_ref_design_mouse/riscv/mouse_ref_design/hid_ref_mouse_m20/common/middleware/airoha/hid_express/src/riscv_hid_express_bt_mode.o
                0x84066a1c                init_bt_queue
 .text.is_bt_queue_empty
                0x84066a3a       0x18 /workdir/out/ab1623m_evk/hid_ref_mouse_m20/hid_device_ref_design_mouse/riscv/mouse_ref_design/hid_ref_mouse_m20/common/middleware/airoha/hid_express/src/riscv_hid_express_bt_mode.o
                0x84066a3a                is_bt_queue_empty
 .text.is_bt_queue_full
                0x84066a52       0x24 /workdir/out/ab1623m_evk/hid_ref_mouse_m20/hid_device_ref_design_mouse/riscv/mouse_ref_design/hid_ref_mouse_m20/common/middleware/airoha/hid_express/src/riscv_hid_express_bt_mode.o
                0x84066a52                is_bt_queue_full
 .text.bt_queue_push
                0x84066a76       0x68 /workdir/out/ab1623m_evk/hid_ref_mouse_m20/hid_device_ref_design_mouse/riscv/mouse_ref_design/hid_ref_mouse_m20/common/middleware/airoha/hid_express/src/riscv_hid_express_bt_mode.o
                0x84066a76                bt_queue_push
 .text.bt_queue_pop
                0x84066ade       0x50 /workdir/out/ab1623m_evk/hid_ref_mouse_m20/hid_device_ref_design_mouse/riscv/mouse_ref_design/hid_ref_mouse_m20/common/middleware/airoha/hid_express/src/riscv_hid_express_bt_mode.o
                0x84066ade                bt_queue_pop
 .text.hid_express_bt_merge_xy
                0x84066b2e       0x8c /workdir/out/ab1623m_evk/hid_ref_mouse_m20/hid_device_ref_design_mouse/riscv/mouse_ref_design/hid_ref_mouse_m20/common/middleware/airoha/hid_express/src/riscv_hid_express_bt_mode.o
                0x84066b2e                hid_express_bt_merge_xy
 .text.hid_express_bt_send_report
                0x84066bba      0x1ca /workdir/out/ab1623m_evk/hid_ref_mouse_m20/hid_device_ref_design_mouse/riscv/mouse_ref_design/hid_ref_mouse_m20/common/middleware/airoha/hid_express/src/riscv_hid_express_bt_mode.o
 .text.hid_express_bt_get_tx_result
                0x84066d84       0x1a /workdir/out/ab1623m_evk/hid_ref_mouse_m20/hid_device_ref_design_mouse/riscv/mouse_ref_design/hid_ref_mouse_m20/common/middleware/airoha/hid_express/src/riscv_hid_express_bt_mode.o
                0x84066d84                hid_express_bt_get_tx_result
 .text.hid_express_bt_x_y_data_prepare
                0x84066d9e        0x4 /workdir/out/ab1623m_evk/hid_ref_mouse_m20/hid_device_ref_design_mouse/riscv/mouse_ref_design/hid_ref_mouse_m20/common/middleware/airoha/hid_express/src/riscv_hid_express_bt_mode.o
                0x84066d9e                hid_express_bt_x_y_data_prepare
 .text.hid_express_bt_data_send
                0x84066da2      0x140 /workdir/out/ab1623m_evk/hid_ref_mouse_m20/hid_device_ref_design_mouse/riscv/mouse_ref_design/hid_ref_mouse_m20/common/middleware/airoha/hid_express/src/riscv_hid_express_bt_mode.o
                0x84066da2                hid_express_bt_data_send
 .text.hid_express_bt_init
                0x84066ee2       0x24 /workdir/out/ab1623m_evk/hid_ref_mouse_m20/hid_device_ref_design_mouse/riscv/mouse_ref_design/hid_ref_mouse_m20/common/middleware/airoha/hid_express/src/riscv_hid_express_bt_mode.o
                0x84066ee2                hid_express_bt_init
 .text.hid_experss_bt_set_attr_handle
                0x84066f06       0x10 /workdir/out/ab1623m_evk/hid_ref_mouse_m20/hid_device_ref_design_mouse/riscv/mouse_ref_design/hid_ref_mouse_m20/common/middleware/airoha/hid_express/src/riscv_hid_express_bt_mode.o
                0x84066f06                hid_experss_bt_set_attr_handle
 .text.hid_experss_bt_clear_queue
                0x84066f16        0xa /workdir/out/ab1623m_evk/hid_ref_mouse_m20/hid_device_ref_design_mouse/riscv/mouse_ref_design/hid_ref_mouse_m20/common/middleware/airoha/hid_express/src/riscv_hid_express_bt_mode.o
                0x84066f16                hid_experss_bt_clear_queue
 .text.hid_express_bt_debug_check
                0x84066f20       0x12 /workdir/out/ab1623m_evk/hid_ref_mouse_m20/hid_device_ref_design_mouse/riscv/mouse_ref_design/hid_ref_mouse_m20/common/middleware/airoha/hid_express/src/riscv_hid_express_bt_mode.o
                0x84066f20                hid_express_bt_debug_check
 .text.hid_express_bt_debug_print
                0x84066f32       0x3e /workdir/out/ab1623m_evk/hid_ref_mouse_m20/hid_device_ref_design_mouse/riscv/mouse_ref_design/hid_ref_mouse_m20/common/middleware/airoha/hid_express/src/riscv_hid_express_bt_mode.o
                0x84066f32                hid_express_bt_debug_print
 .text.hid_express_gaming_get_tx_status
                0x84066f70       0x1a /workdir/out/ab1623m_evk/hid_ref_mouse_m20/hid_device_ref_design_mouse/riscv/mouse_ref_design/hid_ref_mouse_m20/common/middleware/airoha/hid_express/src/riscv_hid_express_2_4G_mode.o
                0x84066f70                hid_express_gaming_get_tx_status
 .text.hid_express_gaming_buffer_full_update_report
                0x84066f8a      0x194 /workdir/out/ab1623m_evk/hid_ref_mouse_m20/hid_device_ref_design_mouse/riscv/mouse_ref_design/hid_ref_mouse_m20/common/middleware/airoha/hid_express/src/riscv_hid_express_2_4G_mode.o
                0x84066f8a                hid_express_gaming_buffer_full_update_report
 .text.hid_express_gaming_generate_reports_1R1T_12bits
                0x8406711e       0x82 /workdir/out/ab1623m_evk/hid_ref_mouse_m20/hid_device_ref_design_mouse/riscv/mouse_ref_design/hid_ref_mouse_m20/common/middleware/airoha/hid_express/src/riscv_hid_express_2_4G_mode.o
                0x8406711e                hid_express_gaming_generate_reports_1R1T_12bits
 .text.hid_express_gaming_generate_kb_std_xy_reports_1R1T
                0x840671a0      0x162 /workdir/out/ab1623m_evk/hid_ref_mouse_m20/hid_device_ref_design_mouse/riscv/mouse_ref_design/hid_ref_mouse_m20/common/middleware/airoha/hid_express/src/riscv_hid_express_2_4G_mode.o
                0x840671a0                hid_express_gaming_generate_kb_std_xy_reports_1R1T
 .text.hid_express_gaming_generate_kb_consumer_xy_reports_1R1T
                0x84067302      0x15a /workdir/out/ab1623m_evk/hid_ref_mouse_m20/hid_device_ref_design_mouse/riscv/mouse_ref_design/hid_ref_mouse_m20/common/middleware/airoha/hid_express/src/riscv_hid_express_2_4G_mode.o
                0x84067302                hid_express_gaming_generate_kb_consumer_xy_reports_1R1T
 .text.hid_express_2_4G_x_y_data_prepare
                0x8406745c       0x4c /workdir/out/ab1623m_evk/hid_ref_mouse_m20/hid_device_ref_design_mouse/riscv/mouse_ref_design/hid_ref_mouse_m20/common/middleware/airoha/hid_express/src/riscv_hid_express_2_4G_mode.o
                0x8406745c                hid_express_2_4G_x_y_data_prepare
 .text.hid_express_gaming_submit_report_to_pka
                0x840674a8       0x4a /workdir/out/ab1623m_evk/hid_ref_mouse_m20/hid_device_ref_design_mouse/riscv/mouse_ref_design/hid_ref_mouse_m20/common/middleware/airoha/hid_express/src/riscv_hid_express_2_4G_mode.o
                0x840674a8                hid_express_gaming_submit_report_to_pka
 .text.hid_express_gaming_generate_kb_consumer_reports_1R1T
                0x840674f2       0x5a /workdir/out/ab1623m_evk/hid_ref_mouse_m20/hid_device_ref_design_mouse/riscv/mouse_ref_design/hid_ref_mouse_m20/common/middleware/airoha/hid_express/src/riscv_hid_express_2_4G_mode.o
                0x840674f2                hid_express_gaming_generate_kb_consumer_reports_1R1T
 .text.hid_express_gaming_generate_kb_std_reports_1R1T
                0x8406754c       0x80 /workdir/out/ab1623m_evk/hid_ref_mouse_m20/hid_device_ref_design_mouse/riscv/mouse_ref_design/hid_ref_mouse_m20/common/middleware/airoha/hid_express/src/riscv_hid_express_2_4G_mode.o
                0x8406754c                hid_express_gaming_generate_kb_std_reports_1R1T
 .text.hid_express_gaming_data_send
                0x840675cc       0x92 /workdir/out/ab1623m_evk/hid_ref_mouse_m20/hid_device_ref_design_mouse/riscv/mouse_ref_design/hid_ref_mouse_m20/common/middleware/airoha/hid_express/src/riscv_hid_express_2_4G_mode.o
                0x840675cc                hid_express_gaming_data_send
 .text.hid_express_gaming_init
                0x8406765e       0x12 /workdir/out/ab1623m_evk/hid_ref_mouse_m20/hid_device_ref_design_mouse/riscv/mouse_ref_design/hid_ref_mouse_m20/common/middleware/airoha/hid_express/src/riscv_hid_express_2_4G_mode.o
                0x8406765e                hid_express_gaming_init
 .text.hid_express_2_4g_post_process
                0x84067670        0x2 /workdir/out/ab1623m_evk/hid_ref_mouse_m20/hid_device_ref_design_mouse/riscv/mouse_ref_design/hid_ref_mouse_m20/common/middleware/airoha/hid_express/src/riscv_hid_express_2_4G_mode.o
                0x84067670                hid_express_2_4g_post_process
 .text.hid_express_usb_mode_send_report_to_CM33
                0x84067672        0xa /workdir/out/ab1623m_evk/hid_ref_mouse_m20/hid_device_ref_design_mouse/riscv/mouse_ref_design/hid_ref_mouse_m20/common/middleware/airoha/hid_express/src/riscv_hid_express_usb_mode.o
                0x84067672                hid_express_usb_mode_send_report_to_CM33
 .text.hid_express_usb_mode_generate_kb_consumer_reports
                0x8406767c       0x3e /workdir/out/ab1623m_evk/hid_ref_mouse_m20/hid_device_ref_design_mouse/riscv/mouse_ref_design/hid_ref_mouse_m20/common/middleware/airoha/hid_express/src/riscv_hid_express_usb_mode.o
                0x8406767c                hid_express_usb_mode_generate_kb_consumer_reports
 .text.hid_express_usb_mode_generate_kb_std_reports
                0x840676ba       0x4c /workdir/out/ab1623m_evk/hid_ref_mouse_m20/hid_device_ref_design_mouse/riscv/mouse_ref_design/hid_ref_mouse_m20/common/middleware/airoha/hid_express/src/riscv_hid_express_usb_mode.o
                0x840676ba                hid_express_usb_mode_generate_kb_std_reports
 .text.hid_express_usb_mode_generate_12bits_reports
                0x84067706       0x6a /workdir/out/ab1623m_evk/hid_ref_mouse_m20/hid_device_ref_design_mouse/riscv/mouse_ref_design/hid_ref_mouse_m20/common/middleware/airoha/hid_express/src/riscv_hid_express_usb_mode.o
                0x84067706                hid_express_usb_mode_generate_12bits_reports
 .text.hid_express_usb_mode_generate_kb_std_xy_reports
                0x84067770       0x64 /workdir/out/ab1623m_evk/hid_ref_mouse_m20/hid_device_ref_design_mouse/riscv/mouse_ref_design/hid_ref_mouse_m20/common/middleware/airoha/hid_express/src/riscv_hid_express_usb_mode.o
                0x84067770                hid_express_usb_mode_generate_kb_std_xy_reports
 .text.hid_express_usb_mode_generate_kb_consumer_xy_reports
                0x840677d4       0x5c /workdir/out/ab1623m_evk/hid_ref_mouse_m20/hid_device_ref_design_mouse/riscv/mouse_ref_design/hid_ref_mouse_m20/common/middleware/airoha/hid_express/src/riscv_hid_express_usb_mode.o
                0x840677d4                hid_express_usb_mode_generate_kb_consumer_xy_reports
 .text.hid_express_usb_last_report_is_kb
                0x84067830       0x10 /workdir/out/ab1623m_evk/hid_ref_mouse_m20/hid_device_ref_design_mouse/riscv/mouse_ref_design/hid_ref_mouse_m20/common/middleware/airoha/hid_express/src/riscv_hid_express_usb_mode.o
                0x84067830                hid_express_usb_last_report_is_kb
 .text.hid_express_usb_x_y_data_prepare
                0x84067840       0x3a /workdir/out/ab1623m_evk/hid_ref_mouse_m20/hid_device_ref_design_mouse/riscv/mouse_ref_design/hid_ref_mouse_m20/common/middleware/airoha/hid_express/src/riscv_hid_express_usb_mode.o
                0x84067840                hid_express_usb_x_y_data_prepare
 .text.hid_express_usb_delay_for_latency
                0x8406787a       0x36 /workdir/out/ab1623m_evk/hid_ref_mouse_m20/hid_device_ref_design_mouse/riscv/mouse_ref_design/hid_ref_mouse_m20/common/middleware/airoha/hid_express/src/riscv_hid_express_usb_mode.o
                0x8406787a                hid_express_usb_delay_for_latency
 .text.hid_express_usb_wakeup_cm33_handler
                0x840678b0       0x1e /workdir/out/ab1623m_evk/hid_ref_mouse_m20/hid_device_ref_design_mouse/riscv/mouse_ref_design/hid_ref_mouse_m20/common/middleware/airoha/hid_express/src/riscv_hid_express_usb_mode.o
                0x840678b0                hid_express_usb_wakeup_cm33_handler
 .text.hid_express_usb_data_set_report_ready
                0x840678ce        0xe /workdir/out/ab1623m_evk/hid_ref_mouse_m20/hid_device_ref_design_mouse/riscv/mouse_ref_design/hid_ref_mouse_m20/common/middleware/airoha/hid_express/src/riscv_hid_express_usb_mode.o
                0x840678ce                hid_express_usb_data_set_report_ready
 .text.hid_express_usb_data_send
                0x840678dc       0x7e /workdir/out/ab1623m_evk/hid_ref_mouse_m20/hid_device_ref_design_mouse/riscv/mouse_ref_design/hid_ref_mouse_m20/common/middleware/airoha/hid_express/src/riscv_hid_express_usb_mode.o
                0x840678dc                hid_express_usb_data_send
 .text.hid_express_usb_mode_init
                0x8406795a       0x1e /workdir/out/ab1623m_evk/hid_ref_mouse_m20/hid_device_ref_design_mouse/riscv/mouse_ref_design/hid_ref_mouse_m20/common/middleware/airoha/hid_express/src/riscv_hid_express_usb_mode.o
                0x8406795a                hid_express_usb_mode_init
 .text.hid_express_generate_value_candidate
                0x84067978       0x12 /workdir/out/ab1623m_evk/hid_ref_mouse_m20/hid_device_ref_design_mouse/riscv/mouse_ref_design/hid_ref_mouse_m20/common/middleware/airoha/hid_express/src/riscv_hid_express_xy_queue.o
                0x84067978                hid_express_generate_value_candidate
 .text.hid_express_generate_value_candidate_1R1T_concurrent
                0x8406798a       0x16 /workdir/out/ab1623m_evk/hid_ref_mouse_m20/hid_device_ref_design_mouse/riscv/mouse_ref_design/hid_ref_mouse_m20/common/middleware/airoha/hid_express/src/riscv_hid_express_xy_queue.o
                0x8406798a                hid_express_generate_value_candidate_1R1T_concurrent
 .text.hid_express_x_y_buf_has_data
                0x840679a0       0x24 /workdir/out/ab1623m_evk/hid_ref_mouse_m20/hid_device_ref_design_mouse/riscv/mouse_ref_design/hid_ref_mouse_m20/common/middleware/airoha/hid_express/src/riscv_hid_express_xy_queue.o
                0x840679a0                hid_express_x_y_buf_has_data
 .text.hid_express_x_y_buf_init
                0x840679c4       0x34 /workdir/out/ab1623m_evk/hid_ref_mouse_m20/hid_device_ref_design_mouse/riscv/mouse_ref_design/hid_ref_mouse_m20/common/middleware/airoha/hid_express/src/riscv_hid_express_xy_queue.o
                0x840679c4                hid_express_x_y_buf_init
 .text.is_queue_full
                0x840679f8       0x16 /workdir/out/ab1623m_evk/hid_ref_mouse_m20/hid_device_ref_design_mouse/riscv/mouse_ref_design/hid_ref_mouse_m20/common/middleware/airoha/hid_express/src/riscv_hid_express_key_queue_mouse.o
                0x840679f8                is_queue_full
 .text.is_key_expired
                0x84067a0e       0x20 /workdir/out/ab1623m_evk/hid_ref_mouse_m20/hid_device_ref_design_mouse/riscv/mouse_ref_design/hid_ref_mouse_m20/common/middleware/airoha/hid_express/src/riscv_hid_express_key_queue_mouse.o
                0x84067a0e                is_key_expired
 .text.get_queue_count
                0x84067a2e       0x16 /workdir/out/ab1623m_evk/hid_ref_mouse_m20/hid_device_ref_design_mouse/riscv/mouse_ref_design/hid_ref_mouse_m20/common/middleware/airoha/hid_express/src/riscv_hid_express_key_queue_mouse.o
                0x84067a2e                get_queue_count
 .text.is_queue_num_2
                0x84067a44       0x12 /workdir/out/ab1623m_evk/hid_ref_mouse_m20/hid_device_ref_design_mouse/riscv/mouse_ref_design/hid_ref_mouse_m20/common/middleware/airoha/hid_express/src/riscv_hid_express_key_queue_mouse.o
                0x84067a44                is_queue_num_2
 .text.riscv_key_push_key_info
                0x84067a56       0x24 /workdir/out/ab1623m_evk/hid_ref_mouse_m20/hid_device_ref_design_mouse/riscv/mouse_ref_design/hid_ref_mouse_m20/common/middleware/airoha/hid_express/src/riscv_hid_express_key_queue_mouse.o
                0x84067a56                riscv_key_push_key_info
 .text.init_key_ctrl
                0x84067a7a       0x14 /workdir/out/ab1623m_evk/hid_ref_mouse_m20/hid_device_ref_design_mouse/riscv/mouse_ref_design/hid_ref_mouse_m20/common/middleware/airoha/hid_express/src/riscv_hid_express_key_queue_mouse.o
                0x84067a7a                init_key_ctrl
 .text.riscv_key_clear_key_pushed
                0x84067a8e       0x10 /workdir/out/ab1623m_evk/hid_ref_mouse_m20/hid_device_ref_design_mouse/riscv/mouse_ref_design/hid_ref_mouse_m20/common/middleware/airoha/hid_express/src/riscv_hid_express_key_queue_mouse.o
                0x84067a8e                riscv_key_clear_key_pushed
 .text.riscv_key_push
                0x84067a9e       0xa2 /workdir/out/ab1623m_evk/hid_ref_mouse_m20/hid_device_ref_design_mouse/riscv/mouse_ref_design/hid_ref_mouse_m20/common/middleware/airoha/hid_express/src/riscv_hid_express_key_queue_mouse.o
                0x84067a9e                riscv_key_push
 .text.riscv_key_pop_temperory
                0x84067b40       0xb2 /workdir/out/ab1623m_evk/hid_ref_mouse_m20/hid_device_ref_design_mouse/riscv/mouse_ref_design/hid_ref_mouse_m20/common/middleware/airoha/hid_express/src/riscv_hid_express_key_queue_mouse.o
                0x84067b40                riscv_key_pop_temperory
 .text.riscv_key_pop_confirm
                0x84067bf2       0x2a /workdir/out/ab1623m_evk/hid_ref_mouse_m20/hid_device_ref_design_mouse/riscv/mouse_ref_design/hid_ref_mouse_m20/common/middleware/airoha/hid_express/src/riscv_hid_express_key_queue_mouse.o
                0x84067bf2                riscv_key_pop_confirm
 .text.riscv_hid_express_key_queue_debug_print
                0x84067c1c       0x74 /workdir/out/ab1623m_evk/hid_ref_mouse_m20/hid_device_ref_design_mouse/riscv/mouse_ref_design/hid_ref_mouse_m20/common/middleware/airoha/hid_express/src/riscv_hid_express_key_queue_mouse.o
                0x84067c1c                riscv_hid_express_key_queue_debug_print
 .text.rv_hid_exp_key_queue_post_process
                0x84067c90       0x18 /workdir/out/ab1623m_evk/hid_ref_mouse_m20/hid_device_ref_design_mouse/riscv/mouse_ref_design/hid_ref_mouse_m20/common/middleware/airoha/hid_express/src/riscv_hid_express_key_queue_mouse.o
                0x84067c90                rv_hid_exp_key_queue_post_process
 .text.rv_hid_exp_key_queue_tx_result_handle
                0x84067ca8       0x20 /workdir/out/ab1623m_evk/hid_ref_mouse_m20/hid_device_ref_design_mouse/riscv/mouse_ref_design/hid_ref_mouse_m20/common/middleware/airoha/hid_express/src/riscv_hid_express_key_queue_mouse.o
                0x84067ca8                rv_hid_exp_key_queue_tx_result_handle
 .text.rv_hid_exp_key_queue_pre_process
                0x84067cc8       0x18 /workdir/out/ab1623m_evk/hid_ref_mouse_m20/hid_device_ref_design_mouse/riscv/mouse_ref_design/hid_ref_mouse_m20/common/middleware/airoha/hid_express/src/riscv_hid_express_key_queue_mouse.o
                0x84067cc8                rv_hid_exp_key_queue_pre_process
 .text.rv_fake_report_config
                0x84067ce0       0x90 /workdir/out/ab1623m_evk/hid_ref_mouse_m20/hid_device_ref_design_mouse/riscv/mouse_ref_design/hid_ref_mouse_m20/common/middleware/airoha/hid_express/src/rv_fake_report.o
                0x84067ce0                rv_fake_report_config
 .text.rv_fake_report_fake_report
                0x84067d70       0x54 /workdir/out/ab1623m_evk/hid_ref_mouse_m20/hid_device_ref_design_mouse/riscv/mouse_ref_design/hid_ref_mouse_m20/common/middleware/airoha/hid_express/src/rv_fake_report.o
                0x84067d70                rv_fake_report_fake_report
 .text.rv_fake_report_post_process
                0x84067dc4       0x44 /workdir/out/ab1623m_evk/hid_ref_mouse_m20/hid_device_ref_design_mouse/riscv/mouse_ref_design/hid_ref_mouse_m20/common/middleware/airoha/hid_express/src/rv_fake_report.o
                0x84067dc4                rv_fake_report_post_process
 .text.rv_fake_report_set
                0x84067e08        0xa /workdir/out/ab1623m_evk/hid_ref_mouse_m20/hid_device_ref_design_mouse/riscv/mouse_ref_design/hid_ref_mouse_m20/common/middleware/airoha/hid_express/src/rv_fake_report.o
                0x84067e08                rv_fake_report_set
 .text.rv_fake_report__get_state
                0x84067e12       0x26 /workdir/out/ab1623m_evk/hid_ref_mouse_m20/hid_device_ref_design_mouse/riscv/mouse_ref_design/hid_ref_mouse_m20/common/middleware/airoha/hid_express/src/rv_fake_report.o
                0x84067e12                rv_fake_report__get_state
 .text.hid_express_dbg_inc_pka_hid_cnt
                0x84067e38       0x10 /workdir/out/ab1623m_evk/hid_ref_mouse_m20/hid_device_ref_design_mouse/riscv/mouse_ref_design/hid_ref_mouse_m20/common/middleware/airoha/hid_express/src/rv_hid_exp_delay_printf.o
                0x84067e38                hid_express_dbg_inc_pka_hid_cnt
 .text.hid_express_dbg_inc_pka_acl_cnt
                0x84067e48       0x10 /workdir/out/ab1623m_evk/hid_ref_mouse_m20/hid_device_ref_design_mouse/riscv/mouse_ref_design/hid_ref_mouse_m20/common/middleware/airoha/hid_express/src/rv_hid_exp_delay_printf.o
                0x84067e48                hid_express_dbg_inc_pka_acl_cnt
 .text.hid_express_dbg_inc_pka_hid_drop_cnt
                0x84067e58       0x10 /workdir/out/ab1623m_evk/hid_ref_mouse_m20/hid_device_ref_design_mouse/riscv/mouse_ref_design/hid_ref_mouse_m20/common/middleware/airoha/hid_express/src/rv_hid_exp_delay_printf.o
                0x84067e58                hid_express_dbg_inc_pka_hid_drop_cnt
 .text.hid_express_dbg_check
                0x84067e68       0xee /workdir/out/ab1623m_evk/hid_ref_mouse_m20/hid_device_ref_design_mouse/riscv/mouse_ref_design/hid_ref_mouse_m20/common/middleware/airoha/hid_express/src/rv_hid_exp_delay_printf.o
                0x84067e68                hid_express_dbg_check
 .text.rv_hid_exp_delay_printf
                0x84067f56       0xfc /workdir/out/ab1623m_evk/hid_ref_mouse_m20/hid_device_ref_design_mouse/riscv/mouse_ref_design/hid_ref_mouse_m20/common/middleware/airoha/hid_express/src/rv_hid_exp_delay_printf.o
                0x84067f56                rv_hid_exp_delay_printf
 .text.riscv_hid_report_id_select
                0x84068052       0x28 /workdir/out/ab1623m_evk/hid_ref_mouse_m20/hid_device_ref_design_mouse/riscv/mouse_ref_design/hid_ref_mouse_m20/common/middleware/airoha/hid_express/src/riscv_hid_report_id_selector.o
                0x84068052                riscv_hid_report_id_select
 .text.rv_bt_burst_tx_num_ctrl
                0x8406807a      0x10a /workdir/out/ab1623m_evk/hid_ref_mouse_m20/hid_device_ref_design_mouse/riscv/mouse_ref_design/hid_ref_mouse_m20/common/middleware/airoha/hid_express/src/rv_burst_tx_buf_ctrl.o
                0x8406807a                rv_bt_burst_tx_num_ctrl
 .text.key_remap_frontend_process_xy
                0x84068184        0x4 /workdir/out/ab1623m_evk/hid_ref_mouse_m20/hid_device_ref_design_mouse/riscv/mouse_ref_design/hid_ref_mouse_m20/common/middleware/airoha/key_remap/src/key_remap_frontend.o
                0x84068184                key_remap_frontend_process_xy
 .text.key_remap_frontend_process
                0x84068188       0x42 /workdir/out/ab1623m_evk/hid_ref_mouse_m20/hid_device_ref_design_mouse/riscv/mouse_ref_design/hid_ref_mouse_m20/common/middleware/airoha/key_remap/src/key_remap_frontend.o
                0x84068188                key_remap_frontend_process
 .text.key_remap_frontend_setting_update
                0x840681ca       0x44 /workdir/out/ab1623m_evk/hid_ref_mouse_m20/hid_device_ref_design_mouse/riscv/mouse_ref_design/hid_ref_mouse_m20/common/middleware/airoha/key_remap/src/key_remap_frontend.o
                0x840681ca                key_remap_frontend_setting_update
 .text.key_remap_frontend_init
                0x8406820e       0x32 /workdir/out/ab1623m_evk/hid_ref_mouse_m20/hid_device_ref_design_mouse/riscv/mouse_ref_design/hid_ref_mouse_m20/common/middleware/airoha/key_remap/src/key_remap_frontend.o
                0x8406820e                key_remap_frontend_init
 .text.key_remap_update_record
                0x84068240       0x54 /workdir/out/ab1623m_evk/hid_ref_mouse_m20/hid_device_ref_design_mouse/riscv/mouse_ref_design/hid_ref_mouse_m20/common/middleware/airoha/key_remap/src/key_remap_backend.o
 .text.key_remap_macro_stop
                0x84068294       0x64 /workdir/out/ab1623m_evk/hid_ref_mouse_m20/hid_device_ref_design_mouse/riscv/mouse_ref_design/hid_ref_mouse_m20/common/middleware/airoha/key_remap/src/key_remap_backend.o
 .text.key_remap_macro_key_press
                0x840682f8       0x72 /workdir/out/ab1623m_evk/hid_ref_mouse_m20/hid_device_ref_design_mouse/riscv/mouse_ref_design/hid_ref_mouse_m20/common/middleware/airoha/key_remap/src/key_remap_backend.o
 .text.key_remap_get_ms_x_y
                0x8406836a       0x24 /workdir/out/ab1623m_evk/hid_ref_mouse_m20/hid_device_ref_design_mouse/riscv/mouse_ref_design/hid_ref_mouse_m20/common/middleware/airoha/key_remap/src/key_remap_backend.o
 .text.key_remap_csm_key_press
                0x8406838e       0x20 /workdir/out/ab1623m_evk/hid_ref_mouse_m20/hid_device_ref_design_mouse/riscv/mouse_ref_design/hid_ref_mouse_m20/common/middleware/airoha/key_remap/src/key_remap_backend.o
                0x8406838e                key_remap_csm_key_press
 .text.key_remap_csm_key_release
                0x840683ae       0x3c /workdir/out/ab1623m_evk/hid_ref_mouse_m20/hid_device_ref_design_mouse/riscv/mouse_ref_design/hid_ref_mouse_m20/common/middleware/airoha/key_remap/src/key_remap_backend.o
                0x840683ae                key_remap_csm_key_release
 .text.key_remap_macro_timeout
                0x840683ea      0x29a /workdir/out/ab1623m_evk/hid_ref_mouse_m20/hid_device_ref_design_mouse/riscv/mouse_ref_design/hid_ref_mouse_m20/common/middleware/airoha/key_remap/src/key_remap_backend.o
                0x840683ea                key_remap_macro_timeout
 .text.key_remapping
                0x84068684      0x2a6 /workdir/out/ab1623m_evk/hid_ref_mouse_m20/hid_device_ref_design_mouse/riscv/mouse_ref_design/hid_ref_mouse_m20/common/middleware/airoha/key_remap/src/key_remap_backend.o
                0x84068684                key_remapping
 .text.key_remap_backend_process
                0x8406892a      0x1b6 /workdir/out/ab1623m_evk/hid_ref_mouse_m20/hid_device_ref_design_mouse/riscv/mouse_ref_design/hid_ref_mouse_m20/common/middleware/airoha/key_remap/src/key_remap_backend.o
                0x8406892a                key_remap_backend_process
 .text.key_remap_backend_postprocess
                0x84068ae0       0x8e /workdir/out/ab1623m_evk/hid_ref_mouse_m20/hid_device_ref_design_mouse/riscv/mouse_ref_design/hid_ref_mouse_m20/common/middleware/airoha/key_remap/src/key_remap_backend.o
                0x84068ae0                key_remap_backend_postprocess
 .text.key_remap_get_process_status
                0x84068b6e        0xa /workdir/out/ab1623m_evk/hid_ref_mouse_m20/hid_device_ref_design_mouse/riscv/mouse_ref_design/hid_ref_mouse_m20/common/middleware/airoha/key_remap/src/key_remap_backend.o
                0x84068b6e                key_remap_get_process_status
 .text.key_remap_state_reset
                0x84068b78        0xa /workdir/out/ab1623m_evk/hid_ref_mouse_m20/hid_device_ref_design_mouse/riscv/mouse_ref_design/hid_ref_mouse_m20/common/middleware/airoha/key_remap/src/key_remap_backend.o
                0x84068b78                key_remap_state_reset
 .text.key_remap_update_key_status
                0x84068b82        0xe /workdir/out/ab1623m_evk/hid_ref_mouse_m20/hid_device_ref_design_mouse/riscv/mouse_ref_design/hid_ref_mouse_m20/common/middleware/airoha/key_remap/src/key_remap_backend.o
                0x84068b82                key_remap_update_key_status
 .text.key_remap_get_dpi_attr
                0x84068b90       0x10 /workdir/out/ab1623m_evk/hid_ref_mouse_m20/hid_device_ref_design_mouse/riscv/mouse_ref_design/hid_ref_mouse_m20/common/middleware/airoha/key_remap/src/key_remap_backend.o
                0x84068b90                key_remap_get_dpi_attr
 .text.key_remap_get_key_status
                0x84068ba0       0x2a /workdir/out/ab1623m_evk/hid_ref_mouse_m20/hid_device_ref_design_mouse/riscv/mouse_ref_design/hid_ref_mouse_m20/common/middleware/airoha/key_remap/src/key_remap_backend.o
                0x84068ba0                key_remap_get_key_status
 .text.key_remap_set_queue
                0x84068bca        0xa /workdir/out/ab1623m_evk/hid_ref_mouse_m20/hid_device_ref_design_mouse/riscv/mouse_ref_design/hid_ref_mouse_m20/common/middleware/airoha/key_remap/src/key_remap_backend.o
                0x84068bca                key_remap_set_queue
 .text.key_remap_backend_setting
                0x84068bd4       0x5c /workdir/out/ab1623m_evk/hid_ref_mouse_m20/hid_device_ref_design_mouse/riscv/mouse_ref_design/hid_ref_mouse_m20/common/middleware/airoha/key_remap/src/key_remap_backend.o
                0x84068bd4                key_remap_backend_setting
 .text.key_remap_backend_init
                0x84068c30       0x32 /workdir/out/ab1623m_evk/hid_ref_mouse_m20/hid_device_ref_design_mouse/riscv/mouse_ref_design/hid_ref_mouse_m20/common/middleware/airoha/key_remap/src/key_remap_backend.o
                0x84068c30                key_remap_backend_init
 .text.key_remap_backend_deinit
                0x84068c62       0x2a /workdir/out/ab1623m_evk/hid_ref_mouse_m20/hid_device_ref_design_mouse/riscv/mouse_ref_design/hid_ref_mouse_m20/common/middleware/airoha/key_remap/src/key_remap_backend.o
                0x84068c62                key_remap_backend_deinit
 .text.key_remap_queue_init
                0x84068c8c       0x22 /workdir/out/ab1623m_evk/hid_ref_mouse_m20/hid_device_ref_design_mouse/riscv/mouse_ref_design/hid_ref_mouse_m20/common/middleware/airoha/key_remap/src/key_remap_queue.o
                0x84068c8c                key_remap_queue_init
 .text.key_remap_xy_push
                0x84068cae       0x1c /workdir/out/ab1623m_evk/hid_ref_mouse_m20/hid_device_ref_design_mouse/riscv/mouse_ref_design/hid_ref_mouse_m20/common/middleware/airoha/key_remap/src/key_remap_queue.o
                0x84068cae                key_remap_xy_push
 .text.key_remap_xy_pop