The target system is: Generic - 3.7.1 - arm
The host system is: Linux - 6.6.114.1-microsoft-standard-WSL2 - x86_64
Compiling the C compiler identification source file "CMakeCCompilerId.c" succeeded.
Compiler: /opt/toolchains/zephyr-sdk-0.16.9/arm-zephyr-eabi/bin/arm-zephyr-eabi-gcc 
Build flags: 
Id flags: -c 

The output was:
0


Compilation of the C compiler identification source "CMakeCCompilerId.c" produced "CMakeCCompilerId.o"

The C compiler identification is GNU, found in "/workdir/out/ab1620dm_evk/hid_dongle_ref_design_m20/mcuboot/CMakeFiles/3.22.1/CompilerIdC/CMakeCCompilerId.o"

Compiling the CXX compiler identification source file "CMakeCXXCompilerId.cpp" succeeded.
Compiler: /opt/toolchains/zephyr-sdk-0.16.9/arm-zephyr-eabi/bin/arm-zephyr-eabi-g++ 
Build flags: 
Id flags: -c 

The output was:
0


Compilation of the CXX compiler identification source "CMakeCXXCompilerId.cpp" produced "CMakeCXXCompilerId.o"

The CXX compiler identification is GNU, found in "/workdir/out/ab1620dm_evk/hid_dongle_ref_design_m20/mcuboot/CMakeFiles/3.22.1/CompilerIdCXX/CMakeCXXCompilerId.o"

Checking whether the ASM compiler is GNU using "--version" matched "(GNU assembler)|(GCC)|(Free Software Foundation)":
arm-zephyr-eabi-gcc (Zephyr SDK 0.16.9) 12.2.0
Copyright (C) 2022 Free Software Foundation, Inc.
This is free software; see the source for copying conditions.  There is NO
warranty; not even for MERCHANTABILITY or FITNESS FOR A PARTICULAR PURPOSE.

Performing C SOURCE FILE Test check_C__nostartfiles__nostdlib__isystem___opt_toolchains_zephyr_sdk_0_16_9_arm_zephyr_eabi_bin____lib_gcc_arm_zephyr_eabi_12_2_0_include___isystem___opt_toolchains_zephyr_sdk_0_16_9_arm_zephyr_eabi_bin____lib_gcc_arm_zephyr_eabi_12_2_0_include_fixed___Wl___unresolved_symbols_ignore_in_object_files__Wl___entry_0 succeeded with the following output:
Change Dir: /workdir/out/ab1620dm_evk/hid_dongle_ref_design_m20/mcuboot/CMakeFiles/CMakeTmp

Run Build Command(s):/usr/local/bin/ninja cmTC_081eb && [1/2] Building C object CMakeFiles/cmTC_081eb.dir/src.c.obj
[2/2] Linking C executable cmTC_081eb


Source file was:
int main(void) { return 0; }
Performing C SOURCE FILE Test check_C__nostartfiles__nostdlib__isystem___opt_toolchains_zephyr_sdk_0_16_9_arm_zephyr_eabi_bin____lib_gcc_arm_zephyr_eabi_12_2_0_include___isystem___opt_toolchains_zephyr_sdk_0_16_9_arm_zephyr_eabi_bin____lib_gcc_arm_zephyr_eabi_12_2_0_include_fixed___Wl___unresolved_symbols_ignore_in_object_files__Wl___entry_0_ succeeded with the following output:
Change Dir: /workdir/out/ab1620dm_evk/hid_dongle_ref_design_m20/mcuboot/CMakeFiles/CMakeTmp

Run Build Command(s):/usr/local/bin/ninja cmTC_a3f67 && [1/2] Building C object CMakeFiles/cmTC_a3f67.dir/src.c.obj
[2/2] Linking C executable cmTC_a3f67


Source file was:
int main(void) { return 0; }
Performing C++ SOURCE FILE Test check_Wall_CXX__nostartfiles__nostdlib__isystem___opt_toolchains_zephyr_sdk_0_16_9_arm_zephyr_eabi_bin____lib_gcc_arm_zephyr_eabi_12_2_0_include___isystem___opt_toolchains_zephyr_sdk_0_16_9_arm_zephyr_eabi_bin____lib_gcc_arm_zephyr_eabi_12_2_0_include_fixed___Wl___unresolved_symbols_ignore_in_object_files__Wl___entry_0 succeeded with the following output:
Change Dir: /workdir/out/ab1620dm_evk/hid_dongle_ref_design_m20/mcuboot/CMakeFiles/CMakeTmp

Run Build Command(s):/usr/local/bin/ninja cmTC_b6799 && [1/2] Building CXX object CMakeFiles/cmTC_b6799.dir/src.cxx.obj
[2/2] Linking CXX executable cmTC_b6799


Source file was:
int main() { return 0; }
Performing C SOURCE FILE Test check_Wall_C__nostartfiles__nostdlib__isystem___opt_toolchains_zephyr_sdk_0_16_9_arm_zephyr_eabi_bin____lib_gcc_arm_zephyr_eabi_12_2_0_include___isystem___opt_toolchains_zephyr_sdk_0_16_9_arm_zephyr_eabi_bin____lib_gcc_arm_zephyr_eabi_12_2_0_include_fixed___Wl___unresolved_symbols_ignore_in_object_files__Wl___entry_0 succeeded with the following output:
Change Dir: /workdir/out/ab1620dm_evk/hid_dongle_ref_design_m20/mcuboot/CMakeFiles/CMakeTmp

Run Build Command(s):/usr/local/bin/ninja cmTC_8aeac && [1/2] Building C object CMakeFiles/cmTC_8aeac.dir/src.c.obj
[2/2] Linking C executable cmTC_8aeac


Source file was:
int main(void) { return 0; }
Performing C++ SOURCE FILE Test check_Wformat__Wformat_security_CXX__nostartfiles__nostdlib__isystem___opt_toolchains_zephyr_sdk_0_16_9_arm_zephyr_eabi_bin____lib_gcc_arm_zephyr_eabi_12_2_0_include___isystem___opt_toolchains_zephyr_sdk_0_16_9_arm_zephyr_eabi_bin____lib_gcc_arm_zephyr_eabi_12_2_0_include_fixed___Wl___unresolved_symbols_ignore_in_object_files__Wl___entry_0 succeeded with the following output:
Change Dir: /workdir/out/ab1620dm_evk/hid_dongle_ref_design_m20/mcuboot/CMakeFiles/CMakeTmp

Run Build Command(s):/usr/local/bin/ninja cmTC_b3d66 && [1/2] Building CXX object CMakeFiles/cmTC_b3d66.dir/src.cxx.obj
[2/2] Linking CXX executable cmTC_b3d66


Source file was:
int main() { return 0; }
Performing C SOURCE FILE Test check_Wformat__Wformat_security_C__nostartfiles__nostdlib__isystem___opt_toolchains_zephyr_sdk_0_16_9_arm_zephyr_eabi_bin____lib_gcc_arm_zephyr_eabi_12_2_0_include___isystem___opt_toolchains_zephyr_sdk_0_16_9_arm_zephyr_eabi_bin____lib_gcc_arm_zephyr_eabi_12_2_0_include_fixed___Wl___unresolved_symbols_ignore_in_object_files__Wl___entry_0 succeeded with the following output:
Change Dir: /workdir/out/ab1620dm_evk/hid_dongle_ref_design_m20/mcuboot/CMakeFiles/CMakeTmp

Run Build Command(s):/usr/local/bin/ninja cmTC_3315b && [1/2] Building C object CMakeFiles/cmTC_3315b.dir/src.c.obj
[2/2] Linking C executable cmTC_3315b


Source file was:
int main(void) { return 0; }
Performing C++ SOURCE FILE Test check_Wformat__Wformat_zero_length_CXX__nostartfiles__nostdlib__isystem___opt_toolchains_zephyr_sdk_0_16_9_arm_zephyr_eabi_bin____lib_gcc_arm_zephyr_eabi_12_2_0_include___isystem___opt_toolchains_zephyr_sdk_0_16_9_arm_zephyr_eabi_bin____lib_gcc_arm_zephyr_eabi_12_2_0_include_fixed___Wl___unresolved_symbols_ignore_in_object_files__Wl___entry_0 succeeded with the following output:
Change Dir: /workdir/out/ab1620dm_evk/hid_dongle_ref_design_m20/mcuboot/CMakeFiles/CMakeTmp

Run Build Command(s):/usr/local/bin/ninja cmTC_c1913 && [1/2] Building CXX object CMakeFiles/cmTC_c1913.dir/src.cxx.obj
[2/2] Linking CXX executable cmTC_c1913


Source file was:
int main() { return 0; }
Performing C SOURCE FILE Test check_Wformat__Wformat_zero_length_C__nostartfiles__nostdlib__isystem___opt_toolchains_zephyr_sdk_0_16_9_arm_zephyr_eabi_bin____lib_gcc_arm_zephyr_eabi_12_2_0_include___isystem___opt_toolchains_zephyr_sdk_0_16_9_arm_zephyr_eabi_bin____lib_gcc_arm_zephyr_eabi_12_2_0_include_fixed___Wl___unresolved_symbols_ignore_in_object_files__Wl___entry_0 succeeded with the following output:
Change Dir: /workdir/out/ab1620dm_evk/hid_dongle_ref_design_m20/mcuboot/CMakeFiles/CMakeTmp

Run Build Command(s):/usr/local/bin/ninja cmTC_9ce44 && [1/2] Building C object CMakeFiles/cmTC_9ce44.dir/src.c.obj
[2/2] Linking C executable cmTC_9ce44


Source file was:
int main(void) { return 0; }
Performing C++ SOURCE FILE Test check_Wdouble_promotion_CXX__nostartfiles__nostdlib__isystem___opt_toolchains_zephyr_sdk_0_16_9_arm_zephyr_eabi_bin____lib_gcc_arm_zephyr_eabi_12_2_0_include___isystem___opt_toolchains_zephyr_sdk_0_16_9_arm_zephyr_eabi_bin____lib_gcc_arm_zephyr_eabi_12_2_0_include_fixed___Wl___unresolved_symbols_ignore_in_object_files__Wl___entry_0 succeeded with the following output:
Change Dir: /workdir/out/ab1620dm_evk/hid_dongle_ref_design_m20/mcuboot/CMakeFiles/CMakeTmp

Run Build Command(s):/usr/local/bin/ninja cmTC_b3080 && [1/2] Building CXX object CMakeFiles/cmTC_b3080.dir/src.cxx.obj
[2/2] Linking CXX executable cmTC_b3080


Source file was:
int main() { return 0; }
Performing C SOURCE FILE Test check_Wdouble_promotion_C__nostartfiles__nostdlib__isystem___opt_toolchains_zephyr_sdk_0_16_9_arm_zephyr_eabi_bin____lib_gcc_arm_zephyr_eabi_12_2_0_include___isystem___opt_toolchains_zephyr_sdk_0_16_9_arm_zephyr_eabi_bin____lib_gcc_arm_zephyr_eabi_12_2_0_include_fixed___Wl___unresolved_symbols_ignore_in_object_files__Wl___entry_0 succeeded with the following output:
Change Dir: /workdir/out/ab1620dm_evk/hid_dongle_ref_design_m20/mcuboot/CMakeFiles/CMakeTmp

Run Build Command(s):/usr/local/bin/ninja cmTC_834a1 && [1/2] Building C object CMakeFiles/cmTC_834a1.dir/src.c.obj
[2/2] Linking C executable cmTC_834a1


Source file was:
int main(void) { return 0; }
Performing C SOURCE FILE Test check_Wpointer_sign_C__nostartfiles__nostdlib__isystem___opt_toolchains_zephyr_sdk_0_16_9_arm_zephyr_eabi_bin____lib_gcc_arm_zephyr_eabi_12_2_0_include___isystem___opt_toolchains_zephyr_sdk_0_16_9_arm_zephyr_eabi_bin____lib_gcc_arm_zephyr_eabi_12_2_0_include_fixed___Wl___unresolved_symbols_ignore_in_object_files__Wl___entry_0 succeeded with the following output:
Change Dir: /workdir/out/ab1620dm_evk/hid_dongle_ref_design_m20/mcuboot/CMakeFiles/CMakeTmp

Run Build Command(s):/usr/local/bin/ninja cmTC_0e8f9 && [1/2] Building C object CMakeFiles/cmTC_0e8f9.dir/src.c.obj
[2/2] Linking C executable cmTC_0e8f9


Source file was:
int main(void) { return 0; }
Performing C++ SOURCE FILE Test check_Wpointer_arith_CXX__nostartfiles__nostdlib__isystem___opt_toolchains_zephyr_sdk_0_16_9_arm_zephyr_eabi_bin____lib_gcc_arm_zephyr_eabi_12_2_0_include___isystem___opt_toolchains_zephyr_sdk_0_16_9_arm_zephyr_eabi_bin____lib_gcc_arm_zephyr_eabi_12_2_0_include_fixed___Wl___unresolved_symbols_ignore_in_object_files__Wl___entry_0 succeeded with the following output:
Change Dir: /workdir/out/ab1620dm_evk/hid_dongle_ref_design_m20/mcuboot/CMakeFiles/CMakeTmp

Run Build Command(s):/usr/local/bin/ninja cmTC_ac2b7 && [1/2] Building CXX object CMakeFiles/cmTC_ac2b7.dir/src.cxx.obj
[2/2] Linking CXX executable cmTC_ac2b7


Source file was:
int main() { return 0; }
Performing C SOURCE FILE Test check_Wpointer_arith_C__nostartfiles__nostdlib__isystem___opt_toolchains_zephyr_sdk_0_16_9_arm_zephyr_eabi_bin____lib_gcc_arm_zephyr_eabi_12_2_0_include___isystem___opt_toolchains_zephyr_sdk_0_16_9_arm_zephyr_eabi_bin____lib_gcc_arm_zephyr_eabi_12_2_0_include_fixed___Wl___unresolved_symbols_ignore_in_object_files__Wl___entry_0 succeeded with the following output:
Change Dir: /workdir/out/ab1620dm_evk/hid_dongle_ref_design_m20/mcuboot/CMakeFiles/CMakeTmp

Run Build Command(s):/usr/local/bin/ninja cmTC_ecedb && [1/2] Building C object CMakeFiles/cmTC_ecedb.dir/src.c.obj
[2/2] Linking C executable cmTC_ecedb


Source file was:
int main(void) { return 0; }
Performing C++ SOURCE FILE Test check_Wexpansion_to_defined_CXX__nostartfiles__nostdlib__isystem___opt_toolchains_zephyr_sdk_0_16_9_arm_zephyr_eabi_bin____lib_gcc_arm_zephyr_eabi_12_2_0_include___isystem___opt_toolchains_zephyr_sdk_0_16_9_arm_zephyr_eabi_bin____lib_gcc_arm_zephyr_eabi_12_2_0_include_fixed___Wl___unresolved_symbols_ignore_in_object_files__Wl___entry_0 succeeded with the following output:
Change Dir: /workdir/out/ab1620dm_evk/hid_dongle_ref_design_m20/mcuboot/CMakeFiles/CMakeTmp

Run Build Command(s):/usr/local/bin/ninja cmTC_92c82 && [1/2] Building CXX object CMakeFiles/cmTC_92c82.dir/src.cxx.obj
[2/2] Linking CXX executable cmTC_92c82


Source file was:
int main() { return 0; }
Performing C SOURCE FILE Test check_Wexpansion_to_defined_C__nostartfiles__nostdlib__isystem___opt_toolchains_zephyr_sdk_0_16_9_arm_zephyr_eabi_bin____lib_gcc_arm_zephyr_eabi_12_2_0_include___isystem___opt_toolchains_zephyr_sdk_0_16_9_arm_zephyr_eabi_bin____lib_gcc_arm_zephyr_eabi_12_2_0_include_fixed___Wl___unresolved_symbols_ignore_in_object_files__Wl___entry_0 succeeded with the following output:
Change Dir: /workdir/out/ab1620dm_evk/hid_dongle_ref_design_m20/mcuboot/CMakeFiles/CMakeTmp

Run Build Command(s):/usr/local/bin/ninja cmTC_0fa77 && [1/2] Building C object CMakeFiles/cmTC_0fa77.dir/src.c.obj
[2/2] Linking C executable cmTC_0fa77


Source file was:
int main(void) { return 0; }
Performing C++ SOURCE FILE Test check_Wlogical_op_CXX__nostartfiles__nostdlib__isystem___opt_toolchains_zephyr_sdk_0_16_9_arm_zephyr_eabi_bin____lib_gcc_arm_zephyr_eabi_12_2_0_include___isystem___opt_toolchains_zephyr_sdk_0_16_9_arm_zephyr_eabi_bin____lib_gcc_arm_zephyr_eabi_12_2_0_include_fixed___Wl___unresolved_symbols_ignore_in_object_files__Wl___entry_0 succeeded with the following output:
Change Dir: /workdir/out/ab1620dm_evk/hid_dongle_ref_design_m20/mcuboot/CMakeFiles/CMakeTmp

Run Build Command(s):/usr/local/bin/ninja cmTC_7353f && [1/2] Building CXX object CMakeFiles/cmTC_7353f.dir/src.cxx.obj
[2/2] Linking CXX executable cmTC_7353f


Source file was:
int main() { return 0; }
Performing C SOURCE FILE Test check_Wlogical_op_C__nostartfiles__nostdlib__isystem___opt_toolchains_zephyr_sdk_0_16_9_arm_zephyr_eabi_bin____lib_gcc_arm_zephyr_eabi_12_2_0_include___isystem___opt_toolchains_zephyr_sdk_0_16_9_arm_zephyr_eabi_bin____lib_gcc_arm_zephyr_eabi_12_2_0_include_fixed___Wl___unresolved_symbols_ignore_in_object_files__Wl___entry_0 succeeded with the following output:
Change Dir: /workdir/out/ab1620dm_evk/hid_dongle_ref_design_m20/mcuboot/CMakeFiles/CMakeTmp

Run Build Command(s):/usr/local/bin/ninja cmTC_b261d && [1/2] Building C object CMakeFiles/cmTC_b261d.dir/src.c.obj
[2/2] Linking C executable cmTC_b261d


Source file was:
int main(void) { return 0; }
Performing C++ SOURCE FILE Test check_Wmissing_field_initializers_CXX__nostartfiles__nostdlib__isystem___opt_toolchains_zephyr_sdk_0_16_9_arm_zephyr_eabi_bin____lib_gcc_arm_zephyr_eabi_12_2_0_include___isystem___opt_toolchains_zephyr_sdk_0_16_9_arm_zephyr_eabi_bin____lib_gcc_arm_zephyr_eabi_12_2_0_include_fixed___Wl___unresolved_symbols_ignore_in_object_files__Wl___entry_0 succeeded with the following output:
Change Dir: /workdir/out/ab1620dm_evk/hid_dongle_ref_design_m20/mcuboot/CMakeFiles/CMakeTmp

Run Build Command(s):/usr/local/bin/ninja cmTC_e039b && [1/2] Building CXX object CMakeFiles/cmTC_e039b.dir/src.cxx.obj
[2/2] Linking CXX executable cmTC_e039b


Source file was:
int main() { return 0; }
Performing C SOURCE FILE Test check_Wmissing_field_initializers_C__nostartfiles__nostdlib__isystem___opt_toolchains_zephyr_sdk_0_16_9_arm_zephyr_eabi_bin____lib_gcc_arm_zephyr_eabi_12_2_0_include___isystem___opt_toolchains_zephyr_sdk_0_16_9_arm_zephyr_eabi_bin____lib_gcc_arm_zephyr_eabi_12_2_0_include_fixed___Wl___unresolved_symbols_ignore_in_object_files__Wl___entry_0 succeeded with the following output:
Change Dir: /workdir/out/ab1620dm_evk/hid_dongle_ref_design_m20/mcuboot/CMakeFiles/CMakeTmp

Run Build Command(s):/usr/local/bin/ninja cmTC_fb8a0 && [1/2] Building C object CMakeFiles/cmTC_fb8a0.dir/src.c.obj
[2/2] Linking C executable cmTC_fb8a0


Source file was:
int main(void) { return 0; }
Performing C++ SOURCE FILE Test check_Wpacked_bitfield_compat_CXX__nostartfiles__nostdlib__isystem___opt_toolchains_zephyr_sdk_0_16_9_arm_zephyr_eabi_bin____lib_gcc_arm_zephyr_eabi_12_2_0_include___isystem___opt_toolchains_zephyr_sdk_0_16_9_arm_zephyr_eabi_bin____lib_gcc_arm_zephyr_eabi_12_2_0_include_fixed___Wl___unresolved_symbols_ignore_in_object_files__Wl___entry_0 succeeded with the following output:
Change Dir: /workdir/out/ab1620dm_evk/hid_dongle_ref_design_m20/mcuboot/CMakeFiles/CMakeTmp

Run Build Command(s):/usr/local/bin/ninja cmTC_37062 && [1/2] Building CXX object CMakeFiles/cmTC_37062.dir/src.cxx.obj
[2/2] Linking CXX executable cmTC_37062


Source file was:
int main() { return 0; }
Performing C SOURCE FILE Test check_Wpacked_bitfield_compat_C__nostartfiles__nostdlib__isystem___opt_toolchains_zephyr_sdk_0_16_9_arm_zephyr_eabi_bin____lib_gcc_arm_zephyr_eabi_12_2_0_include___isystem___opt_toolchains_zephyr_sdk_0_16_9_arm_zephyr_eabi_bin____lib_gcc_arm_zephyr_eabi_12_2_0_include_fixed___Wl___unresolved_symbols_ignore_in_object_files__Wl___entry_0 succeeded with the following output:
Change Dir: /workdir/out/ab1620dm_evk/hid_dongle_ref_design_m20/mcuboot/CMakeFiles/CMakeTmp

Run Build Command(s):/usr/local/bin/ninja cmTC_aaafc && [1/2] Building C object CMakeFiles/cmTC_aaafc.dir/src.c.obj
[2/2] Linking C executable cmTC_aaafc


Source file was:
int main(void) { return 0; }
Performing C++ SOURCE FILE Test check_Wvla_CXX__nostartfiles__nostdlib__isystem___opt_toolchains_zephyr_sdk_0_16_9_arm_zephyr_eabi_bin____lib_gcc_arm_zephyr_eabi_12_2_0_include___isystem___opt_toolchains_zephyr_sdk_0_16_9_arm_zephyr_eabi_bin____lib_gcc_arm_zephyr_eabi_12_2_0_include_fixed___Wl___unresolved_symbols_ignore_in_object_files__Wl___entry_0 succeeded with the following output:
Change Dir: /workdir/out/ab1620dm_evk/hid_dongle_ref_design_m20/mcuboot/CMakeFiles/CMakeTmp

Run Build Command(s):/usr/local/bin/ninja cmTC_f9135 && [1/2] Building CXX object CMakeFiles/cmTC_f9135.dir/src.cxx.obj
[2/2] Linking CXX executable cmTC_f9135


Source file was:
int main() { return 0; }
Performing C SOURCE FILE Test check_Wvla_C__nostartfiles__nostdlib__isystem___opt_toolchains_zephyr_sdk_0_16_9_arm_zephyr_eabi_bin____lib_gcc_arm_zephyr_eabi_12_2_0_include___isystem___opt_toolchains_zephyr_sdk_0_16_9_arm_zephyr_eabi_bin____lib_gcc_arm_zephyr_eabi_12_2_0_include_fixed___Wl___unresolved_symbols_ignore_in_object_files__Wl___entry_0 succeeded with the following output:
Change Dir: /workdir/out/ab1620dm_evk/hid_dongle_ref_design_m20/mcuboot/CMakeFiles/CMakeTmp

Run Build Command(s):/usr/local/bin/ninja cmTC_0defb && [1/2] Building C object CMakeFiles/cmTC_0defb.dir/src.c.obj
[2/2] Linking C executable cmTC_0defb


Source file was:
int main(void) { return 0; }
Performing C++ SOURCE FILE Test check_Wunused_but_set_variable_CXX__nostartfiles__nostdlib__isystem___opt_toolchains_zephyr_sdk_0_16_9_arm_zephyr_eabi_bin____lib_gcc_arm_zephyr_eabi_12_2_0_include___isystem___opt_toolchains_zephyr_sdk_0_16_9_arm_zephyr_eabi_bin____lib_gcc_arm_zephyr_eabi_12_2_0_include_fixed___Wl___unresolved_symbols_ignore_in_object_files__Wl___entry_0 succeeded with the following output:
Change Dir: /workdir/out/ab1620dm_evk/hid_dongle_ref_design_m20/mcuboot/CMakeFiles/CMakeTmp

Run Build Command(s):/usr/local/bin/ninja cmTC_37748 && [1/2] Building CXX object CMakeFiles/cmTC_37748.dir/src.cxx.obj
[2/2] Linking CXX executable cmTC_37748


Source file was:
int main() { return 0; }
Performing C SOURCE FILE Test check_Wunused_but_set_variable_C__nostartfiles__nostdlib__isystem___opt_toolchains_zephyr_sdk_0_16_9_arm_zephyr_eabi_bin____lib_gcc_arm_zephyr_eabi_12_2_0_include___isystem___opt_toolchains_zephyr_sdk_0_16_9_arm_zephyr_eabi_bin____lib_gcc_arm_zephyr_eabi_12_2_0_include_fixed___Wl___unresolved_symbols_ignore_in_object_files__Wl___entry_0 succeeded with the following output:
Change Dir: /workdir/out/ab1620dm_evk/hid_dongle_ref_design_m20/mcuboot/CMakeFiles/CMakeTmp

Run Build Command(s):/usr/local/bin/ninja cmTC_8b50b && [1/2] Building C object CMakeFiles/cmTC_8b50b.dir/src.c.obj
[2/2] Linking C executable cmTC_8b50b


Source file was:
int main(void) { return 0; }
Performing C SOURCE FILE Test check_Werror_implicit_int_C__nostartfiles__nostdlib__isystem___opt_toolchains_zephyr_sdk_0_16_9_arm_zephyr_eabi_bin____lib_gcc_arm_zephyr_eabi_12_2_0_include___isystem___opt_toolchains_zephyr_sdk_0_16_9_arm_zephyr_eabi_bin____lib_gcc_arm_zephyr_eabi_12_2_0_include_fixed___Wl___unresolved_symbols_ignore_in_object_files__Wl___entry_0 succeeded with the following output:
Change Dir: /workdir/out/ab1620dm_evk/hid_dongle_ref_design_m20/mcuboot/CMakeFiles/CMakeTmp

Run Build Command(s):/usr/local/bin/ninja cmTC_917bf && [1/2] Building C object CMakeFiles/cmTC_917bf.dir/src.c.obj
[2/2] Linking C executable cmTC_917bf


Source file was:
int main(void) { return 0; }
Performing C++ SOURCE FILE Test check_mstack_protector_guard_global_CXX__nostartfiles__nostdlib__isystem___opt_toolchains_zephyr_sdk_0_16_9_arm_zephyr_eabi_bin____lib_gcc_arm_zephyr_eabi_12_2_0_include___isystem___opt_toolchains_zephyr_sdk_0_16_9_arm_zephyr_eabi_bin____lib_gcc_arm_zephyr_eabi_12_2_0_include_fixed___Wl___unresolved_symbols_ignore_in_object_files__Wl___entry_0 succeeded with the following output:
Change Dir: /workdir/out/ab1620dm_evk/hid_dongle_ref_design_m20/mcuboot/CMakeFiles/CMakeTmp

Run Build Command(s):/usr/local/bin/ninja cmTC_e8e73 && [1/2] Building CXX object CMakeFiles/cmTC_e8e73.dir/src.cxx.obj
[2/2] Linking CXX executable cmTC_e8e73


Source file was:
int main() { return 0; }
Performing C SOURCE FILE Test check_mstack_protector_guard_global_C__nostartfiles__nostdlib__isystem___opt_toolchains_zephyr_sdk_0_16_9_arm_zephyr_eabi_bin____lib_gcc_arm_zephyr_eabi_12_2_0_include___isystem___opt_toolchains_zephyr_sdk_0_16_9_arm_zephyr_eabi_bin____lib_gcc_arm_zephyr_eabi_12_2_0_include_fixed___Wl___unresolved_symbols_ignore_in_object_files__Wl___entry_0 succeeded with the following output:
Change Dir: /workdir/out/ab1620dm_evk/hid_dongle_ref_design_m20/mcuboot/CMakeFiles/CMakeTmp

Run Build Command(s):/usr/local/bin/ninja cmTC_1cb0e && [1/2] Building C object CMakeFiles/cmTC_1cb0e.dir/src.c.obj
[2/2] Linking C executable cmTC_1cb0e


Source file was:
int main(void) { return 0; }
Performing C++ SOURCE FILE Test check_fno_freestanding_CXX__nostartfiles__nostdlib__isystem___opt_toolchains_zephyr_sdk_0_16_9_arm_zephyr_eabi_bin____lib_gcc_arm_zephyr_eabi_12_2_0_include___isystem___opt_toolchains_zephyr_sdk_0_16_9_arm_zephyr_eabi_bin____lib_gcc_arm_zephyr_eabi_12_2_0_include_fixed___Wl___unresolved_symbols_ignore_in_object_files__Wl___entry_0 succeeded with the following output:
Change Dir: /workdir/out/ab1620dm_evk/hid_dongle_ref_design_m20/mcuboot/CMakeFiles/CMakeTmp

Run Build Command(s):/usr/local/bin/ninja cmTC_4eafc && [1/2] Building CXX object CMakeFiles/cmTC_4eafc.dir/src.cxx.obj
[2/2] Linking CXX executable cmTC_4eafc


Source file was:
int main() { return 0; }
Performing C SOURCE FILE Test check_fno_freestanding_C__nostartfiles__nostdlib__isystem___opt_toolchains_zephyr_sdk_0_16_9_arm_zephyr_eabi_bin____lib_gcc_arm_zephyr_eabi_12_2_0_include___isystem___opt_toolchains_zephyr_sdk_0_16_9_arm_zephyr_eabi_bin____lib_gcc_arm_zephyr_eabi_12_2_0_include_fixed___Wl___unresolved_symbols_ignore_in_object_files__Wl___entry_0 succeeded with the following output:
Change Dir: /workdir/out/ab1620dm_evk/hid_dongle_ref_design_m20/mcuboot/CMakeFiles/CMakeTmp

Run Build Command(s):/usr/local/bin/ninja cmTC_cca2a && [1/2] Building C object CMakeFiles/cmTC_cca2a.dir/src.c.obj
[2/2] Linking C executable cmTC_cca2a


Source file was:
int main(void) { return 0; }
Performing C++ SOURCE FILE Test check_ffreestanding_CXX__nostartfiles__nostdlib__isystem___opt_toolchains_zephyr_sdk_0_16_9_arm_zephyr_eabi_bin____lib_gcc_arm_zephyr_eabi_12_2_0_include___isystem___opt_toolchains_zephyr_sdk_0_16_9_arm_zephyr_eabi_bin____lib_gcc_arm_zephyr_eabi_12_2_0_include_fixed___Wl___unresolved_symbols_ignore_in_object_files__Wl___entry_0 succeeded with the following output:
Change Dir: /workdir/out/ab1620dm_evk/hid_dongle_ref_design_m20/mcuboot/CMakeFiles/CMakeTmp

Run Build Command(s):/usr/local/bin/ninja cmTC_2ba42 && [1/2] Building CXX object CMakeFiles/cmTC_2ba42.dir/src.cxx.obj
[2/2] Linking CXX executable cmTC_2ba42


Source file was:
int main() { return 0; }
Performing C SOURCE FILE Test check_ffreestanding_C__nostartfiles__nostdlib__isystem___opt_toolchains_zephyr_sdk_0_16_9_arm_zephyr_eabi_bin____lib_gcc_arm_zephyr_eabi_12_2_0_include___isystem___opt_toolchains_zephyr_sdk_0_16_9_arm_zephyr_eabi_bin____lib_gcc_arm_zephyr_eabi_12_2_0_include_fixed___Wl___unresolved_symbols_ignore_in_object_files__Wl___entry_0 succeeded with the following output:
Change Dir: /workdir/out/ab1620dm_evk/hid_dongle_ref_design_m20/mcuboot/CMakeFiles/CMakeTmp

Run Build Command(s):/usr/local/bin/ninja cmTC_c2326 && [1/2] Building C object CMakeFiles/cmTC_c2326.dir/src.c.obj
[2/2] Linking C executable cmTC_c2326


Source file was:
int main(void) { return 0; }
Performing C++ SOURCE FILE Test check_gdwarf_4_CXX__nostartfiles__nostdlib__isystem___opt_toolchains_zephyr_sdk_0_16_9_arm_zephyr_eabi_bin____lib_gcc_arm_zephyr_eabi_12_2_0_include___isystem___opt_toolchains_zephyr_sdk_0_16_9_arm_zephyr_eabi_bin____lib_gcc_arm_zephyr_eabi_12_2_0_include_fixed___Wl___unresolved_symbols_ignore_in_object_files__Wl___entry_0 succeeded with the following output:
Change Dir: /workdir/out/ab1620dm_evk/hid_dongle_ref_design_m20/mcuboot/CMakeFiles/CMakeTmp

Run Build Command(s):/usr/local/bin/ninja cmTC_e5788 && [1/2] Building CXX object CMakeFiles/cmTC_e5788.dir/src.cxx.obj
[2/2] Linking CXX executable cmTC_e5788


Source file was:
int main() { return 0; }
Performing C SOURCE FILE Test check_gdwarf_4_C__nostartfiles__nostdlib__isystem___opt_toolchains_zephyr_sdk_0_16_9_arm_zephyr_eabi_bin____lib_gcc_arm_zephyr_eabi_12_2_0_include___isystem___opt_toolchains_zephyr_sdk_0_16_9_arm_zephyr_eabi_bin____lib_gcc_arm_zephyr_eabi_12_2_0_include_fixed___Wl___unresolved_symbols_ignore_in_object_files__Wl___entry_0 succeeded with the following output:
Change Dir: /workdir/out/ab1620dm_evk/hid_dongle_ref_design_m20/mcuboot/CMakeFiles/CMakeTmp

Run Build Command(s):/usr/local/bin/ninja cmTC_89b6e && [1/2] Building C object CMakeFiles/cmTC_89b6e.dir/src.c.obj
[2/2] Linking C executable cmTC_89b6e


Source file was:
int main(void) { return 0; }
Performing C SOURCE FILE Test check_C__nostartfiles__nostdlib__isystem___opt_toolchains_zephyr_sdk_0_16_9_arm_zephyr_eabi_bin____lib_gcc_arm_zephyr_eabi_12_2_0_include___isystem___opt_toolchains_zephyr_sdk_0_16_9_arm_zephyr_eabi_bin____lib_gcc_arm_zephyr_eabi_12_2_0_include_fixed___Wl___unresolved_symbols_ignore_in_object_files__Wl___entry_0__Wl___print_memory_usage succeeded with the following output:
Change Dir: /workdir/out/ab1620dm_evk/hid_dongle_ref_design_m20/mcuboot/CMakeFiles/CMakeTmp

Run Build Command(s):/usr/local/bin/ninja cmTC_279a8 && [1/2] Building C object CMakeFiles/cmTC_279a8.dir/src.c.obj
[2/2] Linking C executable cmTC_279a8
Memory region         Used Size  Region Size  %age Used


Source file was:
int main(void) { return 0; }
Performing C SOURCE FILE Test check_C__nostartfiles__nostdlib__isystem___opt_toolchains_zephyr_sdk_0_16_9_arm_zephyr_eabi_bin____lib_gcc_arm_zephyr_eabi_12_2_0_include___isystem___opt_toolchains_zephyr_sdk_0_16_9_arm_zephyr_eabi_bin____lib_gcc_arm_zephyr_eabi_12_2_0_include_fixed___Wl___unresolved_symbols_ignore_in_object_files__Wl___entry_0__pg succeeded with the following output:
Change Dir: /workdir/out/ab1620dm_evk/hid_dongle_ref_design_m20/mcuboot/CMakeFiles/CMakeTmp

Run Build Command(s):/usr/local/bin/ninja cmTC_e2743 && [1/2] Building C object CMakeFiles/cmTC_e2743.dir/src.c.obj
[2/2] Linking C executable cmTC_e2743


Source file was:
int main(void) { return 0; }
Performing C SOURCE FILE Test check_C__nostartfiles__nostdlib__isystem___opt_toolchains_zephyr_sdk_0_16_9_arm_zephyr_eabi_bin____lib_gcc_arm_zephyr_eabi_12_2_0_include___isystem___opt_toolchains_zephyr_sdk_0_16_9_arm_zephyr_eabi_bin____lib_gcc_arm_zephyr_eabi_12_2_0_include_fixed___Wl___unresolved_symbols_ignore_in_object_files__Wl___entry_0__mcpu_cortex_m33_nodsp__mthumb__mabi_aapcs__mfpu_fpv5_sp_d16__mfloat_abi_hard__mfp16_format_ieee__mtp_soft succeeded with the following output:
Change Dir: /workdir/out/ab1620dm_evk/hid_dongle_ref_design_m20/mcuboot/CMakeFiles/CMakeTmp

Run Build Command(s):/usr/local/bin/ninja cmTC_47c80 && [1/2] Building C object CMakeFiles/cmTC_47c80.dir/src.c.obj
[2/2] Linking C executable cmTC_47c80


Source file was:
int main(void) { return 0; }
Performing C SOURCE FILE Test check_C__nostartfiles__nostdlib__isystem___opt_toolchains_zephyr_sdk_0_16_9_arm_zephyr_eabi_bin____lib_gcc_arm_zephyr_eabi_12_2_0_include___isystem___opt_toolchains_zephyr_sdk_0_16_9_arm_zephyr_eabi_bin____lib_gcc_arm_zephyr_eabi_12_2_0_include_fixed___Wl___unresolved_symbols_ignore_in_object_files__Wl___entry_0__Wl___gc_sections succeeded with the following output:
Change Dir: /workdir/out/ab1620dm_evk/hid_dongle_ref_design_m20/mcuboot/CMakeFiles/CMakeTmp

Run Build Command(s):/usr/local/bin/ninja cmTC_60dea && [1/2] Building C object CMakeFiles/cmTC_60dea.dir/src.c.obj
[2/2] Linking C executable cmTC_60dea


Source file was:
int main(void) { return 0; }
Performing C SOURCE FILE Test check_C__nostartfiles__nostdlib__isystem___opt_toolchains_zephyr_sdk_0_16_9_arm_zephyr_eabi_bin____lib_gcc_arm_zephyr_eabi_12_2_0_include___isystem___opt_toolchains_zephyr_sdk_0_16_9_arm_zephyr_eabi_bin____lib_gcc_arm_zephyr_eabi_12_2_0_include_fixed___Wl___unresolved_symbols_ignore_in_object_files__Wl___entry_0__Wl___build_id_none succeeded with the following output:
Change Dir: /workdir/out/ab1620dm_evk/hid_dongle_ref_design_m20/mcuboot/CMakeFiles/CMakeTmp

Run Build Command(s):/usr/local/bin/ninja cmTC_4d760 && [1/2] Building C object CMakeFiles/cmTC_4d760.dir/src.c.obj
[2/2] Linking C executable cmTC_4d760


Source file was:
int main(void) { return 0; }
Performing C SOURCE FILE Test check_C__nostartfiles__nostdlib__isystem___opt_toolchains_zephyr_sdk_0_16_9_arm_zephyr_eabi_bin____lib_gcc_arm_zephyr_eabi_12_2_0_include___isystem___opt_toolchains_zephyr_sdk_0_16_9_arm_zephyr_eabi_bin____lib_gcc_arm_zephyr_eabi_12_2_0_include_fixed___Wl___unresolved_symbols_ignore_in_object_files__Wl___entry_0__Wl___sort_common_descending succeeded with the following output:
Change Dir: /workdir/out/ab1620dm_evk/hid_dongle_ref_design_m20/mcuboot/CMakeFiles/CMakeTmp

Run Build Command(s):/usr/local/bin/ninja cmTC_725de && [1/2] Building C object CMakeFiles/cmTC_725de.dir/src.c.obj
[2/2] Linking C executable cmTC_725de


Source file was:
int main(void) { return 0; }
Performing C SOURCE FILE Test check_C__nostartfiles__nostdlib__isystem___opt_toolchains_zephyr_sdk_0_16_9_arm_zephyr_eabi_bin____lib_gcc_arm_zephyr_eabi_12_2_0_include___isystem___opt_toolchains_zephyr_sdk_0_16_9_arm_zephyr_eabi_bin____lib_gcc_arm_zephyr_eabi_12_2_0_include_fixed___Wl___unresolved_symbols_ignore_in_object_files__Wl___entry_0__Wl___sort_section_alignment succeeded with the following output:
Change Dir: /workdir/out/ab1620dm_evk/hid_dongle_ref_design_m20/mcuboot/CMakeFiles/CMakeTmp

Run Build Command(s):/usr/local/bin/ninja cmTC_7dc1c && [1/2] Building C object CMakeFiles/cmTC_7dc1c.dir/src.c.obj
[2/2] Linking C executable cmTC_7dc1c


Source file was:
int main(void) { return 0; }
Performing C SOURCE FILE Test check_C__nostartfiles__nostdlib__isystem___opt_toolchains_zephyr_sdk_0_16_9_arm_zephyr_eabi_bin____lib_gcc_arm_zephyr_eabi_12_2_0_include___isystem___opt_toolchains_zephyr_sdk_0_16_9_arm_zephyr_eabi_bin____lib_gcc_arm_zephyr_eabi_12_2_0_include_fixed___Wl___unresolved_symbols_ignore_in_object_files__Wl___entry_0__nostdlib succeeded with the following output:
Change Dir: /workdir/out/ab1620dm_evk/hid_dongle_ref_design_m20/mcuboot/CMakeFiles/CMakeTmp

Run Build Command(s):/usr/local/bin/ninja cmTC_659ab && [1/2] Building C object CMakeFiles/cmTC_659ab.dir/src.c.obj
[2/2] Linking C executable cmTC_659ab


Source file was:
int main(void) { return 0; }
Performing C SOURCE FILE Test check_C__nostartfiles__nostdlib__isystem___opt_toolchains_zephyr_sdk_0_16_9_arm_zephyr_eabi_bin____lib_gcc_arm_zephyr_eabi_12_2_0_include___isystem___opt_toolchains_zephyr_sdk_0_16_9_arm_zephyr_eabi_bin____lib_gcc_arm_zephyr_eabi_12_2_0_include_fixed___Wl___unresolved_symbols_ignore_in_object_files__Wl___entry_0__static succeeded with the following output:
Change Dir: /workdir/out/ab1620dm_evk/hid_dongle_ref_design_m20/mcuboot/CMakeFiles/CMakeTmp

Run Build Command(s):/usr/local/bin/ninja cmTC_1b966 && [1/2] Building C object CMakeFiles/cmTC_1b966.dir/src.c.obj
[2/2] Linking C executable cmTC_1b966


Source file was:
int main(void) { return 0; }
Performing C SOURCE FILE Test check_C__nostartfiles__nostdlib__isystem___opt_toolchains_zephyr_sdk_0_16_9_arm_zephyr_eabi_bin____lib_gcc_arm_zephyr_eabi_12_2_0_include___isystem___opt_toolchains_zephyr_sdk_0_16_9_arm_zephyr_eabi_bin____lib_gcc_arm_zephyr_eabi_12_2_0_include_fixed___Wl___unresolved_symbols_ignore_in_object_files__Wl___entry_0__Wl__X succeeded with the following output:
Change Dir: /workdir/out/ab1620dm_evk/hid_dongle_ref_design_m20/mcuboot/CMakeFiles/CMakeTmp

Run Build Command(s):/usr/local/bin/ninja cmTC_76cf9 && [1/2] Building C object CMakeFiles/cmTC_76cf9.dir/src.c.obj
[2/2] Linking C executable cmTC_76cf9


Source file was:
int main(void) { return 0; }
Performing C SOURCE FILE Test check_C__nostartfiles__nostdlib__isystem___opt_toolchains_zephyr_sdk_0_16_9_arm_zephyr_eabi_bin____lib_gcc_arm_zephyr_eabi_12_2_0_include___isystem___opt_toolchains_zephyr_sdk_0_16_9_arm_zephyr_eabi_bin____lib_gcc_arm_zephyr_eabi_12_2_0_include_fixed___Wl___unresolved_symbols_ignore_in_object_files__Wl___entry_0__Wl__N succeeded with the following output:
Change Dir: /workdir/out/ab1620dm_evk/hid_dongle_ref_design_m20/mcuboot/CMakeFiles/CMakeTmp

Run Build Command(s):/usr/local/bin/ninja cmTC_b8a96 && [1/2] Building C object CMakeFiles/cmTC_b8a96.dir/src.c.obj
[2/2] Linking C executable cmTC_b8a96


Source file was:
int main(void) { return 0; }
Performing C SOURCE FILE Test check_C__nostartfiles__nostdlib__isystem___opt_toolchains_zephyr_sdk_0_16_9_arm_zephyr_eabi_bin____lib_gcc_arm_zephyr_eabi_12_2_0_include___isystem___opt_toolchains_zephyr_sdk_0_16_9_arm_zephyr_eabi_bin____lib_gcc_arm_zephyr_eabi_12_2_0_include_fixed___Wl___unresolved_symbols_ignore_in_object_files__Wl___entry_0__Wl___orphan_handling_error succeeded with the following output:
Change Dir: /workdir/out/ab1620dm_evk/hid_dongle_ref_design_m20/mcuboot/CMakeFiles/CMakeTmp

Run Build Command(s):/usr/local/bin/ninja cmTC_f7549 && [1/2] Building C object CMakeFiles/cmTC_f7549.dir/src.c.obj
[2/2] Linking C executable cmTC_f7549


Source file was:
int main(void) { return 0; }
Performing C SOURCE FILE Test check_fno_asynchronous_unwind_tables_C__nostartfiles__nostdlib__isystem___opt_toolchains_zephyr_sdk_0_16_9_arm_zephyr_eabi_bin____lib_gcc_arm_zephyr_eabi_12_2_0_include___isystem___opt_toolchains_zephyr_sdk_0_16_9_arm_zephyr_eabi_bin____lib_gcc_arm_zephyr_eabi_12_2_0_include_fixed___Wl___unresolved_symbols_ignore_in_object_files__Wl___entry_0 succeeded with the following output:
Change Dir: /workdir/out/ab1620dm_evk/hid_dongle_ref_design_m20/mcuboot/CMakeFiles/CMakeTmp

Run Build Command(s):/usr/local/bin/ninja cmTC_d0f54 && [1/2] Building C object CMakeFiles/cmTC_d0f54.dir/src.c.obj
[2/2] Linking C executable cmTC_d0f54


Source file was:
int main(void) { return 0; }
Performing C++ SOURCE FILE Test check_fno_asynchronous_unwind_tables_CXX__nostartfiles__nostdlib__isystem___opt_toolchains_zephyr_sdk_0_16_9_arm_zephyr_eabi_bin____lib_gcc_arm_zephyr_eabi_12_2_0_include___isystem___opt_toolchains_zephyr_sdk_0_16_9_arm_zephyr_eabi_bin____lib_gcc_arm_zephyr_eabi_12_2_0_include_fixed___Wl___unresolved_symbols_ignore_in_object_files__Wl___entry_0 succeeded with the following output:
Change Dir: /workdir/out/ab1620dm_evk/hid_dongle_ref_design_m20/mcuboot/CMakeFiles/CMakeTmp

Run Build Command(s):/usr/local/bin/ninja cmTC_2e178 && [1/2] Building CXX object CMakeFiles/cmTC_2e178.dir/src.cxx.obj
[2/2] Linking CXX executable cmTC_2e178


Source file was:
int main() { return 0; }
Performing C SOURCE FILE Test check_ftls_model_local_exec_C__nostartfiles__nostdlib__isystem___opt_toolchains_zephyr_sdk_0_16_9_arm_zephyr_eabi_bin____lib_gcc_arm_zephyr_eabi_12_2_0_include___isystem___opt_toolchains_zephyr_sdk_0_16_9_arm_zephyr_eabi_bin____lib_gcc_arm_zephyr_eabi_12_2_0_include_fixed___Wl___unresolved_symbols_ignore_in_object_files__Wl___entry_0 succeeded with the following output:
Change Dir: /workdir/out/ab1620dm_evk/hid_dongle_ref_design_m20/mcuboot/CMakeFiles/CMakeTmp

Run Build Command(s):/usr/local/bin/ninja cmTC_be747 && [1/2] Building C object CMakeFiles/cmTC_be747.dir/src.c.obj
[2/2] Linking C executable cmTC_be747


Source file was:
int main(void) { return 0; }
Performing C++ SOURCE FILE Test check_ftls_model_local_exec_CXX__nostartfiles__nostdlib__isystem___opt_toolchains_zephyr_sdk_0_16_9_arm_zephyr_eabi_bin____lib_gcc_arm_zephyr_eabi_12_2_0_include___isystem___opt_toolchains_zephyr_sdk_0_16_9_arm_zephyr_eabi_bin____lib_gcc_arm_zephyr_eabi_12_2_0_include_fixed___Wl___unresolved_symbols_ignore_in_object_files__Wl___entry_0 succeeded with the following output:
Change Dir: /workdir/out/ab1620dm_evk/hid_dongle_ref_design_m20/mcuboot/CMakeFiles/CMakeTmp

Run Build Command(s):/usr/local/bin/ninja cmTC_bded5 && [1/2] Building CXX object CMakeFiles/cmTC_bded5.dir/src.cxx.obj
[2/2] Linking CXX executable cmTC_bded5


Source file was:
int main() { return 0; }
Performing C SOURCE FILE Test check_fno_reorder_functions_C__nostartfiles__nostdlib__isystem___opt_toolchains_zephyr_sdk_0_16_9_arm_zephyr_eabi_bin____lib_gcc_arm_zephyr_eabi_12_2_0_include___isystem___opt_toolchains_zephyr_sdk_0_16_9_arm_zephyr_eabi_bin____lib_gcc_arm_zephyr_eabi_12_2_0_include_fixed___Wl___unresolved_symbols_ignore_in_object_files__Wl___entry_0 succeeded with the following output:
Change Dir: /workdir/out/ab1620dm_evk/hid_dongle_ref_design_m20/mcuboot/CMakeFiles/CMakeTmp

Run Build Command(s):/usr/local/bin/ninja cmTC_09e9e && [1/2] Building C object CMakeFiles/cmTC_09e9e.dir/src.c.obj
[2/2] Linking C executable cmTC_09e9e


Source file was:
int main(void) { return 0; }
Performing C++ SOURCE FILE Test check_fno_reorder_functions_CXX__nostartfiles__nostdlib__isystem___opt_toolchains_zephyr_sdk_0_16_9_arm_zephyr_eabi_bin____lib_gcc_arm_zephyr_eabi_12_2_0_include___isystem___opt_toolchains_zephyr_sdk_0_16_9_arm_zephyr_eabi_bin____lib_gcc_arm_zephyr_eabi_12_2_0_include_fixed___Wl___unresolved_symbols_ignore_in_object_files__Wl___entry_0 succeeded with the following output:
Change Dir: /workdir/out/ab1620dm_evk/hid_dongle_ref_design_m20/mcuboot/CMakeFiles/CMakeTmp

Run Build Command(s):/usr/local/bin/ninja cmTC_45e95 && [1/2] Building CXX object CMakeFiles/cmTC_45e95.dir/src.cxx.obj
[2/2] Linking CXX executable cmTC_45e95


Source file was:
int main() { return 0; }
Performing C SOURCE FILE Test check__param_min_pagesize_0_C__nostartfiles__nostdlib__isystem___opt_toolchains_zephyr_sdk_0_16_9_arm_zephyr_eabi_bin____lib_gcc_arm_zephyr_eabi_12_2_0_include___isystem___opt_toolchains_zephyr_sdk_0_16_9_arm_zephyr_eabi_bin____lib_gcc_arm_zephyr_eabi_12_2_0_include_fixed___Wl___unresolved_symbols_ignore_in_object_files__Wl___entry_0 succeeded with the following output:
Change Dir: /workdir/out/ab1620dm_evk/hid_dongle_ref_design_m20/mcuboot/CMakeFiles/CMakeTmp

Run Build Command(s):/usr/local/bin/ninja cmTC_83dcd && [1/2] Building C object CMakeFiles/cmTC_83dcd.dir/src.c.obj
[2/2] Linking C executable cmTC_83dcd


Source file was:
int main(void) { return 0; }
Performing C++ SOURCE FILE Test check__param_min_pagesize_0_CXX__nostartfiles__nostdlib__isystem___opt_toolchains_zephyr_sdk_0_16_9_arm_zephyr_eabi_bin____lib_gcc_arm_zephyr_eabi_12_2_0_include___isystem___opt_toolchains_zephyr_sdk_0_16_9_arm_zephyr_eabi_bin____lib_gcc_arm_zephyr_eabi_12_2_0_include_fixed___Wl___unresolved_symbols_ignore_in_object_files__Wl___entry_0 succeeded with the following output:
Change Dir: /workdir/out/ab1620dm_evk/hid_dongle_ref_design_m20/mcuboot/CMakeFiles/CMakeTmp

Run Build Command(s):/usr/local/bin/ninja cmTC_ea039 && [1/2] Building CXX object CMakeFiles/cmTC_ea039.dir/src.cxx.obj
[2/2] Linking CXX executable cmTC_ea039


Source file was:
int main() { return 0; }
Performing C SOURCE FILE Test check_fno_defer_pop_C__nostartfiles__nostdlib__isystem___opt_toolchains_zephyr_sdk_0_16_9_arm_zephyr_eabi_bin____lib_gcc_arm_zephyr_eabi_12_2_0_include___isystem___opt_toolchains_zephyr_sdk_0_16_9_arm_zephyr_eabi_bin____lib_gcc_arm_zephyr_eabi_12_2_0_include_fixed___Wl___unresolved_symbols_ignore_in_object_files__Wl___entry_0 succeeded with the following output:
Change Dir: /workdir/out/ab1620dm_evk/hid_dongle_ref_design_m20/mcuboot/CMakeFiles/CMakeTmp

Run Build Command(s):/usr/local/bin/ninja cmTC_5fe11 && [1/2] Building C object CMakeFiles/cmTC_5fe11.dir/src.c.obj
[2/2] Linking C executable cmTC_5fe11


Source file was:
int main(void) { return 0; }
Performing C++ SOURCE FILE Test check_fno_defer_pop_CXX__nostartfiles__nostdlib__isystem___opt_toolchains_zephyr_sdk_0_16_9_arm_zephyr_eabi_bin____lib_gcc_arm_zephyr_eabi_12_2_0_include___isystem___opt_toolchains_zephyr_sdk_0_16_9_arm_zephyr_eabi_bin____lib_gcc_arm_zephyr_eabi_12_2_0_include_fixed___Wl___unresolved_symbols_ignore_in_object_files__Wl___entry_0 succeeded with the following output:
Change Dir: /workdir/out/ab1620dm_evk/hid_dongle_ref_design_m20/mcuboot/CMakeFiles/CMakeTmp

Run Build Command(s):/usr/local/bin/ninja cmTC_5cce5 && [1/2] Building CXX object CMakeFiles/cmTC_5cce5.dir/src.cxx.obj
[2/2] Linking CXX executable cmTC_5cce5


Source file was:
int main() { return 0; }
Performing C SOURCE FILE Test check_fmacro_prefix_map__workdir_airoha_mcu_applications_mcuboot_boot_zephyr_CMAKE_SOURCE_DIR_C__nostartfiles__nostdlib__isystem___opt_toolchains_zephyr_sdk_0_16_9_arm_zephyr_eabi_bin____lib_gcc_arm_zephyr_eabi_12_2_0_include___isystem___opt_toolchains_zephyr_sdk_0_16_9_arm_zephyr_eabi_bin____lib_gcc_arm_zephyr_eabi_12_2_0_include_fixed___Wl___unresolved_symbols_ignore_in_object_files__Wl___entry_0 succeeded with the following output:
Change Dir: /workdir/out/ab1620dm_evk/hid_dongle_ref_design_m20/mcuboot/CMakeFiles/CMakeTmp

Run Build Command(s):/usr/local/bin/ninja cmTC_1f951 && [1/2] Building C object CMakeFiles/cmTC_1f951.dir/src.c.obj
[2/2] Linking C executable cmTC_1f951


Source file was:
int main(void) { return 0; }
Performing C++ SOURCE FILE Test check_fmacro_prefix_map__workdir_airoha_mcu_applications_mcuboot_boot_zephyr_CMAKE_SOURCE_DIR_CXX__nostartfiles__nostdlib__isystem___opt_toolchains_zephyr_sdk_0_16_9_arm_zephyr_eabi_bin____lib_gcc_arm_zephyr_eabi_12_2_0_include___isystem___opt_toolchains_zephyr_sdk_0_16_9_arm_zephyr_eabi_bin____lib_gcc_arm_zephyr_eabi_12_2_0_include_fixed___Wl___unresolved_symbols_ignore_in_object_files__Wl___entry_0 succeeded with the following output:
Change Dir: /workdir/out/ab1620dm_evk/hid_dongle_ref_design_m20/mcuboot/CMakeFiles/CMakeTmp

Run Build Command(s):/usr/local/bin/ninja cmTC_4b69f && [1/2] Building CXX object CMakeFiles/cmTC_4b69f.dir/src.cxx.obj
[2/2] Linking CXX executable cmTC_4b69f


Source file was:
int main() { return 0; }
Performing C SOURCE FILE Test check_fmacro_prefix_map__workdir_zephyr_ZEPHYR_BASE_C__nostartfiles__nostdlib__isystem___opt_toolchains_zephyr_sdk_0_16_9_arm_zephyr_eabi_bin____lib_gcc_arm_zephyr_eabi_12_2_0_include___isystem___opt_toolchains_zephyr_sdk_0_16_9_arm_zephyr_eabi_bin____lib_gcc_arm_zephyr_eabi_12_2_0_include_fixed___Wl___unresolved_symbols_ignore_in_object_files__Wl___entry_0 succeeded with the following output:
Change Dir: /workdir/out/ab1620dm_evk/hid_dongle_ref_design_m20/mcuboot/CMakeFiles/CMakeTmp

Run Build Command(s):/usr/local/bin/ninja cmTC_39970 && [1/2] Building C object CMakeFiles/cmTC_39970.dir/src.c.obj
[2/2] Linking C executable cmTC_39970


Source file was:
int main(void) { return 0; }
Performing C++ SOURCE FILE Test check_fmacro_prefix_map__workdir_zephyr_ZEPHYR_BASE_CXX__nostartfiles__nostdlib__isystem___opt_toolchains_zephyr_sdk_0_16_9_arm_zephyr_eabi_bin____lib_gcc_arm_zephyr_eabi_12_2_0_include___isystem___opt_toolchains_zephyr_sdk_0_16_9_arm_zephyr_eabi_bin____lib_gcc_arm_zephyr_eabi_12_2_0_include_fixed___Wl___unresolved_symbols_ignore_in_object_files__Wl___entry_0 succeeded with the following output:
Change Dir: /workdir/out/ab1620dm_evk/hid_dongle_ref_design_m20/mcuboot/CMakeFiles/CMakeTmp

Run Build Command(s):/usr/local/bin/ninja cmTC_9cd53 && [1/2] Building CXX object CMakeFiles/cmTC_9cd53.dir/src.cxx.obj
[2/2] Linking CXX executable cmTC_9cd53


Source file was:
int main() { return 0; }
Performing C SOURCE FILE Test check_fmacro_prefix_map__workdir_WEST_TOPDIR_C__nostartfiles__nostdlib__isystem___opt_toolchains_zephyr_sdk_0_16_9_arm_zephyr_eabi_bin____lib_gcc_arm_zephyr_eabi_12_2_0_include___isystem___opt_toolchains_zephyr_sdk_0_16_9_arm_zephyr_eabi_bin____lib_gcc_arm_zephyr_eabi_12_2_0_include_fixed___Wl___unresolved_symbols_ignore_in_object_files__Wl___entry_0 succeeded with the following output:
Change Dir: /workdir/out/ab1620dm_evk/hid_dongle_ref_design_m20/mcuboot/CMakeFiles/CMakeTmp

Run Build Command(s):/usr/local/bin/ninja cmTC_5ff4e && [1/2] Building C object CMakeFiles/cmTC_5ff4e.dir/src.c.obj
[2/2] Linking C executable cmTC_5ff4e


Source file was:
int main(void) { return 0; }
Performing C++ SOURCE FILE Test check_fmacro_prefix_map__workdir_WEST_TOPDIR_CXX__nostartfiles__nostdlib__isystem___opt_toolchains_zephyr_sdk_0_16_9_arm_zephyr_eabi_bin____lib_gcc_arm_zephyr_eabi_12_2_0_include___isystem___opt_toolchains_zephyr_sdk_0_16_9_arm_zephyr_eabi_bin____lib_gcc_arm_zephyr_eabi_12_2_0_include_fixed___Wl___unresolved_symbols_ignore_in_object_files__Wl___entry_0 succeeded with the following output:
Change Dir: /workdir/out/ab1620dm_evk/hid_dongle_ref_design_m20/mcuboot/CMakeFiles/CMakeTmp

Run Build Command(s):/usr/local/bin/ninja cmTC_04a82 && [1/2] Building CXX object CMakeFiles/cmTC_04a82.dir/src.cxx.obj
[2/2] Linking CXX executable cmTC_04a82


Source file was:
int main() { return 0; }
Performing C SOURCE FILE Test check_ffunction_sections_C__nostartfiles__nostdlib__isystem___opt_toolchains_zephyr_sdk_0_16_9_arm_zephyr_eabi_bin____lib_gcc_arm_zephyr_eabi_12_2_0_include___isystem___opt_toolchains_zephyr_sdk_0_16_9_arm_zephyr_eabi_bin____lib_gcc_arm_zephyr_eabi_12_2_0_include_fixed___Wl___unresolved_symbols_ignore_in_object_files__Wl___entry_0 succeeded with the following output:
Change Dir: /workdir/out/ab1620dm_evk/hid_dongle_ref_design_m20/mcuboot/CMakeFiles/CMakeTmp

Run Build Command(s):/usr/local/bin/ninja cmTC_bccb5 && [1/2] Building C object CMakeFiles/cmTC_bccb5.dir/src.c.obj
[2/2] Linking C executable cmTC_bccb5


Source file was:
int main(void) { return 0; }
Performing C++ SOURCE FILE Test check_ffunction_sections_CXX__nostartfiles__nostdlib__isystem___opt_toolchains_zephyr_sdk_0_16_9_arm_zephyr_eabi_bin____lib_gcc_arm_zephyr_eabi_12_2_0_include___isystem___opt_toolchains_zephyr_sdk_0_16_9_arm_zephyr_eabi_bin____lib_gcc_arm_zephyr_eabi_12_2_0_include_fixed___Wl___unresolved_symbols_ignore_in_object_files__Wl___entry_0 succeeded with the following output:
Change Dir: /workdir/out/ab1620dm_evk/hid_dongle_ref_design_m20/mcuboot/CMakeFiles/CMakeTmp

Run Build Command(s):/usr/local/bin/ninja cmTC_eaca9 && [1/2] Building CXX object CMakeFiles/cmTC_eaca9.dir/src.cxx.obj
[2/2] Linking CXX executable cmTC_eaca9


Source file was:
int main() { return 0; }
Performing C SOURCE FILE Test check_fdata_sections_C__nostartfiles__nostdlib__isystem___opt_toolchains_zephyr_sdk_0_16_9_arm_zephyr_eabi_bin____lib_gcc_arm_zephyr_eabi_12_2_0_include___isystem___opt_toolchains_zephyr_sdk_0_16_9_arm_zephyr_eabi_bin____lib_gcc_arm_zephyr_eabi_12_2_0_include_fixed___Wl___unresolved_symbols_ignore_in_object_files__Wl___entry_0 succeeded with the following output:
Change Dir: /workdir/out/ab1620dm_evk/hid_dongle_ref_design_m20/mcuboot/CMakeFiles/CMakeTmp

Run Build Command(s):/usr/local/bin/ninja cmTC_87a2d && [1/2] Building C object CMakeFiles/cmTC_87a2d.dir/src.c.obj
[2/2] Linking C executable cmTC_87a2d


Source file was:
int main(void) { return 0; }
Performing C++ SOURCE FILE Test check_fdata_sections_CXX__nostartfiles__nostdlib__isystem___opt_toolchains_zephyr_sdk_0_16_9_arm_zephyr_eabi_bin____lib_gcc_arm_zephyr_eabi_12_2_0_include___isystem___opt_toolchains_zephyr_sdk_0_16_9_arm_zephyr_eabi_bin____lib_gcc_arm_zephyr_eabi_12_2_0_include_fixed___Wl___unresolved_symbols_ignore_in_object_files__Wl___entry_0 succeeded with the following output:
Change Dir: /workdir/out/ab1620dm_evk/hid_dongle_ref_design_m20/mcuboot/CMakeFiles/CMakeTmp

Run Build Command(s):/usr/local/bin/ninja cmTC_fb08c && [1/2] Building CXX object CMakeFiles/cmTC_fb08c.dir/src.cxx.obj
[2/2] Linking CXX executable cmTC_fb08c


Source file was:
int main() { return 0; }
Performing C SOURCE FILE Test check_C__nostartfiles__nostdlib__isystem___opt_toolchains_zephyr_sdk_0_16_9_arm_zephyr_eabi_bin____lib_gcc_arm_zephyr_eabi_12_2_0_include___isystem___opt_toolchains_zephyr_sdk_0_16_9_arm_zephyr_eabi_bin____lib_gcc_arm_zephyr_eabi_12_2_0_include_fixed___Wl___unresolved_symbols_ignore_in_object_files__Wl___entry_0__Wl__wrap_printk succeeded with the following output:
Change Dir: /workdir/out/ab1620dm_evk/hid_dongle_ref_design_m20/mcuboot/CMakeFiles/CMakeTmp

Run Build Command(s):/usr/local/bin/ninja cmTC_f3ea4 && [1/2] Building C object CMakeFiles/cmTC_f3ea4.dir/src.c.obj
[2/2] Linking C executable cmTC_f3ea4


Source file was:
int main(void) { return 0; }
Performing C SOURCE FILE Test check_C__nostartfiles__nostdlib__isystem___opt_toolchains_zephyr_sdk_0_16_9_arm_zephyr_eabi_bin____lib_gcc_arm_zephyr_eabi_12_2_0_include___isystem___opt_toolchains_zephyr_sdk_0_16_9_arm_zephyr_eabi_bin____lib_gcc_arm_zephyr_eabi_12_2_0_include_fixed___Wl___unresolved_symbols_ignore_in_object_files__Wl___entry_0__Wl__wrap_memcpy__Wl__wrap_memset succeeded with the following output:
Change Dir: /workdir/out/ab1620dm_evk/hid_dongle_ref_design_m20/mcuboot/CMakeFiles/CMakeTmp

Run Build Command(s):/usr/local/bin/ninja cmTC_d40a1 && [1/2] Building C object CMakeFiles/cmTC_d40a1.dir/src.c.obj
[2/2] Linking C executable cmTC_d40a1


Source file was:
int main(void) { return 0; }
Performing C SOURCE FILE Test check_C__nostartfiles__nostdlib__isystem___opt_toolchains_zephyr_sdk_0_16_9_arm_zephyr_eabi_bin____lib_gcc_arm_zephyr_eabi_12_2_0_include___isystem___opt_toolchains_zephyr_sdk_0_16_9_arm_zephyr_eabi_bin____lib_gcc_arm_zephyr_eabi_12_2_0_include_fixed___Wl___unresolved_symbols_ignore_in_object_files__Wl___entry_0__Wl__wrap_malloc succeeded with the following output:
Change Dir: /workdir/out/ab1620dm_evk/hid_dongle_ref_design_m20/mcuboot/CMakeFiles/CMakeTmp

Run Build Command(s):/usr/local/bin/ninja cmTC_e1af6 && [1/2] Building C object CMakeFiles/cmTC_e1af6.dir/src.c.obj
[2/2] Linking C executable cmTC_e1af6


Source file was:
int main(void) { return 0; }
Performing C SOURCE FILE Test check_C__nostartfiles__nostdlib__isystem___opt_toolchains_zephyr_sdk_0_16_9_arm_zephyr_eabi_bin____lib_gcc_arm_zephyr_eabi_12_2_0_include___isystem___opt_toolchains_zephyr_sdk_0_16_9_arm_zephyr_eabi_bin____lib_gcc_arm_zephyr_eabi_12_2_0_include_fixed___Wl___unresolved_symbols_ignore_in_object_files__Wl___entry_0__Wl__wrap_aligned_alloc succeeded with the following output:
Change Dir: /workdir/out/ab1620dm_evk/hid_dongle_ref_design_m20/mcuboot/CMakeFiles/CMakeTmp

Run Build Command(s):/usr/local/bin/ninja cmTC_c1adb && [1/2] Building C object CMakeFiles/cmTC_c1adb.dir/src.c.obj
[2/2] Linking C executable cmTC_c1adb


Source file was:
int main(void) { return 0; }
Performing C SOURCE FILE Test check_C__nostartfiles__nostdlib__isystem___opt_toolchains_zephyr_sdk_0_16_9_arm_zephyr_eabi_bin____lib_gcc_arm_zephyr_eabi_12_2_0_include___isystem___opt_toolchains_zephyr_sdk_0_16_9_arm_zephyr_eabi_bin____lib_gcc_arm_zephyr_eabi_12_2_0_include_fixed___Wl___unresolved_symbols_ignore_in_object_files__Wl___entry_0__Wl__wrap_memalign succeeded with the following output:
Change Dir: /workdir/out/ab1620dm_evk/hid_dongle_ref_design_m20/mcuboot/CMakeFiles/CMakeTmp

Run Build Command(s):/usr/local/bin/ninja cmTC_3ad4b && [1/2] Building C object CMakeFiles/cmTC_3ad4b.dir/src.c.obj
[2/2] Linking C executable cmTC_3ad4b


Source file was:
int main(void) { return 0; }
Performing C SOURCE FILE Test check_C__nostartfiles__nostdlib__isystem___opt_toolchains_zephyr_sdk_0_16_9_arm_zephyr_eabi_bin____lib_gcc_arm_zephyr_eabi_12_2_0_include___isystem___opt_toolchains_zephyr_sdk_0_16_9_arm_zephyr_eabi_bin____lib_gcc_arm_zephyr_eabi_12_2_0_include_fixed___Wl___unresolved_symbols_ignore_in_object_files__Wl___entry_0__Wl__wrap_realloc succeeded with the following output:
Change Dir: /workdir/out/ab1620dm_evk/hid_dongle_ref_design_m20/mcuboot/CMakeFiles/CMakeTmp

Run Build Command(s):/usr/local/bin/ninja cmTC_dbc30 && [1/2] Building C object CMakeFiles/cmTC_dbc30.dir/src.c.obj
[2/2] Linking C executable cmTC_dbc30


Source file was:
int main(void) { return 0; }
Performing C SOURCE FILE Test check_C__nostartfiles__nostdlib__isystem___opt_toolchains_zephyr_sdk_0_16_9_arm_zephyr_eabi_bin____lib_gcc_arm_zephyr_eabi_12_2_0_include___isystem___opt_toolchains_zephyr_sdk_0_16_9_arm_zephyr_eabi_bin____lib_gcc_arm_zephyr_eabi_12_2_0_include_fixed___Wl___unresolved_symbols_ignore_in_object_files__Wl___entry_0__Wl__wrap_free succeeded with the following output:
Change Dir: /workdir/out/ab1620dm_evk/hid_dongle_ref_design_m20/mcuboot/CMakeFiles/CMakeTmp

Run Build Command(s):/usr/local/bin/ninja cmTC_8e7bb && [1/2] Building C object CMakeFiles/cmTC_8e7bb.dir/src.c.obj
[2/2] Linking C executable cmTC_8e7bb


Source file was:
int main(void) { return 0; }
Performing C SOURCE FILE Test check_C__nostartfiles__nostdlib__isystem___opt_toolchains_zephyr_sdk_0_16_9_arm_zephyr_eabi_bin____lib_gcc_arm_zephyr_eabi_12_2_0_include___isystem___opt_toolchains_zephyr_sdk_0_16_9_arm_zephyr_eabi_bin____lib_gcc_arm_zephyr_eabi_12_2_0_include_fixed___Wl___unresolved_symbols_ignore_in_object_files__Wl___entry_0__Wl__wrap_calloc succeeded with the following output:
Change Dir: /workdir/out/ab1620dm_evk/hid_dongle_ref_design_m20/mcuboot/CMakeFiles/CMakeTmp

Run Build Command(s):/usr/local/bin/ninja cmTC_0952a && [1/2] Building C object CMakeFiles/cmTC_0952a.dir/src.c.obj
[2/2] Linking C executable cmTC_0952a


Source file was:
int main(void) { return 0; }
Performing C SOURCE FILE Test check_C__nostartfiles__nostdlib__isystem___opt_toolchains_zephyr_sdk_0_16_9_arm_zephyr_eabi_bin____lib_gcc_arm_zephyr_eabi_12_2_0_include___isystem___opt_toolchains_zephyr_sdk_0_16_9_arm_zephyr_eabi_bin____lib_gcc_arm_zephyr_eabi_12_2_0_include_fixed___Wl___unresolved_symbols_ignore_in_object_files__Wl___entry_0__Wl__wrap_flash_area_foreach succeeded with the following output:
Change Dir: /workdir/out/ab1620dm_evk/hid_dongle_ref_design_m20/mcuboot/CMakeFiles/CMakeTmp

Run Build Command(s):/usr/local/bin/ninja cmTC_984ad && [1/2] Building C object CMakeFiles/cmTC_984ad.dir/src.c.obj
[2/2] Linking C executable cmTC_984ad


Source file was:
int main(void) { return 0; }
Performing C SOURCE FILE Test check_C__nostartfiles__nostdlib__isystem___opt_toolchains_zephyr_sdk_0_16_9_arm_zephyr_eabi_bin____lib_gcc_arm_zephyr_eabi_12_2_0_include___isystem___opt_toolchains_zephyr_sdk_0_16_9_arm_zephyr_eabi_bin____lib_gcc_arm_zephyr_eabi_12_2_0_include_fixed___Wl___unresolved_symbols_ignore_in_object_files__Wl___entry_0__Wl__wrap_flash_area_open succeeded with the following output:
Change Dir: /workdir/out/ab1620dm_evk/hid_dongle_ref_design_m20/mcuboot/CMakeFiles/CMakeTmp

Run Build Command(s):/usr/local/bin/ninja cmTC_ced0f && [1/2] Building C object CMakeFiles/cmTC_ced0f.dir/src.c.obj
[2/2] Linking C executable cmTC_ced0f


Source file was:
int main(void) { return 0; }
