The target system is: Generic - 3.7.1 - arm
The host system is: Linux - 6.6.114.1-microsoft-standard-WSL2 - x86_64
Compiling the C compiler identification source file "CMakeCCompilerId.c" succeeded.
Compiler: /opt/toolchains/zephyr-sdk-0.16.9/arm-zephyr-eabi/bin/arm-zephyr-eabi-gcc 
Build flags: 
Id flags: -c 

The output was:
0


Compilation of the C compiler identification source "CMakeCCompilerId.c" produced "CMakeCCompilerId.o"

The C compiler identification is GNU, found in "/workdir/out/ab1623m_evk/keychron_mouse_LM7/mcuboot/CMakeFiles/3.22.1/CompilerIdC/CMakeCCompilerId.o"

Compiling the CXX compiler identification source file "CMakeCXXCompilerId.cpp" succeeded.
Compiler: /opt/toolchains/zephyr-sdk-0.16.9/arm-zephyr-eabi/bin/arm-zephyr-eabi-g++ 
Build flags: 
Id flags: -c 

The output was:
0


Compilation of the CXX compiler identification source "CMakeCXXCompilerId.cpp" produced "CMakeCXXCompilerId.o"

The CXX compiler identification is GNU, found in "/workdir/out/ab1623m_evk/keychron_mouse_LM7/mcuboot/CMakeFiles/3.22.1/CompilerIdCXX/CMakeCXXCompilerId.o"

Checking whether the ASM compiler is GNU using "--version" matched "(GNU assembler)|(GCC)|(Free Software Foundation)":
arm-zephyr-eabi-gcc (Zephyr SDK 0.16.9) 12.2.0
Copyright (C) 2022 Free Software Foundation, Inc.
This is free software; see the source for copying conditions.  There is NO
warranty; not even for MERCHANTABILITY or FITNESS FOR A PARTICULAR PURPOSE.

Performing C SOURCE FILE Test check_C__nostartfiles__nostdlib__isystem___opt_toolchains_zephyr_sdk_0_16_9_arm_zephyr_eabi_bin____lib_gcc_arm_zephyr_eabi_12_2_0_include___isystem___opt_toolchains_zephyr_sdk_0_16_9_arm_zephyr_eabi_bin____lib_gcc_arm_zephyr_eabi_12_2_0_include_fixed___Wl___unresolved_symbols_ignore_in_object_files__Wl___entry_0 succeeded with the following output:
Change Dir: /workdir/out/ab1623m_evk/keychron_mouse_LM7/mcuboot/CMakeFiles/CMakeTmp

Run Build Command(s):/usr/local/bin/ninja cmTC_692a7 && [1/2] Building C object CMakeFiles/cmTC_692a7.dir/src.c.obj
[2/2] Linking C executable cmTC_692a7


Source file was:
int main(void) { return 0; }
Performing C SOURCE FILE Test check_C__nostartfiles__nostdlib__isystem___opt_toolchains_zephyr_sdk_0_16_9_arm_zephyr_eabi_bin____lib_gcc_arm_zephyr_eabi_12_2_0_include___isystem___opt_toolchains_zephyr_sdk_0_16_9_arm_zephyr_eabi_bin____lib_gcc_arm_zephyr_eabi_12_2_0_include_fixed___Wl___unresolved_symbols_ignore_in_object_files__Wl___entry_0_ succeeded with the following output:
Change Dir: /workdir/out/ab1623m_evk/keychron_mouse_LM7/mcuboot/CMakeFiles/CMakeTmp

Run Build Command(s):/usr/local/bin/ninja cmTC_9a95b && [1/2] Building C object CMakeFiles/cmTC_9a95b.dir/src.c.obj
[2/2] Linking C executable cmTC_9a95b


Source file was:
int main(void) { return 0; }
Performing C++ SOURCE FILE Test check_Wall_CXX__nostartfiles__nostdlib__isystem___opt_toolchains_zephyr_sdk_0_16_9_arm_zephyr_eabi_bin____lib_gcc_arm_zephyr_eabi_12_2_0_include___isystem___opt_toolchains_zephyr_sdk_0_16_9_arm_zephyr_eabi_bin____lib_gcc_arm_zephyr_eabi_12_2_0_include_fixed___Wl___unresolved_symbols_ignore_in_object_files__Wl___entry_0 succeeded with the following output:
Change Dir: /workdir/out/ab1623m_evk/keychron_mouse_LM7/mcuboot/CMakeFiles/CMakeTmp

Run Build Command(s):/usr/local/bin/ninja cmTC_47c9f && [1/2] Building CXX object CMakeFiles/cmTC_47c9f.dir/src.cxx.obj
[2/2] Linking CXX executable cmTC_47c9f


Source file was:
int main() { return 0; }
Performing C SOURCE FILE Test check_Wall_C__nostartfiles__nostdlib__isystem___opt_toolchains_zephyr_sdk_0_16_9_arm_zephyr_eabi_bin____lib_gcc_arm_zephyr_eabi_12_2_0_include___isystem___opt_toolchains_zephyr_sdk_0_16_9_arm_zephyr_eabi_bin____lib_gcc_arm_zephyr_eabi_12_2_0_include_fixed___Wl___unresolved_symbols_ignore_in_object_files__Wl___entry_0 succeeded with the following output:
Change Dir: /workdir/out/ab1623m_evk/keychron_mouse_LM7/mcuboot/CMakeFiles/CMakeTmp

Run Build Command(s):/usr/local/bin/ninja cmTC_ef53e && [1/2] Building C object CMakeFiles/cmTC_ef53e.dir/src.c.obj
[2/2] Linking C executable cmTC_ef53e


Source file was:
int main(void) { return 0; }
Performing C++ SOURCE FILE Test check_Wformat__Wformat_security_CXX__nostartfiles__nostdlib__isystem___opt_toolchains_zephyr_sdk_0_16_9_arm_zephyr_eabi_bin____lib_gcc_arm_zephyr_eabi_12_2_0_include___isystem___opt_toolchains_zephyr_sdk_0_16_9_arm_zephyr_eabi_bin____lib_gcc_arm_zephyr_eabi_12_2_0_include_fixed___Wl___unresolved_symbols_ignore_in_object_files__Wl___entry_0 succeeded with the following output:
Change Dir: /workdir/out/ab1623m_evk/keychron_mouse_LM7/mcuboot/CMakeFiles/CMakeTmp

Run Build Command(s):/usr/local/bin/ninja cmTC_f40db && [1/2] Building CXX object CMakeFiles/cmTC_f40db.dir/src.cxx.obj
[2/2] Linking CXX executable cmTC_f40db


Source file was:
int main() { return 0; }
Performing C SOURCE FILE Test check_Wformat__Wformat_security_C__nostartfiles__nostdlib__isystem___opt_toolchains_zephyr_sdk_0_16_9_arm_zephyr_eabi_bin____lib_gcc_arm_zephyr_eabi_12_2_0_include___isystem___opt_toolchains_zephyr_sdk_0_16_9_arm_zephyr_eabi_bin____lib_gcc_arm_zephyr_eabi_12_2_0_include_fixed___Wl___unresolved_symbols_ignore_in_object_files__Wl___entry_0 succeeded with the following output:
Change Dir: /workdir/out/ab1623m_evk/keychron_mouse_LM7/mcuboot/CMakeFiles/CMakeTmp

Run Build Command(s):/usr/local/bin/ninja cmTC_069b6 && [1/2] Building C object CMakeFiles/cmTC_069b6.dir/src.c.obj
[2/2] Linking C executable cmTC_069b6


Source file was:
int main(void) { return 0; }
Performing C++ SOURCE FILE Test check_Wformat__Wformat_zero_length_CXX__nostartfiles__nostdlib__isystem___opt_toolchains_zephyr_sdk_0_16_9_arm_zephyr_eabi_bin____lib_gcc_arm_zephyr_eabi_12_2_0_include___isystem___opt_toolchains_zephyr_sdk_0_16_9_arm_zephyr_eabi_bin____lib_gcc_arm_zephyr_eabi_12_2_0_include_fixed___Wl___unresolved_symbols_ignore_in_object_files__Wl___entry_0 succeeded with the following output:
Change Dir: /workdir/out/ab1623m_evk/keychron_mouse_LM7/mcuboot/CMakeFiles/CMakeTmp

Run Build Command(s):/usr/local/bin/ninja cmTC_e1b12 && [1/2] Building CXX object CMakeFiles/cmTC_e1b12.dir/src.cxx.obj
[2/2] Linking CXX executable cmTC_e1b12


Source file was:
int main() { return 0; }
Performing C SOURCE FILE Test check_Wformat__Wformat_zero_length_C__nostartfiles__nostdlib__isystem___opt_toolchains_zephyr_sdk_0_16_9_arm_zephyr_eabi_bin____lib_gcc_arm_zephyr_eabi_12_2_0_include___isystem___opt_toolchains_zephyr_sdk_0_16_9_arm_zephyr_eabi_bin____lib_gcc_arm_zephyr_eabi_12_2_0_include_fixed___Wl___unresolved_symbols_ignore_in_object_files__Wl___entry_0 succeeded with the following output:
Change Dir: /workdir/out/ab1623m_evk/keychron_mouse_LM7/mcuboot/CMakeFiles/CMakeTmp

Run Build Command(s):/usr/local/bin/ninja cmTC_d517e && [1/2] Building C object CMakeFiles/cmTC_d517e.dir/src.c.obj
[2/2] Linking C executable cmTC_d517e


Source file was:
int main(void) { return 0; }
Performing C++ SOURCE FILE Test check_Wdouble_promotion_CXX__nostartfiles__nostdlib__isystem___opt_toolchains_zephyr_sdk_0_16_9_arm_zephyr_eabi_bin____lib_gcc_arm_zephyr_eabi_12_2_0_include___isystem___opt_toolchains_zephyr_sdk_0_16_9_arm_zephyr_eabi_bin____lib_gcc_arm_zephyr_eabi_12_2_0_include_fixed___Wl___unresolved_symbols_ignore_in_object_files__Wl___entry_0 succeeded with the following output:
Change Dir: /workdir/out/ab1623m_evk/keychron_mouse_LM7/mcuboot/CMakeFiles/CMakeTmp

Run Build Command(s):/usr/local/bin/ninja cmTC_224ed && [1/2] Building CXX object CMakeFiles/cmTC_224ed.dir/src.cxx.obj
[2/2] Linking CXX executable cmTC_224ed


Source file was:
int main() { return 0; }
Performing C SOURCE FILE Test check_Wdouble_promotion_C__nostartfiles__nostdlib__isystem___opt_toolchains_zephyr_sdk_0_16_9_arm_zephyr_eabi_bin____lib_gcc_arm_zephyr_eabi_12_2_0_include___isystem___opt_toolchains_zephyr_sdk_0_16_9_arm_zephyr_eabi_bin____lib_gcc_arm_zephyr_eabi_12_2_0_include_fixed___Wl___unresolved_symbols_ignore_in_object_files__Wl___entry_0 succeeded with the following output:
Change Dir: /workdir/out/ab1623m_evk/keychron_mouse_LM7/mcuboot/CMakeFiles/CMakeTmp

Run Build Command(s):/usr/local/bin/ninja cmTC_c4132 && [1/2] Building C object CMakeFiles/cmTC_c4132.dir/src.c.obj
[2/2] Linking C executable cmTC_c4132


Source file was:
int main(void) { return 0; }
Performing C SOURCE FILE Test check_Wpointer_sign_C__nostartfiles__nostdlib__isystem___opt_toolchains_zephyr_sdk_0_16_9_arm_zephyr_eabi_bin____lib_gcc_arm_zephyr_eabi_12_2_0_include___isystem___opt_toolchains_zephyr_sdk_0_16_9_arm_zephyr_eabi_bin____lib_gcc_arm_zephyr_eabi_12_2_0_include_fixed___Wl___unresolved_symbols_ignore_in_object_files__Wl___entry_0 succeeded with the following output:
Change Dir: /workdir/out/ab1623m_evk/keychron_mouse_LM7/mcuboot/CMakeFiles/CMakeTmp

Run Build Command(s):/usr/local/bin/ninja cmTC_22d66 && [1/2] Building C object CMakeFiles/cmTC_22d66.dir/src.c.obj
[2/2] Linking C executable cmTC_22d66


Source file was:
int main(void) { return 0; }
Performing C++ SOURCE FILE Test check_Wpointer_arith_CXX__nostartfiles__nostdlib__isystem___opt_toolchains_zephyr_sdk_0_16_9_arm_zephyr_eabi_bin____lib_gcc_arm_zephyr_eabi_12_2_0_include___isystem___opt_toolchains_zephyr_sdk_0_16_9_arm_zephyr_eabi_bin____lib_gcc_arm_zephyr_eabi_12_2_0_include_fixed___Wl___unresolved_symbols_ignore_in_object_files__Wl___entry_0 succeeded with the following output:
Change Dir: /workdir/out/ab1623m_evk/keychron_mouse_LM7/mcuboot/CMakeFiles/CMakeTmp

Run Build Command(s):/usr/local/bin/ninja cmTC_e68cb && [1/2] Building CXX object CMakeFiles/cmTC_e68cb.dir/src.cxx.obj
[2/2] Linking CXX executable cmTC_e68cb


Source file was:
int main() { return 0; }
Performing C SOURCE FILE Test check_Wpointer_arith_C__nostartfiles__nostdlib__isystem___opt_toolchains_zephyr_sdk_0_16_9_arm_zephyr_eabi_bin____lib_gcc_arm_zephyr_eabi_12_2_0_include___isystem___opt_toolchains_zephyr_sdk_0_16_9_arm_zephyr_eabi_bin____lib_gcc_arm_zephyr_eabi_12_2_0_include_fixed___Wl___unresolved_symbols_ignore_in_object_files__Wl___entry_0 succeeded with the following output:
Change Dir: /workdir/out/ab1623m_evk/keychron_mouse_LM7/mcuboot/CMakeFiles/CMakeTmp

Run Build Command(s):/usr/local/bin/ninja cmTC_73a44 && [1/2] Building C object CMakeFiles/cmTC_73a44.dir/src.c.obj
[2/2] Linking C executable cmTC_73a44


Source file was:
int main(void) { return 0; }
Performing C++ SOURCE FILE Test check_Wexpansion_to_defined_CXX__nostartfiles__nostdlib__isystem___opt_toolchains_zephyr_sdk_0_16_9_arm_zephyr_eabi_bin____lib_gcc_arm_zephyr_eabi_12_2_0_include___isystem___opt_toolchains_zephyr_sdk_0_16_9_arm_zephyr_eabi_bin____lib_gcc_arm_zephyr_eabi_12_2_0_include_fixed___Wl___unresolved_symbols_ignore_in_object_files__Wl___entry_0 succeeded with the following output:
Change Dir: /workdir/out/ab1623m_evk/keychron_mouse_LM7/mcuboot/CMakeFiles/CMakeTmp

Run Build Command(s):/usr/local/bin/ninja cmTC_34e70 && [1/2] Building CXX object CMakeFiles/cmTC_34e70.dir/src.cxx.obj
[2/2] Linking CXX executable cmTC_34e70


Source file was:
int main() { return 0; }
Performing C SOURCE FILE Test check_Wexpansion_to_defined_C__nostartfiles__nostdlib__isystem___opt_toolchains_zephyr_sdk_0_16_9_arm_zephyr_eabi_bin____lib_gcc_arm_zephyr_eabi_12_2_0_include___isystem___opt_toolchains_zephyr_sdk_0_16_9_arm_zephyr_eabi_bin____lib_gcc_arm_zephyr_eabi_12_2_0_include_fixed___Wl___unresolved_symbols_ignore_in_object_files__Wl___entry_0 succeeded with the following output:
Change Dir: /workdir/out/ab1623m_evk/keychron_mouse_LM7/mcuboot/CMakeFiles/CMakeTmp

Run Build Command(s):/usr/local/bin/ninja cmTC_cf027 && [1/2] Building C object CMakeFiles/cmTC_cf027.dir/src.c.obj
[2/2] Linking C executable cmTC_cf027


Source file was:
int main(void) { return 0; }
Performing C++ SOURCE FILE Test check_Wlogical_op_CXX__nostartfiles__nostdlib__isystem___opt_toolchains_zephyr_sdk_0_16_9_arm_zephyr_eabi_bin____lib_gcc_arm_zephyr_eabi_12_2_0_include___isystem___opt_toolchains_zephyr_sdk_0_16_9_arm_zephyr_eabi_bin____lib_gcc_arm_zephyr_eabi_12_2_0_include_fixed___Wl___unresolved_symbols_ignore_in_object_files__Wl___entry_0 succeeded with the following output:
Change Dir: /workdir/out/ab1623m_evk/keychron_mouse_LM7/mcuboot/CMakeFiles/CMakeTmp

Run Build Command(s):/usr/local/bin/ninja cmTC_bb658 && [1/2] Building CXX object CMakeFiles/cmTC_bb658.dir/src.cxx.obj
[2/2] Linking CXX executable cmTC_bb658


Source file was:
int main() { return 0; }
Performing C SOURCE FILE Test check_Wlogical_op_C__nostartfiles__nostdlib__isystem___opt_toolchains_zephyr_sdk_0_16_9_arm_zephyr_eabi_bin____lib_gcc_arm_zephyr_eabi_12_2_0_include___isystem___opt_toolchains_zephyr_sdk_0_16_9_arm_zephyr_eabi_bin____lib_gcc_arm_zephyr_eabi_12_2_0_include_fixed___Wl___unresolved_symbols_ignore_in_object_files__Wl___entry_0 succeeded with the following output:
Change Dir: /workdir/out/ab1623m_evk/keychron_mouse_LM7/mcuboot/CMakeFiles/CMakeTmp

Run Build Command(s):/usr/local/bin/ninja cmTC_82e1f && [1/2] Building C object CMakeFiles/cmTC_82e1f.dir/src.c.obj
[2/2] Linking C executable cmTC_82e1f


Source file was:
int main(void) { return 0; }
Performing C++ SOURCE FILE Test check_Wmissing_field_initializers_CXX__nostartfiles__nostdlib__isystem___opt_toolchains_zephyr_sdk_0_16_9_arm_zephyr_eabi_bin____lib_gcc_arm_zephyr_eabi_12_2_0_include___isystem___opt_toolchains_zephyr_sdk_0_16_9_arm_zephyr_eabi_bin____lib_gcc_arm_zephyr_eabi_12_2_0_include_fixed___Wl___unresolved_symbols_ignore_in_object_files__Wl___entry_0 succeeded with the following output:
Change Dir: /workdir/out/ab1623m_evk/keychron_mouse_LM7/mcuboot/CMakeFiles/CMakeTmp

Run Build Command(s):/usr/local/bin/ninja cmTC_78172 && [1/2] Building CXX object CMakeFiles/cmTC_78172.dir/src.cxx.obj
[2/2] Linking CXX executable cmTC_78172


Source file was:
int main() { return 0; }
Performing C SOURCE FILE Test check_Wmissing_field_initializers_C__nostartfiles__nostdlib__isystem___opt_toolchains_zephyr_sdk_0_16_9_arm_zephyr_eabi_bin____lib_gcc_arm_zephyr_eabi_12_2_0_include___isystem___opt_toolchains_zephyr_sdk_0_16_9_arm_zephyr_eabi_bin____lib_gcc_arm_zephyr_eabi_12_2_0_include_fixed___Wl___unresolved_symbols_ignore_in_object_files__Wl___entry_0 succeeded with the following output:
Change Dir: /workdir/out/ab1623m_evk/keychron_mouse_LM7/mcuboot/CMakeFiles/CMakeTmp

Run Build Command(s):/usr/local/bin/ninja cmTC_e56cb && [1/2] Building C object CMakeFiles/cmTC_e56cb.dir/src.c.obj
[2/2] Linking C executable cmTC_e56cb


Source file was:
int main(void) { return 0; }
Performing C++ SOURCE FILE Test check_Wpacked_bitfield_compat_CXX__nostartfiles__nostdlib__isystem___opt_toolchains_zephyr_sdk_0_16_9_arm_zephyr_eabi_bin____lib_gcc_arm_zephyr_eabi_12_2_0_include___isystem___opt_toolchains_zephyr_sdk_0_16_9_arm_zephyr_eabi_bin____lib_gcc_arm_zephyr_eabi_12_2_0_include_fixed___Wl___unresolved_symbols_ignore_in_object_files__Wl___entry_0 succeeded with the following output:
Change Dir: /workdir/out/ab1623m_evk/keychron_mouse_LM7/mcuboot/CMakeFiles/CMakeTmp

Run Build Command(s):/usr/local/bin/ninja cmTC_375c6 && [1/2] Building CXX object CMakeFiles/cmTC_375c6.dir/src.cxx.obj
[2/2] Linking CXX executable cmTC_375c6


Source file was:
int main() { return 0; }
Performing C SOURCE FILE Test check_Wpacked_bitfield_compat_C__nostartfiles__nostdlib__isystem___opt_toolchains_zephyr_sdk_0_16_9_arm_zephyr_eabi_bin____lib_gcc_arm_zephyr_eabi_12_2_0_include___isystem___opt_toolchains_zephyr_sdk_0_16_9_arm_zephyr_eabi_bin____lib_gcc_arm_zephyr_eabi_12_2_0_include_fixed___Wl___unresolved_symbols_ignore_in_object_files__Wl___entry_0 succeeded with the following output:
Change Dir: /workdir/out/ab1623m_evk/keychron_mouse_LM7/mcuboot/CMakeFiles/CMakeTmp

Run Build Command(s):/usr/local/bin/ninja cmTC_57676 && [1/2] Building C object CMakeFiles/cmTC_57676.dir/src.c.obj
[2/2] Linking C executable cmTC_57676


Source file was:
int main(void) { return 0; }
Performing C++ SOURCE FILE Test check_Wvla_CXX__nostartfiles__nostdlib__isystem___opt_toolchains_zephyr_sdk_0_16_9_arm_zephyr_eabi_bin____lib_gcc_arm_zephyr_eabi_12_2_0_include___isystem___opt_toolchains_zephyr_sdk_0_16_9_arm_zephyr_eabi_bin____lib_gcc_arm_zephyr_eabi_12_2_0_include_fixed___Wl___unresolved_symbols_ignore_in_object_files__Wl___entry_0 succeeded with the following output:
Change Dir: /workdir/out/ab1623m_evk/keychron_mouse_LM7/mcuboot/CMakeFiles/CMakeTmp

Run Build Command(s):/usr/local/bin/ninja cmTC_ea94e && [1/2] Building CXX object CMakeFiles/cmTC_ea94e.dir/src.cxx.obj
[2/2] Linking CXX executable cmTC_ea94e


Source file was:
int main() { return 0; }
Performing C SOURCE FILE Test check_Wvla_C__nostartfiles__nostdlib__isystem___opt_toolchains_zephyr_sdk_0_16_9_arm_zephyr_eabi_bin____lib_gcc_arm_zephyr_eabi_12_2_0_include___isystem___opt_toolchains_zephyr_sdk_0_16_9_arm_zephyr_eabi_bin____lib_gcc_arm_zephyr_eabi_12_2_0_include_fixed___Wl___unresolved_symbols_ignore_in_object_files__Wl___entry_0 succeeded with the following output:
Change Dir: /workdir/out/ab1623m_evk/keychron_mouse_LM7/mcuboot/CMakeFiles/CMakeTmp

Run Build Command(s):/usr/local/bin/ninja cmTC_3c3ed && [1/2] Building C object CMakeFiles/cmTC_3c3ed.dir/src.c.obj
[2/2] Linking C executable cmTC_3c3ed


Source file was:
int main(void) { return 0; }
Performing C++ SOURCE FILE Test check_Wunused_but_set_variable_CXX__nostartfiles__nostdlib__isystem___opt_toolchains_zephyr_sdk_0_16_9_arm_zephyr_eabi_bin____lib_gcc_arm_zephyr_eabi_12_2_0_include___isystem___opt_toolchains_zephyr_sdk_0_16_9_arm_zephyr_eabi_bin____lib_gcc_arm_zephyr_eabi_12_2_0_include_fixed___Wl___unresolved_symbols_ignore_in_object_files__Wl___entry_0 succeeded with the following output:
Change Dir: /workdir/out/ab1623m_evk/keychron_mouse_LM7/mcuboot/CMakeFiles/CMakeTmp

Run Build Command(s):/usr/local/bin/ninja cmTC_7786a && [1/2] Building CXX object CMakeFiles/cmTC_7786a.dir/src.cxx.obj
[2/2] Linking CXX executable cmTC_7786a


Source file was:
int main() { return 0; }
Performing C SOURCE FILE Test check_Wunused_but_set_variable_C__nostartfiles__nostdlib__isystem___opt_toolchains_zephyr_sdk_0_16_9_arm_zephyr_eabi_bin____lib_gcc_arm_zephyr_eabi_12_2_0_include___isystem___opt_toolchains_zephyr_sdk_0_16_9_arm_zephyr_eabi_bin____lib_gcc_arm_zephyr_eabi_12_2_0_include_fixed___Wl___unresolved_symbols_ignore_in_object_files__Wl___entry_0 succeeded with the following output:
Change Dir: /workdir/out/ab1623m_evk/keychron_mouse_LM7/mcuboot/CMakeFiles/CMakeTmp

Run Build Command(s):/usr/local/bin/ninja cmTC_89e89 && [1/2] Building C object CMakeFiles/cmTC_89e89.dir/src.c.obj
[2/2] Linking C executable cmTC_89e89


Source file was:
int main(void) { return 0; }
Performing C SOURCE FILE Test check_Werror_implicit_int_C__nostartfiles__nostdlib__isystem___opt_toolchains_zephyr_sdk_0_16_9_arm_zephyr_eabi_bin____lib_gcc_arm_zephyr_eabi_12_2_0_include___isystem___opt_toolchains_zephyr_sdk_0_16_9_arm_zephyr_eabi_bin____lib_gcc_arm_zephyr_eabi_12_2_0_include_fixed___Wl___unresolved_symbols_ignore_in_object_files__Wl___entry_0 succeeded with the following output:
Change Dir: /workdir/out/ab1623m_evk/keychron_mouse_LM7/mcuboot/CMakeFiles/CMakeTmp

Run Build Command(s):/usr/local/bin/ninja cmTC_0e2a4 && [1/2] Building C object CMakeFiles/cmTC_0e2a4.dir/src.c.obj
[2/2] Linking C executable cmTC_0e2a4


Source file was:
int main(void) { return 0; }
Performing C++ SOURCE FILE Test check_mstack_protector_guard_global_CXX__nostartfiles__nostdlib__isystem___opt_toolchains_zephyr_sdk_0_16_9_arm_zephyr_eabi_bin____lib_gcc_arm_zephyr_eabi_12_2_0_include___isystem___opt_toolchains_zephyr_sdk_0_16_9_arm_zephyr_eabi_bin____lib_gcc_arm_zephyr_eabi_12_2_0_include_fixed___Wl___unresolved_symbols_ignore_in_object_files__Wl___entry_0 succeeded with the following output:
Change Dir: /workdir/out/ab1623m_evk/keychron_mouse_LM7/mcuboot/CMakeFiles/CMakeTmp

Run Build Command(s):/usr/local/bin/ninja cmTC_40f88 && [1/2] Building CXX object CMakeFiles/cmTC_40f88.dir/src.cxx.obj
[2/2] Linking CXX executable cmTC_40f88


Source file was:
int main() { return 0; }
Performing C SOURCE FILE Test check_mstack_protector_guard_global_C__nostartfiles__nostdlib__isystem___opt_toolchains_zephyr_sdk_0_16_9_arm_zephyr_eabi_bin____lib_gcc_arm_zephyr_eabi_12_2_0_include___isystem___opt_toolchains_zephyr_sdk_0_16_9_arm_zephyr_eabi_bin____lib_gcc_arm_zephyr_eabi_12_2_0_include_fixed___Wl___unresolved_symbols_ignore_in_object_files__Wl___entry_0 succeeded with the following output:
Change Dir: /workdir/out/ab1623m_evk/keychron_mouse_LM7/mcuboot/CMakeFiles/CMakeTmp

Run Build Command(s):/usr/local/bin/ninja cmTC_b90fd && [1/2] Building C object CMakeFiles/cmTC_b90fd.dir/src.c.obj
[2/2] Linking C executable cmTC_b90fd


Source file was:
int main(void) { return 0; }
Performing C++ SOURCE FILE Test check_fno_freestanding_CXX__nostartfiles__nostdlib__isystem___opt_toolchains_zephyr_sdk_0_16_9_arm_zephyr_eabi_bin____lib_gcc_arm_zephyr_eabi_12_2_0_include___isystem___opt_toolchains_zephyr_sdk_0_16_9_arm_zephyr_eabi_bin____lib_gcc_arm_zephyr_eabi_12_2_0_include_fixed___Wl___unresolved_symbols_ignore_in_object_files__Wl___entry_0 succeeded with the following output:
Change Dir: /workdir/out/ab1623m_evk/keychron_mouse_LM7/mcuboot/CMakeFiles/CMakeTmp

Run Build Command(s):/usr/local/bin/ninja cmTC_99779 && [1/2] Building CXX object CMakeFiles/cmTC_99779.dir/src.cxx.obj
[2/2] Linking CXX executable cmTC_99779


Source file was:
int main() { return 0; }
Performing C SOURCE FILE Test check_fno_freestanding_C__nostartfiles__nostdlib__isystem___opt_toolchains_zephyr_sdk_0_16_9_arm_zephyr_eabi_bin____lib_gcc_arm_zephyr_eabi_12_2_0_include___isystem___opt_toolchains_zephyr_sdk_0_16_9_arm_zephyr_eabi_bin____lib_gcc_arm_zephyr_eabi_12_2_0_include_fixed___Wl___unresolved_symbols_ignore_in_object_files__Wl___entry_0 succeeded with the following output:
Change Dir: /workdir/out/ab1623m_evk/keychron_mouse_LM7/mcuboot/CMakeFiles/CMakeTmp

Run Build Command(s):/usr/local/bin/ninja cmTC_b1183 && [1/2] Building C object CMakeFiles/cmTC_b1183.dir/src.c.obj
[2/2] Linking C executable cmTC_b1183


Source file was:
int main(void) { return 0; }
Performing C++ SOURCE FILE Test check_ffreestanding_CXX__nostartfiles__nostdlib__isystem___opt_toolchains_zephyr_sdk_0_16_9_arm_zephyr_eabi_bin____lib_gcc_arm_zephyr_eabi_12_2_0_include___isystem___opt_toolchains_zephyr_sdk_0_16_9_arm_zephyr_eabi_bin____lib_gcc_arm_zephyr_eabi_12_2_0_include_fixed___Wl___unresolved_symbols_ignore_in_object_files__Wl___entry_0 succeeded with the following output:
Change Dir: /workdir/out/ab1623m_evk/keychron_mouse_LM7/mcuboot/CMakeFiles/CMakeTmp

Run Build Command(s):/usr/local/bin/ninja cmTC_b5b18 && [1/2] Building CXX object CMakeFiles/cmTC_b5b18.dir/src.cxx.obj
[2/2] Linking CXX executable cmTC_b5b18


Source file was:
int main() { return 0; }
Performing C SOURCE FILE Test check_ffreestanding_C__nostartfiles__nostdlib__isystem___opt_toolchains_zephyr_sdk_0_16_9_arm_zephyr_eabi_bin____lib_gcc_arm_zephyr_eabi_12_2_0_include___isystem___opt_toolchains_zephyr_sdk_0_16_9_arm_zephyr_eabi_bin____lib_gcc_arm_zephyr_eabi_12_2_0_include_fixed___Wl___unresolved_symbols_ignore_in_object_files__Wl___entry_0 succeeded with the following output:
Change Dir: /workdir/out/ab1623m_evk/keychron_mouse_LM7/mcuboot/CMakeFiles/CMakeTmp

Run Build Command(s):/usr/local/bin/ninja cmTC_dd09d && [1/2] Building C object CMakeFiles/cmTC_dd09d.dir/src.c.obj
[2/2] Linking C executable cmTC_dd09d


Source file was:
int main(void) { return 0; }
Performing C++ SOURCE FILE Test check_gdwarf_4_CXX__nostartfiles__nostdlib__isystem___opt_toolchains_zephyr_sdk_0_16_9_arm_zephyr_eabi_bin____lib_gcc_arm_zephyr_eabi_12_2_0_include___isystem___opt_toolchains_zephyr_sdk_0_16_9_arm_zephyr_eabi_bin____lib_gcc_arm_zephyr_eabi_12_2_0_include_fixed___Wl___unresolved_symbols_ignore_in_object_files__Wl___entry_0 succeeded with the following output:
Change Dir: /workdir/out/ab1623m_evk/keychron_mouse_LM7/mcuboot/CMakeFiles/CMakeTmp

Run Build Command(s):/usr/local/bin/ninja cmTC_eb419 && [1/2] Building CXX object CMakeFiles/cmTC_eb419.dir/src.cxx.obj
[2/2] Linking CXX executable cmTC_eb419


Source file was:
int main() { return 0; }
Performing C SOURCE FILE Test check_gdwarf_4_C__nostartfiles__nostdlib__isystem___opt_toolchains_zephyr_sdk_0_16_9_arm_zephyr_eabi_bin____lib_gcc_arm_zephyr_eabi_12_2_0_include___isystem___opt_toolchains_zephyr_sdk_0_16_9_arm_zephyr_eabi_bin____lib_gcc_arm_zephyr_eabi_12_2_0_include_fixed___Wl___unresolved_symbols_ignore_in_object_files__Wl___entry_0 succeeded with the following output:
Change Dir: /workdir/out/ab1623m_evk/keychron_mouse_LM7/mcuboot/CMakeFiles/CMakeTmp

Run Build Command(s):/usr/local/bin/ninja cmTC_1e697 && [1/2] Building C object CMakeFiles/cmTC_1e697.dir/src.c.obj
[2/2] Linking C executable cmTC_1e697


Source file was:
int main(void) { return 0; }
Performing C SOURCE FILE Test check_C__nostartfiles__nostdlib__isystem___opt_toolchains_zephyr_sdk_0_16_9_arm_zephyr_eabi_bin____lib_gcc_arm_zephyr_eabi_12_2_0_include___isystem___opt_toolchains_zephyr_sdk_0_16_9_arm_zephyr_eabi_bin____lib_gcc_arm_zephyr_eabi_12_2_0_include_fixed___Wl___unresolved_symbols_ignore_in_object_files__Wl___entry_0__Wl___print_memory_usage succeeded with the following output:
Change Dir: /workdir/out/ab1623m_evk/keychron_mouse_LM7/mcuboot/CMakeFiles/CMakeTmp

Run Build Command(s):/usr/local/bin/ninja cmTC_c6636 && [1/2] Building C object CMakeFiles/cmTC_c6636.dir/src.c.obj
[2/2] Linking C executable cmTC_c6636
Memory region         Used Size  Region Size  %age Used


Source file was:
int main(void) { return 0; }
Performing C SOURCE FILE Test check_C__nostartfiles__nostdlib__isystem___opt_toolchains_zephyr_sdk_0_16_9_arm_zephyr_eabi_bin____lib_gcc_arm_zephyr_eabi_12_2_0_include___isystem___opt_toolchains_zephyr_sdk_0_16_9_arm_zephyr_eabi_bin____lib_gcc_arm_zephyr_eabi_12_2_0_include_fixed___Wl___unresolved_symbols_ignore_in_object_files__Wl___entry_0__pg succeeded with the following output:
Change Dir: /workdir/out/ab1623m_evk/keychron_mouse_LM7/mcuboot/CMakeFiles/CMakeTmp

Run Build Command(s):/usr/local/bin/ninja cmTC_b3765 && [1/2] Building C object CMakeFiles/cmTC_b3765.dir/src.c.obj
[2/2] Linking C executable cmTC_b3765


Source file was:
int main(void) { return 0; }
Performing C SOURCE FILE Test check_C__nostartfiles__nostdlib__isystem___opt_toolchains_zephyr_sdk_0_16_9_arm_zephyr_eabi_bin____lib_gcc_arm_zephyr_eabi_12_2_0_include___isystem___opt_toolchains_zephyr_sdk_0_16_9_arm_zephyr_eabi_bin____lib_gcc_arm_zephyr_eabi_12_2_0_include_fixed___Wl___unresolved_symbols_ignore_in_object_files__Wl___entry_0__mcpu_cortex_m33_nodsp__mthumb__mabi_aapcs__mfpu_fpv5_sp_d16__mfloat_abi_hard__mfp16_format_ieee__mtp_soft succeeded with the following output:
Change Dir: /workdir/out/ab1623m_evk/keychron_mouse_LM7/mcuboot/CMakeFiles/CMakeTmp

Run Build Command(s):/usr/local/bin/ninja cmTC_5c7a4 && [1/2] Building C object CMakeFiles/cmTC_5c7a4.dir/src.c.obj
[2/2] Linking C executable cmTC_5c7a4


Source file was:
int main(void) { return 0; }
Performing C SOURCE FILE Test check_C__nostartfiles__nostdlib__isystem___opt_toolchains_zephyr_sdk_0_16_9_arm_zephyr_eabi_bin____lib_gcc_arm_zephyr_eabi_12_2_0_include___isystem___opt_toolchains_zephyr_sdk_0_16_9_arm_zephyr_eabi_bin____lib_gcc_arm_zephyr_eabi_12_2_0_include_fixed___Wl___unresolved_symbols_ignore_in_object_files__Wl___entry_0__Wl___gc_sections succeeded with the following output:
Change Dir: /workdir/out/ab1623m_evk/keychron_mouse_LM7/mcuboot/CMakeFiles/CMakeTmp

Run Build Command(s):/usr/local/bin/ninja cmTC_acd92 && [1/2] Building C object CMakeFiles/cmTC_acd92.dir/src.c.obj
[2/2] Linking C executable cmTC_acd92


Source file was:
int main(void) { return 0; }
Performing C SOURCE FILE Test check_C__nostartfiles__nostdlib__isystem___opt_toolchains_zephyr_sdk_0_16_9_arm_zephyr_eabi_bin____lib_gcc_arm_zephyr_eabi_12_2_0_include___isystem___opt_toolchains_zephyr_sdk_0_16_9_arm_zephyr_eabi_bin____lib_gcc_arm_zephyr_eabi_12_2_0_include_fixed___Wl___unresolved_symbols_ignore_in_object_files__Wl___entry_0__Wl___build_id_none succeeded with the following output:
Change Dir: /workdir/out/ab1623m_evk/keychron_mouse_LM7/mcuboot/CMakeFiles/CMakeTmp

Run Build Command(s):/usr/local/bin/ninja cmTC_e5656 && [1/2] Building C object CMakeFiles/cmTC_e5656.dir/src.c.obj
[2/2] Linking C executable cmTC_e5656


Source file was:
int main(void) { return 0; }
Performing C SOURCE FILE Test check_C__nostartfiles__nostdlib__isystem___opt_toolchains_zephyr_sdk_0_16_9_arm_zephyr_eabi_bin____lib_gcc_arm_zephyr_eabi_12_2_0_include___isystem___opt_toolchains_zephyr_sdk_0_16_9_arm_zephyr_eabi_bin____lib_gcc_arm_zephyr_eabi_12_2_0_include_fixed___Wl___unresolved_symbols_ignore_in_object_files__Wl___entry_0__Wl___sort_common_descending succeeded with the following output:
Change Dir: /workdir/out/ab1623m_evk/keychron_mouse_LM7/mcuboot/CMakeFiles/CMakeTmp

Run Build Command(s):/usr/local/bin/ninja cmTC_8c42e && [1/2] Building C object CMakeFiles/cmTC_8c42e.dir/src.c.obj
[2/2] Linking C executable cmTC_8c42e


Source file was:
int main(void) { return 0; }
Performing C SOURCE FILE Test check_C__nostartfiles__nostdlib__isystem___opt_toolchains_zephyr_sdk_0_16_9_arm_zephyr_eabi_bin____lib_gcc_arm_zephyr_eabi_12_2_0_include___isystem___opt_toolchains_zephyr_sdk_0_16_9_arm_zephyr_eabi_bin____lib_gcc_arm_zephyr_eabi_12_2_0_include_fixed___Wl___unresolved_symbols_ignore_in_object_files__Wl___entry_0__Wl___sort_section_alignment succeeded with the following output:
Change Dir: /workdir/out/ab1623m_evk/keychron_mouse_LM7/mcuboot/CMakeFiles/CMakeTmp

Run Build Command(s):/usr/local/bin/ninja cmTC_a716e && [1/2] Building C object CMakeFiles/cmTC_a716e.dir/src.c.obj
[2/2] Linking C executable cmTC_a716e


Source file was:
int main(void) { return 0; }
Performing C SOURCE FILE Test check_C__nostartfiles__nostdlib__isystem___opt_toolchains_zephyr_sdk_0_16_9_arm_zephyr_eabi_bin____lib_gcc_arm_zephyr_eabi_12_2_0_include___isystem___opt_toolchains_zephyr_sdk_0_16_9_arm_zephyr_eabi_bin____lib_gcc_arm_zephyr_eabi_12_2_0_include_fixed___Wl___unresolved_symbols_ignore_in_object_files__Wl___entry_0__nostdlib succeeded with the following output:
Change Dir: /workdir/out/ab1623m_evk/keychron_mouse_LM7/mcuboot/CMakeFiles/CMakeTmp

Run Build Command(s):/usr/local/bin/ninja cmTC_087cd && [1/2] Building C object CMakeFiles/cmTC_087cd.dir/src.c.obj
[2/2] Linking C executable cmTC_087cd


Source file was:
int main(void) { return 0; }
Performing C SOURCE FILE Test check_C__nostartfiles__nostdlib__isystem___opt_toolchains_zephyr_sdk_0_16_9_arm_zephyr_eabi_bin____lib_gcc_arm_zephyr_eabi_12_2_0_include___isystem___opt_toolchains_zephyr_sdk_0_16_9_arm_zephyr_eabi_bin____lib_gcc_arm_zephyr_eabi_12_2_0_include_fixed___Wl___unresolved_symbols_ignore_in_object_files__Wl___entry_0__static succeeded with the following output:
Change Dir: /workdir/out/ab1623m_evk/keychron_mouse_LM7/mcuboot/CMakeFiles/CMakeTmp

Run Build Command(s):/usr/local/bin/ninja cmTC_68820 && [1/2] Building C object CMakeFiles/cmTC_68820.dir/src.c.obj
[2/2] Linking C executable cmTC_68820


Source file was:
int main(void) { return 0; }
Performing C SOURCE FILE Test check_C__nostartfiles__nostdlib__isystem___opt_toolchains_zephyr_sdk_0_16_9_arm_zephyr_eabi_bin____lib_gcc_arm_zephyr_eabi_12_2_0_include___isystem___opt_toolchains_zephyr_sdk_0_16_9_arm_zephyr_eabi_bin____lib_gcc_arm_zephyr_eabi_12_2_0_include_fixed___Wl___unresolved_symbols_ignore_in_object_files__Wl___entry_0__Wl__X succeeded with the following output:
Change Dir: /workdir/out/ab1623m_evk/keychron_mouse_LM7/mcuboot/CMakeFiles/CMakeTmp

Run Build Command(s):/usr/local/bin/ninja cmTC_4e7ee && [1/2] Building C object CMakeFiles/cmTC_4e7ee.dir/src.c.obj
[2/2] Linking C executable cmTC_4e7ee


Source file was:
int main(void) { return 0; }
Performing C SOURCE FILE Test check_C__nostartfiles__nostdlib__isystem___opt_toolchains_zephyr_sdk_0_16_9_arm_zephyr_eabi_bin____lib_gcc_arm_zephyr_eabi_12_2_0_include___isystem___opt_toolchains_zephyr_sdk_0_16_9_arm_zephyr_eabi_bin____lib_gcc_arm_zephyr_eabi_12_2_0_include_fixed___Wl___unresolved_symbols_ignore_in_object_files__Wl___entry_0__Wl__N succeeded with the following output:
Change Dir: /workdir/out/ab1623m_evk/keychron_mouse_LM7/mcuboot/CMakeFiles/CMakeTmp

Run Build Command(s):/usr/local/bin/ninja cmTC_e1636 && [1/2] Building C object CMakeFiles/cmTC_e1636.dir/src.c.obj
[2/2] Linking C executable cmTC_e1636


Source file was:
int main(void) { return 0; }
Performing C SOURCE FILE Test check_C__nostartfiles__nostdlib__isystem___opt_toolchains_zephyr_sdk_0_16_9_arm_zephyr_eabi_bin____lib_gcc_arm_zephyr_eabi_12_2_0_include___isystem___opt_toolchains_zephyr_sdk_0_16_9_arm_zephyr_eabi_bin____lib_gcc_arm_zephyr_eabi_12_2_0_include_fixed___Wl___unresolved_symbols_ignore_in_object_files__Wl___entry_0__Wl___orphan_handling_error succeeded with the following output:
Change Dir: /workdir/out/ab1623m_evk/keychron_mouse_LM7/mcuboot/CMakeFiles/CMakeTmp

Run Build Command(s):/usr/local/bin/ninja cmTC_42492 && [1/2] Building C object CMakeFiles/cmTC_42492.dir/src.c.obj
[2/2] Linking C executable cmTC_42492


Source file was:
int main(void) { return 0; }
Performing C SOURCE FILE Test check_fno_asynchronous_unwind_tables_C__nostartfiles__nostdlib__isystem___opt_toolchains_zephyr_sdk_0_16_9_arm_zephyr_eabi_bin____lib_gcc_arm_zephyr_eabi_12_2_0_include___isystem___opt_toolchains_zephyr_sdk_0_16_9_arm_zephyr_eabi_bin____lib_gcc_arm_zephyr_eabi_12_2_0_include_fixed___Wl___unresolved_symbols_ignore_in_object_files__Wl___entry_0 succeeded with the following output:
Change Dir: /workdir/out/ab1623m_evk/keychron_mouse_LM7/mcuboot/CMakeFiles/CMakeTmp

Run Build Command(s):/usr/local/bin/ninja cmTC_e358b && [1/2] Building C object CMakeFiles/cmTC_e358b.dir/src.c.obj
[2/2] Linking C executable cmTC_e358b


Source file was:
int main(void) { return 0; }
Performing C++ SOURCE FILE Test check_fno_asynchronous_unwind_tables_CXX__nostartfiles__nostdlib__isystem___opt_toolchains_zephyr_sdk_0_16_9_arm_zephyr_eabi_bin____lib_gcc_arm_zephyr_eabi_12_2_0_include___isystem___opt_toolchains_zephyr_sdk_0_16_9_arm_zephyr_eabi_bin____lib_gcc_arm_zephyr_eabi_12_2_0_include_fixed___Wl___unresolved_symbols_ignore_in_object_files__Wl___entry_0 succeeded with the following output:
Change Dir: /workdir/out/ab1623m_evk/keychron_mouse_LM7/mcuboot/CMakeFiles/CMakeTmp

Run Build Command(s):/usr/local/bin/ninja cmTC_6abd2 && [1/2] Building CXX object CMakeFiles/cmTC_6abd2.dir/src.cxx.obj
[2/2] Linking CXX executable cmTC_6abd2


Source file was:
int main() { return 0; }
Performing C SOURCE FILE Test check_ftls_model_local_exec_C__nostartfiles__nostdlib__isystem___opt_toolchains_zephyr_sdk_0_16_9_arm_zephyr_eabi_bin____lib_gcc_arm_zephyr_eabi_12_2_0_include___isystem___opt_toolchains_zephyr_sdk_0_16_9_arm_zephyr_eabi_bin____lib_gcc_arm_zephyr_eabi_12_2_0_include_fixed___Wl___unresolved_symbols_ignore_in_object_files__Wl___entry_0 succeeded with the following output:
Change Dir: /workdir/out/ab1623m_evk/keychron_mouse_LM7/mcuboot/CMakeFiles/CMakeTmp

Run Build Command(s):/usr/local/bin/ninja cmTC_b0e45 && [1/2] Building C object CMakeFiles/cmTC_b0e45.dir/src.c.obj
[2/2] Linking C executable cmTC_b0e45


Source file was:
int main(void) { return 0; }
Performing C++ SOURCE FILE Test check_ftls_model_local_exec_CXX__nostartfiles__nostdlib__isystem___opt_toolchains_zephyr_sdk_0_16_9_arm_zephyr_eabi_bin____lib_gcc_arm_zephyr_eabi_12_2_0_include___isystem___opt_toolchains_zephyr_sdk_0_16_9_arm_zephyr_eabi_bin____lib_gcc_arm_zephyr_eabi_12_2_0_include_fixed___Wl___unresolved_symbols_ignore_in_object_files__Wl___entry_0 succeeded with the following output:
Change Dir: /workdir/out/ab1623m_evk/keychron_mouse_LM7/mcuboot/CMakeFiles/CMakeTmp

Run Build Command(s):/usr/local/bin/ninja cmTC_6d099 && [1/2] Building CXX object CMakeFiles/cmTC_6d099.dir/src.cxx.obj
[2/2] Linking CXX executable cmTC_6d099


Source file was:
int main() { return 0; }
Performing C SOURCE FILE Test check_fno_reorder_functions_C__nostartfiles__nostdlib__isystem___opt_toolchains_zephyr_sdk_0_16_9_arm_zephyr_eabi_bin____lib_gcc_arm_zephyr_eabi_12_2_0_include___isystem___opt_toolchains_zephyr_sdk_0_16_9_arm_zephyr_eabi_bin____lib_gcc_arm_zephyr_eabi_12_2_0_include_fixed___Wl___unresolved_symbols_ignore_in_object_files__Wl___entry_0 succeeded with the following output:
Change Dir: /workdir/out/ab1623m_evk/keychron_mouse_LM7/mcuboot/CMakeFiles/CMakeTmp

Run Build Command(s):/usr/local/bin/ninja cmTC_98ae8 && [1/2] Building C object CMakeFiles/cmTC_98ae8.dir/src.c.obj
[2/2] Linking C executable cmTC_98ae8


Source file was:
int main(void) { return 0; }
Performing C++ SOURCE FILE Test check_fno_reorder_functions_CXX__nostartfiles__nostdlib__isystem___opt_toolchains_zephyr_sdk_0_16_9_arm_zephyr_eabi_bin____lib_gcc_arm_zephyr_eabi_12_2_0_include___isystem___opt_toolchains_zephyr_sdk_0_16_9_arm_zephyr_eabi_bin____lib_gcc_arm_zephyr_eabi_12_2_0_include_fixed___Wl___unresolved_symbols_ignore_in_object_files__Wl___entry_0 succeeded with the following output:
Change Dir: /workdir/out/ab1623m_evk/keychron_mouse_LM7/mcuboot/CMakeFiles/CMakeTmp

Run Build Command(s):/usr/local/bin/ninja cmTC_579d2 && [1/2] Building CXX object CMakeFiles/cmTC_579d2.dir/src.cxx.obj
[2/2] Linking CXX executable cmTC_579d2


Source file was:
int main() { return 0; }
Performing C SOURCE FILE Test check__param_min_pagesize_0_C__nostartfiles__nostdlib__isystem___opt_toolchains_zephyr_sdk_0_16_9_arm_zephyr_eabi_bin____lib_gcc_arm_zephyr_eabi_12_2_0_include___isystem___opt_toolchains_zephyr_sdk_0_16_9_arm_zephyr_eabi_bin____lib_gcc_arm_zephyr_eabi_12_2_0_include_fixed___Wl___unresolved_symbols_ignore_in_object_files__Wl___entry_0 succeeded with the following output:
Change Dir: /workdir/out/ab1623m_evk/keychron_mouse_LM7/mcuboot/CMakeFiles/CMakeTmp

Run Build Command(s):/usr/local/bin/ninja cmTC_879e8 && [1/2] Building C object CMakeFiles/cmTC_879e8.dir/src.c.obj
[2/2] Linking C executable cmTC_879e8


Source file was:
int main(void) { return 0; }
Performing C++ SOURCE FILE Test check__param_min_pagesize_0_CXX__nostartfiles__nostdlib__isystem___opt_toolchains_zephyr_sdk_0_16_9_arm_zephyr_eabi_bin____lib_gcc_arm_zephyr_eabi_12_2_0_include___isystem___opt_toolchains_zephyr_sdk_0_16_9_arm_zephyr_eabi_bin____lib_gcc_arm_zephyr_eabi_12_2_0_include_fixed___Wl___unresolved_symbols_ignore_in_object_files__Wl___entry_0 succeeded with the following output:
Change Dir: /workdir/out/ab1623m_evk/keychron_mouse_LM7/mcuboot/CMakeFiles/CMakeTmp

Run Build Command(s):/usr/local/bin/ninja cmTC_647e8 && [1/2] Building CXX object CMakeFiles/cmTC_647e8.dir/src.cxx.obj
[2/2] Linking CXX executable cmTC_647e8


Source file was:
int main() { return 0; }
Performing C SOURCE FILE Test check_fno_defer_pop_C__nostartfiles__nostdlib__isystem___opt_toolchains_zephyr_sdk_0_16_9_arm_zephyr_eabi_bin____lib_gcc_arm_zephyr_eabi_12_2_0_include___isystem___opt_toolchains_zephyr_sdk_0_16_9_arm_zephyr_eabi_bin____lib_gcc_arm_zephyr_eabi_12_2_0_include_fixed___Wl___unresolved_symbols_ignore_in_object_files__Wl___entry_0 succeeded with the following output:
Change Dir: /workdir/out/ab1623m_evk/keychron_mouse_LM7/mcuboot/CMakeFiles/CMakeTmp

Run Build Command(s):/usr/local/bin/ninja cmTC_a7e8c && [1/2] Building C object CMakeFiles/cmTC_a7e8c.dir/src.c.obj
[2/2] Linking C executable cmTC_a7e8c


Source file was:
int main(void) { return 0; }
Performing C++ SOURCE FILE Test check_fno_defer_pop_CXX__nostartfiles__nostdlib__isystem___opt_toolchains_zephyr_sdk_0_16_9_arm_zephyr_eabi_bin____lib_gcc_arm_zephyr_eabi_12_2_0_include___isystem___opt_toolchains_zephyr_sdk_0_16_9_arm_zephyr_eabi_bin____lib_gcc_arm_zephyr_eabi_12_2_0_include_fixed___Wl___unresolved_symbols_ignore_in_object_files__Wl___entry_0 succeeded with the following output:
Change Dir: /workdir/out/ab1623m_evk/keychron_mouse_LM7/mcuboot/CMakeFiles/CMakeTmp

Run Build Command(s):/usr/local/bin/ninja cmTC_149b0 && [1/2] Building CXX object CMakeFiles/cmTC_149b0.dir/src.cxx.obj
[2/2] Linking CXX executable cmTC_149b0


Source file was:
int main() { return 0; }
Performing C SOURCE FILE Test check_fmacro_prefix_map__workdir_airoha_mcu_applications_mcuboot_boot_zephyr_CMAKE_SOURCE_DIR_C__nostartfiles__nostdlib__isystem___opt_toolchains_zephyr_sdk_0_16_9_arm_zephyr_eabi_bin____lib_gcc_arm_zephyr_eabi_12_2_0_include___isystem___opt_toolchains_zephyr_sdk_0_16_9_arm_zephyr_eabi_bin____lib_gcc_arm_zephyr_eabi_12_2_0_include_fixed___Wl___unresolved_symbols_ignore_in_object_files__Wl___entry_0 succeeded with the following output:
Change Dir: /workdir/out/ab1623m_evk/keychron_mouse_LM7/mcuboot/CMakeFiles/CMakeTmp

Run Build Command(s):/usr/local/bin/ninja cmTC_3edea && [1/2] Building C object CMakeFiles/cmTC_3edea.dir/src.c.obj
[2/2] Linking C executable cmTC_3edea


Source file was:
int main(void) { return 0; }
Performing C++ SOURCE FILE Test check_fmacro_prefix_map__workdir_airoha_mcu_applications_mcuboot_boot_zephyr_CMAKE_SOURCE_DIR_CXX__nostartfiles__nostdlib__isystem___opt_toolchains_zephyr_sdk_0_16_9_arm_zephyr_eabi_bin____lib_gcc_arm_zephyr_eabi_12_2_0_include___isystem___opt_toolchains_zephyr_sdk_0_16_9_arm_zephyr_eabi_bin____lib_gcc_arm_zephyr_eabi_12_2_0_include_fixed___Wl___unresolved_symbols_ignore_in_object_files__Wl___entry_0 succeeded with the following output:
Change Dir: /workdir/out/ab1623m_evk/keychron_mouse_LM7/mcuboot/CMakeFiles/CMakeTmp

Run Build Command(s):/usr/local/bin/ninja cmTC_89087 && [1/2] Building CXX object CMakeFiles/cmTC_89087.dir/src.cxx.obj
[2/2] Linking CXX executable cmTC_89087


Source file was:
int main() { return 0; }
Performing C SOURCE FILE Test check_fmacro_prefix_map__workdir_zephyr_ZEPHYR_BASE_C__nostartfiles__nostdlib__isystem___opt_toolchains_zephyr_sdk_0_16_9_arm_zephyr_eabi_bin____lib_gcc_arm_zephyr_eabi_12_2_0_include___isystem___opt_toolchains_zephyr_sdk_0_16_9_arm_zephyr_eabi_bin____lib_gcc_arm_zephyr_eabi_12_2_0_include_fixed___Wl___unresolved_symbols_ignore_in_object_files__Wl___entry_0 succeeded with the following output:
Change Dir: /workdir/out/ab1623m_evk/keychron_mouse_LM7/mcuboot/CMakeFiles/CMakeTmp

Run Build Command(s):/usr/local/bin/ninja cmTC_757de && [1/2] Building C object CMakeFiles/cmTC_757de.dir/src.c.obj
[2/2] Linking C executable cmTC_757de


Source file was:
int main(void) { return 0; }
Performing C++ SOURCE FILE Test check_fmacro_prefix_map__workdir_zephyr_ZEPHYR_BASE_CXX__nostartfiles__nostdlib__isystem___opt_toolchains_zephyr_sdk_0_16_9_arm_zephyr_eabi_bin____lib_gcc_arm_zephyr_eabi_12_2_0_include___isystem___opt_toolchains_zephyr_sdk_0_16_9_arm_zephyr_eabi_bin____lib_gcc_arm_zephyr_eabi_12_2_0_include_fixed___Wl___unresolved_symbols_ignore_in_object_files__Wl___entry_0 succeeded with the following output:
Change Dir: /workdir/out/ab1623m_evk/keychron_mouse_LM7/mcuboot/CMakeFiles/CMakeTmp

Run Build Command(s):/usr/local/bin/ninja cmTC_47939 && [1/2] Building CXX object CMakeFiles/cmTC_47939.dir/src.cxx.obj
[2/2] Linking CXX executable cmTC_47939


Source file was:
int main() { return 0; }
Performing C SOURCE FILE Test check_fmacro_prefix_map__workdir_WEST_TOPDIR_C__nostartfiles__nostdlib__isystem___opt_toolchains_zephyr_sdk_0_16_9_arm_zephyr_eabi_bin____lib_gcc_arm_zephyr_eabi_12_2_0_include___isystem___opt_toolchains_zephyr_sdk_0_16_9_arm_zephyr_eabi_bin____lib_gcc_arm_zephyr_eabi_12_2_0_include_fixed___Wl___unresolved_symbols_ignore_in_object_files__Wl___entry_0 succeeded with the following output:
Change Dir: /workdir/out/ab1623m_evk/keychron_mouse_LM7/mcuboot/CMakeFiles/CMakeTmp

Run Build Command(s):/usr/local/bin/ninja cmTC_2e7ce && [1/2] Building C object CMakeFiles/cmTC_2e7ce.dir/src.c.obj
[2/2] Linking C executable cmTC_2e7ce


Source file was:
int main(void) { return 0; }
Performing C++ SOURCE FILE Test check_fmacro_prefix_map__workdir_WEST_TOPDIR_CXX__nostartfiles__nostdlib__isystem___opt_toolchains_zephyr_sdk_0_16_9_arm_zephyr_eabi_bin____lib_gcc_arm_zephyr_eabi_12_2_0_include___isystem___opt_toolchains_zephyr_sdk_0_16_9_arm_zephyr_eabi_bin____lib_gcc_arm_zephyr_eabi_12_2_0_include_fixed___Wl___unresolved_symbols_ignore_in_object_files__Wl___entry_0 succeeded with the following output:
Change Dir: /workdir/out/ab1623m_evk/keychron_mouse_LM7/mcuboot/CMakeFiles/CMakeTmp

Run Build Command(s):/usr/local/bin/ninja cmTC_fe608 && [1/2] Building CXX object CMakeFiles/cmTC_fe608.dir/src.cxx.obj
[2/2] Linking CXX executable cmTC_fe608


Source file was:
int main() { return 0; }
Performing C SOURCE FILE Test check_ffunction_sections_C__nostartfiles__nostdlib__isystem___opt_toolchains_zephyr_sdk_0_16_9_arm_zephyr_eabi_bin____lib_gcc_arm_zephyr_eabi_12_2_0_include___isystem___opt_toolchains_zephyr_sdk_0_16_9_arm_zephyr_eabi_bin____lib_gcc_arm_zephyr_eabi_12_2_0_include_fixed___Wl___unresolved_symbols_ignore_in_object_files__Wl___entry_0 succeeded with the following output:
Change Dir: /workdir/out/ab1623m_evk/keychron_mouse_LM7/mcuboot/CMakeFiles/CMakeTmp

Run Build Command(s):/usr/local/bin/ninja cmTC_60c91 && [1/2] Building C object CMakeFiles/cmTC_60c91.dir/src.c.obj
[2/2] Linking C executable cmTC_60c91


Source file was:
int main(void) { return 0; }
Performing C++ SOURCE FILE Test check_ffunction_sections_CXX__nostartfiles__nostdlib__isystem___opt_toolchains_zephyr_sdk_0_16_9_arm_zephyr_eabi_bin____lib_gcc_arm_zephyr_eabi_12_2_0_include___isystem___opt_toolchains_zephyr_sdk_0_16_9_arm_zephyr_eabi_bin____lib_gcc_arm_zephyr_eabi_12_2_0_include_fixed___Wl___unresolved_symbols_ignore_in_object_files__Wl___entry_0 succeeded with the following output:
Change Dir: /workdir/out/ab1623m_evk/keychron_mouse_LM7/mcuboot/CMakeFiles/CMakeTmp

Run Build Command(s):/usr/local/bin/ninja cmTC_59c11 && [1/2] Building CXX object CMakeFiles/cmTC_59c11.dir/src.cxx.obj
[2/2] Linking CXX executable cmTC_59c11


Source file was:
int main() { return 0; }
Performing C SOURCE FILE Test check_fdata_sections_C__nostartfiles__nostdlib__isystem___opt_toolchains_zephyr_sdk_0_16_9_arm_zephyr_eabi_bin____lib_gcc_arm_zephyr_eabi_12_2_0_include___isystem___opt_toolchains_zephyr_sdk_0_16_9_arm_zephyr_eabi_bin____lib_gcc_arm_zephyr_eabi_12_2_0_include_fixed___Wl___unresolved_symbols_ignore_in_object_files__Wl___entry_0 succeeded with the following output:
Change Dir: /workdir/out/ab1623m_evk/keychron_mouse_LM7/mcuboot/CMakeFiles/CMakeTmp

Run Build Command(s):/usr/local/bin/ninja cmTC_a7c6f && [1/2] Building C object CMakeFiles/cmTC_a7c6f.dir/src.c.obj
[2/2] Linking C executable cmTC_a7c6f


Source file was:
int main(void) { return 0; }
Performing C++ SOURCE FILE Test check_fdata_sections_CXX__nostartfiles__nostdlib__isystem___opt_toolchains_zephyr_sdk_0_16_9_arm_zephyr_eabi_bin____lib_gcc_arm_zephyr_eabi_12_2_0_include___isystem___opt_toolchains_zephyr_sdk_0_16_9_arm_zephyr_eabi_bin____lib_gcc_arm_zephyr_eabi_12_2_0_include_fixed___Wl___unresolved_symbols_ignore_in_object_files__Wl___entry_0 succeeded with the following output:
Change Dir: /workdir/out/ab1623m_evk/keychron_mouse_LM7/mcuboot/CMakeFiles/CMakeTmp

Run Build Command(s):/usr/local/bin/ninja cmTC_e46e5 && [1/2] Building CXX object CMakeFiles/cmTC_e46e5.dir/src.cxx.obj
[2/2] Linking CXX executable cmTC_e46e5


Source file was:
int main() { return 0; }
Performing C SOURCE FILE Test check_C__nostartfiles__nostdlib__isystem___opt_toolchains_zephyr_sdk_0_16_9_arm_zephyr_eabi_bin____lib_gcc_arm_zephyr_eabi_12_2_0_include___isystem___opt_toolchains_zephyr_sdk_0_16_9_arm_zephyr_eabi_bin____lib_gcc_arm_zephyr_eabi_12_2_0_include_fixed___Wl___unresolved_symbols_ignore_in_object_files__Wl___entry_0__Wl__wrap_printk succeeded with the following output:
Change Dir: /workdir/out/ab1623m_evk/keychron_mouse_LM7/mcuboot/CMakeFiles/CMakeTmp

Run Build Command(s):/usr/local/bin/ninja cmTC_fd911 && [1/2] Building C object CMakeFiles/cmTC_fd911.dir/src.c.obj
[2/2] Linking C executable cmTC_fd911


Source file was:
int main(void) { return 0; }
Performing C SOURCE FILE Test check_C__nostartfiles__nostdlib__isystem___opt_toolchains_zephyr_sdk_0_16_9_arm_zephyr_eabi_bin____lib_gcc_arm_zephyr_eabi_12_2_0_include___isystem___opt_toolchains_zephyr_sdk_0_16_9_arm_zephyr_eabi_bin____lib_gcc_arm_zephyr_eabi_12_2_0_include_fixed___Wl___unresolved_symbols_ignore_in_object_files__Wl___entry_0__Wl__wrap_memcpy__Wl__wrap_memset succeeded with the following output:
Change Dir: /workdir/out/ab1623m_evk/keychron_mouse_LM7/mcuboot/CMakeFiles/CMakeTmp

Run Build Command(s):/usr/local/bin/ninja cmTC_d318b && [1/2] Building C object CMakeFiles/cmTC_d318b.dir/src.c.obj
[2/2] Linking C executable cmTC_d318b


Source file was:
int main(void) { return 0; }
Performing C SOURCE FILE Test check_C__nostartfiles__nostdlib__isystem___opt_toolchains_zephyr_sdk_0_16_9_arm_zephyr_eabi_bin____lib_gcc_arm_zephyr_eabi_12_2_0_include___isystem___opt_toolchains_zephyr_sdk_0_16_9_arm_zephyr_eabi_bin____lib_gcc_arm_zephyr_eabi_12_2_0_include_fixed___Wl___unresolved_symbols_ignore_in_object_files__Wl___entry_0__Wl__wrap_malloc succeeded with the following output:
Change Dir: /workdir/out/ab1623m_evk/keychron_mouse_LM7/mcuboot/CMakeFiles/CMakeTmp

Run Build Command(s):/usr/local/bin/ninja cmTC_95171 && [1/2] Building C object CMakeFiles/cmTC_95171.dir/src.c.obj
[2/2] Linking C executable cmTC_95171


Source file was:
int main(void) { return 0; }
Performing C SOURCE FILE Test check_C__nostartfiles__nostdlib__isystem___opt_toolchains_zephyr_sdk_0_16_9_arm_zephyr_eabi_bin____lib_gcc_arm_zephyr_eabi_12_2_0_include___isystem___opt_toolchains_zephyr_sdk_0_16_9_arm_zephyr_eabi_bin____lib_gcc_arm_zephyr_eabi_12_2_0_include_fixed___Wl___unresolved_symbols_ignore_in_object_files__Wl___entry_0__Wl__wrap_aligned_alloc succeeded with the following output:
Change Dir: /workdir/out/ab1623m_evk/keychron_mouse_LM7/mcuboot/CMakeFiles/CMakeTmp

Run Build Command(s):/usr/local/bin/ninja cmTC_6e080 && [1/2] Building C object CMakeFiles/cmTC_6e080.dir/src.c.obj
[2/2] Linking C executable cmTC_6e080


Source file was:
int main(void) { return 0; }
Performing C SOURCE FILE Test check_C__nostartfiles__nostdlib__isystem___opt_toolchains_zephyr_sdk_0_16_9_arm_zephyr_eabi_bin____lib_gcc_arm_zephyr_eabi_12_2_0_include___isystem___opt_toolchains_zephyr_sdk_0_16_9_arm_zephyr_eabi_bin____lib_gcc_arm_zephyr_eabi_12_2_0_include_fixed___Wl___unresolved_symbols_ignore_in_object_files__Wl___entry_0__Wl__wrap_memalign succeeded with the following output:
Change Dir: /workdir/out/ab1623m_evk/keychron_mouse_LM7/mcuboot/CMakeFiles/CMakeTmp

Run Build Command(s):/usr/local/bin/ninja cmTC_b163d && [1/2] Building C object CMakeFiles/cmTC_b163d.dir/src.c.obj
[2/2] Linking C executable cmTC_b163d


Source file was:
int main(void) { return 0; }
Performing C SOURCE FILE Test check_C__nostartfiles__nostdlib__isystem___opt_toolchains_zephyr_sdk_0_16_9_arm_zephyr_eabi_bin____lib_gcc_arm_zephyr_eabi_12_2_0_include___isystem___opt_toolchains_zephyr_sdk_0_16_9_arm_zephyr_eabi_bin____lib_gcc_arm_zephyr_eabi_12_2_0_include_fixed___Wl___unresolved_symbols_ignore_in_object_files__Wl___entry_0__Wl__wrap_realloc succeeded with the following output:
Change Dir: /workdir/out/ab1623m_evk/keychron_mouse_LM7/mcuboot/CMakeFiles/CMakeTmp

Run Build Command(s):/usr/local/bin/ninja cmTC_186ac && [1/2] Building C object CMakeFiles/cmTC_186ac.dir/src.c.obj
[2/2] Linking C executable cmTC_186ac


Source file was:
int main(void) { return 0; }
Performing C SOURCE FILE Test check_C__nostartfiles__nostdlib__isystem___opt_toolchains_zephyr_sdk_0_16_9_arm_zephyr_eabi_bin____lib_gcc_arm_zephyr_eabi_12_2_0_include___isystem___opt_toolchains_zephyr_sdk_0_16_9_arm_zephyr_eabi_bin____lib_gcc_arm_zephyr_eabi_12_2_0_include_fixed___Wl___unresolved_symbols_ignore_in_object_files__Wl___entry_0__Wl__wrap_free succeeded with the following output:
Change Dir: /workdir/out/ab1623m_evk/keychron_mouse_LM7/mcuboot/CMakeFiles/CMakeTmp

Run Build Command(s):/usr/local/bin/ninja cmTC_5836c && [1/2] Building C object CMakeFiles/cmTC_5836c.dir/src.c.obj
[2/2] Linking C executable cmTC_5836c


Source file was:
int main(void) { return 0; }
Performing C SOURCE FILE Test check_C__nostartfiles__nostdlib__isystem___opt_toolchains_zephyr_sdk_0_16_9_arm_zephyr_eabi_bin____lib_gcc_arm_zephyr_eabi_12_2_0_include___isystem___opt_toolchains_zephyr_sdk_0_16_9_arm_zephyr_eabi_bin____lib_gcc_arm_zephyr_eabi_12_2_0_include_fixed___Wl___unresolved_symbols_ignore_in_object_files__Wl___entry_0__Wl__wrap_calloc succeeded with the following output:
Change Dir: /workdir/out/ab1623m_evk/keychron_mouse_LM7/mcuboot/CMakeFiles/CMakeTmp

Run Build Command(s):/usr/local/bin/ninja cmTC_97c2f && [1/2] Building C object CMakeFiles/cmTC_97c2f.dir/src.c.obj
[2/2] Linking C executable cmTC_97c2f


Source file was:
int main(void) { return 0; }
Performing C SOURCE FILE Test check_C__nostartfiles__nostdlib__isystem___opt_toolchains_zephyr_sdk_0_16_9_arm_zephyr_eabi_bin____lib_gcc_arm_zephyr_eabi_12_2_0_include___isystem___opt_toolchains_zephyr_sdk_0_16_9_arm_zephyr_eabi_bin____lib_gcc_arm_zephyr_eabi_12_2_0_include_fixed___Wl___unresolved_symbols_ignore_in_object_files__Wl___entry_0__Wl__wrap_flash_area_foreach succeeded with the following output:
Change Dir: /workdir/out/ab1623m_evk/keychron_mouse_LM7/mcuboot/CMakeFiles/CMakeTmp

Run Build Command(s):/usr/local/bin/ninja cmTC_2d176 && [1/2] Building C object CMakeFiles/cmTC_2d176.dir/src.c.obj
[2/2] Linking C executable cmTC_2d176


Source file was:
int main(void) { return 0; }
Performing C SOURCE FILE Test check_C__nostartfiles__nostdlib__isystem___opt_toolchains_zephyr_sdk_0_16_9_arm_zephyr_eabi_bin____lib_gcc_arm_zephyr_eabi_12_2_0_include___isystem___opt_toolchains_zephyr_sdk_0_16_9_arm_zephyr_eabi_bin____lib_gcc_arm_zephyr_eabi_12_2_0_include_fixed___Wl___unresolved_symbols_ignore_in_object_files__Wl___entry_0__Wl__wrap_flash_area_open succeeded with the following output:
Change Dir: /workdir/out/ab1623m_evk/keychron_mouse_LM7/mcuboot/CMakeFiles/CMakeTmp

Run Build Command(s):/usr/local/bin/ninja cmTC_e3b02 && [1/2] Building C object CMakeFiles/cmTC_e3b02.dir/src.c.obj
[2/2] Linking C executable cmTC_e3b02


Source file was:
int main(void) { return 0; }
