Archive member included to satisfy reference by file (symbol)

app/libapp.a(main.c.obj)      (--whole-archive)
app/libapp.a(io.c.obj)        (--whole-archive)
app/libapp.a(flash_map_extended.c.obj)
                              (--whole-archive)
app/libapp.a(os.c.obj)        (--whole-archive)
app/libapp.a(keys.c.obj)      (--whole-archive)
app/libapp.a(image_validate.c.obj)
                              (--whole-archive)
app/libapp.a(tlv.c.obj)       (--whole-archive)
app/libapp.a(encrypted.c.obj)
                              (--whole-archive)
app/libapp.a(image_rsa.c.obj)
                              (--whole-archive)
app/libapp.a(image_ecdsa.c.obj)
                              (--whole-archive)
app/libapp.a(image_ed25519.c.obj)
                              (--whole-archive)
app/libapp.a(bootutil_misc.c.obj)
                              (--whole-archive)
app/libapp.a(fault_injection_hardening.c.obj)
                              (--whole-archive)
app/libapp.a(loader.c.obj)    (--whole-archive)
app/libapp.a(swap_misc.c.obj)
                              (--whole-archive)
app/libapp.a(swap_scratch.c.obj)
                              (--whole-archive)
app/libapp.a(swap_move.c.obj)
                              (--whole-archive)
app/libapp.a(caps.c.obj)      (--whole-archive)
app/libapp.a(sha256.c.obj)    (--whole-archive)
app/libapp.a(utils.c.obj)     (--whole-archive)
app/libapp.a(autogen-pubkey.c.obj)
                              (--whole-archive)
app/libapp.a(arm_cleanup.c.obj)
                              (--whole-archive)
zephyr/libzephyr.a(cpp_dtors.c.obj)
                              (--whole-archive)
zephyr/libzephyr.a(cpp_virtual.c.obj)
                              (--whole-archive)
zephyr/libzephyr.a(cpp_vtable.cpp.obj)
                              (--whole-archive)
zephyr/libzephyr.a(cpp_new.cpp.obj)
                              (--whole-archive)
zephyr/libzephyr.a(heap.c.obj)
                              (--whole-archive)
zephyr/libzephyr.a(heap_stats.c.obj)
                              (--whole-archive)
zephyr/libzephyr.a(cbprintf_packaged.c.obj)
                              (--whole-archive)
zephyr/libzephyr.a(printk.c.obj)
                              (--whole-archive)
zephyr/libzephyr.a(sem.c.obj)
                              (--whole-archive)
zephyr/libzephyr.a(thread_entry.c.obj)
                              (--whole-archive)
zephyr/libzephyr.a(cbprintf_complete.c.obj)
                              (--whole-archive)
zephyr/libzephyr.a(cbprintf.c.obj)
                              (--whole-archive)
zephyr/libzephyr.a(assert.c.obj)
                              (--whole-archive)
zephyr/libzephyr.a(dec.c.obj)
                              (--whole-archive)
zephyr/libzephyr.a(hex.c.obj)
                              (--whole-archive)
zephyr/libzephyr.a(rb.c.obj)  (--whole-archive)
zephyr/libzephyr.a(timeutil.c.obj)
                              (--whole-archive)
zephyr/libzephyr.a(bitarray.c.obj)
                              (--whole-archive)
zephyr/libzephyr.a(ring_buffer.c.obj)
                              (--whole-archive)
zephyr/libzephyr.a(configs.c.obj)
                              (--whole-archive)
zephyr/libzephyr.a(flash_map.c.obj)
                              (--whole-archive)
zephyr/libzephyr.a(flash_map_layout.c.obj)
                              (--whole-archive)
zephyr/libzephyr.a(tracing_user.c.obj)
                              (--whole-archive)
zephyr/libzephyr.a(flash_util.c.obj)
                              (--whole-archive)
zephyr/libzephyr.a(banner.c.obj)
                              (--whole-archive)
zephyr/arch/arch/arm/core/libarch__arm__core.a(fatal.c.obj)
                              (--whole-archive)
zephyr/arch/arch/arm/core/libarch__arm__core.a(nmi.c.obj)
                              (--whole-archive)
zephyr/arch/arch/arm/core/libarch__arm__core.a(nmi_on_reset.S.obj)
                              (--whole-archive)
zephyr/arch/arch/arm/core/libarch__arm__core.a(__aeabi_atexit.c.obj)
                              (--whole-archive)
zephyr/arch/arch/arm/core/libarch__arm__core.a(tls.c.obj)
                              (--whole-archive)
zephyr/arch/arch/arm/core/cortex_m/libarch__arm__core__cortex_m.a(exc_exit.c.obj)
                              (--whole-archive)
zephyr/arch/arch/arm/core/cortex_m/libarch__arm__core__cortex_m.a(fault.c.obj)
                              (--whole-archive)
zephyr/arch/arch/arm/core/cortex_m/libarch__arm__core__cortex_m.a(fault_s.S.obj)
                              (--whole-archive)
zephyr/arch/arch/arm/core/cortex_m/libarch__arm__core__cortex_m.a(fpu.c.obj)
                              (--whole-archive)
zephyr/arch/arch/arm/core/cortex_m/libarch__arm__core__cortex_m.a(reset.S.obj)
                              (--whole-archive)
zephyr/arch/arch/arm/core/cortex_m/libarch__arm__core__cortex_m.a(scb.c.obj)
                              (--whole-archive)
[...]
Memory Configuration

Name             Origin             Length             Attributes
SRAM             0x0000000004000000 0x0000000000060000 xrw
SRAM_BT          0x0000000004060000 0x0000000000004000 xrw
ROM_LOG_STRING   0x0000000006000000 0x0000000002000000 rw
IDT_LIST         0x00000000fffff7ff 0x0000000000000800 xw
*default*        0x0000000000000000 0xffffffffffffffff

Linker script and memory map

LOAD zephyr/CMakeFiles/zephyr_pre0.dir/misc/empty_file.c.obj
LOAD zephyr/CMakeFiles/offsets.dir/./arch/arm/core/offsets/offsets.c.obj
LOAD app/libapp.a
LOAD zephyr/libzephyr.a
LOAD zephyr/arch/arch/arm/core/libarch__arm__core.a
LOAD zephyr/arch/arch/arm/core/cortex_m/libarch__arm__core__cortex_m.a
LOAD zephyr/arch/arch/arm/core/cortex_m/cmse/libarch__arm__core__cortex_m__cmse.a
LOAD zephyr/lib/libc/newlib/liblib__libc__newlib.a
LOAD zephyr/lib/libc/common/liblib__libc__common.a
LOAD zephyr/soc/soc/ab162x/ab162x/lib..__airoha__mcu__soc__airoha__ab162x.a
LOAD zephyr/soc/soc/ab162x/common/lib..__airoha__mcu__soc__airoha__common.a
LOAD zephyr/soc/soc/ab162x/common/bsp_flash/lib..__airoha__mcu__soc__airoha__common__bsp_flash.a
LOAD zephyr/drivers/flash/libdrivers__flash.a
LOAD zephyr/drivers/rtc/libdrivers__rtc.a
LOAD zephyr/drivers/timer/libdrivers__timer.a
LOAD modules/mcuboot/libmcuboot_util.a
LOAD modules/airoha/modules/hal/airoha/ab162x/lib..__airoha__mcu__modules__hal__airoha__ab162x.a
LOAD modules/airoha/modules/hal/airoha/ab162x/src_core/lib..__airoha__mcu__modules__hal__airoha__ab162x__src_core.a
LOAD /workdir/airoha/mcu/prebuilt/hal/ab162x/lib/libhal_src_protected.a
LOAD modules/airoha/drivers/ab162x/os_timer/lib..__airoha__mcu__drivers__ab162x__os_timer.a
LOAD modules/airoha/drivers/ab162x/flash/lib..__airoha__mcu__drivers__ab162x__flash.a
LOAD modules/airoha/drivers/ab162x/watchdog/lib..__airoha__mcu__drivers__ab162x__watchdog.a
LOAD modules/airoha/drivers/ab162x/interrupt_controller/lib..__airoha__mcu__drivers__ab162x__interrupt_controller.a
LOAD modules/airoha/drivers/ab162x/rtc/lib..__airoha__mcu__drivers__ab162x__rtc.a
LOAD modules/airoha/drivers/ab162x/clock_control/lib..__airoha__mcu__drivers__ab162x__clock_control.a
LOAD modules/airoha/drivers/ab162x/pmu/lib..__airoha__mcu__drivers__ab162x__pmu.a
LOAD modules/airoha/subsys/airoha/partition/lib..__airoha__mcu__subsys__airoha__partition.a
LOAD modules/airoha/subsys/airoha/version/lib..__airoha__mcu__subsys__airoha__version.a
LOAD modules/airoha/subsys/third_party/lzma_decoder/lib..__airoha__mcu__subsys__third_party__lzma_decoder.a
LOAD modules/airoha/subsys/airoha/fota/libfota.a
LOAD modules/airoha/subsys/airoha/bootreason_check/lib..__airoha__mcu__subsys__airoha__bootreason_check.a
LOAD modules/airoha/upper_level/drivers/chip/ab162x/lib..__airoha__common__drivers__chip__ab162x.a
LOAD zephyr/kernel/libkernel.a
LOAD /opt/toolchains/zephyr-sdk-0.16.9/arm-zephyr-eabi/bin/../lib/gcc/arm-zephyr-eabi/12.2.0/thumb/v8-m.main+fp/hard/libgcc.a
LOAD /opt/toolchains/zephyr-sdk-0.16.9/arm-zephyr-eabi/arm-zephyr-eabi/lib/thumb/v8-m.main+fp/hard/libm_nano.a
LOAD /opt/toolchains/zephyr-sdk-0.16.9/arm-zephyr-eabi/arm-zephyr-eabi/lib/thumb/v8-m.main+fp/hard/libc_nano.a
LOAD /opt/toolchains/zephyr-sdk-0.16.9/arm-zephyr-eabi/bin/../lib/gcc/arm-zephyr-eabi/12.2.0/thumb/v8-m.main+fp/hard/libgcc.a
LOAD /opt/toolchains/zephyr-sdk-0.16.9/arm-zephyr-eabi/arm-zephyr-eabi/lib/thumb/v8-m.main+fp/hard/libc_nano.a
                0x0000000000000004                _region_min_align = 0x4

.rel.plt        0x0000000004000000        0x0
 *(SORT_BY_ALIGNMENT(.rel.plt))
                [!provide]                        PROVIDE (__rel_iplt_start = .)
 *(SORT_BY_ALIGNMENT(.rel.iplt))
 .rel.iplt      0x0000000004000000        0x0 app/libapp.a(main.c.obj)
                [!provide]                        PROVIDE (__rel_iplt_end = .)

.rela.plt       0x0000000000000000        0x0
 *(SORT_BY_ALIGNMENT(.rela.plt))
                [!provide]                        PROVIDE (__rela_iplt_start = .)
 *(SORT_BY_ALIGNMENT(.rela.iplt))
                [!provide]                        PROVIDE (__rela_iplt_end = .)

.rel.dyn
 *(SORT_BY_ALIGNMENT(.rel.*))

.rela.dyn
 *(SORT_BY_ALIGNMENT(.rela.*))

/DISCARD/
 *(SORT_BY_ALIGNMENT(.plt))

/DISCARD/
 *(SORT_BY_ALIGNMENT(.iplt))
                0x0000000004000000                __rom_region_start = 0x4000000
                0x0000000004000000                _nocache_ram_start = ORIGIN (SRAM)
                0x0000000000060000                _nocache_ram_size = LENGTH (SRAM)

rom_start       0x0000000004000000      0x110
 *(SORT_BY_ALIGNMENT(.reset_handler*))
 .reset_handler
                0x0000000004000000       0xa4 zephyr/soc/soc/ab162x/ab162x/lib..__airoha__mcu__soc__airoha__ab162x.a(startup.S.obj)
                0x0000000004000000                Reset_Handler
 .reset_handler.Data_Init
                0x00000000040000a4       0x10 zephyr/soc/soc/ab162x/ab162x/lib..__airoha__mcu__soc__airoha__ab162x.a(startup.S.obj)
                0x00000000040000a4                Data_Init
 .reset_handler.Bss_Init
                0x00000000040000b4        0xe zephyr/soc/soc/ab162x/ab162x/lib..__airoha__mcu__soc__airoha__ab162x.a(startup.S.obj)
                0x00000000040000b4                Bss_Init
 *(SORT_BY_ALIGNMENT(.rom_parameter*))
 *fill*         0x00000000040000c2       0x3e 
 .rom_parameter."WEST_TOPDIR/airoha/mcu/applications/mcuboot/boot/zephyr/main.c".67
                0x0000000004000100       0x10 app/libapp.a(main.c.obj)
                0x0000000004000100                g_rom_parameter
                0x000000000400e940                _stack_start = z_main_stack
                0x000000000400f140                _stack_end = (z_main_stack + 0x800)

text            0x0000000004000110     0xa034
                0x0000000004000110                __text_region_start = .
 *(SORT_BY_ALIGNMENT(EXCLUDE_FILE(*libkernel.a *swap_helper.S.obj) .text*))
 .text.z_cbvprintf_impl
                0x0000000004000110      0xd1c zephyr/libzephyr.a(cbprintf_complete.c.obj)
                0x0000000004000110                z_cbvprintf_impl
 .text.main     0x0000000004000e2c       0xbc app/libapp.a(main.c.obj)
                0x0000000004000e2c                main
 .text.flash_area_id_from_multi_image_slot
                0x0000000004000ee8       0x24 app/libapp.a(flash_map_extended.c.obj)
                0x0000000004000ee8                flash_area_id_from_multi_image_slot
 .text.bootutil_img_validate
                0x0000000004000f0c      0x158 app/libapp.a(image_validate.c.obj)
                0x0000000004000f0c                bootutil_img_validate
 .text.boot_validate_slot.isra.0
                0x0000000004001064       0xdc app/libapp.a(loader.c.obj)
 .text.boot_copy_region
                0x0000000004001140       0x58 app/libapp.a(loader.c.obj)
                0x0000000004001140                boot_copy_region
 .text.context_boot_go
                0x0000000004001198      0x34c app/libapp.a(loader.c.obj)
                0x0000000004001198                context_boot_go
 .text.boot_go  0x00000000040014e4       0x1c app/libapp.a(loader.c.obj)
                0x00000000040014e4                boot_go
 .text.compress
                0x0000000004001500      0x1c4 app/libapp.a(sha256.c.obj)
 .text.tc_sha256_init
                0x00000000040016c4       0x58 app/libapp.a(sha256.c.obj)
                0x00000000040016c4                tc_sha256_init
 .text.cleanup_arm_nvic
                0x000000000400171c       0x38 app/libapp.a(arm_cleanup.c.obj)
                0x000000000400171c                cleanup_arm_nvic
 .text.z_arm_clear_arm_mpu_config
                0x0000000004001754       0x24 app/libapp.a(arm_cleanup.c.obj)
                0x0000000004001754                z_arm_clear_arm_mpu_config
 .text.char_out
                0x0000000004001778        0xc zephyr/libzephyr.a(printk.c.obj)
 .text.vprintk  0x0000000004001784       0x30 zephyr/libzephyr.a(printk.c.obj)
                0x0000000004001784                vprintk
 .text.vsnprintk
                0x00000000040017b4       0x2c zephyr/libzephyr.a(printk.c.obj)
                0x00000000040017b4                vsnprintk
 .text.z_thread_entry
                0x00000000040017e0       0x34 zephyr/libzephyr.a(thread_entry.c.obj)
                0x00000000040017e0                z_thread_entry
 .text.extract_decimal
                0x0000000004001814       0x2c zephyr/libzephyr.a(cbprintf_complete.c.obj)
 .text.encode_uint
                0x0000000004001840       0x9c zephyr/libzephyr.a(cbprintf_complete.c.obj)
 .text.flash_area_get_sectors
                0x00000000040018dc       0x60 zephyr/libzephyr.a(flash_map_layout.c.obj)
                0x00000000040018dc                flash_area_get_sectors
 .text.boot_banner
                0x000000000400193c       0x1c zephyr/libzephyr.a(banner.c.obj)
                0x000000000400193c                boot_banner
 .text.arch_tls_stack_setup
                0x0000000004001958       0x40 zephyr/arch/arch/arm/core/libarch__arm__core.a(tls.c.obj)
                0x0000000004001958                arch_tls_stack_setup
 .text._HandlerModeExit
                0x0000000004001998       0x28 zephyr/arch/arch/arm/core/cortex_m/libarch__arm__core__cortex_m.a(exc_exit.c.obj)
                0x0000000004001998                z_arm_exc_exit
                0x0000000004001998                z_arm_int_exit
 .text.z_arm_fault_init
                0x00000000040019c0       0x18 zephyr/arch/arch/arm/core/cortex_m/libarch__arm__core__cortex_m.a(fault.c.obj)
                0x00000000040019c0                z_arm_fault_init
 .text._reset_section
                0x00000000040019d8       0x5c zephyr/arch/arch/arm/core/cortex_m/libarch__arm__core__cortex_m.a(reset.S.obj)
                0x00000000040019d8                z_arm_reset
                0x00000000040019d8                __start
 .text.z_arm_init_arch_hw_at_boot
                0x0000000004001a34       0x44 zephyr/arch/arch/arm/core/cortex_m/libarch__arm__core__cortex_m.a(scb.c.obj)
                0x0000000004001a34                z_arm_init_arch_hw_at_boot
 .text.z_impl_k_thread_abort
                0x0000000004001a78       0x2c zephyr/arch/arch/arm/core/cortex_m/libarch__arm__core__cortex_m.a(thread_abort.c.obj)
                0x0000000004001a78                z_impl_k_thread_abort
 .text.arch_swap
                0x0000000004001aa4       0x34 zephyr/arch/arch/arm/core/cortex_m/libarch__arm__core__cortex_m.a(swap.c.obj)
                0x0000000004001aa4                arch_swap
 .text.z_prep_c
                0x0000000004001ad8       0x58 zephyr/arch/arch/arm/core/cortex_m/libarch__arm__core__cortex_m.a(prep_c.c.obj)
                0x0000000004001ad8                z_prep_c
 .text.arch_new_thread
                0x0000000004001b30       0x40 zephyr/arch/arch/arm/core/cortex_m/libarch__arm__core__cortex_m.a(thread.c.obj)
                0x0000000004001b30                arch_new_thread
 .text.arch_float_disable
                0x0000000004001b70       0x48 zephyr/arch/arch/arm/core/cortex_m/libarch__arm__core__cortex_m.a(thread.c.obj)
                0x0000000004001b70                arch_float_disable
 .text.arch_switch_to_main_thread
                0x0000000004001bb8       0x6c zephyr/arch/arch/arm/core/cortex_m/libarch__arm__core__cortex_m.a(thread.c.obj)
                0x0000000004001bb8                arch_switch_to_main_thread
 .text.z_arm_cpu_idle_init
                0x0000000004001c24        0xc zephyr/arch/arch/arm/core/cortex_m/libarch__arm__core__cortex_m.a(cpu_idle.c.obj)
                0x0000000004001c24                z_arm_cpu_idle_init
 .text.z_arm_interrupt_init
                0x0000000004001c30       0x18 zephyr/arch/arch/arm/core/cortex_m/libarch__arm__core__cortex_m.a(irq_init.c.obj)
                0x0000000004001c30                z_arm_interrupt_init
 .text.z_impl_zephyr_read_stdin
                0x0000000004001c48       0x28 zephyr/lib/libc/newlib/liblib__libc__newlib.a(libc-hooks.c.obj)
                0x0000000004001c48                z_impl_zephyr_read_stdin
 .text.z_impl_zephyr_write_stdout
                0x0000000004001c70       0x30 zephyr/lib/libc/newlib/liblib__libc__newlib.a(libc-hooks.c.obj)
                0x0000000004001c70                z_impl_zephyr_write_stdout
 .text._sbrk    0x0000000004001ca0       0x28 zephyr/lib/libc/newlib/liblib__libc__newlib.a(libc-hooks.c.obj)
                0x0000000004001ca0                _sbrk
                0x0000000004001ca0                sbrk
 .text.abort    0x0000000004001cc8       0x1c zephyr/lib/libc/common/liblib__libc__common.a(abort.c.obj)
                0x0000000004001cc8                abort
 .text.exception_print
                0x0000000004001ce4       0x58 zephyr/soc/soc/ab162x/ab162x/lib..__airoha__mcu__soc__airoha__ab162x.a(soc.c.obj)
                0x0000000004001ce4                exception_print
 .text.sys_wdt_feed
                0x0000000004001d3c       0x1c zephyr/soc/soc/ab162x/ab162x/lib..__airoha__mcu__soc__airoha__ab162x.a(soc.c.obj)
                0x0000000004001d3c                sys_wdt_feed
 .text.__wrap_printk
                0x0000000004001d58       0x40 zephyr/soc/soc/ab162x/common/lib..__airoha__mcu__soc__airoha__common.a(air_printk.c.obj)
                0x0000000004001d58                __wrap_printk
 .text.sys_trace_sys_init_enter_user
                0x0000000004001d98       0x10 zephyr/soc/soc/ab162x/common/lib..__airoha__mcu__soc__airoha__common.a(air_tracing.c.obj)
                0x0000000004001d98                sys_trace_sys_init_enter_user
 .text.sys_trace_sys_init_exit_user
                0x0000000004001da8       0x18 zephyr/soc/soc/ab162x/common/lib..__airoha__mcu__soc__airoha__common.a(air_tracing.c.obj)
                0x0000000004001da8                sys_trace_sys_init_exit_user
 .text.sys_trace_thread_create_user
                0x0000000004001dc0       0xb4 zephyr/soc/soc/ab162x/common/lib..__airoha__mcu__soc__airoha__common.a(air_tracing.c.obj)
                0x0000000004001dc0                sys_trace_thread_create_user
 .text.sys_trace_thread_name_set_user
                0x0000000004001e74       0x7c zephyr/soc/soc/ab162x/common/lib..__airoha__mcu__soc__airoha__common.a(air_tracing.c.obj)
                0x0000000004001e74                sys_trace_thread_name_set_user
 .text.uart_set_baudrate_pre_init
                0x0000000004001ef0       0xc0 zephyr/soc/soc/ab162x/common/lib..__airoha__mcu__soc__airoha__common.a(air_uart_pre_init.c.obj)
                0x0000000004001ef0                uart_set_baudrate_pre_init
 .text.uart_early_init
                0x0000000004001fb0       0x34 zephyr/soc/soc/ab162x/common/lib..__airoha__mcu__soc__airoha__common.a(air_uart_pre_init.c.obj)
 .text.boot_write_magic
                0x0000000004001fe4       0x44 modules/mcuboot/libmcuboot_util.a(bootutil_public.c.obj)
                0x0000000004001fe4                boot_write_magic
 .text.boot_read_swap_state
                0x0000000004002028       0xac modules/mcuboot/libmcuboot_util.a(bootutil_public.c.obj)
                0x0000000004002028                boot_read_swap_state
 .text.boot_swap_type_multi
                0x00000000040020d4       0xa4 modules/mcuboot/libmcuboot_util.a(bootutil_public.c.obj)
                0x00000000040020d4                boot_swap_type_multi
 .text.clock_cg_init
                0x0000000004002178       0x3c modules/airoha/modules/hal/airoha/ab162x/lib..__airoha__mcu__modules__hal__airoha__ab162x.a(hal_clock.c.obj)
                0x0000000004002178                clock_cg_init
 .text.lposc_enable
                0x00000000040021b4       0x80 modules/airoha/modules/hal/airoha/ab162x/lib..__airoha__mcu__modules__hal__airoha__ab162x.a(hal_clock.c.obj)
                0x00000000040021b4                lposc_enable
 .text.lposc_disable
                0x0000000004002234       0x2c modules/airoha/modules/hal/airoha/ab162x/lib..__airoha__mcu__modules__hal__airoha__ab162x.a(hal_clock.c.obj)
                0x0000000004002234                lposc_disable
 .text.hal_clock_get_lposc_hs_khz
                0x0000000004002260       0x10 modules/airoha/modules/hal/airoha/ab162x/lib..__airoha__mcu__modules__hal__airoha__ab162x.a(hal_clock.c.obj)
                0x0000000004002260                hal_clock_get_lposc_hs_khz
 .text.hal_clock_is_enabled
                0x0000000004002270       0x28 modules/airoha/modules/hal/airoha/ab162x/lib..__airoha__mcu__modules__hal__airoha__ab162x.a(hal_clock.c.obj)
                0x0000000004002270                hal_clock_is_enabled
 .text.hal_clock_mux_init
                0x0000000004002298       0x60 modules/airoha/modules/hal/airoha/ab162x/lib..__airoha__mcu__modules__hal__airoha__ab162x.a(hal_clock.c.obj)
                0x0000000004002298                hal_clock_mux_init
 .text.clock_mux_cur_sel
                0x00000000040022f8       0x40 modules/airoha/modules/hal/airoha/ab162x/lib..__airoha__mcu__modules__hal__airoha__ab162x.a(hal_clock.c.obj)
                0x00000000040022f8                clock_mux_cur_sel
 .text.hal_clock_freq_meter_data
                0x0000000004002338       0x90 modules/airoha/modules/hal/airoha/ab162x/lib..__airoha__mcu__modules__hal__airoha__ab162x.a(hal_clock.c.obj)
                0x0000000004002338                hal_clock_freq_meter_data
 .text.clock_get_src_freq_hz
                0x00000000040023c8       0x24 modules/airoha/modules/hal/airoha/ab162x/lib..__airoha__mcu__modules__hal__airoha__ab162x.a(hal_clock.c.obj)
                0x00000000040023c8                clock_get_src_freq_hz
 .text.fqmtr_winset_estimate
                0x00000000040023ec        0xc modules/airoha/modules/hal/airoha/ab162x/lib..__airoha__mcu__modules__hal__airoha__ab162x.a(hal_clock.c.obj)
                0x00000000040023ec                fqmtr_winset_estimate
 .text.lposc_k_val
                0x00000000040023f8       0x94 modules/airoha/modules/hal/airoha/ab162x/lib..__airoha__mcu__modules__hal__airoha__ab162x.a(hal_clock.c.obj)
 .text.lposc_hopping_test
                0x000000000400248c      0x150 modules/airoha/modules/hal/airoha/ab162x/lib..__airoha__mcu__modules__hal__airoha__ab162x.a(hal_clock.c.obj)
                0x000000000400248c                lposc_hopping_test
 .text.clock_lposc_mux_init
                0x00000000040025dc       0x44 modules/airoha/modules/hal/airoha/ab162x/lib..__airoha__mcu__modules__hal__airoha__ab162x.a(hal_clock.c.obj)
                0x00000000040025dc                clock_lposc_mux_init
 .text.hal_clock_init
                0x0000000004002620       0x34 modules/airoha/modules/hal/airoha/ab162x/lib..__airoha__mcu__modules__hal__airoha__ab162x.a(hal_clock.c.obj)
                0x0000000004002620                hal_clock_init
 .text.hal_clock_init_cfg
                0x0000000004002654       0x28 modules/airoha/modules/hal/airoha/ab162x/lib..__airoha__mcu__modules__hal__airoha__ab162x.a(hal_clock.c.obj)
                0x0000000004002654                hal_clock_init_cfg
 .text.hal_dcxo_init
                0x000000000400267c       0xd4 modules/airoha/modules/hal/airoha/ab162x/lib..__airoha__mcu__modules__hal__airoha__ab162x.a(hal_dcxo.c.obj)
                0x000000000400267c                hal_dcxo_init
 .text.hal_dvfs_init
                0x0000000004002750       0x10 modules/airoha/modules/hal/airoha/ab162x/lib..__airoha__mcu__modules__hal__airoha__ab162x.a(hal_dvfs.c.obj)
                0x0000000004002750                hal_dvfs_init
 .text.CMEM_CheckValidDeviceID
                0x0000000004002760       0x38 modules/airoha/modules/hal/airoha/ab162x/lib..__airoha__mcu__modules__hal__airoha__ab162x.a(hal_flash_combo_init.c.obj)
                0x0000000004002760                CMEM_CheckValidDeviceID
 .text.CMEM_GetIDEntry
                0x0000000004002798       0x10 modules/airoha/modules/hal/airoha/ab162x/lib..__airoha__mcu__modules__hal__airoha__ab162x.a(hal_flash_combo_init.c.obj)
                0x0000000004002798                CMEM_GetIDEntry
 .text.CMEM_BlockSize
                0x00000000040027a8        0xc modules/airoha/modules/hal/airoha/ab162x/lib..__airoha__mcu__modules__hal__airoha__ab162x.a(hal_flash_combo_nor.c.obj)
                0x00000000040027a8                CMEM_BlockSize
 .text.NOR_Construct_RegionInfo
                0x00000000040027b4       0x28 modules/airoha/modules/hal/airoha/ab162x/lib..__airoha__mcu__modules__hal__airoha__ab162x.a(hal_flash_combo_nor.c.obj)
                0x00000000040027b4                NOR_Construct_RegionInfo
 .text.CMEM_Init_nor_list
                0x00000000040027dc       0x38 modules/airoha/modules/hal/airoha/ab162x/lib..__airoha__mcu__modules__hal__airoha__ab162x.a(hal_flash_combo_nor.c.obj)
                0x00000000040027dc                CMEM_Init_nor_list
 .text.check_xmc_device
                0x0000000004002814       0x98 modules/airoha/modules/hal/airoha/ab162x/lib..__airoha__mcu__modules__hal__airoha__ab162x.a(hal_flash_combo_nor.c.obj)
                0x0000000004002814                check_xmc_device
 .text.CMEM_Init_FullDriver
                0x00000000040028ac       0xf8 modules/airoha/modules/hal/airoha/ab162x/lib..__airoha__mcu__modules__hal__airoha__ab162x.a(hal_flash_combo_nor.c.obj)
                0x00000000040028ac                CMEM_Init_FullDriver
 .text.NOR_init
                0x00000000040029a4       0x30 modules/airoha/modules/hal/airoha/ab162x/lib..__airoha__mcu__modules__hal__airoha__ab162x.a(hal_flash_disk.c.obj)
                0x00000000040029a4                NOR_init
 .text.NOR_BlockIndex
                0x00000000040029d4       0x10 modules/airoha/modules/hal/airoha/ab162x/lib..__airoha__mcu__modules__hal__airoha__ab162x.a(hal_flash_disk.c.obj)
                0x00000000040029d4                NOR_BlockIndex
 .text.get_rawdisk_error_code
                0x00000000040029e4       0x14 modules/airoha/modules/hal/airoha/ab162x/lib..__airoha__mcu__modules__hal__airoha__ab162x.a(hal_flash_disk.c.obj)
                0x00000000040029e4                get_rawdisk_error_code
 .text.sfc_interrupt_init
                0x00000000040029f8       0x34 modules/airoha/modules/hal/airoha/ab162x/lib..__airoha__mcu__modules__hal__airoha__ab162x.a(hal_flash_disk.c.obj)
                0x00000000040029f8                sfc_interrupt_init
 .text.hal_flash_erase
                0x0000000004002a2c      0x10c modules/airoha/modules/hal/airoha/ab162x/lib..__airoha__mcu__modules__hal__airoha__ab162x.a(hal_flash_disk.c.obj)
                0x0000000004002a2c                hal_flash_erase
 .text.hal_flash_read
                0x0000000004002b38       0x20 modules/airoha/modules/hal/airoha/ab162x/lib..__airoha__mcu__modules__hal__airoha__ab162x.a(hal_flash_disk.c.obj)
                0x0000000004002b38                hal_flash_read
 .text.hal_flash_get_disk_size
                0x0000000004002b58       0x1c modules/airoha/modules/hal/airoha/ab162x/lib..__airoha__mcu__modules__hal__airoha__ab162x.a(hal_flash_disk.c.obj)
                0x0000000004002b58                hal_flash_get_disk_size
 .text.hal_flash_otp_read
                0x0000000004002b74       0x28 modules/airoha/modules/hal/airoha/ab162x/lib..__airoha__mcu__modules__hal__airoha__ab162x.a(hal_flash_disk.c.obj)
                0x0000000004002b74                hal_flash_otp_read
 .text.SF_DAL_Init_WINBOND_OTP
                0x0000000004002b9c       0x54 modules/airoha/modules/hal/airoha/ab162x/lib..__airoha__mcu__modules__hal__airoha__ab162x.a(hal_flash_mtd_dal.c.obj)
                0x0000000004002b9c                SF_DAL_Init_WINBOND_OTP
 .text.SF_DAL_Init_GIGADEVICE_OTP
                0x0000000004002bf0       0x54 modules/airoha/modules/hal/airoha/ab162x/lib..__airoha__mcu__modules__hal__airoha__ab162x.a(hal_flash_mtd_dal.c.obj)
                0x0000000004002bf0                SF_DAL_Init_GIGADEVICE_OTP
 .text.SF_DAL_Init_Common
                0x0000000004002c44       0xdc modules/airoha/modules/hal/airoha/ab162x/lib..__airoha__mcu__modules__hal__airoha__ab162x.a(hal_flash_mtd_dal.c.obj)
                0x0000000004002c44                SF_DAL_Init_Common
 .text.hal_nvic_init
                0x0000000004002d20       0x54 modules/airoha/modules/hal/airoha/ab162x/lib..__airoha__mcu__modules__hal__airoha__ab162x.a(hal_nvic.c.obj)
                0x0000000004002d20                hal_nvic_init
 .text.hal_nvic_clear_pending_irq
                0x0000000004002d74       0x28 modules/airoha/modules/hal/airoha/ab162x/lib..__airoha__mcu__modules__hal__airoha__ab162x.a(hal_nvic.c.obj)
                0x0000000004002d74                hal_nvic_clear_pending_irq
 .text.hal_nvic_register_isr_handler
                0x0000000004002d9c       0x44 modules/airoha/modules/hal/airoha/ab162x/lib..__airoha__mcu__modules__hal__airoha__ab162x.a(hal_nvic.c.obj)
                0x0000000004002d9c                hal_nvic_register_isr_handler
 .text.hal_os_timer_start
                0x0000000004002de0       0xcc modules/airoha/modules/hal/airoha/ab162x/lib..__airoha__mcu__modules__hal__airoha__ab162x.a(hal_os_timer.c.obj)
                0x0000000004002de0                hal_os_timer_start
 .text.hal_os_timer_ack_irq
                0x0000000004002eac        0xc modules/airoha/modules/hal/airoha/ab162x/lib..__airoha__mcu__modules__hal__airoha__ab162x.a(hal_os_timer.c.obj)
                0x0000000004002eac                hal_os_timer_ack_irq
 .text.hal_rtc_enable_time
                0x0000000004002eb8       0xd0 modules/airoha/modules/hal/airoha/ab162x/lib..__airoha__mcu__modules__hal__airoha__ab162x.a(hal_rtc.c.obj)
                0x0000000004002eb8                hal_rtc_enable_time
 .text.hal_rtc_set_time
                0x0000000004002f88       0x3c modules/airoha/modules/hal/airoha/ab162x/lib..__airoha__mcu__modules__hal__airoha__ab162x.a(hal_rtc.c.obj)
                0x0000000004002f88                hal_rtc_set_time
 .text.rtc_callback
                0x0000000004002fc4       0x68 modules/airoha/modules/hal/airoha/ab162x/lib..__airoha__mcu__modules__hal__airoha__ab162x.a(hal_rtc_internal.c.obj)
                0x0000000004002fc4                rtc_callback
 .text.clear_rtc_and_restart_hw_rtc.part.0
                0x000000000400302c       0x28 modules/airoha/modules/hal/airoha/ab162x/lib..__airoha__mcu__modules__hal__airoha__ab162x.a(hal_rtc_internal.c.obj)
 .text.swap     0x0000000004003054       0x54 modules/airoha/modules/hal/airoha/ab162x/lib..__airoha__mcu__modules__hal__airoha__ab162x.a(hal_rtc_internal.c.obj)
                0x0000000004003054                swap
 .text.getMin   0x00000000040030a8       0x54 modules/airoha/modules/hal/airoha/ab162x/lib..__airoha__mcu__modules__hal__airoha__ab162x.a(hal_rtc_internal.c.obj)
                0x00000000040030a8                getMin
 .text.rtc_nvic_register
                0x00000000040030fc       0x2c modules/airoha/modules/hal/airoha/ab162x/lib..__airoha__mcu__modules__hal__airoha__ab162x.a(hal_rtc_internal.c.obj)
                0x00000000040030fc                rtc_nvic_register
 .text.rtc_convert_count_to_32k_ms
                0x0000000004003128       0x50 modules/airoha/modules/hal/airoha/ab162x/lib..__airoha__mcu__modules__hal__airoha__ab162x.a(hal_rtc_internal.c.obj)
                0x0000000004003128                rtc_convert_count_to_32k_ms
 .text.sw_rtc_callback
                0x0000000004003178       0xe4 modules/airoha/modules/hal/airoha/ab162x/lib..__airoha__mcu__modules__hal__airoha__ab162x.a(hal_rtc_internal.c.obj)
                0x0000000004003178                sw_rtc_callback
 .text.rtc_get_current
                0x000000000400325c       0x18 modules/airoha/modules/hal/airoha/ab162x/lib..__airoha__mcu__modules__hal__airoha__ab162x.a(hal_rtc_internal.c.obj)
                0x000000000400325c                rtc_get_current
 .text.rtc_ms_change_time
                0x0000000004003274       0xfc modules/airoha/modules/hal/airoha/ab162x/lib..__airoha__mcu__modules__hal__airoha__ab162x.a(hal_rtc_internal.c.obj)
                0x0000000004003274                rtc_ms_change_time
 .text.rtc_measure_32k_with_windows
                0x0000000004003370       0x24 modules/airoha/modules/hal/airoha/ab162x/lib..__airoha__mcu__modules__hal__airoha__ab162x.a(hal_rtc_internal.c.obj)
                0x0000000004003370                rtc_measure_32k_with_windows
 .text.rtc_get_f32k_frequency
                0x0000000004003394       0x34 modules/airoha/modules/hal/airoha/ab162x/lib..__airoha__mcu__modules__hal__airoha__ab162x.a(hal_rtc_internal.c.obj)
                0x0000000004003394                rtc_get_f32k_frequency
 .text.rtc_get_time
                0x00000000040033c8       0x68 modules/airoha/modules/hal/airoha/ab162x/lib..__airoha__mcu__modules__hal__airoha__ab162x.a(hal_rtc_internal.c.obj)
                0x00000000040033c8                rtc_get_time
 .text.internal_wdt_isr
                0x0000000004003430       0x2c modules/airoha/modules/hal/airoha/ab162x/lib..__airoha__mcu__modules__hal__airoha__ab162x.a(hal_wdt.c.obj)
 .text.hal_wdt_init
                0x000000000400345c       0x64 modules/airoha/modules/hal/airoha/ab162x/lib..__airoha__mcu__modules__hal__airoha__ab162x.a(hal_wdt.c.obj)
                0x000000000400345c                hal_wdt_init
 .text.hal_wdt_deinit
                0x00000000040034c0       0x14 modules/airoha/modules/hal/airoha/ab162x/lib..__airoha__mcu__modules__hal__airoha__ab162x.a(hal_wdt.c.obj)
                0x00000000040034c0                hal_wdt_deinit
 .text.hal_wdt_register_callback
                0x00000000040034d4       0x10 modules/airoha/modules/hal/airoha/ab162x/lib..__airoha__mcu__modules__hal__airoha__ab162x.a(hal_wdt.c.obj)
                0x00000000040034d4                hal_wdt_register_callback
 .text.hal_wdt_feed
                0x00000000040034e4       0x1c modules/airoha/modules/hal/airoha/ab162x/lib..__airoha__mcu__modules__hal__airoha__ab162x.a(hal_wdt.c.obj)
                0x00000000040034e4                hal_wdt_feed
 .text.hal_wdt_enable
                0x0000000004003500       0x24 modules/airoha/modules/hal/airoha/ab162x/lib..__airoha__mcu__modules__hal__airoha__ab162x.a(hal_wdt.c.obj)
                0x0000000004003500                hal_wdt_enable
 .text.hal_wdt_disable
                0x0000000004003524       0x20 modules/airoha/modules/hal/airoha/ab162x/lib..__airoha__mcu__modules__hal__airoha__ab162x.a(hal_wdt.c.obj)
                0x0000000004003524                hal_wdt_disable
 .text.wdt_check_operate_is_safe
                0x0000000004003544       0x74 modules/airoha/modules/hal/airoha/ab162x/lib..__airoha__mcu__modules__hal__airoha__ab162x.a(hal_wdt_internal.c.obj)
                0x0000000004003544                wdt_check_operate_is_safe
 .text.wdt_set_length
                0x00000000040035b8       0x4c modules/airoha/modules/hal/airoha/ab162x/lib..__airoha__mcu__modules__hal__airoha__ab162x.a(hal_wdt_internal.c.obj)
                0x00000000040035b8                wdt_set_length
 .text.wdt_set_restart
                0x0000000004003604       0x2c modules/airoha/modules/hal/airoha/ab162x/lib..__airoha__mcu__modules__hal__airoha__ab162x.a(hal_wdt_internal.c.obj)
                0x0000000004003604                wdt_set_restart
 .text.wdt_set_mode
                0x0000000004003630       0x24 modules/airoha/modules/hal/airoha/ab162x/lib..__airoha__mcu__modules__hal__airoha__ab162x.a(hal_wdt_internal.c.obj)
                0x0000000004003630                wdt_set_mode
 .text.wdt_set_enable
                0x0000000004003654       0x28 modules/airoha/modules/hal/airoha/ab162x/lib..__airoha__mcu__modules__hal__airoha__ab162x.a(hal_wdt_internal.c.obj)
                0x0000000004003654                wdt_set_enable
 .text.wdt_get_reset_status
                0x000000000400367c       0x20 modules/airoha/modules/hal/airoha/ab162x/lib..__airoha__mcu__modules__hal__airoha__ab162x.a(hal_wdt_internal.c.obj)
                0x000000000400367c                wdt_get_reset_status
 .text.wdt_clear_irq
                0x000000000400369c       0x14 modules/airoha/modules/hal/airoha/ab162x/lib..__airoha__mcu__modules__hal__airoha__ab162x.a(hal_wdt_internal.c.obj)
                0x000000000400369c                wdt_clear_irq
 .text.wdt_set_pmu_mask
                0x00000000040036b0       0x18 modules/airoha/modules/hal/airoha/ab162x/lib..__airoha__mcu__modules__hal__airoha__ab162x.a(hal_wdt_internal.c.obj)
                0x00000000040036b0                wdt_set_pmu_mask
 .text.wdt_set_core_mask
                0x00000000040036c8       0x18 modules/airoha/modules/hal/airoha/ab162x/lib..__airoha__mcu__modules__hal__airoha__ab162x.a(hal_wdt_internal.c.obj)
                0x00000000040036c8                wdt_set_core_mask
 .text.wdt_set_jtag_mask
                0x00000000040036e0       0x18 modules/airoha/modules/hal/airoha/ab162x/lib..__airoha__mcu__modules__hal__airoha__ab162x.a(hal_wdt_internal.c.obj)
                0x00000000040036e0                wdt_set_jtag_mask
 .text.wdt_reset_default_value
                0x00000000040036f8       0x34 modules/airoha/modules/hal/airoha/ab162x/lib..__airoha__mcu__modules__hal__airoha__ab162x.a(hal_wdt_internal.c.obj)
                0x00000000040036f8                wdt_reset_default_value
 .text.ost_init
                0x000000000400372c       0x34 modules/airoha/drivers/ab162x/os_timer/lib..__airoha__mcu__drivers__ab162x__os_timer.a(ost_airoha.c.obj)
 .text.flash_airoha_get_parameters
                0x0000000004003760        0x8 modules/airoha/drivers/ab162x/flash/lib..__airoha__mcu__drivers__ab162x__flash.a(flash_airoha.c.obj)
 .text.flash_airoha_read_jedec_id
                0x0000000004003768       0x14 modules/airoha/drivers/ab162x/flash/lib..__airoha__mcu__drivers__ab162x__flash.a(flash_airoha.c.obj)
 .text.flash_airoha_page_layout
                0x000000000400377c       0x28 modules/airoha/drivers/ab162x/flash/lib..__airoha__mcu__drivers__ab162x__flash.a(flash_airoha.c.obj)
 .text.flash_airoha_erase
                0x00000000040037a4       0x74 modules/airoha/drivers/ab162x/flash/lib..__airoha__mcu__drivers__ab162x__flash.a(flash_airoha.c.obj)
 .text.flash_airoha_init
                0x0000000004003818       0x38 modules/airoha/drivers/ab162x/flash/lib..__airoha__mcu__drivers__ab162x__flash.a(flash_airoha.c.obj)
 .text.wdt_zephyr_callback
                0x0000000004003850       0x24 modules/airoha/drivers/ab162x/watchdog/lib..__airoha__mcu__drivers__ab162x__watchdog.a(wdt_airoha.c.obj)
                0x0000000004003850                wdt_zephyr_callback
 .text.wdt_airoha_feed
                0x0000000004003874       0x28 modules/airoha/drivers/ab162x/watchdog/lib..__airoha__mcu__drivers__ab162x__watchdog.a(wdt_airoha.c.obj)
 .text.wdt_airoha_install_timeout
                0x000000000400389c       0x80 modules/airoha/drivers/ab162x/watchdog/lib..__airoha__mcu__drivers__ab162x__watchdog.a(wdt_airoha.c.obj)
 .text.wdt_airoha_setup
                0x000000000400391c       0x84 modules/airoha/drivers/ab162x/watchdog/lib..__airoha__mcu__drivers__ab162x__watchdog.a(wdt_airoha.c.obj)
 .text.wdt_airoha_disable
                0x00000000040039a0       0x28 modules/airoha/drivers/ab162x/watchdog/lib..__airoha__mcu__drivers__ab162x__watchdog.a(wdt_airoha.c.obj)
 .text.wdt_callback_zephyr2air_wrapper_0
                0x00000000040039c8       0x14 modules/airoha/drivers/ab162x/watchdog/lib..__airoha__mcu__drivers__ab162x__watchdog.a(wdt_airoha.c.obj)
 .text.wdt_0_init
                0x00000000040039dc       0x40 modules/airoha/drivers/ab162x/watchdog/lib..__airoha__mcu__drivers__ab162x__watchdog.a(wdt_airoha.c.obj)
 .text.rtc_airoha_set_time
                0x0000000004003a1c       0x5c modules/airoha/drivers/ab162x/rtc/lib..__airoha__mcu__drivers__ab162x__rtc.a(rtc_airoha.c.obj)
 .text.airoha_clock_control_init
                0x0000000004003a78       0x58 modules/airoha/drivers/ab162x/clock_control/lib..__airoha__mcu__drivers__ab162x__clock_control.a(clock_control_airoha.c.obj)
 .text.airoha_dcxo_init
                0x0000000004003ad0       0x18 modules/airoha/drivers/ab162x/clock_control/lib..__airoha__mcu__drivers__ab162x__clock_control.a(dcxo_airoha.c.obj)
 .text.airoha_dvfs_init
                0x0000000004003ae8       0x18 modules/airoha/drivers/ab162x/clock_control/lib..__airoha__mcu__drivers__ab162x__clock_control.a(dvfs_airoha.c.obj)
 .text.airoha_dvfs_init_end
                0x0000000004003b00       0x18 modules/airoha/drivers/ab162x/clock_control/lib..__airoha__mcu__drivers__ab162x__clock_control.a(dvfs_airoha.c.obj)
 .text.airoha_pmu_init
                0x0000000004003b18       0x18 modules/airoha/drivers/ab162x/pmu/lib..__airoha__mcu__drivers__ab162x__pmu.a(pmu_airoha.c.obj)
 .text.__wrap_flash_area_open
                0x0000000004003b30       0x28 modules/airoha/subsys/airoha/partition/lib..__airoha__mcu__subsys__airoha__partition.a(air_flash_map.c.obj)
                0x0000000004003b30                __wrap_flash_area_open
 .text.partition_info_update
                0x0000000004003b58       0x44 modules/airoha/subsys/airoha/partition/lib..__airoha__mcu__subsys__airoha__partition.a(air_flash_map.c.obj)
                0x0000000004003b58                partition_info_update
 .text.partition_info_prepare
                0x0000000004003b9c       0x14 modules/airoha/subsys/airoha/partition/lib..__airoha__mcu__subsys__airoha__partition.a(air_flash_map.c.obj)
                0x0000000004003b9c                partition_info_prepare
 .text.partition_init
                0x0000000004003bb0       0x68 modules/airoha/subsys/airoha/partition/lib..__airoha__mcu__subsys__airoha__partition.a(partition.c.obj)
                0x0000000004003bb0                partition_init
 .text.partition_get_length
                0x0000000004003c18       0x30 modules/airoha/subsys/airoha/partition/lib..__airoha__mcu__subsys__airoha__partition.a(partition.c.obj)
                0x0000000004003c18                partition_get_length
 .text.partition_get_begin_address
                0x0000000004003c48       0x30 modules/airoha/subsys/airoha/partition/lib..__airoha__mcu__subsys__airoha__partition.a(partition.c.obj)
                0x0000000004003c48                partition_get_begin_address
 .text.partition_is_readonly
                0x0000000004003c78       0x9c modules/airoha/subsys/airoha/partition/lib..__airoha__mcu__subsys__airoha__partition.a(partition.c.obj)
                0x0000000004003c78                partition_is_readonly
 .text.build_info_print
                0x0000000004003d14       0x1c modules/airoha/subsys/airoha/version/lib..__airoha__mcu__subsys__airoha__version.a(air_version.c.obj)
 .text.fota_flash_init
                0x0000000004003d30       0x2c modules/airoha/subsys/airoha/fota/libfota.a(fota_flash.c.obj)
                0x0000000004003d30                fota_flash_init
 .text.fota_init_flash
                0x0000000004003d5c       0x24 modules/airoha/subsys/airoha/fota/libfota.a(fota_flash.c.obj)
                0x0000000004003d5c                fota_init_flash
 .text.fota_flash_config_init
                0x0000000004003d80       0x84 modules/airoha/subsys/airoha/fota/libfota.a(fota_flash_config.c.obj)
                0x0000000004003d80                fota_flash_config_init
 .text.fota_multi_info_sector_init
                0x0000000004003e04       0x14 modules/airoha/subsys/airoha/fota/libfota.a(fota_multi_info_util.c.obj)
                0x0000000004003e04                fota_multi_info_sector_init
 .text          0x0000000004003e18       0x30 /opt/toolchains/zephyr-sdk-0.16.9/arm-zephyr-eabi/bin/../lib/gcc/arm-zephyr-eabi/12.2.0/thumb/v8-m.main+fp/hard/libgcc.a(_aeabi_uldivmod.o)
                0x0000000004003e18                __aeabi_uldivmod
 .text          0x0000000004003e48        0x4 /opt/toolchains/zephyr-sdk-0.16.9/arm-zephyr-eabi/bin/../lib/gcc/arm-zephyr-eabi/12.2.0/thumb/v8-m.main+fp/hard/libgcc.a(_dvmd_tls.o)
                0x0000000004003e48                __aeabi_ldiv0
                0x0000000004003e48                __aeabi_idiv0
 .text.__assert_func
                0x0000000004003e4c       0x3c /opt/toolchains/zephyr-sdk-0.16.9/arm-zephyr-eabi/arm-zephyr-eabi/lib/thumb/v8-m.main+fp/hard/libc_nano.a(lib_a-assert.o)
                0x0000000004003e4c                __assert_func
 .text.fprintf  0x0000000004003e88       0x24 /opt/toolchains/zephyr-sdk-0.16.9/arm-zephyr-eabi/arm-zephyr-eabi/lib/thumb/v8-m.main+fp/hard/libc_nano.a(lib_a-fprintf.o)
                0x0000000004003e88                fprintf
                0x0000000004003e88                fiprintf
 .text._vfprintf_r
                0x0000000004003eac      0x258 /opt/toolchains/zephyr-sdk-0.16.9/arm-zephyr-eabi/arm-zephyr-eabi/lib/thumb/v8-m.main+fp/hard/libc_nano.a(lib_a-nano-vfprintf.o)
                0x0000000004003eac                _vfiprintf_r
                0x0000000004003eac                _vfprintf_r
 .text._printf_i
                0x0000000004004104      0x25c /opt/toolchains/zephyr-sdk-0.16.9/arm-zephyr-eabi/arm-zephyr-eabi/lib/thumb/v8-m.main+fp/hard/libc_nano.a(lib_a-nano-vfprintf_i.o)
                0x0000000004004104                _printf_i
 .text.__swbuf_r
                0x0000000004004360       0xa4 /opt/toolchains/zephyr-sdk-0.16.9/arm-zephyr-eabi/arm-zephyr-eabi/lib/thumb/v8-m.main+fp/hard/libc_nano.a(lib_a-wbuf.o)
                0x0000000004004360                __swbuf_r
 .text.__swsetup_r
                0x0000000004004404       0xd8 /opt/toolchains/zephyr-sdk-0.16.9/arm-zephyr-eabi/arm-zephyr-eabi/lib/thumb/v8-m.main+fp/hard/libc_nano.a(lib_a-wsetup.o)
                0x0000000004004404                __swsetup_r
 .text._fflush_r
                0x00000000040044dc       0x78 /opt/toolchains/zephyr-sdk-0.16.9/arm-zephyr-eabi/arm-zephyr-eabi/lib/thumb/v8-m.main+fp/hard/libc_nano.a(lib_a-fflush.o)
                0x00000000040044dc                _fflush_r
 .text.std      0x0000000004004554       0x48 /opt/toolchains/zephyr-sdk-0.16.9/arm-zephyr-eabi/arm-zephyr-eabi/lib/thumb/v8-m.main+fp/hard/libc_nano.a(lib_a-findfp.o)
 .text._cleanup_r
                0x000000000400459c        0xc /opt/toolchains/zephyr-sdk-0.16.9/arm-zephyr-eabi/arm-zephyr-eabi/lib/thumb/v8-m.main+fp/hard/libc_nano.a(lib_a-findfp.o)
                0x000000000400459c                _cleanup_r
 .text.__sfp_lock_acquire
                0x00000000040045a8        0xc /opt/toolchains/zephyr-sdk-0.16.9/arm-zephyr-eabi/arm-zephyr-eabi/lib/thumb/v8-m.main+fp/hard/libc_nano.a(lib_a-findfp.o)
                0x00000000040045a8                __sfp_lock_acquire
 .text.__sfp_lock_release
                0x00000000040045b4        0xc /opt/toolchains/zephyr-sdk-0.16.9/arm-zephyr-eabi/arm-zephyr-eabi/lib/thumb/v8-m.main+fp/hard/libc_nano.a(lib_a-findfp.o)
                0x00000000040045b4                __sfp_lock_release
 .text.__sinit_lock_acquire
                0x00000000040045c0        0xc /opt/toolchains/zephyr-sdk-0.16.9/arm-zephyr-eabi/arm-zephyr-eabi/lib/thumb/v8-m.main+fp/hard/libc_nano.a(lib_a-findfp.o)
                0x00000000040045c0                __sinit_lock_acquire
 .text.__sinit_lock_release
                0x00000000040045cc        0xc /opt/toolchains/zephyr-sdk-0.16.9/arm-zephyr-eabi/arm-zephyr-eabi/lib/thumb/v8-m.main+fp/hard/libc_nano.a(lib_a-findfp.o)
                0x00000000040045cc                __sinit_lock_release
 .text.__sinit  0x00000000040045d8       0x70 /opt/toolchains/zephyr-sdk-0.16.9/arm-zephyr-eabi/arm-zephyr-eabi/lib/thumb/v8-m.main+fp/hard/libc_nano.a(lib_a-findfp.o)
                0x00000000040045d8                __sinit
 .text.__sfp    0x0000000004004648       0x8c /opt/toolchains/zephyr-sdk-0.16.9/arm-zephyr-eabi/arm-zephyr-eabi/lib/thumb/v8-m.main+fp/hard/libc_nano.a(lib_a-findfp.o)
                0x0000000004004648                __sfp
 .text.__smakebuf_r
                0x00000000040046d4       0x80 /opt/toolchains/zephyr-sdk-0.16.9/arm-zephyr-eabi/arm-zephyr-eabi/lib/thumb/v8-m.main+fp/hard/libc_nano.a(lib_a-makebuf.o)
                0x00000000040046d4                __smakebuf_r
 .text._free_r  0x0000000004004754       0x94 /opt/toolchains/zephyr-sdk-0.16.9/arm-zephyr-eabi/arm-zephyr-eabi/lib/thumb/v8-m.main+fp/hard/libc_nano.a(lib_a-nano-freer.o)
                0x0000000004004754                _free_r
 .text._malloc_r
                0x00000000040047e8       0xb4 /opt/toolchains/zephyr-sdk-0.16.9/arm-zephyr-eabi/arm-zephyr-eabi/lib/thumb/v8-m.main+fp/hard/libc_nano.a(lib_a-nano-mallocr.o)
                0x00000000040047e8                _malloc_r
 .text._sbrk_r  0x000000000400489c       0x20 /opt/toolchains/zephyr-sdk-0.16.9/arm-zephyr-eabi/arm-zephyr-eabi/lib/thumb/v8-m.main+fp/hard/libc_nano.a(lib_a-sbrkr.o)
                0x000000000400489c                _sbrk_r
 .text._write_r
                0x00000000040048bc       0x24 /opt/toolchains/zephyr-sdk-0.16.9/arm-zephyr-eabi/arm-zephyr-eabi/lib/thumb/v8-m.main+fp/hard/libc_nano.a(lib_a-writer.o)
                0x00000000040048bc                _write_r
 .text._close_r
                0x00000000040048e0       0x20 /opt/toolchains/zephyr-sdk-0.16.9/arm-zephyr-eabi/arm-zephyr-eabi/lib/thumb/v8-m.main+fp/hard/libc_nano.a(lib_a-closer.o)
                0x00000000040048e0                _close_r
 .text._fstat_r
                0x0000000004004900       0x24 /opt/toolchains/zephyr-sdk-0.16.9/arm-zephyr-eabi/arm-zephyr-eabi/lib/thumb/v8-m.main+fp/hard/libc_nano.a(lib_a-fstatr.o)
                0x0000000004004900                _fstat_r
 .text._isatty_r
                0x0000000004004924       0x20 /opt/toolchains/zephyr-sdk-0.16.9/arm-zephyr-eabi/arm-zephyr-eabi/lib/thumb/v8-m.main+fp/hard/libc_nano.a(lib_a-isattyr.o)
                0x0000000004004924                _isatty_r
 .text._lseek_r
                0x0000000004004944       0x24 /opt/toolchains/zephyr-sdk-0.16.9/arm-zephyr-eabi/arm-zephyr-eabi/lib/thumb/v8-m.main+fp/hard/libc_nano.a(lib_a-lseekr.o)
                0x0000000004004944                _lseek_r
 .text.__malloc_lock
                0x0000000004004968        0xc /opt/toolchains/zephyr-sdk-0.16.9/arm-zephyr-eabi/arm-zephyr-eabi/lib/thumb/v8-m.main+fp/hard/libc_nano.a(lib_a-mlock.o)
                0x0000000004004968                __malloc_lock
 .text.__malloc_unlock
                0x0000000004004974        0xc /opt/toolchains/zephyr-sdk-0.16.9/arm-zephyr-eabi/arm-zephyr-eabi/lib/thumb/v8-m.main+fp/hard/libc_nano.a(lib_a-mlock.o)
                0x0000000004004974                __malloc_unlock
 .text._read_r  0x0000000004004980       0x24 /opt/toolchains/zephyr-sdk-0.16.9/arm-zephyr-eabi/arm-zephyr-eabi/lib/thumb/v8-m.main+fp/hard/libc_nano.a(lib_a-readr.o)
                0x0000000004004980                _read_r
 .text._OffsetAbsSyms
                0x00000000040049a4        0x2 zephyr/CMakeFiles/offsets.dir/./arch/arm/core/offsets/offsets.c.obj
                0x00000000040049a4                _OffsetAbsSyms
 .text.flash_area_get_device_id
                0x00000000040049a6        0x4 app/libapp.a(flash_map_extended.c.obj)
                0x00000000040049a6                flash_area_get_device_id
 .text.os_heap_init
                0x00000000040049aa        0x2 app/libapp.a(os.c.obj)
                0x00000000040049aa                os_heap_init
 .text.bootutil_tlv_iter_begin
                0x00000000040049ac       0x9c app/libapp.a(tlv.c.obj)
                0x00000000040049ac                bootutil_tlv_iter_begin
 .text.bootutil_tlv_iter_next
                0x0000000004004a48       0x98 app/libapp.a(tlv.c.obj)
                0x0000000004004a48                bootutil_tlv_iter_next
 .text.bootutil_tlv_iter_is_prot
                0x0000000004004ae0       0x1c app/libapp.a(tlv.c.obj)
                0x0000000004004ae0                bootutil_tlv_iter_is_prot
 .text.boot_fih_memequal
                0x0000000004004afc        0x4 app/libapp.a(bootutil_misc.c.obj)
                0x0000000004004afc                boot_fih_memequal
 .text.boot_trailer_sz
                0x0000000004004b00        0xa app/libapp.a(bootutil_misc.c.obj)
                0x0000000004004b00                boot_trailer_sz
 .text.bootutil_max_image_size
                0x0000000004004b0a        0x4 app/libapp.a(bootutil_misc.c.obj)
                0x0000000004004b0a                bootutil_max_image_size
 .text.boot_read_image_headers.constprop.0
                0x0000000004004b0e       0x2a app/libapp.a(loader.c.obj)
 .text.boot_read_sectors
                0x0000000004004b38       0x44 app/libapp.a(loader.c.obj)
 .text.boot_status_reset
                0x0000000004004b7c       0x12 app/libapp.a(loader.c.obj)
                0x0000000004004b7c                boot_status_reset
 .text.boot_status_is_reset
                0x0000000004004b8e       0x1a app/libapp.a(loader.c.obj)
                0x0000000004004b8e                boot_status_is_reset
 .text.boot_read_image_header
                0x0000000004004ba8       0x36 app/libapp.a(swap_scratch.c.obj)
                0x0000000004004ba8                boot_read_image_header
 .text.boot_slots_compatible
                0x0000000004004bde       0x7e app/libapp.a(swap_scratch.c.obj)
                0x0000000004004bde                boot_slots_compatible
 .text.tc_sha256_update
                0x0000000004004c5c       0x4c app/libapp.a(sha256.c.obj)
                0x0000000004004c5c                tc_sha256_update
 .text.tc_sha256_final
                0x0000000004004ca8       0xba app/libapp.a(sha256.c.obj)
                0x0000000004004ca8                tc_sha256_final
 .text._set     0x0000000004004d62        0x4 app/libapp.a(utils.c.obj)
                0x0000000004004d62                _set
 .text.chunk_field
                0x0000000004004d66       0x16 zephyr/libzephyr.a(heap.c.obj)
 .text.chunk_set
                0x0000000004004d7c       0x16 zephyr/libzephyr.a(heap.c.obj)
 .text.chunk_size
                0x0000000004004d92        0xc zephyr/libzephyr.a(heap.c.obj)
 .text.set_chunk_used
                0x0000000004004d9e       0x30 zephyr/libzephyr.a(heap.c.obj)
 .text.set_chunk_size
                0x0000000004004dce        0x8 zephyr/libzephyr.a(heap.c.obj)
 .text.mem_to_chunkid
                0x0000000004004dd6       0x14 zephyr/libzephyr.a(heap.c.obj)
 .text.bucket_idx.isra.0
                0x0000000004004dea       0x1c zephyr/libzephyr.a(heap.c.obj)
 .text.free_list_remove_bidx
                0x0000000004004e06       0x7c zephyr/libzephyr.a(heap.c.obj)
 .text.alloc_chunk
                0x0000000004004e82       0x74 zephyr/libzephyr.a(heap.c.obj)
 .text.split_chunks
                0x0000000004004ef6       0x4e zephyr/libzephyr.a(heap.c.obj)
 .text.free_list_add
                0x0000000004004f44       0x9a zephyr/libzephyr.a(heap.c.obj)
 .text.sys_heap_alloc
                0x0000000004004fde       0x8a zephyr/libzephyr.a(heap.c.obj)
                0x0000000004004fde                sys_heap_alloc
 .text.sys_heap_aligned_alloc
                0x0000000004005068      0x10e zephyr/libzephyr.a(heap.c.obj)
                0x0000000004005068                sys_heap_aligned_alloc
 .text.sys_heap_init
                0x0000000004005176       0xb8 zephyr/libzephyr.a(heap.c.obj)
                0x0000000004005176                sys_heap_init
 .text.str_out  0x000000000400522e       0x24 zephyr/libzephyr.a(printk.c.obj)
 .text._ldiv5   0x0000000004005252       0x30 zephyr/libzephyr.a(cbprintf_complete.c.obj)
 .text._get_digit
                0x0000000004005282       0x2e zephyr/libzephyr.a(cbprintf_complete.c.obj)
 .text.outs     0x00000000040052b0       0x2e zephyr/libzephyr.a(cbprintf_complete.c.obj)
 .text._ConfigAbsSyms
                0x00000000040052de        0x2 zephyr/libzephyr.a(configs.c.obj)
                0x00000000040052de                _ConfigAbsSyms
 .text.flash_area_close
                0x00000000040052e0        0x2 zephyr/libzephyr.a(flash_map.c.obj)
                0x00000000040052e0                flash_area_close
 .text.flash_area_read
                0x00000000040052e2       0x2a zephyr/libzephyr.a(flash_map.c.obj)
                0x00000000040052e2                flash_area_read
 .text.flash_area_write
                0x000000000400530c       0x2a zephyr/libzephyr.a(flash_map.c.obj)
                0x000000000400530c                flash_area_write
 .text.flash_area_erase
                0x0000000004005336       0x34 zephyr/libzephyr.a(flash_map.c.obj)
                0x0000000004005336                flash_area_erase
 .text.flash_area_align
                0x000000000400536a        0xe zephyr/libzephyr.a(flash_map.c.obj)
                0x000000000400536a                flash_area_align
 .text.flash_area_erased_val
                0x0000000004005378        0xe zephyr/libzephyr.a(flash_map.c.obj)
                0x0000000004005378                flash_area_erased_val
 .text.get_sectors_cb
                0x0000000004005386       0x44 zephyr/libzephyr.a(flash_map_layout.c.obj)
 .text.sys_trace_thread_sched_ready_user
                0x00000000040053ca        0x2 zephyr/libzephyr.a(tracing_user.c.obj)
                0x00000000040053ca                sys_trace_thread_sched_ready_user
 .text.sys_trace_thread_pend_user
                0x00000000040053cc        0x2 zephyr/libzephyr.a(tracing_user.c.obj)
                0x00000000040053cc                sys_trace_thread_pend_user
 .text.sys_trace_thread_priority_set_user
                0x00000000040053ce        0x2 zephyr/libzephyr.a(tracing_user.c.obj)
                0x00000000040053ce                sys_trace_thread_priority_set_user
 .text.sys_trace_idle_user
                0x00000000040053d0        0x2 zephyr/libzephyr.a(tracing_user.c.obj)
                0x00000000040053d0                sys_trace_idle_user
 .text.sys_trace_thread_create
                0x00000000040053d2        0x8 zephyr/libzephyr.a(tracing_user.c.obj)
                0x00000000040053d2                sys_trace_thread_create
 .text.sys_trace_thread_name_set
                0x00000000040053da        0x8 zephyr/libzephyr.a(tracing_user.c.obj)
                0x00000000040053da                sys_trace_thread_name_set
 .text.sys_trace_k_thread_switched_in
                0x00000000040053e2        0x8 zephyr/libzephyr.a(tracing_user.c.obj)
                0x00000000040053e2                sys_trace_k_thread_switched_in
 .text.sys_trace_k_thread_switched_out
                0x00000000040053ea        0x8 zephyr/libzephyr.a(tracing_user.c.obj)
                0x00000000040053ea                sys_trace_k_thread_switched_out
 .text.sys_trace_thread_sched_priority_set
                0x00000000040053f2        0x8 zephyr/libzephyr.a(tracing_user.c.obj)
                0x00000000040053f2                sys_trace_thread_sched_priority_set
 .text.sys_trace_thread_sched_ready
                0x00000000040053fa        0x8 zephyr/libzephyr.a(tracing_user.c.obj)
                0x00000000040053fa                sys_trace_thread_sched_ready
 .text.sys_trace_thread_pend
                0x0000000004005402        0x8 zephyr/libzephyr.a(tracing_user.c.obj)
                0x0000000004005402                sys_trace_thread_pend
 .text.sys_trace_idle
                0x000000000400540a        0x8 zephyr/libzephyr.a(tracing_user.c.obj)
                0x000000000400540a                sys_trace_idle
 .text.sys_trace_sys_init_enter
                0x0000000004005412        0x8 zephyr/libzephyr.a(tracing_user.c.obj)
                0x0000000004005412                sys_trace_sys_init_enter
 .text.sys_trace_sys_init_exit
                0x000000000400541a        0x8 zephyr/libzephyr.a(tracing_user.c.obj)
                0x000000000400541a                sys_trace_sys_init_exit
 .text.configure_builtin_stack_guard
                0x0000000004005422        0xa zephyr/arch/arch/arm/core/cortex_m/libarch__arm__core__cortex_m.a(thread.c.obj)
                0x0000000004005422                configure_builtin_stack_guard
 .text.arch_irq_unlock_outlined
                0x000000000400542c        0xe zephyr/arch/arch/arm/core/cortex_m/libarch__arm__core__cortex_m.a(thread.c.obj)
                0x000000000400542c                arch_irq_unlock_outlined
 .text.arch_cpu_idle
                0x000000000400543a       0x24 zephyr/arch/arch/arm/core/cortex_m/libarch__arm__core__cortex_m.a(cpu_idle.c.obj)
                0x000000000400543a                arch_cpu_idle
 .text._stdin_hook_default
                0x000000000400545e        0x4 zephyr/lib/libc/newlib/liblib__libc__newlib.a(libc-hooks.c.obj)
 .text._stdout_hook_default
                0x0000000004005462        0x6 zephyr/lib/libc/newlib/liblib__libc__newlib.a(libc-hooks.c.obj)
 .text.malloc_prepare
                0x0000000004005468        0x4 zephyr/lib/libc/newlib/liblib__libc__newlib.a(libc-hooks.c.obj)
 .text._read    0x000000000400546c        0x8 zephyr/lib/libc/newlib/liblib__libc__newlib.a(libc-hooks.c.obj)
                0x000000000400546c                read
                0x000000000400546c                _read
 .text._write   0x0000000004005474        0x8 zephyr/lib/libc/newlib/liblib__libc__newlib.a(libc-hooks.c.obj)
                0x0000000004005474                write
                0x0000000004005474                _write
 .text._close   0x000000000400547c        0x6 zephyr/lib/libc/newlib/liblib__libc__newlib.a(libc-hooks.c.obj)
                0x000000000400547c                close
                0x000000000400547c                _close
 .text._lseek   0x0000000004005482        0x4 zephyr/lib/libc/newlib/liblib__libc__newlib.a(libc-hooks.c.obj)
                0x0000000004005482                lseek
                0x0000000004005482                _lseek
 .text._isatty  0x0000000004005486        0xa zephyr/lib/libc/newlib/liblib__libc__newlib.a(libc-hooks.c.obj)
                0x0000000004005486                isatty
                0x0000000004005486                _isatty
 .text._fstat   0x0000000004005490        0xa zephyr/lib/libc/newlib/liblib__libc__newlib.a(libc-hooks.c.obj)
                0x0000000004005490                _fstat
                0x0000000004005490                fstat
 .text.__retarget_lock_init_recursive
                0x000000000400549a       0x14 zephyr/lib/libc/newlib/liblib__libc__newlib.a(libc-hooks.c.obj)
                0x000000000400549a                __retarget_lock_init_recursive
 .text.__retarget_lock_acquire_recursive
                0x00000000040054ae        0xc zephyr/lib/libc/newlib/liblib__libc__newlib.a(libc-hooks.c.obj)
                0x00000000040054ae                __retarget_lock_acquire_recursive
 .text.__retarget_lock_release_recursive
                0x00000000040054ba        0x4 zephyr/lib/libc/newlib/liblib__libc__newlib.a(libc-hooks.c.obj)
                0x00000000040054ba                __retarget_lock_release_recursive
 .text.z_arm_on_enter_cpu_idle_prepare
                0x00000000040054be        0x4 zephyr/soc/soc/ab162x/ab162x/lib..__airoha__mcu__soc__airoha__ab162x.a(soc.c.obj)
                0x00000000040054be                z_arm_on_enter_cpu_idle_prepare
 .text.sys_trace_thread_switched_in_user
                0x00000000040054c2        0x2 zephyr/soc/soc/ab162x/common/lib..__airoha__mcu__soc__airoha__common.a(air_tracing.c.obj)
                0x00000000040054c2                sys_trace_thread_switched_in_user
 .text.sys_trace_thread_switched_out_user
                0x00000000040054c4        0x2 zephyr/soc/soc/ab162x/common/lib..__airoha__mcu__soc__airoha__common.a(air_tracing.c.obj)
                0x00000000040054c4                sys_trace_thread_switched_out_user
 .text.__wrap_malloc
                0x00000000040054c6        0x4 zephyr/soc/soc/ab162x/common/lib..__airoha__mcu__soc__airoha__common.a(air_allocation_c_lib.c.obj)
                0x00000000040054c6                __wrap_malloc
 .text.uart_reset_default_value_pre_init
                0x00000000040054ca       0x26 zephyr/soc/soc/ab162x/common/lib..__airoha__mcu__soc__airoha__common.a(air_uart_pre_init.c.obj)
                0x00000000040054ca                uart_reset_default_value_pre_init
 .text.flash_page_foreach
                0x00000000040054f0       0x58 zephyr/drivers/flash/libdrivers__flash.a(flash_page_layout.c.obj)
                0x00000000040054f0                flash_page_foreach
 .text.boot_swap_info_off
                0x0000000004005548        0xc modules/mcuboot/libmcuboot_util.a(bootutil_public.c.obj)
                0x0000000004005548                boot_swap_info_off
 .text.boot_magic_compatible_check
                0x0000000004005554       0x1c modules/mcuboot/libmcuboot_util.a(bootutil_public.c.obj)
                0x0000000004005554                boot_magic_compatible_check
 .text.bootutil_buffer_is_erased
                0x0000000004005570       0x26 modules/mcuboot/libmcuboot_util.a(bootutil_public.c.obj)
                0x0000000004005570                bootutil_buffer_is_erased
 .text.boot_read_flag
                0x0000000004005596       0x38 modules/mcuboot/libmcuboot_util.a(bootutil_public.c.obj)
 .text.boot_read_image_ok
                0x00000000040055ce        0xc modules/mcuboot/libmcuboot_util.a(bootutil_public.c.obj)
                0x00000000040055ce                boot_read_image_ok
 .text.boot_read_swap_state_by_id
                0x00000000040055da       0x28 modules/mcuboot/libmcuboot_util.a(bootutil_public.c.obj)
                0x00000000040055da                boot_read_swap_state_by_id
 .text.clock_get_src_freq_khz
                0x0000000004005602       0x10 modules/airoha/modules/hal/airoha/ab162x/lib..__airoha__mcu__modules__hal__airoha__ab162x.a(hal_clock.c.obj)
                0x0000000004005602                clock_get_src_freq_khz
 .text.hal_clock_get_freq_meter
                0x0000000004005612        0x4 modules/airoha/modules/hal/airoha/ab162x/lib..__airoha__mcu__modules__hal__airoha__ab162x.a(hal_clock.c.obj)
                0x0000000004005612                hal_clock_get_freq_meter
 .text.hal_clock_fqmtr_winset_estimate
                0x0000000004005616       0x32 modules/airoha/modules/hal/airoha/ab162x/lib..__airoha__mcu__modules__hal__airoha__ab162x.a(hal_clock.c.obj)
                0x0000000004005616                hal_clock_fqmtr_winset_estimate
 .text.lposc_calibrate
                0x0000000004005648       0x18 modules/airoha/modules/hal/airoha/ab162x/lib..__airoha__mcu__modules__hal__airoha__ab162x.a(hal_clock.c.obj)
                0x0000000004005648                lposc_calibrate
 .text.hal_dvfs_init_end
                0x0000000004005660        0x2 modules/airoha/modules/hal/airoha/ab162x/lib..__airoha__mcu__modules__hal__airoha__ab162x.a(hal_dvfs.c.obj)
                0x0000000004005660                hal_dvfs_init_end
 .text.CMEM_BlockSize_Internal
                0x0000000004005662       0x30 modules/airoha/modules/hal/airoha/ab162x/lib..__airoha__mcu__modules__hal__airoha__ab162x.a(hal_flash_combo_nor.c.obj)
                0x0000000004005662                CMEM_BlockSize_Internal
 .text.NOR_Get_FlashSizeFromBankInfo
                0x0000000004005692       0x18 modules/airoha/modules/hal/airoha/ab162x/lib..__airoha__mcu__modules__hal__airoha__ab162x.a(hal_flash_combo_nor.c.obj)
                0x0000000004005692                NOR_Get_FlashSizeFromBankInfo
 .text.CMEM_NOR_Construct_RegionInfo_Internal
                0x00000000040056aa       0x64 modules/airoha/modules/hal/airoha/ab162x/lib..__airoha__mcu__modules__hal__airoha__ab162x.a(hal_flash_combo_nor.c.obj)
                0x00000000040056aa                CMEM_NOR_Construct_RegionInfo_Internal
 .text.custom_get_NORFLASH_Size
                0x000000000400570e       0x18 modules/airoha/modules/hal/airoha/ab162x/lib..__airoha__mcu__modules__hal__airoha__ab162x.a(hal_flash_custom.c.obj)
                0x000000000400570e                custom_get_NORFLASH_Size
 .text.Custom_NOR_Init
                0x0000000004005726        0x4 modules/airoha/modules/hal/airoha/ab162x/lib..__airoha__mcu__modules__hal__airoha__ab162x.a(hal_flash_custom.c.obj)
                0x0000000004005726                Custom_NOR_Init
 .text.MountDevice
                0x000000000400572a       0x24 modules/airoha/modules/hal/airoha/ab162x/lib..__airoha__mcu__modules__hal__airoha__ab162x.a(hal_flash_disk.c.obj)
 .text.eraseRawDiskBlock
                0x000000000400574e       0x20 modules/airoha/modules/hal/airoha/ab162x/lib..__airoha__mcu__modules__hal__airoha__ab162x.a(hal_flash_disk.c.obj)
                0x000000000400574e                eraseRawDiskBlock
 .text.hal_flash_init
                0x000000000400576e       0x18 modules/airoha/modules/hal/airoha/ab162x/lib..__airoha__mcu__modules__hal__airoha__ab162x.a(hal_flash_disk.c.obj)
                0x000000000400576e                hal_flash_init
 .text.OTP_Data_Operate
                0x0000000004005786       0x3c modules/airoha/modules/hal/airoha/ab162x/lib..__airoha__mcu__modules__hal__airoha__ab162x.a(hal_flash_disk.c.obj)
                0x0000000004005786                OTP_Data_Operate
 .text.SF_DAL_Init_WINBOND
                0x00000000040057c2       0x5c modules/airoha/modules/hal/airoha/ab162x/lib..__airoha__mcu__modules__hal__airoha__ab162x.a(hal_flash_mtd_dal.c.obj)
                0x00000000040057c2                SF_DAL_Init_WINBOND
 .text.SF_DAL_Init_GIGADEVICE
                0x000000000400581e       0x18 modules/airoha/modules/hal/airoha/ab162x/lib..__airoha__mcu__modules__hal__airoha__ab162x.a(hal_flash_mtd_dal.c.obj)
                0x000000000400581e                SF_DAL_Init_GIGADEVICE
 .text.SF_DAL_Init_XMC
                0x0000000004005836       0x18 modules/airoha/modules/hal/airoha/ab162x/lib..__airoha__mcu__modules__hal__airoha__ab162x.a(hal_flash_mtd_dal.c.obj)
                0x0000000004005836                SF_DAL_Init_XMC
 .text.SF_DAL_Init_Vendor
                0x000000000400584e       0x4a modules/airoha/modules/hal/airoha/ab162x/lib..__airoha__mcu__modules__hal__airoha__ab162x.a(hal_flash_mtd_dal.c.obj)
                0x000000000400584e                SF_DAL_Init_Vendor
 .text.SF_DAL_Init_Driver
                0x0000000004005898       0x6e modules/airoha/modules/hal/airoha/ab162x/lib..__airoha__mcu__modules__hal__airoha__ab162x.a(hal_flash_mtd_dal.c.obj)
                0x0000000004005898                SF_DAL_Init_Driver
 .text.pmu_init
                0x0000000004005906        0x2 modules/airoha/modules/hal/airoha/ab162x/lib..__airoha__mcu__modules__hal__airoha__ab162x.a(hal_pmu.c.obj)
                0x0000000004005906                pmu_init
 .text.hal_rtc_get_time
                0x0000000004005908        0x4 modules/airoha/modules/hal/airoha/ab162x/lib..__airoha__mcu__modules__hal__airoha__ab162x.a(hal_rtc.c.obj)
                0x0000000004005908                hal_rtc_get_time
 .text.hal_rtc_init
                0x000000000400590c        0x4 modules/airoha/modules/hal/airoha/ab162x/lib..__airoha__mcu__modules__hal__airoha__ab162x.a(hal_rtc.c.obj)
                0x000000000400590c                hal_rtc_init
 .text.hal_rtc_get_f32k_frequency
                0x0000000004005910       0x16 modules/airoha/modules/hal/airoha/ab162x/lib..__airoha__mcu__modules__hal__airoha__ab162x.a(hal_rtc.c.obj)
                0x0000000004005910                hal_rtc_get_f32k_frequency
 .text.isLeapYear
                0x0000000004005926       0x28 modules/airoha/modules/hal/airoha/ab162x/lib..__airoha__mcu__modules__hal__airoha__ab162x.a(hal_rtc_internal.c.obj)
 .text.compare  0x000000000400594e       0x34 modules/airoha/modules/hal/airoha/ab162x/lib..__airoha__mcu__modules__hal__airoha__ab162x.a(hal_rtc_internal.c.obj)
                0x000000000400594e                compare
 .text.heapup   0x0000000004005982       0x2c modules/airoha/modules/hal/airoha/ab162x/lib..__airoha__mcu__modules__hal__airoha__ab162x.a(hal_rtc_internal.c.obj)
                0x0000000004005982                heapup
 .text.heapdown
                0x00000000040059ae       0x6a modules/airoha/modules/hal/airoha/ab162x/lib..__airoha__mcu__modules__hal__airoha__ab162x.a(hal_rtc_internal.c.obj)
                0x00000000040059ae                heapdown
 .text.statusChangeHeap
                0x0000000004005a18       0x40 modules/airoha/modules/hal/airoha/ab162x/lib..__airoha__mcu__modules__hal__airoha__ab162x.a(hal_rtc_internal.c.obj)
                0x0000000004005a18                statusChangeHeap
 .text.hal_wdt_get_reset_status
                0x0000000004005a58        0x6 modules/airoha/modules/hal/airoha/ab162x/lib..__airoha__mcu__modules__hal__airoha__ab162x.a(hal_wdt.c.obj)
                0x0000000004005a58                hal_wdt_get_reset_status
 .text.sys_clock_elapsed
                0x0000000004005a5e        0x4 modules/airoha/drivers/ab162x/os_timer/lib..__airoha__mcu__drivers__ab162x__os_timer.a(ost_airoha.c.obj)
                0x0000000004005a5e                sys_clock_elapsed
 .text.sys_clock_set_timeout
                0x0000000004005a62       0x18 modules/airoha/drivers/ab162x/os_timer/lib..__airoha__mcu__drivers__ab162x__os_timer.a(ost_airoha.c.obj)
                0x0000000004005a62                sys_clock_set_timeout
 .text.flash_apply_parameter
                0x0000000004005a7a        0xa modules/airoha/drivers/ab162x/flash/lib..__airoha__mcu__drivers__ab162x__flash.a(flash_airoha.c.obj)
 .text.flash_airoha_write
                0x0000000004005a84        0xe modules/airoha/drivers/ab162x/flash/lib..__airoha__mcu__drivers__ab162x__flash.a(flash_airoha.c.obj)
 .text.flash_airoha_read
                0x0000000004005a92        0xe modules/airoha/drivers/ab162x/flash/lib..__airoha__mcu__drivers__ab162x__flash.a(flash_airoha.c.obj)
 .text.intc_init
                0x0000000004005aa0        0x8 modules/airoha/drivers/ab162x/interrupt_controller/lib..__airoha__mcu__drivers__ab162x__interrupt_controller.a(intc_airoha.c.obj)
 .text.rtc_airoha_get_time
                0x0000000004005aa8       0x4e modules/airoha/drivers/ab162x/rtc/lib..__airoha__mcu__drivers__ab162x__rtc.a(rtc_airoha.c.obj)
 .text.rtc_init
                0x0000000004005af6        0xa modules/airoha/drivers/ab162x/rtc/lib..__airoha__mcu__drivers__ab162x__rtc.a(rtc_airoha.c.obj)
 .text.airoha_clock_control_get_rate
                0x0000000004005b00        0x6 modules/airoha/drivers/ab162x/clock_control/lib..__airoha__mcu__drivers__ab162x__clock_control.a(clock_control_airoha.c.obj)
 .text.airoha_clock_control_get_status
                0x0000000004005b06        0xe modules/airoha/drivers/ab162x/clock_control/lib..__airoha__mcu__drivers__ab162x__clock_control.a(clock_control_airoha.c.obj)
 .text.airoha_clock_control_off
                0x0000000004005b14       0x14 modules/airoha/drivers/ab162x/clock_control/lib..__airoha__mcu__drivers__ab162x__clock_control.a(clock_control_airoha.c.obj)
 .text.airoha_clock_control_on
                0x0000000004005b28       0x14 modules/airoha/drivers/ab162x/clock_control/lib..__airoha__mcu__drivers__ab162x__clock_control.a(clock_control_airoha.c.obj)
 .text.airoha_clock_control_set_rate
                0x0000000004005b3c        0x6 modules/airoha/drivers/ab162x/clock_control/lib..__airoha__mcu__drivers__ab162x__clock_control.a(clock_control_airoha.c.obj)
 .text.airoha_clock_control_configure
                0x0000000004005b42        0x6 modules/airoha/drivers/ab162x/clock_control/lib..__airoha__mcu__drivers__ab162x__clock_control.a(clock_control_airoha.c.obj)
 .text.partition_table_init_fn
                0x0000000004005b48        0x8 modules/airoha/subsys/airoha/partition/lib..__airoha__mcu__subsys__airoha__partition.a(partition.c.obj)
 .text.fota_init
                0x0000000004005b50        0xa modules/airoha/subsys/airoha/fota/libfota.a(fota_multi_info.c.obj)
 .text.bootreason_module_init
                0x0000000004005b5a        0x4 modules/airoha/subsys/airoha/bootreason_check/lib..__airoha__mcu__subsys__airoha__bootreason_check.a(bootreason_check.c.obj)
 .text          0x0000000004005b5e      0x29c /opt/toolchains/zephyr-sdk-0.16.9/arm-zephyr-eabi/bin/../lib/gcc/arm-zephyr-eabi/12.2.0/thumb/v8-m.main+fp/hard/libgcc.a(_udivmoddi4.o)
                0x0000000004005b5e                __udivmoddi4
 .text.memcmp   0x0000000004005dfa       0x20 /opt/toolchains/zephyr-sdk-0.16.9/arm-zephyr-eabi/arm-zephyr-eabi/lib/thumb/v8-m.main+fp/hard/libc_nano.a(lib_a-memcmp.o)
                0x0000000004005dfa                memcmp
 .text.__sfputc_r
                0x0000000004005e1a       0x2e /opt/toolchains/zephyr-sdk-0.16.9/arm-zephyr-eabi/arm-zephyr-eabi/lib/thumb/v8-m.main+fp/hard/libc_nano.a(lib_a-nano-vfprintf.o)
 .text.__sfputs_r
                0x0000000004005e48       0x24 /opt/toolchains/zephyr-sdk-0.16.9/arm-zephyr-eabi/arm-zephyr-eabi/lib/thumb/v8-m.main+fp/hard/libc_nano.a(lib_a-nano-vfprintf.o)
                0x0000000004005e48                __sfputs_r
 .text._printf_common
                0x0000000004005e6c       0xe4 /opt/toolchains/zephyr-sdk-0.16.9/arm-zephyr-eabi/arm-zephyr-eabi/lib/thumb/v8-m.main+fp/hard/libc_nano.a(lib_a-nano-vfprintf_i.o)
                0x0000000004005e6c                _printf_common
 .text          0x0000000004005f50       0x14 /opt/toolchains/zephyr-sdk-0.16.9/arm-zephyr-eabi/arm-zephyr-eabi/lib/thumb/v8-m.main+fp/hard/libc_nano.a(lib_a-strcmp.o)
                0x0000000004005f50                strcmp
 .text          0x0000000004005f64       0x10 /opt/toolchains/zephyr-sdk-0.16.9/arm-zephyr-eabi/arm-zephyr-eabi/lib/thumb/v8-m.main+fp/hard/libc_nano.a(lib_a-strlen.o)
                0x0000000004005f64                strlen
 .text.strncpy  0x0000000004005f74       0x26 /opt/toolchains/zephyr-sdk-0.16.9/arm-zephyr-eabi/arm-zephyr-eabi/lib/thumb/v8-m.main+fp/hard/libc_nano.a(lib_a-strncpy.o)
                0x0000000004005f74                strncpy
 .text.strnlen  0x0000000004005f9a       0x18 /opt/toolchains/zephyr-sdk-0.16.9/arm-zephyr-eabi/arm-zephyr-eabi/lib/thumb/v8-m.main+fp/hard/libc_nano.a(lib_a-strnlen.o)
                0x0000000004005f9a                strnlen
 .text.strstr   0x0000000004005fb2       0x2c /opt/toolchains/zephyr-sdk-0.16.9/arm-zephyr-eabi/arm-zephyr-eabi/lib/thumb/v8-m.main+fp/hard/libc_nano.a(lib_a-strstr.o)
                0x0000000004005fb2                strstr
 .text.__sflush_r
                0x0000000004005fde      0x106 /opt/toolchains/zephyr-sdk-0.16.9/arm-zephyr-eabi/arm-zephyr-eabi/lib/thumb/v8-m.main+fp/hard/libc_nano.a(lib_a-fflush.o)
                0x0000000004005fde                __sflush_r
 .text.__sfmoreglue
                0x00000000040060e4       0x2c /opt/toolchains/zephyr-sdk-0.16.9/arm-zephyr-eabi/arm-zephyr-eabi/lib/thumb/v8-m.main+fp/hard/libc_nano.a(lib_a-findfp.o)
                0x00000000040060e4                __sfmoreglue
 .text._fwalk_reent
                0x0000000004006110       0x3e /opt/toolchains/zephyr-sdk-0.16.9/arm-zephyr-eabi/arm-zephyr-eabi/lib/thumb/v8-m.main+fp/hard/libc_nano.a(lib_a-fwalk.o)
                0x0000000004006110                _fwalk_reent
 .text.__swhatbuf_r
                0x000000000400614e       0x4a /opt/toolchains/zephyr-sdk-0.16.9/arm-zephyr-eabi/arm-zephyr-eabi/lib/thumb/v8-m.main+fp/hard/libc_nano.a(lib_a-makebuf.o)
                0x000000000400614e                __swhatbuf_r
 .text.memchr   0x0000000004006198       0x1c /opt/toolchains/zephyr-sdk-0.16.9/arm-zephyr-eabi/arm-zephyr-eabi/lib/thumb/v8-m.main+fp/hard/libc_nano.a(lib_a-memchr-stub.o)
                0x0000000004006198                memchr
 .text.__sread  0x00000000040061b4       0x22 /opt/toolchains/zephyr-sdk-0.16.9/arm-zephyr-eabi/arm-zephyr-eabi/lib/thumb/v8-m.main+fp/hard/libc_nano.a(lib_a-stdio.o)
                0x00000000040061b4                __sread
 .text.__swrite
                0x00000000040061d6       0x38 /opt/toolchains/zephyr-sdk-0.16.9/arm-zephyr-eabi/arm-zephyr-eabi/lib/thumb/v8-m.main+fp/hard/libc_nano.a(lib_a-stdio.o)
                0x00000000040061d6                __swrite
 .text.__sseek  0x000000000400620e       0x24 /opt/toolchains/zephyr-sdk-0.16.9/arm-zephyr-eabi/arm-zephyr-eabi/lib/thumb/v8-m.main+fp/hard/libc_nano.a(lib_a-stdio.o)
                0x000000000400620e                __sseek
 .text.__sclose
                0x0000000004006232        0x8 /opt/toolchains/zephyr-sdk-0.16.9/arm-zephyr-eabi/arm-zephyr-eabi/lib/thumb/v8-m.main+fp/hard/libc_nano.a(lib_a-stdio.o)
                0x0000000004006232                __sclose
 *(SORT_BY_ALIGNMENT(.TEXT.*))
 *fill*         0x000000000400623a        0x2 
 .TEXT.__aeabi_read_tp
                0x000000000400623c        0xc zephyr/arch/arch/arm/core/cortex_m/libarch__arm__core__cortex_m.a(__aeabi_read_tp.S.obj)
                0x000000000400623c                __aeabi_read_tp
 *(SORT_BY_NAME(SORT_BY_ALIGNMENT(._af_evt_type*)))
 *(SORT_BY_NAME(SORT_BY_ALIGNMENT(_app_evt_dispatcher_*)))
 *(SORT_BY_ALIGNMENT(.gnu.linkonce.t.*))
                0x0000000004006248                . = ALIGN (0x4)
                0x0000000004006248                _tcm_text_start = .
                0x0000000004006280                . = ALIGN (0x80)
 *fill*         0x0000000004006248       0x38 
                0x0000000004000155                exception_num = 0x45
                0x0000000004006400                . = ALIGN ((0x1 << LOG2CEIL ((exception_num * 0x4))))
 *fill*         0x0000000004006280      0x180 
                0x0000000004006400                _vector_start = .
 *(SORT_BY_ALIGNMENT(.isr_vector))
 .isr_vector    0x0000000004006400      0x114 zephyr/soc/soc/ab162x/ab162x/lib..__airoha__mcu__soc__airoha__ab162x.a(soc.c.obj)
                0x0000000004006400                g_pfnVectors
 *(SORT_BY_ALIGNMENT(.gnu.linkonce.irq_vector_table*))
 *(SORT_BY_ALIGNMENT(.vectors))
 *(SORT_BY_ALIGNMENT(.exception_code*))
 .exception_code."WEST_TOPDIR/airoha/mcu/soc/airoha/ab162x/soc.c".67
                0x0000000004006514       0x20 zephyr/soc/soc/ab162x/ab162x/lib..__airoha__mcu__soc__airoha__ab162x.a(soc.c.obj)
                0x0000000004006514                arch_printk_char_out
 .exception_code."WEST_TOPDIR/airoha/mcu/soc/airoha/ab162x/soc.c".148
                0x0000000004006534       0x74 zephyr/soc/soc/ab162x/ab162x/lib..__airoha__mcu__soc__airoha__ab162x.a(soc.c.obj)
 .exception_code."WEST_TOPDIR/airoha/mcu/soc/airoha/ab162x/soc.c".172
                0x00000000040065a8       0x50 zephyr/soc/soc/ab162x/ab162x/lib..__airoha__mcu__soc__airoha__ab162x.a(soc.c.obj)
                0x00000000040065a8                MemManage_Handler
 .exception_code."WEST_TOPDIR/airoha/mcu/soc/airoha/ab162x/soc.c".332
                0x00000000040065f8       0x30 zephyr/soc/soc/ab162x/ab162x/lib..__airoha__mcu__soc__airoha__ab162x.a(soc.c.obj)
 .exception_code."WEST_TOPDIR/airoha/mcu/soc/airoha/ab162x/soc.c".356
                0x0000000004006628       0x34 zephyr/soc/soc/ab162x/ab162x/lib..__airoha__mcu__soc__airoha__ab162x.a(soc.c.obj)
                0x0000000004006628                SVC_Handler
 .exception_code."WEST_TOPDIR/airoha/mcu/soc/airoha/ab162x/soc.c".403
                0x000000000400665c        0xe zephyr/soc/soc/ab162x/ab162x/lib..__airoha__mcu__soc__airoha__ab162x.a(soc.c.obj)
                0x000000000400665c                PendSV_Handler
 .exception_code."WEST_TOPDIR/airoha/mcu/soc/airoha/ab162x/soc.c".129
                0x000000000400666a       0x12 zephyr/soc/soc/ab162x/ab162x/lib..__airoha__mcu__soc__airoha__ab162x.a(soc.c.obj)
                0x000000000400666a                NMI_Handler
 .exception_code."WEST_TOPDIR/airoha/mcu/soc/airoha/ab162x/soc.c".139
                0x000000000400667c       0x12 zephyr/soc/soc/ab162x/ab162x/lib..__airoha__mcu__soc__airoha__ab162x.a(soc.c.obj)
                0x000000000400667c                HardFault_Handler
 .exception_code."WEST_TOPDIR/airoha/mcu/soc/airoha/ab162x/soc.c".188
                0x000000000400668e       0x12 zephyr/soc/soc/ab162x/ab162x/lib..__airoha__mcu__soc__airoha__ab162x.a(soc.c.obj)
                0x000000000400668e                BusFault_Handler
 .exception_code."WEST_TOPDIR/airoha/mcu/soc/airoha/ab162x/soc.c".235
                0x00000000040066a0       0x12 zephyr/soc/soc/ab162x/ab162x/lib..__airoha__mcu__soc__airoha__ab162x.a(soc.c.obj)
                0x00000000040066a0                UsageFault_Handler
 .exception_code."WEST_TOPDIR/airoha/mcu/soc/airoha/ab162x/soc.c".322
                0x00000000040066b2       0x12 zephyr/soc/soc/ab162x/ab162x/lib..__airoha__mcu__soc__airoha__ab162x.a(soc.c.obj)
                0x00000000040066b2                SecureFault_Handler
 .exception_code."WEST_TOPDIR/airoha/mcu/soc/airoha/ab162x/soc.c".378
                0x00000000040066c4       0x12 zephyr/soc/soc/ab162x/ab162x/lib..__airoha__mcu__soc__airoha__ab162x.a(soc.c.obj)
                0x00000000040066c4                DebugMon_Handler
 .exception_code."WEST_TOPDIR/airoha/mcu/soc/airoha/ab162x/soc.c".388
                0x00000000040066d6       0x12 zephyr/soc/soc/ab162x/ab162x/lib..__airoha__mcu__soc__airoha__ab162x.a(soc.c.obj)
                0x00000000040066d6                SysTick_Handler
 *swap_helper.S.obj(SORT_BY_ALIGNMENT(.text*))
 .text.z_arm_pendsv
                0x00000000040066e8       0xbc zephyr/arch/arch/arm/core/cortex_m/libarch__arm__core__cortex_m.a(swap_helper.S.obj)
                0x00000000040066e8                z_arm_pendsv
 *libkernel.a:*.c.obj(SORT_BY_ALIGNMENT(.text*))
 .text.z_impl_device_get_binding
                0x00000000040067a4       0x54 zephyr/kernel/libkernel.a(device.c.obj)
                0x00000000040067a4                z_impl_device_get_binding
 .text.z_sys_init_run_level
                0x00000000040067f8       0x40 zephyr/kernel/libkernel.a(init.c.obj)
 .text.bg_thread_main
                0x0000000004006838       0xc4 zephyr/kernel/libkernel.a(init.c.obj)
 .text.z_bss_zero
                0x00000000040068fc       0x18 zephyr/kernel/libkernel.a(init.c.obj)
                0x00000000040068fc                z_bss_zero
 .text.z_init_cpu
                0x0000000004006914       0x70 zephyr/kernel/libkernel.a(init.c.obj)
                0x0000000004006914                z_init_cpu
 .text.z_cstart
                0x0000000004006984       0xe0 zephyr/kernel/libkernel.a(init.c.obj)
                0x0000000004006984                z_cstart
 .text.__do_global_ctors_aux
                0x0000000004006a64       0x1c zephyr/kernel/libkernel.a(init_static.c.obj)
                0x0000000004006a64                __do_global_ctors_aux
 .text.__do_init_array_aux
                0x0000000004006a80       0x1c zephyr/kernel/libkernel.a(init_static.c.obj)
                0x0000000004006a80                __do_init_array_aux
 .text.z_impl_k_mutex_lock
                0x0000000004006a9c       0xf0 zephyr/kernel/libkernel.a(mutex.c.obj)
                0x0000000004006a9c                z_impl_k_mutex_lock
 .text.z_impl_k_mutex_unlock
                0x0000000004006b8c       0x78 zephyr/kernel/libkernel.a(mutex.c.obj)
                0x0000000004006b8c                z_impl_k_mutex_unlock
 .text.z_impl_k_sem_give
                0x0000000004006c04       0x48 zephyr/kernel/libkernel.a(sem.c.obj)
                0x0000000004006c04                z_impl_k_sem_give
 .text.work_queue_main
                0x0000000004006c4c      0x138 zephyr/kernel/libkernel.a(work.c.obj)
 .text.k_work_queue_start
                0x0000000004006d84       0x7c zephyr/kernel/libkernel.a(work.c.obj)
                0x0000000004006d84                k_work_queue_start
 .text.z_impl_k_thread_name_set
                0x0000000004006e00       0x28 zephyr/kernel/libkernel.a(thread.c.obj)
                0x0000000004006e00                z_impl_k_thread_name_set
 .text.z_setup_new_thread
                0x0000000004006e28       0xdc zephyr/kernel/libkernel.a(thread.c.obj)
                0x0000000004006e28                z_setup_new_thread
 .text.z_impl_k_thread_create
                0x0000000004006f04       0x58 zephyr/kernel/libkernel.a(thread.c.obj)
                0x0000000004006f04                z_impl_k_thread_create
 .text.z_thread_mark_switched_out
                0x0000000004006f5c       0x18 zephyr/kernel/libkernel.a(thread.c.obj)
                0x0000000004006f5c                z_thread_mark_switched_out
 .text.update_cache
                0x0000000004006f74       0x4c zephyr/kernel/libkernel.a(sched.c.obj)
 .text.unready_thread
                0x0000000004006fc0       0x60 zephyr/kernel/libkernel.a(sched.c.obj)
 .text.ready_thread
                0x0000000004007020       0x64 zephyr/kernel/libkernel.a(sched.c.obj)
 .text.z_thread_halt
                0x0000000004007084      0x130 zephyr/kernel/libkernel.a(sched.c.obj)
 .text.move_thread_to_end_of_prio_q
                0x00000000040071b4       0x94 zephyr/kernel/libkernel.a(sched.c.obj)
                0x00000000040071b4                move_thread_to_end_of_prio_q
 .text.z_pend_curr
                0x0000000004007248       0x58 zephyr/kernel/libkernel.a(sched.c.obj)
                0x0000000004007248                z_pend_curr
 .text.z_thread_prio_set
                0x00000000040072a0       0xb8 zephyr/kernel/libkernel.a(sched.c.obj)
                0x00000000040072a0                z_thread_prio_set
 .text.z_reschedule
                0x0000000004007358       0x24 zephyr/kernel/libkernel.a(sched.c.obj)
                0x0000000004007358                z_reschedule
 .text.z_sched_start
                0x000000000400737c       0x3c zephyr/kernel/libkernel.a(sched.c.obj)
                0x000000000400737c                z_sched_start
 .text.z_reschedule_irqlock
                0x00000000040073b8       0x28 zephyr/kernel/libkernel.a(sched.c.obj)
                0x00000000040073b8                z_reschedule_irqlock
 .text.k_sched_lock
                0x00000000040073e0       0x28 zephyr/kernel/libkernel.a(sched.c.obj)
                0x00000000040073e0                k_sched_lock
 .text.k_sched_unlock
                0x0000000004007408       0x40 zephyr/kernel/libkernel.a(sched.c.obj)
                0x0000000004007408                k_sched_unlock
 .text.z_sched_init
                0x0000000004007448        0xc zephyr/kernel/libkernel.a(sched.c.obj)
                0x0000000004007448                z_sched_init
 .text.z_impl_k_yield
                0x0000000004007454       0x9c zephyr/kernel/libkernel.a(sched.c.obj)
                0x0000000004007454                z_impl_k_yield
 .text.z_impl_k_sched_current_thread_query
                0x00000000040074f0        0xc zephyr/kernel/libkernel.a(sched.c.obj)
                0x00000000040074f0                z_impl_k_sched_current_thread_query
 .text.z_sched_wait
                0x00000000040074fc       0x24 zephyr/kernel/libkernel.a(sched.c.obj)
                0x00000000040074fc                z_sched_wait
 .text.slice_timeout
                0x0000000004007520       0x20 zephyr/kernel/libkernel.a(timeslicing.c.obj)
 .text.thread_is_sliceable
                0x0000000004007540       0x3c zephyr/kernel/libkernel.a(timeslicing.c.obj)
                0x0000000004007540                thread_is_sliceable
 .text.z_reset_time_slice
                0x000000000400757c       0x50 zephyr/kernel/libkernel.a(timeslicing.c.obj)
                0x000000000400757c                z_reset_time_slice
 .text.z_time_slice
                0x00000000040075cc       0x60 zephyr/kernel/libkernel.a(timeslicing.c.obj)
                0x00000000040075cc                z_time_slice
 .text.z_thread_monitor_exit
                0x000000000400762c       0x40 zephyr/kernel/libkernel.a(thread_monitor.c.obj)
                0x000000000400762c                z_thread_monitor_exit
 .text.elapsed  0x000000000400766c       0x14 zephyr/kernel/libkernel.a(timeout.c.obj)
 .text.remove_timeout
                0x0000000004007680       0x38 zephyr/kernel/libkernel.a(timeout.c.obj)
 .text.next_timeout
                0x00000000040076b8       0x40 zephyr/kernel/libkernel.a(timeout.c.obj)
 .text.z_add_timeout
                0x00000000040076f8       0xf4 zephyr/kernel/libkernel.a(timeout.c.obj)
                0x00000000040076f8                z_add_timeout
 .text.sys_clock_announce
                0x00000000040077ec       0xd0 zephyr/kernel/libkernel.a(timeout.c.obj)
                0x00000000040077ec                sys_clock_announce
 .text.sys_clock_tick_get
                0x00000000040078bc       0x30 zephyr/kernel/libkernel.a(timeout.c.obj)
                0x00000000040078bc                sys_clock_tick_get
 .text.k_aligned_alloc
                0x00000000040078ec       0x10 zephyr/kernel/libkernel.a(mempool.c.obj)
                0x00000000040078ec                k_aligned_alloc
 .text.k_thread_system_pool_assign
                0x00000000040078fc        0xc zephyr/kernel/libkernel.a(mempool.c.obj)
                0x00000000040078fc                k_thread_system_pool_assign
 .text.statics_init
                0x0000000004007908       0x24 zephyr/kernel/libkernel.a(kheap.c.obj)
 .text.k_sys_work_q_init
                0x000000000400792c       0x34 zephyr/kernel/libkernel.a(system_work_q.c.obj)
 .text.z_device_state_init
                0x0000000004007960        0x2 zephyr/kernel/libkernel.a(device.c.obj)
                0x0000000004007960                z_device_state_init
 .text.z_impl_device_is_ready
                0x0000000004007962       0x16 zephyr/kernel/libkernel.a(device.c.obj)
                0x0000000004007962                z_impl_device_is_ready
 .text.do_device_init
                0x0000000004007978       0x30 zephyr/kernel/libkernel.a(init.c.obj)
 .text.z_early_memset
                0x00000000040079a8        0x4 zephyr/kernel/libkernel.a(init.c.obj)
                0x00000000040079a8                z_early_memset
 .text.z_init_static
                0x00000000040079ac        0xe zephyr/kernel/libkernel.a(init_static.c.obj)
                0x00000000040079ac                z_init_static
 .text.idle     0x00000000040079ba       0x16 zephyr/kernel/libkernel.a(idle.c.obj)
                0x00000000040079ba                idle
 .text.adjust_owner_prio.isra.0
                0x00000000040079d0       0x10 zephyr/kernel/libkernel.a(mutex.c.obj)
 .text.z_impl_k_mutex_init
                0x00000000040079e0        0xe zephyr/kernel/libkernel.a(mutex.c.obj)
                0x00000000040079e0                z_impl_k_mutex_init
 .text.flag_test_and_clear
                0x00000000040079ee       0x16 zephyr/kernel/libkernel.a(work.c.obj)
 .text.k_thread_name_get
                0x0000000004007a04        0x4 zephyr/kernel/libkernel.a(thread.c.obj)
                0x0000000004007a04                k_thread_name_get
 .text.z_impl_k_thread_start
                0x0000000004007a08        0x4 zephyr/kernel/libkernel.a(thread.c.obj)
                0x0000000004007a08                z_impl_k_thread_start
 .text.z_thread_mark_switched_in
                0x0000000004007a0c        0x4 zephyr/kernel/libkernel.a(thread.c.obj)
                0x0000000004007a0c                z_thread_mark_switched_in
 .text.sys_dlist_remove
                0x0000000004007a10       0x10 zephyr/kernel/libkernel.a(sched.c.obj)
 .text.unpend_thread_no_timeout
                0x0000000004007a20       0x14 zephyr/kernel/libkernel.a(sched.c.obj)
 .text.add_to_waitq_locked
                0x0000000004007a34       0x56 zephyr/kernel/libkernel.a(sched.c.obj)
 .text.z_ready_thread
                0x0000000004007a8a       0x1e zephyr/kernel/libkernel.a(sched.c.obj)
                0x0000000004007a8a                z_ready_thread
 .text.z_sched_wake_thread
                0x0000000004007aa8       0x42 zephyr/kernel/libkernel.a(sched.c.obj)
                0x0000000004007aa8                z_sched_wake_thread
 .text.z_thread_timeout
                0x0000000004007aea        0x8 zephyr/kernel/libkernel.a(sched.c.obj)
                0x0000000004007aea                z_thread_timeout
 .text.z_unpend_first_thread
                0x0000000004007af2       0x36 zephyr/kernel/libkernel.a(sched.c.obj)
                0x0000000004007af2                z_unpend_first_thread
 .text.init_ready_q
                0x0000000004007b28       0x12 zephyr/kernel/libkernel.a(sched.c.obj)
                0x0000000004007b28                init_ready_q
 .text.z_thread_abort
                0x0000000004007b3a       0x44 zephyr/kernel/libkernel.a(sched.c.obj)
                0x0000000004007b3a                z_thread_abort
 .text.z_sched_wake
                0x0000000004007b7e       0x46 zephyr/kernel/libkernel.a(sched.c.obj)
                0x0000000004007b7e                z_sched_wake
 .text.z_abort_timeout
                0x0000000004007bc4       0x2a zephyr/kernel/libkernel.a(timeout.c.obj)
                0x0000000004007bc4                z_abort_timeout
 .text.z_impl_k_uptime_ticks
                0x0000000004007bee        0x4 zephyr/kernel/libkernel.a(timeout.c.obj)
                0x0000000004007bee                z_impl_k_uptime_ticks
 .text.sys_timepoint_calc
                0x0000000004007bf2       0x48 zephyr/kernel/libkernel.a(timeout.c.obj)
                0x0000000004007bf2                sys_timepoint_calc
 .text.sys_timepoint_timeout
                0x0000000004007c3a       0x42 zephyr/kernel/libkernel.a(timeout.c.obj)
                0x0000000004007c3a                sys_timepoint_timeout
 .text.z_heap_aligned_alloc
                0x0000000004007c7c       0x26 zephyr/kernel/libkernel.a(mempool.c.obj)
 .text.k_malloc
                0x0000000004007ca2        0x8 zephyr/kernel/libkernel.a(mempool.c.obj)
                0x0000000004007ca2                k_malloc
 .text.k_heap_init
                0x0000000004007caa       0x12 zephyr/kernel/libkernel.a(kheap.c.obj)
                0x0000000004007caa                k_heap_init
 .text.k_heap_aligned_alloc
                0x0000000004007cbc       0x82 zephyr/kernel/libkernel.a(kheap.c.obj)
                0x0000000004007cbc                k_heap_aligned_alloc
 *(SORT_BY_ALIGNMENT(.exception_rodata*))
 *(SORT_BY_ALIGNMENT(.tcm_code_retention*))
 *fill*         0x0000000004007d3e        0x2 
 .tcm_code_retention
                0x0000000004007d40      0x230 zephyr/soc/soc/ab162x/common/lib..__airoha__mcu__soc__airoha__common.a(air_string_opt.s.obj)
                0x0000000004007d40                __wrap_memcpy
                0x0000000004007e16                __aeabi_memcpy4
                0x0000000004007eb0                __wrap_memset
                0x0000000004007ecc                __aeabi_memset
                0x0000000004007eda                __wrap_memclr
                0x0000000004007f18                __aeabi_memclr8
                0x0000000004007f18                __rt_memclr_w
                0x0000000004007f18                __aeabi_memclr4