Archive member included to satisfy reference by file (symbol)

/workdir/airoha/risc-v/prebuilt/system/chip/ab162x/exception_handler/libexception_handler.a(exception_handler.o)
                              /workdir/out/ab1623m_evk/keychron_mouse_LM7/Keychron_LM7_design_mouse/riscv/mouse_ref_design/hid_ref_mouse_m20_pro/projects/applications/mouse_ref_design/src/app/riscv_ccni.o (light_assert)
/workdir/airoha/risc-v/prebuilt/system/chip/ab162x/exception_handler/libexception_handler.a(exception.o)
                              /workdir/out/ab1623m_evk/keychron_mouse_LM7/Keychron_LM7_design_mouse/riscv/mouse_ref_design/hid_ref_mouse_m20_pro/config/chip/ab162x/startup.o (airoha_int_handler)
/workdir/airoha/risc-v/prebuilt/system/chip/ab162x/syslog/libsyslog.a(syslog.o)
                              /workdir/out/ab1623m_evk/keychron_mouse_LM7/Keychron_LM7_design_mouse/riscv/mouse_ref_design/hid_ref_mouse_m20_pro/projects/applications/mouse_ref_design/src/app/riscv_ccni.o (print_module_msgid_log)
/workdir/airoha/risc-v/tools/toolchain/xpack-riscv-none-elf-gcc-13.2.0-2/bin/../lib/gcc/riscv-none-elf/13.2.0/rv32ec/ilp32e/libgcc.a(_lshrdi3.o)
                              /workdir/out/ab1623m_evk/keychron_mouse_LM7/Keychron_LM7_design_mouse/riscv/mouse_ref_design/hid_ref_mouse_m20_pro/drivers/chip/ab162x/src_core/hal_sleep_manager_internal.o (__lshrdi3)
/workdir/airoha/risc-v/tools/toolchain/xpack-riscv-none-elf-gcc-13.2.0-2/bin/../lib/gcc/riscv-none-elf/13.2.0/rv32ec/ilp32e/libgcc.a(_ashldi3.o)
                              /workdir/out/ab1623m_evk/keychron_mouse_LM7/Keychron_LM7_design_mouse/riscv/mouse_ref_design/hid_ref_mouse_m20_pro/drivers/chip/ab162x/src_core/hal_sleep_manager_internal.o (__ashldi3)
/workdir/airoha/risc-v/tools/toolchain/xpack-riscv-none-elf-gcc-13.2.0-2/bin/../lib/gcc/riscv-none-elf/13.2.0/rv32ec/ilp32e/libgcc.a(_divdi3.o)
                              /workdir/out/ab1623m_evk/keychron_mouse_LM7/Keychron_LM7_design_mouse/riscv/mouse_ref_design/hid_ref_mouse_m20_pro/drivers/chip/ab162x/src/hal_rtc_internal.o (__divdi3)
/workdir/airoha/risc-v/tools/toolchain/xpack-riscv-none-elf-gcc-13.2.0-2/bin/../lib/gcc/riscv-none-elf/13.2.0/rv32ec/ilp32e/libgcc.a(_moddi3.o)
                              /workdir/out/ab1623m_evk/keychron_mouse_LM7/Keychron_LM7_design_mouse/riscv/mouse_ref_design/hid_ref_mouse_m20_pro/drivers/chip/ab162x/src/hal_rtc_internal.o (__moddi3)
/workdir/airoha/risc-v/tools/toolchain/xpack-riscv-none-elf-gcc-13.2.0-2/bin/../lib/gcc/riscv-none-elf/13.2.0/rv32ec/ilp32e/libgcc.a(_udivdi3.o)
                              /workdir/out/ab1623m_evk/keychron_mouse_LM7/Keychron_LM7_design_mouse/riscv/mouse_ref_design/hid_ref_mouse_m20_pro/drivers/chip/ab162x/src/hal_rtc_internal.o (__udivdi3)
/workdir/airoha/risc-v/tools/toolchain/xpack-riscv-none-elf-gcc-13.2.0-2/bin/../lib/gcc/riscv-none-elf/13.2.0/rv32ec/ilp32e/libgcc.a(_umoddi3.o)
                              /workdir/out/ab1623m_evk/keychron_mouse_LM7/Keychron_LM7_design_mouse/riscv/mouse_ref_design/hid_ref_mouse_m20_pro/drivers/chip/ab162x/src/hal_rtc_internal.o (__umoddi3)
/workdir/airoha/risc-v/tools/toolchain/xpack-riscv-none-elf-gcc-13.2.0-2/bin/../lib/gcc/riscv-none-elf/13.2.0/rv32ec/ilp32e/libgcc.a(addsf3.o)
                              /workdir/out/ab1623m_evk/keychron_mouse_LM7/Keychron_LM7_design_mouse/riscv/mouse_ref_design/hid_ref_mouse_m20_pro/drivers/chip/ab162x/src/hal_saradc.o (__addsf3)
/workdir/airoha/risc-v/tools/toolchain/xpack-riscv-none-elf-gcc-13.2.0-2/bin/../lib/gcc/riscv-none-elf/13.2.0/rv32ec/ilp32e/libgcc.a(divsf3.o)
                              /workdir/out/ab1623m_evk/keychron_mouse_LM7/Keychron_LM7_design_mouse/riscv/mouse_ref_design/hid_ref_mouse_m20_pro/drivers/chip/ab162x/src/hal_saradc.o (__divsf3)
/workdir/airoha/risc-v/tools/toolchain/xpack-riscv-none-elf-gcc-13.2.0-2/bin/../lib/gcc/riscv-none-elf/13.2.0/rv32ec/ilp32e/libgcc.a(mulsf3.o)
                              /workdir/out/ab1623m_evk/keychron_mouse_LM7/Keychron_LM7_design_mouse/riscv/mouse_ref_design/hid_ref_mouse_m20_pro/drivers/chip/ab162x/src/hal_saradc.o (__mulsf3)
/workdir/airoha/risc-v/tools/toolchain/xpack-riscv-none-elf-gcc-13.2.0-2/bin/../lib/gcc/riscv-none-elf/13.2.0/rv32ec/ilp32e/libgcc.a(subsf3.o)
                              /workdir/out/ab1623m_evk/keychron_mouse_LM7/Keychron_LM7_design_mouse/riscv/mouse_ref_design/hid_ref_mouse_m20_pro/drivers/chip/ab162x/src/hal_saradc.o (__subsf3)
/workdir/airoha/risc-v/tools/toolchain/xpack-riscv-none-elf-gcc-13.2.0-2/bin/../lib/gcc/riscv-none-elf/13.2.0/rv32ec/ilp32e/libgcc.a(fixunssfsi.o)
                              /workdir/out/ab1623m_evk/keychron_mouse_LM7/Keychron_LM7_design_mouse/riscv/mouse_ref_design/hid_ref_mouse_m20_pro/drivers/chip/ab162x/src/hal_saradc.o (__fixunssfsi)
/workdir/airoha/risc-v/tools/toolchain/xpack-riscv-none-elf-gcc-13.2.0-2/bin/../lib/gcc/riscv-none-elf/13.2.0/rv32ec/ilp32e/libgcc.a(floatunsisf.o)
[...]
Memory Configuration

Name             Origin             Length             Attributes
ram              0x84064000         0x00007a00         xrw
stack            0x8406ba00         0x00000200         rw
system_stack     0x8406bc00         0x00000400         rw
ccm              0x0400e590         0x00001f54         rw
ROM_LOG_STRING   0x06000000         0x02000000         xr
*default*        0x00000000         0xffffffff

Linker script and memory map

LOAD /workdir/out/ab1623m_evk/keychron_mouse_LM7/Keychron_LM7_design_mouse/riscv/mouse_ref_design/hid_ref_mouse_m20_pro/projects/applications/mouse_ref_design/src/app/riscv_ccni.o
LOAD /workdir/out/ab1623m_evk/keychron_mouse_LM7/Keychron_LM7_design_mouse/riscv/mouse_ref_design/hid_ref_mouse_m20_pro/projects/applications/mouse_ref_design/src/app/riscv_main.o
LOAD /workdir/out/ab1623m_evk/keychron_mouse_LM7/Keychron_LM7_design_mouse/riscv/mouse_ref_design/hid_ref_mouse_m20_pro/projects/applications/mouse_ref_design/src/app/riscv_motion_sensor.o
LOAD /workdir/out/ab1623m_evk/keychron_mouse_LM7/Keychron_LM7_design_mouse/riscv/mouse_ref_design/hid_ref_mouse_m20_pro/projects/applications/mouse_ref_design/src/app/riscv_mouse_key.o
LOAD /workdir/out/ab1623m_evk/keychron_mouse_LM7/Keychron_LM7_design_mouse/riscv/mouse_ref_design/hid_ref_mouse_m20_pro/projects/applications/mouse_ref_design/src/app/riscv_mouse_key_ir_ctrl.o
LOAD /workdir/out/ab1623m_evk/keychron_mouse_LM7/Keychron_LM7_design_mouse/riscv/mouse_ref_design/hid_ref_mouse_m20_pro/projects/applications/mouse_ref_design/src/app/riscv_mouse_key_sw_debounce.o
LOAD /workdir/out/ab1623m_evk/keychron_mouse_LM7/Keychron_LM7_design_mouse/riscv/mouse_ref_design/hid_ref_mouse_m20_pro/projects/applications/mouse_ref_design/src/app/riscv_peripheral_sampling.o
LOAD /workdir/out/ab1623m_evk/keychron_mouse_LM7/Keychron_LM7_design_mouse/riscv/mouse_ref_design/hid_ref_mouse_m20_pro/projects/applications/mouse_ref_design/src/app/riscv_wheel.o
LOAD /workdir/out/ab1623m_evk/keychron_mouse_LM7/Keychron_LM7_design_mouse/riscv/mouse_ref_design/hid_ref_mouse_m20_pro/projects/applications/mouse_ref_design/src/app/riscv_wheel_ir_comparator.o
LOAD /workdir/out/ab1623m_evk/keychron_mouse_LM7/Keychron_LM7_design_mouse/riscv/mouse_ref_design/hid_ref_mouse_m20_pro/projects/applications/mouse_ref_design/src/app/riscv_wheel_queue.o
LOAD /workdir/out/ab1623m_evk/keychron_mouse_LM7/Keychron_LM7_design_mouse/riscv/mouse_ref_design/hid_ref_mouse_m20_pro/projects/applications/mouse_ref_design/../general_used/src/sys_init.o
LOAD /workdir/out/ab1623m_evk/keychron_mouse_LM7/Keychron_LM7_design_mouse/riscv/mouse_ref_design/hid_ref_mouse_m20_pro/middleware/airoha/pka/src/pka.o
LOAD /workdir/out/ab1623m_evk/keychron_mouse_LM7/Keychron_LM7_design_mouse/riscv/mouse_ref_design/hid_ref_mouse_m20_pro/middleware/airoha/comp_wheel/src/comp_wheel.o
LOAD /workdir/out/ab1623m_evk/keychron_mouse_LM7/Keychron_LM7_design_mouse/riscv/mouse_ref_design/hid_ref_mouse_m20_pro/common/middleware/airoha/share_buffer/src/share_buffer.o
LOAD /workdir/out/ab1623m_evk/keychron_mouse_LM7/Keychron_LM7_design_mouse/riscv/mouse_ref_design/hid_ref_mouse_m20_pro/common/middleware/airoha/pka_share/src/pka_share.o
LOAD /workdir/out/ab1623m_evk/keychron_mouse_LM7/Keychron_LM7_design_mouse/riscv/mouse_ref_design/hid_ref_mouse_m20_pro/common/drivers/chip/ab162x/src/hal_ccni.o
LOAD /workdir/out/ab1623m_evk/keychron_mouse_LM7/Keychron_LM7_design_mouse/riscv/mouse_ref_design/hid_ref_mouse_m20_pro/common/drivers/chip/ab162x/src/hal_ccni_config.o
LOAD /workdir/out/ab1623m_evk/keychron_mouse_LM7/Keychron_LM7_design_mouse/riscv/mouse_ref_design/hid_ref_mouse_m20_pro/common/drivers/chip/ab162x/src/hal_core_status.o
LOAD /workdir/out/ab1623m_evk/keychron_mouse_LM7/Keychron_LM7_design_mouse/riscv/mouse_ref_design/hid_ref_mouse_m20_pro/common/drivers/chip/ab162x/src/hal_cross_core_config.o
LOAD /workdir/out/ab1623m_evk/keychron_mouse_LM7/Keychron_LM7_design_mouse/riscv/mouse_ref_design/hid_ref_mouse_m20_pro/common/drivers/chip/ab162x/src/hal_hw_semaphore.o
LOAD /workdir/out/ab1623m_evk/keychron_mouse_LM7/Keychron_LM7_design_mouse/riscv/mouse_ref_design/hid_ref_mouse_m20_pro/common/applications/hid/src/hid_common.o
LOAD /workdir/out/ab1623m_evk/keychron_mouse_LM7/Keychron_LM7_design_mouse/riscv/mouse_ref_design/hid_ref_mouse_m20_pro/common/applications/hid/src/hid_common_acl_rsp_via_hid.o
LOAD /workdir/out/ab1623m_evk/keychron_mouse_LM7/Keychron_LM7_design_mouse/riscv/mouse_ref_design/hid_ref_mouse_m20_pro/common/applications/hid/src/hid_common_button.o
LOAD /workdir/out/ab1623m_evk/keychron_mouse_LM7/Keychron_LM7_design_mouse/riscv/mouse_ref_design/hid_ref_mouse_m20_pro/common/middleware/airoha/hid_express/src/riscv_hid_express.o
LOAD /workdir/out/ab1623m_evk/keychron_mouse_LM7/Keychron_LM7_design_mouse/riscv/mouse_ref_design/hid_ref_mouse_m20_pro/common/middleware/airoha/hid_express/src/riscv_hid_express_bt_mode.o
LOAD /workdir/out/ab1623m_evk/keychron_mouse_LM7/Keychron_LM7_design_mouse/riscv/mouse_ref_design/hid_ref_mouse_m20_pro/common/middleware/airoha/hid_express/src/riscv_hid_express_2_4G_mode.o
LOAD /workdir/out/ab1623m_evk/keychron_mouse_LM7/Keychron_LM7_design_mouse/riscv/mouse_ref_design/hid_ref_mouse_m20_pro/common/middleware/airoha/hid_express/src/riscv_hid_express_usb_mode.o
LOAD /workdir/out/ab1623m_evk/keychron_mouse_LM7/Keychron_LM7_design_mouse/riscv/mouse_ref_design/hid_ref_mouse_m20_pro/common/middleware/airoha/hid_express/src/riscv_hid_express_xy_queue.o
LOAD /workdir/out/ab1623m_evk/keychron_mouse_LM7/Keychron_LM7_design_mouse/riscv/mouse_ref_design/hid_ref_mouse_m20_pro/common/middleware/airoha/hid_express/src/riscv_hid_express_key_queue_mouse.o
LOAD /workdir/out/ab1623m_evk/keychron_mouse_LM7/Keychron_LM7_design_mouse/riscv/mouse_ref_design/hid_ref_mouse_m20_pro/common/middleware/airoha/hid_express/src/riscv_hid_express_key_queue_keyboard.o
LOAD /workdir/out/ab1623m_evk/keychron_mouse_LM7/Keychron_LM7_design_mouse/riscv/mouse_ref_design/hid_ref_mouse_m20_pro/common/middleware/airoha/hid_express/src/riscv_hid_express_key_queue_game_controller.o
LOAD /workdir/out/ab1623m_evk/keychron_mouse_LM7/Keychron_LM7_design_mouse/riscv/mouse_ref_design/hid_ref_mouse_m20_pro/common/middleware/airoha/hid_express/src/rv_fake_report.o
LOAD /workdir/out/ab1623m_evk/keychron_mouse_LM7/Keychron_LM7_design_mouse/riscv/mouse_ref_design/hid_ref_mouse_m20_pro/common/middleware/airoha/hid_express/src/rv_hid_exp_delay_printf.o
LOAD /workdir/out/ab1623m_evk/keychron_mouse_LM7/Keychron_LM7_design_mouse/riscv/mouse_ref_design/hid_ref_mouse_m20_pro/common/middleware/airoha/hid_express/src/riscv_hid_report_id_selector.o
LOAD /workdir/out/ab1623m_evk/keychron_mouse_LM7/Keychron_LM7_design_mouse/riscv/mouse_ref_design/hid_ref_mouse_m20_pro/common/middleware/airoha/hid_express/src/rv_burst_tx_buf_ctrl.o
LOAD /workdir/out/ab1623m_evk/keychron_mouse_LM7/Keychron_LM7_design_mouse/riscv/mouse_ref_design/hid_ref_mouse_m20_pro/common/middleware/airoha/hid_express/src/rv_latency.o
LOAD /workdir/out/ab1623m_evk/keychron_mouse_LM7/Keychron_LM7_design_mouse/riscv/mouse_ref_design/hid_ref_mouse_m20_pro/common/middleware/airoha/hid_express/src/pka.o
LOAD /workdir/out/ab1623m_evk/keychron_mouse_LM7/Keychron_LM7_design_mouse/riscv/mouse_ref_design/hid_ref_mouse_m20_pro/common/middleware/airoha/key_remap/src/key_remap_frontend.o
LOAD /workdir/out/ab1623m_evk/keychron_mouse_LM7/Keychron_LM7_design_mouse/riscv/mouse_ref_design/hid_ref_mouse_m20_pro/common/middleware/airoha/key_remap/src/key_remap_backend.o
LOAD /workdir/out/ab1623m_evk/keychron_mouse_LM7/Keychron_LM7_design_mouse/riscv/mouse_ref_design/hid_ref_mouse_m20_pro/common/middleware/airoha/key_remap/src/key_remap_queue.o
LOAD /workdir/out/ab1623m_evk/keychron_mouse_LM7/Keychron_LM7_design_mouse/riscv/mouse_ref_design/hid_ref_mouse_m20_pro/drivers/chip/ab162x/src/hal_clock.o
LOAD /workdir/out/ab1623m_evk/keychron_mouse_LM7/Keychron_LM7_design_mouse/riscv/mouse_ref_design/hid_ref_mouse_m20_pro/drivers/chip/ab162x/src/hal_comparator.o
LOAD /workdir/out/ab1623m_evk/keychron_mouse_LM7/Keychron_LM7_design_mouse/riscv/mouse_ref_design/hid_ref_mouse_m20_pro/drivers/chip/ab162x/src/hal_eint.o
LOAD /workdir/out/ab1623m_evk/keychron_mouse_LM7/Keychron_LM7_design_mouse/riscv/mouse_ref_design/hid_ref_mouse_m20_pro/drivers/chip/ab162x/src/hal_eint_internal.o
LOAD /workdir/out/ab1623m_evk/keychron_mouse_LM7/Keychron_LM7_design_mouse/riscv/mouse_ref_design/hid_ref_mouse_m20_pro/drivers/chip/ab162x/src/hal_gpio.o
LOAD /workdir/out/ab1623m_evk/keychron_mouse_LM7/Keychron_LM7_design_mouse/riscv/mouse_ref_design/hid_ref_mouse_m20_pro/drivers/chip/ab162x/src/hal_gpio_internal.o
LOAD /workdir/out/ab1623m_evk/keychron_mouse_LM7/Keychron_LM7_design_mouse/riscv/mouse_ref_design/hid_ref_mouse_m20_pro/drivers/chip/ab162x/src/hal_gpt.o
LOAD /workdir/out/ab1623m_evk/keychron_mouse_LM7/Keychron_LM7_design_mouse/riscv/mouse_ref_design/hid_ref_mouse_m20_pro/drivers/chip/ab162x/src/hal_gpt_internal.o
LOAD /workdir/out/ab1623m_evk/keychron_mouse_LM7/Keychron_LM7_design_mouse/riscv/mouse_ref_design/hid_ref_mouse_m20_pro/drivers/chip/ab162x/src/hal_hw_keyscan.o
LOAD /workdir/out/ab1623m_evk/keychron_mouse_LM7/Keychron_LM7_design_mouse/riscv/mouse_ref_design/hid_ref_mouse_m20_pro/drivers/chip/ab162x/src/hal_i2c_master.o
LOAD /workdir/out/ab1623m_evk/keychron_mouse_LM7/Keychron_LM7_design_mouse/riscv/mouse_ref_design/hid_ref_mouse_m20_pro/drivers/chip/ab162x/src/hal_i2c_master_internal.o
LOAD /workdir/out/ab1623m_evk/keychron_mouse_LM7/Keychron_LM7_design_mouse/riscv/mouse_ref_design/hid_ref_mouse_m20_pro/drivers/chip/ab162x/src/hal_memview.o
LOAD /workdir/out/ab1623m_evk/keychron_mouse_LM7/Keychron_LM7_design_mouse/riscv/mouse_ref_design/hid_ref_mouse_m20_pro/drivers/chip/ab162x/src/hal_nvic.o
LOAD /workdir/out/ab1623m_evk/keychron_mouse_LM7/Keychron_LM7_design_mouse/riscv/mouse_ref_design/hid_ref_mouse_m20_pro/drivers/chip/ab162x/src/hal_pdma_internal.o
LOAD /workdir/out/ab1623m_evk/keychron_mouse_LM7/Keychron_LM7_design_mouse/riscv/mouse_ref_design/hid_ref_mouse_m20_pro/drivers/chip/ab162x/src/hal_qdec.o
LOAD /workdir/out/ab1623m_evk/keychron_mouse_LM7/Keychron_LM7_design_mouse/riscv/mouse_ref_design/hid_ref_mouse_m20_pro/drivers/chip/ab162x/src/hal_ramboz.o
LOAD /workdir/out/ab1623m_evk/keychron_mouse_LM7/Keychron_LM7_design_mouse/riscv/mouse_ref_design/hid_ref_mouse_m20_pro/drivers/chip/ab162x/src/hal_rtc.o
LOAD /workdir/out/ab1623m_evk/keychron_mouse_LM7/Keychron_LM7_design_mouse/riscv/mouse_ref_design/hid_ref_mouse_m20_pro/drivers/chip/ab162x/src/hal_rtc_internal.o
LOAD /workdir/out/ab1623m_evk/keychron_mouse_LM7/Keychron_LM7_design_mouse/riscv/mouse_ref_design/hid_ref_mouse_m20_pro/drivers/chip/ab162x/src/hal_saradc.o
LOAD /workdir/out/ab1623m_evk/keychron_mouse_LM7/Keychron_LM7_design_mouse/riscv/mouse_ref_design/hid_ref_mouse_m20_pro/drivers/chip/ab162x/src/hal_spi_master.o
LOAD /workdir/out/ab1623m_evk/keychron_mouse_LM7/Keychron_LM7_design_mouse/riscv/mouse_ref_design/hid_ref_mouse_m20_pro/drivers/chip/ab162x/src/hal_spi_master_internal.o
LOAD /workdir/out/ab1623m_evk/keychron_mouse_LM7/Keychron_LM7_design_mouse/riscv/mouse_ref_design/hid_ref_mouse_m20_pro/drivers/chip/ab162x/src/hal_spi_slave.o
LOAD /workdir/out/ab1623m_evk/keychron_mouse_LM7/Keychron_LM7_design_mouse/riscv/mouse_ref_design/hid_ref_mouse_m20_pro/drivers/chip/ab162x/src/hal_spi_slave_internal.o
LOAD /workdir/out/ab1623m_evk/keychron_mouse_LM7/Keychron_LM7_design_mouse/riscv/mouse_ref_design/hid_ref_mouse_m20_pro/drivers/chip/ab162x/src/hal_uart.o
LOAD /workdir/out/ab1623m_evk/keychron_mouse_LM7/Keychron_LM7_design_mouse/riscv/mouse_ref_design/hid_ref_mouse_m20_pro/drivers/chip/ab162x/src/hal_uart_internal.o
LOAD /workdir/out/ab1623m_evk/keychron_mouse_LM7/Keychron_LM7_design_mouse/riscv/mouse_ref_design/hid_ref_mouse_m20_pro/drivers/chip/ab162x/src/mouse_sensor.o
LOAD /workdir/out/ab1623m_evk/keychron_mouse_LM7/Keychron_LM7_design_mouse/riscv/mouse_ref_design/hid_ref_mouse_m20_pro/drivers/chip/ab162x/src_core/hal_sleep_manager.o
LOAD /workdir/out/ab1623m_evk/keychron_mouse_LM7/Keychron_LM7_design_mouse/riscv/mouse_ref_design/hid_ref_mouse_m20_pro/drivers/chip/ab162x/src_core/hal_sleep_manager_internal.o
LOAD /workdir/out/ab1623m_evk/keychron_mouse_LM7/Keychron_LM7_design_mouse/riscv/mouse_ref_design/hid_ref_mouse_m20_pro/drivers/chip/ab162x/src_core/hal_spm.o
LOAD /workdir/out/ab1623m_evk/keychron_mouse_LM7/Keychron_LM7_design_mouse/riscv/mouse_ref_design/hid_ref_mouse_m20_pro/kernel/service/exception_handler/src/exception_portable.o
LOAD /workdir/out/ab1623m_evk/keychron_mouse_LM7/Keychron_LM7_design_mouse/riscv/mouse_ref_design/hid_ref_mouse_m20_pro/kernel/service/syslog/src/syslog_port.o
LOAD /workdir/out/ab1623m_evk/keychron_mouse_LM7/Keychron_LM7_design_mouse/riscv/mouse_ref_design/hid_ref_mouse_m20_pro/kernel/service/swla/src/swla_port.o
LOAD /workdir/out/ab1623m_evk/keychron_mouse_LM7/Keychron_LM7_design_mouse/riscv/mouse_ref_design/hid_ref_mouse_m20_pro/kernel/service/system_online_dump/src/system_online_dump.o
LOAD /workdir/out/ab1623m_evk/keychron_mouse_LM7/Keychron_LM7_design_mouse/riscv/mouse_ref_design/hid_ref_mouse_m20_pro/config/chip/ab162x/startup.o
LOAD /workdir/airoha/risc-v/prebuilt/system/chip/ab162x/exception_handler/libexception_handler.a
LOAD /workdir/airoha/risc-v/prebuilt/system/chip/ab162x/syslog/libsyslog.a
LOAD /workdir/airoha/risc-v/prebuilt/system/chip/ab162x/swla/libswla.a
LOAD /workdir/airoha/risc-v/tools/toolchain/xpack-riscv-none-elf-gcc-13.2.0-2/bin/../lib/gcc/riscv-none-elf/13.2.0/rv32ec/ilp32e/libgcc.a
START GROUP
LOAD /workdir/airoha/risc-v/tools/toolchain/xpack-riscv-none-elf-gcc-13.2.0-2/bin/../lib/gcc/riscv-none-elf/13.2.0/../../../../riscv-none-elf/lib/rv32ec/ilp32e/libc.a
LOAD /workdir/airoha/risc-v/tools/toolchain/xpack-riscv-none-elf-gcc-13.2.0-2/bin/../lib/gcc/riscv-none-elf/13.2.0/../../../../riscv-none-elf/lib/rv32ec/ilp32e/libgloss.a
END GROUP
LOAD /workdir/airoha/risc-v/tools/toolchain/xpack-riscv-none-elf-gcc-13.2.0-2/bin/../lib/gcc/riscv-none-elf/13.2.0/rv32ec/ilp32e/libgcc.a
                0x84064000                        ram_start_addr = ORIGIN (ram)
                0x00007a00                        ram_length = LENGTH (ram)
                0x00000000                        _min_stack = 0x0
                0x00000200                        _stack_len = LENGTH (stack)
                0x8406bc00                        _stack_start = (ORIGIN (stack) + LENGTH (stack))
                0x8406ba00                        _thread_stack_begin = ORIGIN (stack)
                0x8406bc00                        _thread_stack_end = _stack_start
                0x00000400                        _system_stack_len = LENGTH (system_stack)
                0x8406c000                        _system_stack_start = (ORIGIN (system_stack) + LENGTH (system_stack))
                0x8406bc00                        _isr_stack_begin = ORIGIN (system_stack)
                0x8406c000                        _isr_stack_end = _system_stack_start
                0x84064080                        _entry_point = (_vectors_start + 0x80)
                0x8406bc10                        fromhost = (_stack_start + 0x10)

.vectors        0x84064000       0x98
                0x84064000                        . = ALIGN (0x4)
                0x84064000                        _vectors_start = .
 *(.vectors)
 .vectors       0x84064000       0x98 /workdir/out/ab1623m_evk/keychron_mouse_LM7/Keychron_LM7_design_mouse/riscv/mouse_ref_design/hid_ref_mouse_m20_pro/config/chip/ab162x/startup.o
                0x84064084                fix_data_init
                0x84064098                        _vectors_end = .

.text           0x840640a0     0x6ccc
                0x840640a0                        . = ALIGN (0x4)
                0x840640a0                        _text_start = .
 *(.text)
 .text          0x840640a0       0xa2 /workdir/out/ab1623m_evk/keychron_mouse_LM7/Keychron_LM7_design_mouse/riscv/mouse_ref_design/hid_ref_mouse_m20_pro/config/chip/ab162x/startup.o
                0x840640e4                _start
 *fill*         0x84064142        0xe 
 .text          0x84064150      0x180 /workdir/airoha/risc-v/prebuilt/system/chip/ab162x/exception_handler/libexception_handler.a(exception.o)
                0x84064150                airoha_int_handler
                0x84064240                aiorha_exc_handler
 .text          0x840642d0       0x16 /workdir/airoha/risc-v/tools/toolchain/xpack-riscv-none-elf-gcc-13.2.0-2/bin/../lib/gcc/riscv-none-elf/13.2.0/rv32ec/ilp32e/libgcc.a(muldi3.o)
                0x840642d0                __mulsi3
 *fill*         0x840642e6        0x2 
 .text          0x840642e8       0x7e /workdir/airoha/risc-v/tools/toolchain/xpack-riscv-none-elf-gcc-13.2.0-2/bin/../lib/gcc/riscv-none-elf/13.2.0/rv32ec/ilp32e/libgcc.a(div.o)
                0x840642e8                __divsi3
                0x840642f0                __hidden___udivsi3
                0x840642f0                __udivsi3
                0x8406431c                __umodsi3
                0x84064340                __modsi3
 .text          0x84064366       0xa8 /workdir/airoha/risc-v/tools/toolchain/xpack-riscv-none-elf-gcc-13.2.0-2/bin/../lib/gcc/riscv-none-elf/13.2.0/../../../../riscv-none-elf/lib/rv32ec/ilp32e/libc.a(libc_a-memset.o)
                0x84064366                memset
 *(.text.*)
 .text.rv_sleep_lock_request
                0x8406440e       0x64 /workdir/out/ab1623m_evk/keychron_mouse_LM7/Keychron_LM7_design_mouse/riscv/mouse_ref_design/hid_ref_mouse_m20_pro/projects/applications/mouse_ref_design/src/app/riscv_ccni.o
                0x8406440e                rv_sleep_lock_request
 .text.hal_ccni_event_callback3
                0x84064472      0x1b2 /workdir/out/ab1623m_evk/keychron_mouse_LM7/Keychron_LM7_design_mouse/riscv/mouse_ref_design/hid_ref_mouse_m20_pro/projects/applications/mouse_ref_design/src/app/riscv_ccni.o
                0x84064472                hal_ccni_event_callback3
 .text.riscv_app_ccin_init
                0x84064624        0xa /workdir/out/ab1623m_evk/keychron_mouse_LM7/Keychron_LM7_design_mouse/riscv/mouse_ref_design/hid_ref_mouse_m20_pro/projects/applications/mouse_ref_design/src/app/riscv_ccni.o
                0x84064624                riscv_app_ccin_init
 .text.riscv_app_ccin_send
                0x8406462e       0x94 /workdir/out/ab1623m_evk/keychron_mouse_LM7/Keychron_LM7_design_mouse/riscv/mouse_ref_design/hid_ref_mouse_m20_pro/projects/applications/mouse_ref_design/src/app/riscv_ccni.o
                0x8406462e                riscv_app_ccin_send
 .text.riscv_app_ccin_fake_data_disable
                0x840646c2       0x18 /workdir/out/ab1623m_evk/keychron_mouse_LM7/Keychron_LM7_design_mouse/riscv/mouse_ref_design/hid_ref_mouse_m20_pro/projects/applications/mouse_ref_design/src/app/riscv_ccni.o
                0x840646c2                riscv_app_ccin_fake_data_disable
 .text.riscv_app_ccni_key_remap_send
                0x840646da       0x26 /workdir/out/ab1623m_evk/keychron_mouse_LM7/Keychron_LM7_design_mouse/riscv/mouse_ref_design/hid_ref_mouse_m20_pro/projects/applications/mouse_ref_design/src/app/riscv_ccni.o
                0x840646da                riscv_app_ccni_key_remap_send
 .text.startup.main
                0x84064700       0x5c /workdir/out/ab1623m_evk/keychron_mouse_LM7/Keychron_LM7_design_mouse/riscv/mouse_ref_design/hid_ref_mouse_m20_pro/projects/applications/mouse_ref_design/src/app/riscv_main.o
                0x84064700                main
 .text.riscv_motion_sensor_data_get
                0x8406475c       0x44 /workdir/out/ab1623m_evk/keychron_mouse_LM7/Keychron_LM7_design_mouse/riscv/mouse_ref_design/hid_ref_mouse_m20_pro/projects/applications/mouse_ref_design/src/app/riscv_motion_sensor.o
                0x8406475c                riscv_motion_sensor_data_get
 .text.riscv_motion_sensor_init
                0x840647a0        0x4 /workdir/out/ab1623m_evk/keychron_mouse_LM7/Keychron_LM7_design_mouse/riscv/mouse_ref_design/hid_ref_mouse_m20_pro/projects/applications/mouse_ref_design/src/app/riscv_motion_sensor.o
                0x840647a0                riscv_motion_sensor_init
 .text.riscv_mouse_key_polling_all_key_status
                0x840647a4       0xa6 /workdir/out/ab1623m_evk/keychron_mouse_LM7/Keychron_LM7_design_mouse/riscv/mouse_ref_design/hid_ref_mouse_m20_pro/projects/applications/mouse_ref_design/src/app/riscv_mouse_key.o
                0x840647a4                riscv_mouse_key_polling_all_key_status
 .text.update_key_status
                0x8406484a       0x46 /workdir/out/ab1623m_evk/keychron_mouse_LM7/Keychron_LM7_design_mouse/riscv/mouse_ref_design/hid_ref_mouse_m20_pro/projects/applications/mouse_ref_design/src/app/riscv_mouse_key.o
                0x8406484a                update_key_status
 .text.riscv_mouse_key_combo_key_check
                0x84064890       0x7c /workdir/out/ab1623m_evk/keychron_mouse_LM7/Keychron_LM7_design_mouse/riscv/mouse_ref_design/hid_ref_mouse_m20_pro/projects/applications/mouse_ref_design/src/app/riscv_mouse_key.o
                0x84064890                riscv_mouse_key_combo_key_check
 .text.riscv_mouse_key_early_handle
                0x8406490c       0x18 /workdir/out/ab1623m_evk/keychron_mouse_LM7/Keychron_LM7_design_mouse/riscv/mouse_ref_design/hid_ref_mouse_m20_pro/projects/applications/mouse_ref_design/src/app/riscv_mouse_key.o
                0x8406490c                riscv_mouse_key_early_handle
 .text.riscv_mouse_key_get_key_status
                0x84064924       0x22 /workdir/out/ab1623m_evk/keychron_mouse_LM7/Keychron_LM7_design_mouse/riscv/mouse_ref_design/hid_ref_mouse_m20_pro/projects/applications/mouse_ref_design/src/app/riscv_mouse_key.o
                0x84064924                riscv_mouse_key_get_key_status
 .text.riscv_mouse_key_post_process
                0x84064946       0x1e /workdir/out/ab1623m_evk/keychron_mouse_LM7/Keychron_LM7_design_mouse/riscv/mouse_ref_design/hid_ref_mouse_m20_pro/projects/applications/mouse_ref_design/src/app/riscv_mouse_key.o
                0x84064946                riscv_mouse_key_post_process
 .text.riscv_mouse_key_get_combo_key
                0x84064964       0x1c /workdir/out/ab1623m_evk/keychron_mouse_LM7/Keychron_LM7_design_mouse/riscv/mouse_ref_design/hid_ref_mouse_m20_pro/projects/applications/mouse_ref_design/src/app/riscv_mouse_key.o
                0x84064964                riscv_mouse_key_get_combo_key
 .text.riscv_mouse_key_init
                0x84064980       0x88 /workdir/out/ab1623m_evk/keychron_mouse_LM7/Keychron_LM7_design_mouse/riscv/mouse_ref_design/hid_ref_mouse_m20_pro/projects/applications/mouse_ref_design/src/app/riscv_mouse_key.o
                0x84064980                riscv_mouse_key_init
 .text.riscv_mouse_key_change_state
                0x84064a08        0xa /workdir/out/ab1623m_evk/keychron_mouse_LM7/Keychron_LM7_design_mouse/riscv/mouse_ref_design/hid_ref_mouse_m20_pro/projects/applications/mouse_ref_design/src/app/riscv_mouse_key.o
                0x84064a08                riscv_mouse_key_change_state
 .text.riscv_mouse_keys_is_new_key_pressed
                0x84064a12       0x1c /workdir/out/ab1623m_evk/keychron_mouse_LM7/Keychron_LM7_design_mouse/riscv/mouse_ref_design/hid_ref_mouse_m20_pro/projects/applications/mouse_ref_design/src/app/riscv_mouse_key.o
                0x84064a12                riscv_mouse_keys_is_new_key_pressed
 .text.riscv_mouse_key_pairing_key_check
                0x84064a2e       0x74 /workdir/out/ab1623m_evk/keychron_mouse_LM7/Keychron_LM7_design_mouse/riscv/mouse_ref_design/hid_ref_mouse_m20_pro/projects/applications/mouse_ref_design/src/app/riscv_mouse_key.o
                0x84064a2e                riscv_mouse_key_pairing_key_check
 .text.riscv_mouse_key__app_state_update
                0x84064aa2        0x2 /workdir/out/ab1623m_evk/keychron_mouse_LM7/Keychron_LM7_design_mouse/riscv/mouse_ref_design/hid_ref_mouse_m20_pro/projects/applications/mouse_ref_design/src/app/riscv_mouse_key.o
                0x84064aa2                riscv_mouse_key__app_state_update
 .text.riscv_mouse_key_common_para_update
                0x84064aa4        0x2 /workdir/out/ab1623m_evk/keychron_mouse_LM7/Keychron_LM7_design_mouse/riscv/mouse_ref_design/hid_ref_mouse_m20_pro/projects/applications/mouse_ref_design/src/app/riscv_mouse_key.o
                0x84064aa4                riscv_mouse_key_common_para_update
 .text.riscv_mouse_key_debug_print
                0x84064aa6       0x74 /workdir/out/ab1623m_evk/keychron_mouse_LM7/Keychron_LM7_design_mouse/riscv/mouse_ref_design/hid_ref_mouse_m20_pro/projects/applications/mouse_ref_design/src/app/riscv_mouse_key.o
                0x84064aa6                riscv_mouse_key_debug_print
 .text.riscv_mouse_key__ccni_send_status
                0x84064b1a       0x32 /workdir/out/ab1623m_evk/keychron_mouse_LM7/Keychron_LM7_design_mouse/riscv/mouse_ref_design/hid_ref_mouse_m20_pro/projects/applications/mouse_ref_design/src/app/riscv_mouse_key.o
                0x84064b1a                riscv_mouse_key__ccni_send_status
 .text.riscv_mouse_key__notify_cm33_key_status
                0x84064b4c       0x38 /workdir/out/ab1623m_evk/keychron_mouse_LM7/Keychron_LM7_design_mouse/riscv/mouse_ref_design/hid_ref_mouse_m20_pro/projects/applications/mouse_ref_design/src/app/riscv_mouse_key.o
                0x84064b4c                riscv_mouse_key__notify_cm33_key_status
 .text.riscv_mouse_key_id_to_key_status
                0x84064b84       0x2e /workdir/out/ab1623m_evk/keychron_mouse_LM7/Keychron_LM7_design_mouse/riscv/mouse_ref_design/hid_ref_mouse_m20_pro/projects/applications/mouse_ref_design/src/app/riscv_mouse_key.o
                0x84064b84                riscv_mouse_key_id_to_key_status
 .text.riscv_mkey_ir_ctrl_delay
                0x84064bb2       0x38 /workdir/out/ab1623m_evk/keychron_mouse_LM7/Keychron_LM7_design_mouse/riscv/mouse_ref_design/hid_ref_mouse_m20_pro/projects/applications/mouse_ref_design/src/app/riscv_mouse_key_ir_ctrl.o
                0x84064bb2                riscv_mkey_ir_ctrl_delay
 .text.riscv_mkey_ir_ctrl_on
                0x84064bea       0x38 /workdir/out/ab1623m_evk/keychron_mouse_LM7/Keychron_LM7_design_mouse/riscv/mouse_ref_design/hid_ref_mouse_m20_pro/projects/applications/mouse_ref_design/src/app/riscv_mouse_key_ir_ctrl.o
                0x84064bea                riscv_mkey_ir_ctrl_on
 .text.riscv_mkey_ir_ctrl_off
                0x84064c22       0x22 /workdir/out/ab1623m_evk/keychron_mouse_LM7/Keychron_LM7_design_mouse/riscv/mouse_ref_design/hid_ref_mouse_m20_pro/projects/applications/mouse_ref_design/src/app/riscv_mouse_key_ir_ctrl.o
                0x84064c22                riscv_mkey_ir_ctrl_off
 .text.riscv_mkey_ir_ctrl_idle_state_scan
                0x84064c44       0x6e /workdir/out/ab1623m_evk/keychron_mouse_LM7/Keychron_LM7_design_mouse/riscv/mouse_ref_design/hid_ref_mouse_m20_pro/projects/applications/mouse_ref_design/src/app/riscv_mouse_key_ir_ctrl.o
 .text.riscv_mkey_ir_ctrl_init
                0x84064cb2       0x56 /workdir/out/ab1623m_evk/keychron_mouse_LM7/Keychron_LM7_design_mouse/riscv/mouse_ref_design/hid_ref_mouse_m20_pro/projects/applications/mouse_ref_design/src/app/riscv_mouse_key_ir_ctrl.o
                0x84064cb2                riscv_mkey_ir_ctrl_init
 .text.riscv_mkey_ir_ctrl_deinit
                0x84064d08       0x46 /workdir/out/ab1623m_evk/keychron_mouse_LM7/Keychron_LM7_design_mouse/riscv/mouse_ref_design/hid_ref_mouse_m20_pro/projects/applications/mouse_ref_design/src/app/riscv_mouse_key_ir_ctrl.o
                0x84064d08                riscv_mkey_ir_ctrl_deinit
 .text.riscv_mkey_ir_ctrl__reset_cnt
                0x84064d4e       0x2c /workdir/out/ab1623m_evk/keychron_mouse_LM7/Keychron_LM7_design_mouse/riscv/mouse_ref_design/hid_ref_mouse_m20_pro/projects/applications/mouse_ref_design/src/app/riscv_mouse_key_ir_ctrl.o
                0x84064d4e                riscv_mkey_ir_ctrl__reset_cnt
 .text.riscv_mkey_ir_ctrl__ir_key_check
                0x84064d7a       0x60 /workdir/out/ab1623m_evk/keychron_mouse_LM7/Keychron_LM7_design_mouse/riscv/mouse_ref_design/hid_ref_mouse_m20_pro/projects/applications/mouse_ref_design/src/app/riscv_mouse_key_ir_ctrl.o
                0x84064d7a                riscv_mkey_ir_ctrl__ir_key_check
 .text.riscv_mkey_ir_ctrl_post_process
                0x84064dda        0x2 /workdir/out/ab1623m_evk/keychron_mouse_LM7/Keychron_LM7_design_mouse/riscv/mouse_ref_design/hid_ref_mouse_m20_pro/projects/applications/mouse_ref_design/src/app/riscv_mouse_key_ir_ctrl.o
                0x84064dda                riscv_mkey_ir_ctrl_post_process
 .text.riscv_mkey_ir_ctrl__app_state_update
                0x84064ddc       0x72 /workdir/out/ab1623m_evk/keychron_mouse_LM7/Keychron_LM7_design_mouse/riscv/mouse_ref_design/hid_ref_mouse_m20_pro/projects/applications/mouse_ref_design/src/app/riscv_mouse_key_ir_ctrl.o
                0x84064ddc                riscv_mkey_ir_ctrl__app_state_update
 .text.riscv_mkey_ir_ctrl_debug_print
                0x84064e4e        0x2 /workdir/out/ab1623m_evk/keychron_mouse_LM7/Keychron_LM7_design_mouse/riscv/mouse_ref_design/hid_ref_mouse_m20_pro/projects/applications/mouse_ref_design/src/app/riscv_mouse_key_ir_ctrl.o
                0x84064e4e                riscv_mkey_ir_ctrl_debug_print
 .text.peripheral_sampling_inactivity_timeout
                0x84064e50       0x24 /workdir/out/ab1623m_evk/keychron_mouse_LM7/Keychron_LM7_design_mouse/riscv/mouse_ref_design/hid_ref_mouse_m20_pro/projects/applications/mouse_ref_design/src/app/riscv_peripheral_sampling.o
                0x84064e50                peripheral_sampling_inactivity_timeout
 .text.riscv_fake_report_check
                0x84064e74       0x34 /workdir/out/ab1623m_evk/keychron_mouse_LM7/Keychron_LM7_design_mouse/riscv/mouse_ref_design/hid_ref_mouse_m20_pro/projects/applications/mouse_ref_design/src/app/riscv_peripheral_sampling.o
                0x84064e74                riscv_fake_report_check
 .text.peripheral_sampling_state_change_active
                0x84064ea8        0xa /workdir/out/ab1623m_evk/keychron_mouse_LM7/Keychron_LM7_design_mouse/riscv/mouse_ref_design/hid_ref_mouse_m20_pro/projects/applications/mouse_ref_design/src/app/riscv_peripheral_sampling.o
                0x84064ea8                peripheral_sampling_state_change_active
 .text.peripheral_sampling_set_inActivity_timeout
                0x84064eb2       0x14 /workdir/out/ab1623m_evk/keychron_mouse_LM7/Keychron_LM7_design_mouse/riscv/mouse_ref_design/hid_ref_mouse_m20_pro/projects/applications/mouse_ref_design/src/app/riscv_peripheral_sampling.o
                0x84064eb2                peripheral_sampling_set_inActivity_timeout
 .text.peripheral_sampling_all_key_release_ccni_send
                0x84064ec6       0x24 /workdir/out/ab1623m_evk/keychron_mouse_LM7/Keychron_LM7_design_mouse/riscv/mouse_ref_design/hid_ref_mouse_m20_pro/projects/applications/mouse_ref_design/src/app/riscv_peripheral_sampling.o
                0x84064ec6                peripheral_sampling_all_key_release_ccni_send
 .text.peripheral_sampling_pairing_check
                0x84064eea       0x62 /workdir/out/ab1623m_evk/keychron_mouse_LM7/Keychron_LM7_design_mouse/riscv/mouse_ref_design/hid_ref_mouse_m20_pro/projects/applications/mouse_ref_design/src/app/riscv_peripheral_sampling.o
                0x84064eea                peripheral_sampling_pairing_check
 .text.peripheral_sampling_idle_check
                0x84064f4c       0x9a /workdir/out/ab1623m_evk/keychron_mouse_LM7/Keychron_LM7_design_mouse/riscv/mouse_ref_design/hid_ref_mouse_m20_pro/projects/applications/mouse_ref_design/src/app/riscv_peripheral_sampling.o
                0x84064f4c                peripheral_sampling_idle_check
 .text.peripheral_sampling__need_early_key_handle_in_wireless_mode
                0x84064fe6       0x2e /workdir/out/ab1623m_evk/keychron_mouse_LM7/Keychron_LM7_design_mouse/riscv/mouse_ref_design/hid_ref_mouse_m20_pro/projects/applications/mouse_ref_design/src/app/riscv_peripheral_sampling.o
                0x84064fe6                peripheral_sampling__need_early_key_handle_in_wireless_mode
 .text.peripheral_sampling_last_handler
                0x84065014       0x66 /workdir/out/ab1623m_evk/keychron_mouse_LM7/Keychron_LM7_design_mouse/riscv/mouse_ref_design/hid_ref_mouse_m20_pro/projects/applications/mouse_ref_design/src/app/riscv_peripheral_sampling.o
                0x84065014                peripheral_sampling_last_handler
 .text.peripheral_sampling_handler
                0x8406507a       0xb6 /workdir/out/ab1623m_evk/keychron_mouse_LM7/Keychron_LM7_design_mouse/riscv/mouse_ref_design/hid_ref_mouse_m20_pro/projects/applications/mouse_ref_design/src/app/riscv_peripheral_sampling.o
                0x8406507a                peripheral_sampling_handler
 .text.peripheral_sampling_deinit
                0x84065130       0x24 /workdir/out/ab1623m_evk/keychron_mouse_LM7/Keychron_LM7_design_mouse/riscv/mouse_ref_design/hid_ref_mouse_m20_pro/projects/applications/mouse_ref_design/src/app/riscv_peripheral_sampling.o
                0x84065130                peripheral_sampling_deinit
 .text.peripheral_sampling_debug_print
                0x84065154        0xe /workdir/out/ab1623m_evk/keychron_mouse_LM7/Keychron_LM7_design_mouse/riscv/mouse_ref_design/hid_ref_mouse_m20_pro/projects/applications/mouse_ref_design/src/app/riscv_peripheral_sampling.o
                0x84065154                peripheral_sampling_debug_print
 .text.peripheral_sampling_common_para_update
                0x84065162       0x70 /workdir/out/ab1623m_evk/keychron_mouse_LM7/Keychron_LM7_design_mouse/riscv/mouse_ref_design/hid_ref_mouse_m20_pro/projects/applications/mouse_ref_design/src/app/riscv_peripheral_sampling.o
                0x84065162                peripheral_sampling_common_para_update
 .text.peripheral_sampling_init
                0x840651d2       0x4a /workdir/out/ab1623m_evk/keychron_mouse_LM7/Keychron_LM7_design_mouse/riscv/mouse_ref_design/hid_ref_mouse_m20_pro/projects/applications/mouse_ref_design/src/app/riscv_peripheral_sampling.o
                0x840651d2                peripheral_sampling_init
 .text.peripheral_sampling_app_state_update
                0x8406521c       0x72 /workdir/out/ab1623m_evk/keychron_mouse_LM7/Keychron_LM7_design_mouse/riscv/mouse_ref_design/hid_ref_mouse_m20_pro/projects/applications/mouse_ref_design/src/app/riscv_peripheral_sampling.o
                0x8406521c                peripheral_sampling_app_state_update
 .text.peripheral_sampling__check_condiction
                0x8406528e       0x88 /workdir/out/ab1623m_evk/keychron_mouse_LM7/Keychron_LM7_design_mouse/riscv/mouse_ref_design/hid_ref_mouse_m20_pro/projects/applications/mouse_ref_design/src/app/riscv_peripheral_sampling.o
                0x8406528e                peripheral_sampling__check_condiction
 .text.riscv_wheel_trigger_read_process
                0x84065316       0x10 /workdir/out/ab1623m_evk/keychron_mouse_LM7/Keychron_LM7_design_mouse/riscv/mouse_ref_design/hid_ref_mouse_m20_pro/projects/applications/mouse_ref_design/src/app/riscv_wheel.o
                0x84065316                riscv_wheel_trigger_read_process
 .text.riscv_wheel_get_data
                0x84065326       0xb0 /workdir/out/ab1623m_evk/keychron_mouse_LM7/Keychron_LM7_design_mouse/riscv/mouse_ref_design/hid_ref_mouse_m20_pro/projects/applications/mouse_ref_design/src/app/riscv_wheel.o
                0x84065326                riscv_wheel_get_data
 .text.riscv_wheel_post_process
                0x840653d6        0x2 /workdir/out/ab1623m_evk/keychron_mouse_LM7/Keychron_LM7_design_mouse/riscv/mouse_ref_design/hid_ref_mouse_m20_pro/projects/applications/mouse_ref_design/src/app/riscv_wheel.o
                0x840653d6                riscv_wheel_post_process
 .text.riscv_wheel_init
                0x840653d8       0x5e /workdir/out/ab1623m_evk/keychron_mouse_LM7/Keychron_LM7_design_mouse/riscv/mouse_ref_design/hid_ref_mouse_m20_pro/projects/applications/mouse_ref_design/src/app/riscv_wheel.o
                0x840653d8                riscv_wheel_init
 .text.riscv_wheel_deinit
                0x84065436       0x18 /workdir/out/ab1623m_evk/keychron_mouse_LM7/Keychron_LM7_design_mouse/riscv/mouse_ref_design/hid_ref_mouse_m20_pro/projects/applications/mouse_ref_design/src/app/riscv_wheel.o
                0x84065436                riscv_wheel_deinit
 .text.riscv_wheel__app_state_update
                0x8406544e        0xa /workdir/out/ab1623m_evk/keychron_mouse_LM7/Keychron_LM7_design_mouse/riscv/mouse_ref_design/hid_ref_mouse_m20_pro/projects/applications/mouse_ref_design/src/app/riscv_wheel.o
                0x8406544e                riscv_wheel__app_state_update
 .text.riscv_wheel_debug_print
                0x84065458        0x2 /workdir/out/ab1623m_evk/keychron_mouse_LM7/Keychron_LM7_design_mouse/riscv/mouse_ref_design/hid_ref_mouse_m20_pro/projects/applications/mouse_ref_design/src/app/riscv_wheel.o
                0x84065458                riscv_wheel_debug_print
 .text.riscv_wheel_queue_init_q_ctrl
                0x8406545a       0x12 /workdir/out/ab1623m_evk/keychron_mouse_LM7/Keychron_LM7_design_mouse/riscv/mouse_ref_design/hid_ref_mouse_m20_pro/projects/applications/mouse_ref_design/src/app/riscv_wheel_queue.o
                0x8406545a                riscv_wheel_queue_init_q_ctrl
 .text.riscv_wheel_queue_is_full
                0x8406546c       0x18 /workdir/out/ab1623m_evk/keychron_mouse_LM7/Keychron_LM7_design_mouse/riscv/mouse_ref_design/hid_ref_mouse_m20_pro/projects/applications/mouse_ref_design/src/app/riscv_wheel_queue.o
                0x8406546c                riscv_wheel_queue_is_full
 .text.riscv_wheel_queue_is_empty
                0x84065484       0x14 /workdir/out/ab1623m_evk/keychron_mouse_LM7/Keychron_LM7_design_mouse/riscv/mouse_ref_design/hid_ref_mouse_m20_pro/projects/applications/mouse_ref_design/src/app/riscv_wheel_queue.o
                0x84065484                riscv_wheel_queue_is_empty
 .text.riscv_wheel_queue_push
                0x84065498       0x4e /workdir/out/ab1623m_evk/keychron_mouse_LM7/Keychron_LM7_design_mouse/riscv/mouse_ref_design/hid_ref_mouse_m20_pro/projects/applications/mouse_ref_design/src/app/riscv_wheel_queue.o
                0x84065498                riscv_wheel_queue_push
 .text.riscv_wheel_queue_pop_temp
                0x840654e6       0x2c /workdir/out/ab1623m_evk/keychron_mouse_LM7/Keychron_LM7_design_mouse/riscv/mouse_ref_design/hid_ref_mouse_m20_pro/projects/applications/mouse_ref_design/src/app/riscv_wheel_queue.o
                0x840654e6                riscv_wheel_queue_pop_temp
 .text.riscv_wheel_queue_pop_confirm
                0x84065512       0x12 /workdir/out/ab1623m_evk/keychron_mouse_LM7/Keychron_LM7_design_mouse/riscv/mouse_ref_design/hid_ref_mouse_m20_pro/projects/applications/mouse_ref_design/src/app/riscv_wheel_queue.o
                0x84065512                riscv_wheel_queue_pop_confirm
 .text.riscv_wheel_queue_update
                0x84065524       0x1a /workdir/out/ab1623m_evk/keychron_mouse_LM7/Keychron_LM7_design_mouse/riscv/mouse_ref_design/hid_ref_mouse_m20_pro/projects/applications/mouse_ref_design/src/app/riscv_wheel_queue.o
                0x84065524                riscv_wheel_queue_update
 .text.system_init
                0x8406553e       0x2a /workdir/out/ab1623m_evk/keychron_mouse_LM7/Keychron_LM7_design_mouse/riscv/mouse_ref_design/hid_ref_mouse_m20_pro/projects/applications/mouse_ref_design/../general_used/src/sys_init.o
                0x8406553e                system_init
 .text.riscv_pka_rtt_tx_post_prepare_callback
                0x84065568       0x26 /workdir/out/ab1623m_evk/keychron_mouse_LM7/Keychron_LM7_design_mouse/riscv/mouse_ref_design/hid_ref_mouse_m20_pro/middleware/airoha/pka/src/pka.o
                0x84065568                riscv_pka_rtt_tx_post_prepare_callback
 .text.pka_share_OS_dlist_getfront
                0x8406558e       0x1a /workdir/out/ab1623m_evk/keychron_mouse_LM7/Keychron_LM7_design_mouse/riscv/mouse_ref_design/hid_ref_mouse_m20_pro/middleware/airoha/pka/src/pka.o
                0x8406558e                pka_share_OS_dlist_getfront
 .text.__pka_share_OSMQ_Get
                0x840655a8       0x3e /workdir/out/ab1623m_evk/keychron_mouse_LM7/Keychron_LM7_design_mouse/riscv/mouse_ref_design/hid_ref_mouse_m20_pro/middleware/airoha/pka/src/pka.o
                0x840655a8                __pka_share_OSMQ_Get
 .text.pka_share_OSMQ_Put
                0x840655e6       0x5a /workdir/out/ab1623m_evk/keychron_mouse_LM7/Keychron_LM7_design_mouse/riscv/mouse_ref_design/hid_ref_mouse_m20_pro/middleware/airoha/pka/src/pka.o
                0x840655e6                pka_share_OSMQ_Put
 .text.pka_share_OSMQ_PutFront
                0x84065640       0x5a /workdir/out/ab1623m_evk/keychron_mouse_LM7/Keychron_LM7_design_mouse/riscv/mouse_ref_design/hid_ref_mouse_m20_pro/middleware/airoha/pka/src/pka.o
                0x84065640                pka_share_OSMQ_PutFront
 .text.pka_share_tx_buf_apply_to_HWMT
                0x8406569a       0x8c /workdir/out/ab1623m_evk/keychron_mouse_LM7/Keychron_LM7_design_mouse/riscv/mouse_ref_design/hid_ref_mouse_m20_pro/middleware/airoha/pka/src/pka.o
                0x8406569a                pka_share_tx_buf_apply_to_HWMT
 .text.riscv_pka_le_tx_post_prepare_callback
                0x84065726        0x2 /workdir/out/ab1623m_evk/keychron_mouse_LM7/Keychron_LM7_design_mouse/riscv/mouse_ref_design/hid_ref_mouse_m20_pro/middleware/airoha/pka/src/pka.o
                0x84065726                riscv_pka_le_tx_post_prepare_callback
 .text.pka_share_tx_buf_ack_pending_check
                0x84065728       0x5a /workdir/out/ab1623m_evk/keychron_mouse_LM7/Keychron_LM7_design_mouse/riscv/mouse_ref_design/hid_ref_mouse_m20_pro/middleware/airoha/pka/src/pka.o
                0x84065728                pka_share_tx_buf_ack_pending_check
 .text.record_riscV_info
                0x84065782       0x68 /workdir/out/ab1623m_evk/keychron_mouse_LM7/Keychron_LM7_design_mouse/riscv/mouse_ref_design/hid_ref_mouse_m20_pro/middleware/airoha/pka/src/pka.o
                0x84065782                record_riscV_info
 .text.pka_share_tx_buf_set_pkt_len
                0x840657ea        0xa /workdir/out/ab1623m_evk/keychron_mouse_LM7/Keychron_LM7_design_mouse/riscv/mouse_ref_design/hid_ref_mouse_m20_pro/middleware/airoha/pka/src/pka.o
                0x840657ea                pka_share_tx_buf_set_pkt_len
 .text.pka_share_hwmt_get_rxhdr
                0x840657f4       0x12 /workdir/out/ab1623m_evk/keychron_mouse_LM7/Keychron_LM7_design_mouse/riscv/mouse_ref_design/hid_ref_mouse_m20_pro/middleware/airoha/pka/src/pka.o
                0x840657f4                pka_share_hwmt_get_rxhdr
 .text.pka_share_hwmt_get_curidx
                0x84065806       0x10 /workdir/out/ab1623m_evk/keychron_mouse_LM7/Keychron_LM7_design_mouse/riscv/mouse_ref_design/hid_ref_mouse_m20_pro/middleware/airoha/pka/src/pka.o
                0x84065806                pka_share_hwmt_get_curidx
 .text.pka_share_get_hwmt_last_anchor
                0x84065816       0x1a /workdir/out/ab1623m_evk/keychron_mouse_LM7/Keychron_LM7_design_mouse/riscv/mouse_ref_design/hid_ref_mouse_m20_pro/middleware/airoha/pka/src/pka.o
                0x84065816                pka_share_get_hwmt_last_anchor
 .text.pka_share_get_hwmt_pico_offset
                0x84065830       0x22 /workdir/out/ab1623m_evk/keychron_mouse_LM7/Keychron_LM7_design_mouse/riscv/mouse_ref_design/hid_ref_mouse_m20_pro/middleware/airoha/pka/src/pka.o
                0x84065830                pka_share_get_hwmt_pico_offset
 .text.pka_share_get_sync_clk
                0x84065852       0x1e /workdir/out/ab1623m_evk/keychron_mouse_LM7/Keychron_LM7_design_mouse/riscv/mouse_ref_design/hid_ref_mouse_m20_pro/middleware/airoha/pka/src/pka.o
                0x84065852                pka_share_get_sync_clk
 .text.riscv_pka_rt_tx_post_prepare_callback
                0x84065870      0x336 /workdir/out/ab1623m_evk/keychron_mouse_LM7/Keychron_LM7_design_mouse/riscv/mouse_ref_design/hid_ref_mouse_m20_pro/middleware/airoha/pka/src/pka.o
                0x84065870                riscv_pka_rt_tx_post_prepare_callback
 .text.pka_spi_callback_pre_process
                0x84065ba6       0x34 /workdir/out/ab1623m_evk/keychron_mouse_LM7/Keychron_LM7_design_mouse/riscv/mouse_ref_design/hid_ref_mouse_m20_pro/middleware/airoha/pka/src/pka.o
                0x84065ba6                pka_spi_callback_pre_process
 .text.pka_spi_callback_post_process
                0x84065bda       0x48 /workdir/out/ab1623m_evk/keychron_mouse_LM7/Keychron_LM7_design_mouse/riscv/mouse_ref_design/hid_ref_mouse_m20_pro/middleware/airoha/pka/src/pka.o
                0x84065bda                pka_spi_callback_post_process
 .text.riscv_pka_init
                0x84065c22        0x2 /workdir/out/ab1623m_evk/keychron_mouse_LM7/Keychron_LM7_design_mouse/riscv/mouse_ref_design/hid_ref_mouse_m20_pro/middleware/airoha/pka/src/pka.o
                0x84065c22                riscv_pka_init
 .text.pka_share_tx_buf_send
                0x84065c24       0x10 /workdir/out/ab1623m_evk/keychron_mouse_LM7/Keychron_LM7_design_mouse/riscv/mouse_ref_design/hid_ref_mouse_m20_pro/middleware/airoha/pka/src/pka.o
                0x84065c24                pka_share_tx_buf_send
 .text.pka_share_tx_buf_get_from_q
                0x84065c34        0xe /workdir/out/ab1623m_evk/keychron_mouse_LM7/Keychron_LM7_design_mouse/riscv/mouse_ref_design/hid_ref_mouse_m20_pro/middleware/airoha/pka/src/pka.o
                0x84065c34                pka_share_tx_buf_get_from_q
 .text.share_buffer_hw_semaphore_take
                0x84065c42       0x44 /workdir/out/ab1623m_evk/keychron_mouse_LM7/Keychron_LM7_design_mouse/riscv/mouse_ref_design/hid_ref_mouse_m20_pro/common/middleware/airoha/share_buffer/src/share_buffer.o
                0x84065c42                share_buffer_hw_semaphore_take
 .text.share_buffer_hw_semaphore_give
                0x84065c86       0x2c /workdir/out/ab1623m_evk/keychron_mouse_LM7/Keychron_LM7_design_mouse/riscv/mouse_ref_design/hid_ref_mouse_m20_pro/common/middleware/airoha/share_buffer/src/share_buffer.o
                0x84065c86                share_buffer_hw_semaphore_give
 .text.pka_share_init
                0x84065cb2       0x1a /workdir/out/ab1623m_evk/keychron_mouse_LM7/Keychron_LM7_design_mouse/riscv/mouse_ref_design/hid_ref_mouse_m20_pro/common/middleware/airoha/pka_share/src/pka_share.o
                0x84065cb2                pka_share_init
 .text.pka_share_tx_buf_get_payload
                0x84065ccc       0x10 /workdir/out/ab1623m_evk/keychron_mouse_LM7/Keychron_LM7_design_mouse/riscv/mouse_ref_design/hid_ref_mouse_m20_pro/common/middleware/airoha/pka_share/src/pka_share.o
                0x84065ccc                pka_share_tx_buf_get_payload
 .text.pka_tx_buf_set_active_state
                0x84065cdc       0x14 /workdir/out/ab1623m_evk/keychron_mouse_LM7/Keychron_LM7_design_mouse/riscv/mouse_ref_design/hid_ref_mouse_m20_pro/common/middleware/airoha/pka_share/src/pka_share.o
                0x84065cdc                pka_tx_buf_set_active_state
 .text.pka_tx_buf_is_hid
                0x84065cf0       0x1e /workdir/out/ab1623m_evk/keychron_mouse_LM7/Keychron_LM7_design_mouse/riscv/mouse_ref_design/hid_ref_mouse_m20_pro/common/middleware/airoha/pka_share/src/pka_share.o
                0x84065cf0                pka_tx_buf_is_hid
 .text.pka_active_state_match
                0x84065d0e       0x1a /workdir/out/ab1623m_evk/keychron_mouse_LM7/Keychron_LM7_design_mouse/riscv/mouse_ref_design/hid_ref_mouse_m20_pro/common/middleware/airoha/pka_share/src/pka_share.o
                0x84065d0e                pka_active_state_match
 .text.pka_active_state_set
                0x84065d28       0x58 /workdir/out/ab1623m_evk/keychron_mouse_LM7/Keychron_LM7_design_mouse/riscv/mouse_ref_design/hid_ref_mouse_m20_pro/common/middleware/airoha/pka_share/src/pka_share.o
                0x84065d28                pka_active_state_set
 .text.pka_share_tx_ctrl_init
                0x84065d80       0xd4 /workdir/out/ab1623m_evk/keychron_mouse_LM7/Keychron_LM7_design_mouse/riscv/mouse_ref_design/hid_ref_mouse_m20_pro/common/middleware/airoha/pka_share/src/pka_share.o
                0x84065d80                pka_share_tx_ctrl_init
 .text.pka_share_updt_hid_tx_ptr
                0x84065e54       0x5c /workdir/out/ab1623m_evk/keychron_mouse_LM7/Keychron_LM7_design_mouse/riscv/mouse_ref_design/hid_ref_mouse_m20_pro/common/middleware/airoha/pka_share/src/pka_share.o
                0x84065e54                pka_share_updt_hid_tx_ptr
 .text.pka_share_get_hid_tx_ptr
                0x84065eb0       0x88 /workdir/out/ab1623m_evk/keychron_mouse_LM7/Keychron_LM7_design_mouse/riscv/mouse_ref_design/hid_ref_mouse_m20_pro/common/middleware/airoha/pka_share/src/pka_share.o
                0x84065eb0                pka_share_get_hid_tx_ptr
 .text.pka_share_push_hid_tx_ptr
                0x84065f38       0x3c /workdir/out/ab1623m_evk/keychron_mouse_LM7/Keychron_LM7_design_mouse/riscv/mouse_ref_design/hid_ref_mouse_m20_pro/common/middleware/airoha/pka_share/src/pka_share.o
                0x84065f38                pka_share_push_hid_tx_ptr
 .text.pka_share_advanced_tx_prepare_rt
                0x84065f74      0x2a6 /workdir/out/ab1623m_evk/keychron_mouse_LM7/Keychron_LM7_design_mouse/riscv/mouse_ref_design/hid_ref_mouse_m20_pro/common/middleware/airoha/pka_share/src/pka_share.o
                0x84065f74                pka_share_advanced_tx_prepare_rt
 .text.pka_share_tx_forward_prepare_rtt0
                0x8406621a       0x50 /workdir/out/ab1623m_evk/keychron_mouse_LM7/Keychron_LM7_design_mouse/riscv/mouse_ref_design/hid_ref_mouse_m20_pro/common/middleware/airoha/pka_share/src/pka_share.o
                0x8406621a                pka_share_tx_forward_prepare_rtt0
 .text.ccni_write_register
                0x8406626a       0x6e /workdir/out/ab1623m_evk/keychron_mouse_LM7/Keychron_LM7_design_mouse/riscv/mouse_ref_design/hid_ref_mouse_m20_pro/common/drivers/chip/ab162x/src/hal_ccni.o
 .text.hal_ccni_init
                0x840662d8       0x20 /workdir/out/ab1623m_evk/keychron_mouse_LM7/Keychron_LM7_design_mouse/riscv/mouse_ref_design/hid_ref_mouse_m20_pro/common/drivers/chip/ab162x/src/hal_ccni.o
                0x840662d8                hal_ccni_init
 .text.hal_ccni_query_event_status
                0x840662f8       0x7e /workdir/out/ab1623m_evk/keychron_mouse_LM7/Keychron_LM7_design_mouse/riscv/mouse_ref_design/hid_ref_mouse_m20_pro/common/drivers/chip/ab162x/src/hal_ccni.o
                0x840662f8                hal_ccni_query_event_status
 .text.hal_ccni_set_event_with_retry
                0x84066376       0xa4 /workdir/out/ab1623m_evk/keychron_mouse_LM7/Keychron_LM7_design_mouse/riscv/mouse_ref_design/hid_ref_mouse_m20_pro/common/drivers/chip/ab162x/src/hal_ccni.o
                0x84066376                hal_ccni_set_event_with_retry
 .text.hal_ccni_set_event
                0x8406641a        0x4 /workdir/out/ab1623m_evk/keychron_mouse_LM7/Keychron_LM7_design_mouse/riscv/mouse_ref_design/hid_ref_mouse_m20_pro/common/drivers/chip/ab162x/src/hal_ccni.o
                0x8406641a                hal_ccni_set_event
 .text.hal_ccni_clear_event
                0x8406641e        0x6 /workdir/out/ab1623m_evk/keychron_mouse_LM7/Keychron_LM7_design_mouse/riscv/mouse_ref_design/hid_ref_mouse_m20_pro/common/drivers/chip/ab162x/src/hal_ccni.o
                0x8406641e                hal_ccni_clear_event
 .text.hal_ccni_mask_event
                0x84066424        0x6 /workdir/out/ab1623m_evk/keychron_mouse_LM7/Keychron_LM7_design_mouse/riscv/mouse_ref_design/hid_ref_mouse_m20_pro/common/drivers/chip/ab162x/src/hal_ccni.o
                0x84066424                hal_ccni_mask_event
 .text.hal_ccni_unmask_event
                0x8406642a        0x6 /workdir/out/ab1623m_evk/keychron_mouse_LM7/Keychron_LM7_design_mouse/riscv/mouse_ref_design/hid_ref_mouse_m20_pro/common/drivers/chip/ab162x/src/hal_ccni.o
                0x8406642a                hal_ccni_unmask_event
 .text.ccni_irq_handler
                0x84066430       0x86 /workdir/out/ab1623m_evk/keychron_mouse_LM7/Keychron_LM7_design_mouse/riscv/mouse_ref_design/hid_ref_mouse_m20_pro/common/drivers/chip/ab162x/src/hal_ccni.o
 .text.hal_ccni_event_callback0
                0x840664b6        0x2 /workdir/out/ab1623m_evk/keychron_mouse_LM7/Keychron_LM7_design_mouse/riscv/mouse_ref_design/hid_ref_mouse_m20_pro/common/drivers/chip/ab162x/src/hal_ccni_config.o
                0x840664b6                hal_ccni_event_callback0
 .text.hal_ccni_event_callback31
                0x840664b8        0x2 /workdir/out/ab1623m_evk/keychron_mouse_LM7/Keychron_LM7_design_mouse/riscv/mouse_ref_design/hid_ref_mouse_m20_pro/common/drivers/chip/ab162x/src/hal_ccni_config.o
                0x840664b8                hal_ccni_event_callback31
 .text.hal_ccni_event_callback1
                0x840664ba        0x2 /workdir/out/ab1623m_evk/keychron_mouse_LM7/Keychron_LM7_design_mouse/riscv/mouse_ref_design/hid_ref_mouse_m20_pro/common/drivers/chip/ab162x/src/hal_ccni_config.o
                0x840664ba                hal_ccni_event_callback1
 .text.hal_ccni_event_callback2
                0x840664bc        0x2 /workdir/out/ab1623m_evk/keychron_mouse_LM7/Keychron_LM7_design_mouse/riscv/mouse_ref_design/hid_ref_mouse_m20_pro/common/drivers/chip/ab162x/src/hal_ccni_config.o
                0x840664bc                hal_ccni_event_callback2
 .text.hal_ccni_event_callback4
                0x840664be        0x2 /workdir/out/ab1623m_evk/keychron_mouse_LM7/Keychron_LM7_design_mouse/riscv/mouse_ref_design/hid_ref_mouse_m20_pro/common/drivers/chip/ab162x/src/hal_ccni_config.o
                0x840664be                hal_ccni_event_callback4
 .text.hal_ccni_event_callback5
                0x840664c0        0x2 /workdir/out/ab1623m_evk/keychron_mouse_LM7/Keychron_LM7_design_mouse/riscv/mouse_ref_design/hid_ref_mouse_m20_pro/common/drivers/chip/ab162x/src/hal_ccni_config.o
                0x840664c0                hal_ccni_event_callback5
 .text.hal_ccni_event_callback6
                0x840664c2        0x2 /workdir/out/ab1623m_evk/keychron_mouse_LM7/Keychron_LM7_design_mouse/riscv/mouse_ref_design/hid_ref_mouse_m20_pro/common/drivers/chip/ab162x/src/hal_ccni_config.o
                0x840664c2                hal_ccni_event_callback6
 .text.hal_ccni_event_callback7
                0x840664c4        0x2 /workdir/out/ab1623m_evk/keychron_mouse_LM7/Keychron_LM7_design_mouse/riscv/mouse_ref_design/hid_ref_mouse_m20_pro/common/drivers/chip/ab162x/src/hal_ccni_config.o
                0x840664c4                hal_ccni_event_callback7
 .text.hal_ccni_event_callback8
                0x840664c6        0x2 /workdir/out/ab1623m_evk/keychron_mouse_LM7/Keychron_LM7_design_mouse/riscv/mouse_ref_design/hid_ref_mouse_m20_pro/common/drivers/chip/ab162x/src/hal_ccni_config.o
                0x840664c6                hal_ccni_event_callback8
 .text.hal_ccni_event_callback9
                0x840664c8        0x2 /workdir/out/ab1623m_evk/keychron_mouse_LM7/Keychron_LM7_design_mouse/riscv/mouse_ref_design/hid_ref_mouse_m20_pro/common/drivers/chip/ab162x/src/hal_ccni_config.o
                0x840664c8                hal_ccni_event_callback9
 .text.hal_ccni_event_callback10
                0x840664ca        0x2 /workdir/out/ab1623m_evk/keychron_mouse_LM7/Keychron_LM7_design_mouse/riscv/mouse_ref_design/hid_ref_mouse_m20_pro/common/drivers/chip/ab162x/src/hal_ccni_config.o
                0x840664ca                hal_ccni_event_callback10
 .text.hal_ccni_event_callback11
                0x840664cc        0x2 /workdir/out/ab1623m_evk/keychron_mouse_LM7/Keychron_LM7_design_mouse/riscv/mouse_ref_design/hid_ref_mouse_m20_pro/common/drivers/chip/ab162x/src/hal_ccni_config.o
                0x840664cc                hal_ccni_event_callback11
 .text.hal_ccni_event_callback12
                0x840664ce        0x2 /workdir/out/ab1623m_evk/keychron_mouse_LM7/Keychron_LM7_design_mouse/riscv/mouse_ref_design/hid_ref_mouse_m20_pro/common/drivers/chip/ab162x/src/hal_ccni_config.o
                0x840664ce                hal_ccni_event_callback12
 .text.hal_ccni_event_callback13
                0x840664d0        0x2 /workdir/out/ab1623m_evk/keychron_mouse_LM7/Keychron_LM7_design_mouse/riscv/mouse_ref_design/hid_ref_mouse_m20_pro/common/drivers/chip/ab162x/src/hal_ccni_config.o
                0x840664d0                hal_ccni_event_callback13
 .text.hal_ccni_event_callback14
                0x840664d2        0x2 /workdir/out/ab1623m_evk/keychron_mouse_LM7/Keychron_LM7_design_mouse/riscv/mouse_ref_design/hid_ref_mouse_m20_pro/common/drivers/chip/ab162x/src/hal_ccni_config.o
                0x840664d2                hal_ccni_event_callback14
 .text.hal_ccni_event_callback17
                0x840664d4        0x2 /workdir/out/ab1623m_evk/keychron_mouse_LM7/Keychron_LM7_design_mouse/riscv/mouse_ref_design/hid_ref_mouse_m20_pro/common/drivers/chip/ab162x/src/hal_ccni_config.o
                0x840664d4                hal_ccni_event_callback17
 .text.hal_ccni_event_callback18
                0x840664d6        0x2 /workdir/out/ab1623m_evk/keychron_mouse_LM7/Keychron_LM7_design_mouse/riscv/mouse_ref_design/hid_ref_mouse_m20_pro/common/drivers/chip/ab162x/src/hal_ccni_config.o
                0x840664d6                hal_ccni_event_callback18
 .text.hal_ccni_event_callback19
                0x840664d8        0x2 /workdir/out/ab1623m_evk/keychron_mouse_LM7/Keychron_LM7_design_mouse/riscv/mouse_ref_design/hid_ref_mouse_m20_pro/common/drivers/chip/ab162x/src/hal_ccni_config.o
                0x840664d8                hal_ccni_event_callback19
 .text.hal_ccni_event_callback21
                0x840664da        0x2 /workdir/out/ab1623m_evk/keychron_mouse_LM7/Keychron_LM7_design_mouse/riscv/mouse_ref_design/hid_ref_mouse_m20_pro/common/drivers/chip/ab162x/src/hal_ccni_config.o
                0x840664da                hal_ccni_event_callback21
 .text.hal_ccni_event_callback22
                0x840664dc        0x2 /workdir/out/ab1623m_evk/keychron_mouse_LM7/Keychron_LM7_design_mouse/riscv/mouse_ref_design/hid_ref_mouse_m20_pro/common/drivers/chip/ab162x/src/hal_ccni_config.o
                0x840664dc                hal_ccni_event_callback22
 .text.hal_ccni_event_callback23
                0x840664de        0x2 /workdir/out/ab1623m_evk/keychron_mouse_LM7/Keychron_LM7_design_mouse/riscv/mouse_ref_design/hid_ref_mouse_m20_pro/common/drivers/chip/ab162x/src/hal_ccni_config.o
                0x840664de                hal_ccni_event_callback23
 .text.hal_ccni_event_callback24
                0x840664e0        0x2 /workdir/out/ab1623m_evk/keychron_mouse_LM7/Keychron_LM7_design_mouse/riscv/mouse_ref_design/hid_ref_mouse_m20_pro/common/drivers/chip/ab162x/src/hal_ccni_config.o
                0x840664e0                hal_ccni_event_callback24
 .text.hal_ccni_event_callback25
                0x840664e2        0x2 /workdir/out/ab1623m_evk/keychron_mouse_LM7/Keychron_LM7_design_mouse/riscv/mouse_ref_design/hid_ref_mouse_m20_pro/common/drivers/chip/ab162x/src/hal_ccni_config.o
                0x840664e2                hal_ccni_event_callback25
 .text.hal_ccni_event_callback26
                0x840664e4        0x2 /workdir/out/ab1623m_evk/keychron_mouse_LM7/Keychron_LM7_design_mouse/riscv/mouse_ref_design/hid_ref_mouse_m20_pro/common/drivers/chip/ab162x/src/hal_ccni_config.o
                0x840664e4                hal_ccni_event_callback26
 .text.hal_ccni_event_callback27
                0x840664e6        0x2 /workdir/out/ab1623m_evk/keychron_mouse_LM7/Keychron_LM7_design_mouse/riscv/mouse_ref_design/hid_ref_mouse_m20_pro/common/drivers/chip/ab162x/src/hal_ccni_config.o
                0x840664e6                hal_ccni_event_callback27
 .text.hal_ccni_event_callback28
                0x840664e8        0x2 /workdir/out/ab1623m_evk/keychron_mouse_LM7/Keychron_LM7_design_mouse/riscv/mouse_ref_design/hid_ref_mouse_m20_pro/common/drivers/chip/ab162x/src/hal_ccni_config.o
                0x840664e8                hal_ccni_event_callback28
 .text.hal_ccni_event_callback29
                0x840664ea        0x2 /workdir/out/ab1623m_evk/keychron_mouse_LM7/Keychron_LM7_design_mouse/riscv/mouse_ref_design/hid_ref_mouse_m20_pro/common/drivers/chip/ab162x/src/hal_ccni_config.o
                0x840664ea                hal_ccni_event_callback29
 .text.hal_ccni_event_callback30
                0x840664ec        0x2 /workdir/out/ab1623m_evk/keychron_mouse_LM7/Keychron_LM7_design_mouse/riscv/mouse_ref_design/hid_ref_mouse_m20_pro/common/drivers/chip/ab162x/src/hal_ccni_config.o
                0x840664ec                hal_ccni_event_callback30
 .text.hal_core_status_write
                0x840664ee       0x4e /workdir/out/ab1623m_evk/keychron_mouse_LM7/Keychron_LM7_design_mouse/riscv/mouse_ref_design/hid_ref_mouse_m20_pro/common/drivers/chip/ab162x/src/hal_core_status.o
                0x840664ee                hal_core_status_write
 .text.hw_semaphore_take
                0x8406653c       0x4e /workdir/out/ab1623m_evk/keychron_mouse_LM7/Keychron_LM7_design_mouse/riscv/mouse_ref_design/hid_ref_mouse_m20_pro/common/drivers/chip/ab162x/src/hal_hw_semaphore.o
                0x8406653c                hw_semaphore_take
 .text.hal_hw_semaphore_take
                0x8406658a        0xc /workdir/out/ab1623m_evk/keychron_mouse_LM7/Keychron_LM7_design_mouse/riscv/mouse_ref_design/hid_ref_mouse_m20_pro/common/drivers/chip/ab162x/src/hal_hw_semaphore.o
                0x8406658a                hal_hw_semaphore_take
 .text.hw_semaphore_take_special
                0x84066596       0x26 /workdir/out/ab1623m_evk/keychron_mouse_LM7/Keychron_LM7_design_mouse/riscv/mouse_ref_design/hid_ref_mouse_m20_pro/common/drivers/chip/ab162x/src/hal_hw_semaphore.o
                0x84066596                hw_semaphore_take_special
 .text.hw_semaphore_give_special
                0x840665bc       0x20 /workdir/out/ab1623m_evk/keychron_mouse_LM7/Keychron_LM7_design_mouse/riscv/mouse_ref_design/hid_ref_mouse_m20_pro/common/drivers/chip/ab162x/src/hal_hw_semaphore.o
                0x840665bc                hw_semaphore_give_special
 .text.hid_common_set_hid_exp_flag
                0x840665dc       0x16 /workdir/out/ab1623m_evk/keychron_mouse_LM7/Keychron_LM7_design_mouse/riscv/mouse_ref_design/hid_ref_mouse_m20_pro/common/applications/hid/src/hid_common.o
                0x840665dc                hid_common_set_hid_exp_flag
 .text.hid_common_clear_hid_exp_flag
                0x840665f2       0x1a /workdir/out/ab1623m_evk/keychron_mouse_LM7/Keychron_LM7_design_mouse/riscv/mouse_ref_design/hid_ref_mouse_m20_pro/common/applications/hid/src/hid_common.o
                0x840665f2                hid_common_clear_hid_exp_flag
 .text.hid_common_get_hid_exp_features
                0x8406660c       0x10 /workdir/out/ab1623m_evk/keychron_mouse_LM7/Keychron_LM7_design_mouse/riscv/mouse_ref_design/hid_ref_mouse_m20_pro/common/applications/hid/src/hid_common.o
                0x8406660c                hid_common_get_hid_exp_features
 .text.hid_common_get_dongle_scenario
                0x8406661c        0xc /workdir/out/ab1623m_evk/keychron_mouse_LM7/Keychron_LM7_design_mouse/riscv/mouse_ref_design/hid_ref_mouse_m20_pro/common/applications/hid/src/hid_common.o
                0x8406661c                hid_common_get_dongle_scenario
 .text.hid_common_get_combo_key_list
                0x84066628       0x16 /workdir/out/ab1623m_evk/keychron_mouse_LM7/Keychron_LM7_design_mouse/riscv/mouse_ref_design/hid_ref_mouse_m20_pro/common/applications/hid/src/hid_common.o
                0x84066628                hid_common_get_combo_key_list
 .text.hid_common_get_backend_key_remap_data
                0x8406663e       0xa4 /workdir/out/ab1623m_evk/keychron_mouse_LM7/Keychron_LM7_design_mouse/riscv/mouse_ref_design/hid_ref_mouse_m20_pro/common/applications/hid/src/hid_common.o
                0x8406663e                hid_common_get_backend_key_remap_data
 .text.hid_common_get_frontend_key_remap_data
                0x840666e2       0x5e /workdir/out/ab1623m_evk/keychron_mouse_LM7/Keychron_LM7_design_mouse/riscv/mouse_ref_design/hid_ref_mouse_m20_pro/common/applications/hid/src/hid_common.o
                0x840666e2                hid_common_get_frontend_key_remap_data
 .text.hid_express_get_hid_flag
                0x84066740        0xa /workdir/out/ab1623m_evk/keychron_mouse_LM7/Keychron_LM7_design_mouse/riscv/mouse_ref_design/hid_ref_mouse_m20_pro/common/middleware/airoha/hid_express/src/riscv_hid_express.o
                0x84066740                hid_express_get_hid_flag
 .text.hid_express_get_get_tx_result
                0x8406674a        0xa /workdir/out/ab1623m_evk/keychron_mouse_LM7/Keychron_LM7_design_mouse/riscv/mouse_ref_design/hid_ref_mouse_m20_pro/common/middleware/airoha/hid_express/src/riscv_hid_express.o
                0x8406674a                hid_express_get_get_tx_result
 .text.hid_express_get_outgpoig_report_result
                0x84066754        0xa /workdir/out/ab1623m_evk/keychron_mouse_LM7/Keychron_LM7_design_mouse/riscv/mouse_ref_design/hid_ref_mouse_m20_pro/common/middleware/airoha/hid_express/src/riscv_hid_express.o
                0x84066754                hid_express_get_outgpoig_report_result
 .text.hid_express_prepare_X_Y
                0x8406675e      0x120 /workdir/out/ab1623m_evk/keychron_mouse_LM7/Keychron_LM7_design_mouse/riscv/mouse_ref_design/hid_ref_mouse_m20_pro/common/middleware/airoha/hid_express/src/riscv_hid_express.o
                0x8406675e                hid_express_prepare_X_Y
 .text.hid_express_send
                0x8406687e      0x18c /workdir/out/ab1623m_evk/keychron_mouse_LM7/Keychron_LM7_design_mouse/riscv/mouse_ref_design/hid_ref_mouse_m20_pro/common/middleware/airoha/hid_express/src/riscv_hid_express.o
                0x8406687e                hid_express_send
 .text.hid_express_entrance
                0x84066a0a      0x26c /workdir/out/ab1623m_evk/keychron_mouse_LM7/Keychron_LM7_design_mouse/riscv/mouse_ref_design/hid_ref_mouse_m20_pro/common/middleware/airoha/hid_express/src/riscv_hid_express.o
                0x84066a0a                hid_express_entrance
 .text.hid_express_init_gpio_timestamp_latch
                0x84066c76       0x34 /workdir/out/ab1623m_evk/keychron_mouse_LM7/Keychron_LM7_design_mouse/riscv/mouse_ref_design/hid_ref_mouse_m20_pro/common/middleware/airoha/hid_express/src/riscv_hid_express.o
                0x84066c76                hid_express_init_gpio_timestamp_latch
 .text.hid_express_init
                0x84066caa       0x62 /workdir/out/ab1623m_evk/keychron_mouse_LM7/Keychron_LM7_design_mouse/riscv/mouse_ref_design/hid_ref_mouse_m20_pro/common/middleware/airoha/hid_express/src/riscv_hid_express.o
                0x84066caa                hid_express_init
 .text.hid_express_dongle_scenario_update
                0x84066d0c        0xa /workdir/out/ab1623m_evk/keychron_mouse_LM7/Keychron_LM7_design_mouse/riscv/mouse_ref_design/hid_ref_mouse_m20_pro/common/middleware/airoha/hid_express/src/riscv_hid_express.o
                0x84066d0c                hid_express_dongle_scenario_update
 .text.hid_express_set_features
                0x84066d16        0xa /workdir/out/ab1623m_evk/keychron_mouse_LM7/Keychron_LM7_design_mouse/riscv/mouse_ref_design/hid_ref_mouse_m20_pro/common/middleware/airoha/hid_express/src/riscv_hid_express.o
                0x84066d16                hid_express_set_features
 .text.hid_express_debug_print
                0x84066d20       0x32 /workdir/out/ab1623m_evk/keychron_mouse_LM7/Keychron_LM7_design_mouse/riscv/mouse_ref_design/hid_ref_mouse_m20_pro/common/middleware/airoha/hid_express/src/riscv_hid_express.o
                0x84066d20                hid_express_debug_print
 .text.hid_express_set_report_rate_idx
                0x84066d52       0x2e /workdir/out/ab1623m_evk/keychron_mouse_LM7/Keychron_LM7_design_mouse/riscv/mouse_ref_design/hid_ref_mouse_m20_pro/common/middleware/airoha/hid_express/src/riscv_hid_express.o
                0x84066d52                hid_express_set_report_rate_idx
 .text.hid_express_clear_key_pushed
                0x84066d80        0xc /workdir/out/ab1623m_evk/keychron_mouse_LM7/Keychron_LM7_design_mouse/riscv/mouse_ref_design/hid_ref_mouse_m20_pro/common/middleware/airoha/hid_express/src/riscv_hid_express.o
                0x84066d80                hid_express_clear_key_pushed
 .text.hid_express__push_to_key_queue
                0x84066d8c       0x7e /workdir/out/ab1623m_evk/keychron_mouse_LM7/Keychron_LM7_design_mouse/riscv/mouse_ref_design/hid_ref_mouse_m20_pro/common/middleware/airoha/hid_express/src/riscv_hid_express.o
                0x84066d8c                hid_express__push_to_key_queue
 .text.hid_express_deinit
                0x84066e0a        0x4 /workdir/out/ab1623m_evk/keychron_mouse_LM7/Keychron_LM7_design_mouse/riscv/mouse_ref_design/hid_ref_mouse_m20_pro/common/middleware/airoha/hid_express/src/riscv_hid_express.o
                0x84066e0a                hid_express_deinit
 .text.hid_express_bt_submit_report_to_pka_16bits
                0x84066e0e       0x3e /workdir/out/ab1623m_evk/keychron_mouse_LM7/Keychron_LM7_design_mouse/riscv/mouse_ref_design/hid_ref_mouse_m20_pro/common/middleware/airoha/hid_express/src/riscv_hid_express_bt_mode.o
 .text.init_bt_queue
                0x84066e4c       0x1e /workdir/out/ab1623m_evk/keychron_mouse_LM7/Keychron_LM7_design_mouse/riscv/mouse_ref_design/hid_ref_mouse_m20_pro/common/middleware/airoha/hid_express/src/riscv_hid_express_bt_mode.o
                0x84066e4c                init_bt_queue
 .text.is_bt_queue_empty
                0x84066e6a       0x18 /workdir/out/ab1623m_evk/keychron_mouse_LM7/Keychron_LM7_design_mouse/riscv/mouse_ref_design/hid_ref_mouse_m20_pro/common/middleware/airoha/hid_express/src/riscv_hid_express_bt_mode.o
                0x84066e6a                is_bt_queue_empty
 .text.is_bt_queue_full
                0x84066e82       0x24 /workdir/out/ab1623m_evk/keychron_mouse_LM7/Keychron_LM7_design_mouse/riscv/mouse_ref_design/hid_ref_mouse_m20_pro/common/middleware/airoha/hid_express/src/riscv_hid_express_bt_mode.o
                0x84066e82                is_bt_queue_full
 .text.bt_queue_push
                0x84066ea6       0x68 /workdir/out/ab1623m_evk/keychron_mouse_LM7/Keychron_LM7_design_mouse/riscv/mouse_ref_design/hid_ref_mouse_m20_pro/common/middleware/airoha/hid_express/src/riscv_hid_express_bt_mode.o
                0x84066ea6                bt_queue_push
 .text.bt_queue_pop
                0x84066f0e       0x50 /workdir/out/ab1623m_evk/keychron_mouse_LM7/Keychron_LM7_design_mouse/riscv/mouse_ref_design/hid_ref_mouse_m20_pro/common/middleware/airoha/hid_express/src/riscv_hid_express_bt_mode.o
                0x84066f0e                bt_queue_pop
 .text.hid_express_bt_merge_xy
                0x84066f5e       0x8c /workdir/out/ab1623m_evk/keychron_mouse_LM7/Keychron_LM7_design_mouse/riscv/mouse_ref_design/hid_ref_mouse_m20_pro/common/middleware/airoha/hid_express/src/riscv_hid_express_bt_mode.o
                0x84066f5e                hid_express_bt_merge_xy
 .text.hid_express_bt_send_report
                0x84066fea      0x1d6 /workdir/out/ab1623m_evk/keychron_mouse_LM7/Keychron_LM7_design_mouse/riscv/mouse_ref_design/hid_ref_mouse_m20_pro/common/middleware/airoha/hid_express/src/riscv_hid_express_bt_mode.o
 .text.hid_express_bt_get_tx_result
                0x840671c0       0x1a /workdir/out/ab1623m_evk/keychron_mouse_LM7/Keychron_LM7_design_mouse/riscv/mouse_ref_design/hid_ref_mouse_m20_pro/common/middleware/airoha/hid_express/src/riscv_hid_express_bt_mode.o
                0x840671c0                hid_express_bt_get_tx_result
 .text.hid_express_bt_x_y_data_prepare
                0x840671da        0x4 /workdir/out/ab1623m_evk/keychron_mouse_LM7/Keychron_LM7_design_mouse/riscv/mouse_ref_design/hid_ref_mouse_m20_pro/common/middleware/airoha/hid_express/src/riscv_hid_express_bt_mode.o
                0x840671da                hid_express_bt_x_y_data_prepare
 .text.hid_express_bt_data_send
                0x840671de      0x140 /workdir/out/ab1623m_evk/keychron_mouse_LM7/Keychron_LM7_design_mouse/riscv/mouse_ref_design/hid_ref_mouse_m20_pro/common/middleware/airoha/hid_express/src/riscv_hid_express_bt_mode.o
                0x840671de                hid_express_bt_data_send
 .text.hid_express_bt_init
                0x8406731e       0x24 /workdir/out/ab1623m_evk/keychron_mouse_LM7/Keychron_LM7_design_mouse/riscv/mouse_ref_design/hid_ref_mouse_m20_pro/common/middleware/airoha/hid_express/src/riscv_hid_express_bt_mode.o
                0x8406731e                hid_express_bt_init
 .text.hid_experss_bt_set_attr_handle
                0x84067342       0x10 /workdir/out/ab1623m_evk/keychron_mouse_LM7/Keychron_LM7_design_mouse/riscv/mouse_ref_design/hid_ref_mouse_m20_pro/common/middleware/airoha/hid_express/src/riscv_hid_express_bt_mode.o
                0x84067342                hid_experss_bt_set_attr_handle
 .text.hid_experss_bt_clear_queue
                0x84067352        0xa /workdir/out/ab1623m_evk/keychron_mouse_LM7/Keychron_LM7_design_mouse/riscv/mouse_ref_design/hid_ref_mouse_m20_pro/common/middleware/airoha/hid_express/src/riscv_hid_express_bt_mode.o
                0x84067352                hid_experss_bt_clear_queue
 .text.hid_express_bt_debug_check
                0x8406735c       0x12 /workdir/out/ab1623m_evk/keychron_mouse_LM7/Keychron_LM7_design_mouse/riscv/mouse_ref_design/hid_ref_mouse_m20_pro/common/middleware/airoha/hid_express/src/riscv_hid_express_bt_mode.o
                0x8406735c                hid_express_bt_debug_check
 .text.hid_express_bt_debug_print
                0x8406736e       0x3e /workdir/out/ab1623m_evk/keychron_mouse_LM7/Keychron_LM7_design_mouse/riscv/mouse_ref_design/hid_ref_mouse_m20_pro/common/middleware/airoha/hid_express/src/riscv_hid_express_bt_mode.o
                0x8406736e                hid_express_bt_debug_print
 .text.hid_express_gaming_get_tx_status
                0x840673ac       0x1a /workdir/out/ab1623m_evk/keychron_mouse_LM7/Keychron_LM7_design_mouse/riscv/mouse_ref_design/hid_ref_mouse_m20_pro/common/middleware/airoha/hid_express/src/riscv_hid_express_2_4G_mode.o
                0x840673ac                hid_express_gaming_get_tx_status
 .text.hid_express_gaming_buffer_full_update_report
                0x840673c6      0x194 /workdir/out/ab1623m_evk/keychron_mouse_LM7/Keychron_LM7_design_mouse/riscv/mouse_ref_design/hid_ref_mouse_m20_pro/common/middleware/airoha/hid_express/src/riscv_hid_express_2_4G_mode.o
                0x840673c6                hid_express_gaming_buffer_full_update_report
 .text.hid_express_gaming_generate_reports_1R1T_12bits
                0x8406755a       0x82 /workdir/out/ab1623m_evk/keychron_mouse_LM7/Keychron_LM7_design_mouse/riscv/mouse_ref_design/hid_ref_mouse_m20_pro/common/middleware/airoha/hid_express/src/riscv_hid_express_2_4G_mode.o
                0x8406755a                hid_express_gaming_generate_reports_1R1T_12bits
 .text.hid_express_gaming_generate_kb_std_xy_reports_1R1T
                0x840675dc      0x162 /workdir/out/ab1623m_evk/keychron_mouse_LM7/Keychron_LM7_design_mouse/riscv/mouse_ref_design/hid_ref_mouse_m20_pro/common/middleware/airoha/hid_express/src/riscv_hid_express_2_4G_mode.o
                0x840675dc                hid_express_gaming_generate_kb_std_xy_reports_1R1T
 .text.hid_express_gaming_generate_kb_consumer_xy_reports_1R1T
                0x8406773e      0x15a /workdir/out/ab1623m_evk/keychron_mouse_LM7/Keychron_LM7_design_mouse/riscv/mouse_ref_design/hid_ref_mouse_m20_pro/common/middleware/airoha/hid_express/src/riscv_hid_express_2_4G_mode.o
                0x8406773e                hid_express_gaming_generate_kb_consumer_xy_reports_1R1T
 .text.hid_express_2_4G_x_y_data_prepare
                0x84067898       0x4c /workdir/out/ab1623m_evk/keychron_mouse_LM7/Keychron_LM7_design_mouse/riscv/mouse_ref_design/hid_ref_mouse_m20_pro/common/middleware/airoha/hid_express/src/riscv_hid_express_2_4G_mode.o
                0x84067898                hid_express_2_4G_x_y_data_prepare
 .text.hid_express_gaming_submit_report_to_pka
                0x840678e4       0x4a /workdir/out/ab1623m_evk/keychron_mouse_LM7/Keychron_LM7_design_mouse/riscv/mouse_ref_design/hid_ref_mouse_m20_pro/common/middleware/airoha/hid_express/src/riscv_hid_express_2_4G_mode.o
                0x840678e4                hid_express_gaming_submit_report_to_pka
 .text.hid_express_gaming_generate_kb_consumer_reports_1R1T
                0x8406792e       0x5a /workdir/out/ab1623m_evk/keychron_mouse_LM7/Keychron_LM7_design_mouse/riscv/mouse_ref_design/hid_ref_mouse_m20_pro/common/middleware/airoha/hid_express/src/riscv_hid_express_2_4G_mode.o
                0x8406792e                hid_express_gaming_generate_kb_consumer_reports_1R1T
 .text.hid_express_gaming_generate_kb_std_reports_1R1T
                0x84067988       0x80 /workdir/out/ab1623m_evk/keychron_mouse_LM7/Keychron_LM7_design_mouse/riscv/mouse_ref_design/hid_ref_mouse_m20_pro/common/middleware/airoha/hid_express/src/riscv_hid_express_2_4G_mode.o
                0x84067988                hid_express_gaming_generate_kb_std_reports_1R1T
 .text.hid_express_gaming_data_send
                0x84067a08       0x96 /workdir/out/ab1623m_evk/keychron_mouse_LM7/Keychron_LM7_design_mouse/riscv/mouse_ref_design/hid_ref_mouse_m20_pro/common/middleware/airoha/hid_express/src/riscv_hid_express_2_4G_mode.o
                0x84067a08                hid_express_gaming_data_send
 .text.hid_express_gaming_init
                0x84067a9e       0x12 /workdir/out/ab1623m_evk/keychron_mouse_LM7/Keychron_LM7_design_mouse/riscv/mouse_ref_design/hid_ref_mouse_m20_pro/common/middleware/airoha/hid_express/src/riscv_hid_express_2_4G_mode.o
                0x84067a9e                hid_express_gaming_init
 .text.hid_express_2_4g_post_process
                0x84067ab0        0x2 /workdir/out/ab1623m_evk/keychron_mouse_LM7/Keychron_LM7_design_mouse/riscv/mouse_ref_design/hid_ref_mouse_m20_pro/common/middleware/airoha/hid_express/src/riscv_hid_express_2_4G_mode.o
                0x84067ab0                hid_express_2_4g_post_process
 .text.hid_express_usb_mode_send_report_to_CM33
                0x84067ab2        0xa /workdir/out/ab1623m_evk/keychron_mouse_LM7/Keychron_LM7_design_mouse/riscv/mouse_ref_design/hid_ref_mouse_m20_pro/common/middleware/airoha/hid_express/src/riscv_hid_express_usb_mode.o
                0x84067ab2                hid_express_usb_mode_send_report_to_CM33
 .text.hid_express_usb_mode_generate_kb_consumer_reports
                0x84067abc       0x3e /workdir/out/ab1623m_evk/keychron_mouse_LM7/Keychron_LM7_design_mouse/riscv/mouse_ref_design/hid_ref_mouse_m20_pro/common/middleware/airoha/hid_express/src/riscv_hid_express_usb_mode.o
                0x84067abc                hid_express_usb_mode_generate_kb_consumer_reports
 .text.hid_express_usb_mode_generate_kb_std_reports
                0x84067afa       0x4c /workdir/out/ab1623m_evk/keychron_mouse_LM7/Keychron_LM7_design_mouse/riscv/mouse_ref_design/hid_ref_mouse_m20_pro/common/middleware/airoha/hid_express/src/riscv_hid_express_usb_mode.o
                0x84067afa                hid_express_usb_mode_generate_kb_std_reports
 .text.hid_express_usb_mode_generate_12bits_reports
                0x84067b46       0x6a /workdir/out/ab1623m_evk/keychron_mouse_LM7/Keychron_LM7_design_mouse/riscv/mouse_ref_design/hid_ref_mouse_m20_pro/common/middleware/airoha/hid_express/src/riscv_hid_express_usb_mode.o
                0x84067b46                hid_express_usb_mode_generate_12bits_reports
 .text.hid_express_usb_mode_generate_kb_std_xy_reports
                0x84067bb0       0x64 /workdir/out/ab1623m_evk/keychron_mouse_LM7/Keychron_LM7_design_mouse/riscv/mouse_ref_design/hid_ref_mouse_m20_pro/common/middleware/airoha/hid_express/src/riscv_hid_express_usb_mode.o
                0x84067bb0                hid_express_usb_mode_generate_kb_std_xy_reports
 .text.hid_express_usb_mode_generate_kb_consumer_xy_reports
                0x84067c14       0x5c /workdir/out/ab1623m_evk/keychron_mouse_LM7/Keychron_LM7_design_mouse/riscv/mouse_ref_design/hid_ref_mouse_m20_pro/common/middleware/airoha/hid_express/src/riscv_hid_express_usb_mode.o
                0x84067c14                hid_express_usb_mode_generate_kb_consumer_xy_reports
 .text.hid_express_usb_last_report_is_kb
                0x84067c70       0x10 /workdir/out/ab1623m_evk/keychron_mouse_LM7/Keychron_LM7_design_mouse/riscv/mouse_ref_design/hid_ref_mouse_m20_pro/common/middleware/airoha/hid_express/src/riscv_hid_express_usb_mode.o
                0x84067c70                hid_express_usb_last_report_is_kb
 .text.hid_express_usb_x_y_data_prepare
                0x84067c80       0x3a /workdir/out/ab1623m_evk/keychron_mouse_LM7/Keychron_LM7_design_mouse/riscv/mouse_ref_design/hid_ref_mouse_m20_pro/common/middleware/airoha/hid_express/src/riscv_hid_express_usb_mode.o
                0x84067c80                hid_express_usb_x_y_data_prepare
 .text.hid_express_usb_delay_for_latency
                0x84067cba       0x36 /workdir/out/ab1623m_evk/keychron_mouse_LM7/Keychron_LM7_design_mouse/riscv/mouse_ref_design/hid_ref_mouse_m20_pro/common/middleware/airoha/hid_express/src/riscv_hid_express_usb_mode.o
                0x84067cba                hid_express_usb_delay_for_latency
 .text.hid_express_usb_wakeup_cm33_handler
                0x84067cf0       0x1e /workdir/out/ab1623m_evk/keychron_mouse_LM7/Keychron_LM7_design_mouse/riscv/mouse_ref_design/hid_ref_mouse_m20_pro/common/middleware/airoha/hid_express/src/riscv_hid_express_usb_mode.o
                0x84067cf0                hid_express_usb_wakeup_cm33_handler
 .text.hid_express_usb_data_set_report_ready
                0x84067d0e        0xe /workdir/out/ab1623m_evk/keychron_mouse_LM7/Keychron_LM7_design_mouse/riscv/mouse_ref_design/hid_ref_mouse_m20_pro/common/middleware/airoha/hid_express/src/riscv_hid_express_usb_mode.o
                0x84067d0e                hid_express_usb_data_set_report_ready
 .text.hid_express_usb_data_send
                0x84067d1c       0x7e /workdir/out/ab1623m_evk/keychron_mouse_LM7/Keychron_LM7_design_mouse/riscv/mouse_ref_design/hid_ref_mouse_m20_pro/common/middleware/airoha/hid_express/src/riscv_hid_express_usb_mode.o
                0x84067d1c                hid_express_usb_data_send
 .text.hid_express_usb_mode_init
                0x84067d9a       0x1e /workdir/out/ab1623m_evk/keychron_mouse_LM7/Keychron_LM7_design_mouse/riscv/mouse_ref_design/hid_ref_mouse_m20_pro/common/middleware/airoha/hid_express/src/riscv_hid_express_usb_mode.o
                0x84067d9a                hid_express_usb_mode_init
 .text.hid_express_generate_value_candidate
                0x84067db8       0x12 /workdir/out/ab1623m_evk/keychron_mouse_LM7/Keychron_LM7_design_mouse/riscv/mouse_ref_design/hid_ref_mouse_m20_pro/common/middleware/airoha/hid_express/src/riscv_hid_express_xy_queue.o
                0x84067db8                hid_express_generate_value_candidate
 .text.hid_express_generate_value_candidate_1R1T_concurrent
                0x84067dca       0x16 /workdir/out/ab1623m_evk/keychron_mouse_LM7/Keychron_LM7_design_mouse/riscv/mouse_ref_design/hid_ref_mouse_m20_pro/common/middleware/airoha/hid_express/src/riscv_hid_express_xy_queue.o
                0x84067dca                hid_express_generate_value_candidate_1R1T_concurrent
 .text.hid_express_x_y_buf_has_data
                0x84067de0       0x24 /workdir/out/ab1623m_evk/keychron_mouse_LM7/Keychron_LM7_design_mouse/riscv/mouse_ref_design/hid_ref_mouse_m20_pro/common/middleware/airoha/hid_express/src/riscv_hid_express_xy_queue.o
                0x84067de0                hid_express_x_y_buf_has_data
 .text.hid_express_x_y_buf_init
                0x84067e04       0x34 /workdir/out/ab1623m_evk/keychron_mouse_LM7/Keychron_LM7_design_mouse/riscv/mouse_ref_design/hid_ref_mouse_m20_pro/common/middleware/airoha/hid_express/src/riscv_hid_express_xy_queue.o
                0x84067e04                hid_express_x_y_buf_init
 .text.is_queue_full
                0x84067e38       0x16 /workdir/out/ab1623m_evk/keychron_mouse_LM7/Keychron_LM7_design_mouse/riscv/mouse_ref_design/hid_ref_mouse_m20_pro/common/middleware/airoha/hid_express/src/riscv_hid_express_key_queue_mouse.o
                0x84067e38                is_queue_full
 .text.is_key_expired
                0x84067e4e       0x20 /workdir/out/ab1623m_evk/keychron_mouse_LM7/Keychron_LM7_design_mouse/riscv/mouse_ref_design/hid_ref_mouse_m20_pro/common/middleware/airoha/hid_express/src/riscv_hid_express_key_queue_mouse.o
                0x84067e4e                is_key_expired
 .text.get_queue_count
                0x84067e6e       0x16 /workdir/out/ab1623m_evk/keychron_mouse_LM7/Keychron_LM7_design_mouse/riscv/mouse_ref_design/hid_ref_mouse_m20_pro/common/middleware/airoha/hid_express/src/riscv_hid_express_key_queue_mouse.o
                0x84067e6e                get_queue_count
 .text.is_queue_num_2
                0x84067e84       0x12 /workdir/out/ab1623m_evk/keychron_mouse_LM7/Keychron_LM7_design_mouse/riscv/mouse_ref_design/hid_ref_mouse_m20_pro/common/middleware/airoha/hid_express/src/riscv_hid_express_key_queue_mouse.o
                0x84067e84                is_queue_num_2
 .text.riscv_key_push_key_info
                0x84067e96       0x24 /workdir/out/ab1623m_evk/keychron_mouse_LM7/Keychron_LM7_design_mouse/riscv/mouse_ref_design/hid_ref_mouse_m20_pro/common/middleware/airoha/hid_express/src/riscv_hid_express_key_queue_mouse.o
                0x84067e96                riscv_key_push_key_info
 .text.init_key_ctrl
                0x84067eba       0x14 /workdir/out/ab1623m_evk/keychron_mouse_LM7/Keychron_LM7_design_mouse/riscv/mouse_ref_design/hid_ref_mouse_m20_pro/common/middleware/airoha/hid_express/src/riscv_hid_express_key_queue_mouse.o
                0x84067eba                init_key_ctrl
 .text.riscv_key_clear_key_pushed
                0x84067ece       0x10 /workdir/out/ab1623m_evk/keychron_mouse_LM7/Keychron_LM7_design_mouse/riscv/mouse_ref_design/hid_ref_mouse_m20_pro/common/middleware/airoha/hid_express/src/riscv_hid_express_key_queue_mouse.o
                0x84067ece                riscv_key_clear_key_pushed
 .text.riscv_key_push
                0x84067ede       0xa8 /workdir/out/ab1623m_evk/keychron_mouse_LM7/Keychron_LM7_design_mouse/riscv/mouse_ref_design/hid_ref_mouse_m20_pro/common/middleware/airoha/hid_express/src/riscv_hid_express_key_queue_mouse.o
                0x84067ede                riscv_key_push
 .text.riscv_key_pop_temperory
                0x84067f86       0xb2 /workdir/out/ab1623m_evk/keychron_mouse_LM7/Keychron_LM7_design_mouse/riscv/mouse_ref_design/hid_ref_mouse_m20_pro/common/middleware/airoha/hid_express/src/riscv_hid_express_key_queue_mouse.o
                0x84067f86                riscv_key_pop_temperory
 .text.riscv_key_pop_confirm
                0x84068038       0x2a /workdir/out/ab1623m_evk/keychron_mouse_LM7/Keychron_LM7_design_mouse/riscv/mouse_ref_design/hid_ref_mouse_m20_pro/common/middleware/airoha/hid_express/src/riscv_hid_express_key_queue_mouse.o
                0x84068038                riscv_key_pop_confirm
 .text.riscv_hid_express_key_queue_debug_print
                0x84068062       0x74 /workdir/out/ab1623m_evk/keychron_mouse_LM7/Keychron_LM7_design_mouse/riscv/mouse_ref_design/hid_ref_mouse_m20_pro/common/middleware/airoha/hid_express/src/riscv_hid_express_key_queue_mouse.o
                0x84068062                riscv_hid_express_key_queue_debug_print
 .text.rv_hid_exp_key_queue_post_process
                0x840680d6       0x18 /workdir/out/ab1623m_evk/keychron_mouse_LM7/Keychron_LM7_design_mouse/riscv/mouse_ref_design/hid_ref_mouse_m20_pro/common/middleware/airoha/hid_express/src/riscv_hid_express_key_queue_mouse.o
                0x840680d6                rv_hid_exp_key_queue_post_process
 .text.rv_hid_exp_key_queue_tx_result_handle
                0x840680ee       0x22 /workdir/out/ab1623m_evk/keychron_mouse_LM7/Keychron_LM7_design_mouse/riscv/mouse_ref_design/hid_ref_mouse_m20_pro/common/middleware/airoha/hid_express/src/riscv_hid_express_key_queue_mouse.o
                0x840680ee                rv_hid_exp_key_queue_tx_result_handle
 .text.rv_hid_exp_key_queue_pre_process
                0x84068110       0x18 /workdir/out/ab1623m_evk/keychron_mouse_LM7/Keychron_LM7_design_mouse/riscv/mouse_ref_design/hid_ref_mouse_m20_pro/common/middleware/airoha/hid_express/src/riscv_hid_express_key_queue_mouse.o
                0x84068110                rv_hid_exp_key_queue_pre_process
 .text.rv_fake_report_config
                0x84068128       0x90 /workdir/out/ab1623m_evk/keychron_mouse_LM7/Keychron_LM7_design_mouse/riscv/mouse_ref_design/hid_ref_mouse_m20_pro/common/middleware/airoha/hid_express/src/rv_fake_report.o
                0x84068128                rv_fake_report_config
 .text.rv_fake_report_fake_report
                0x840681b8       0x54 /workdir/out/ab1623m_evk/keychron_mouse_LM7/Keychron_LM7_design_mouse/riscv/mouse_ref_design/hid_ref_mouse_m20_pro/common/middleware/airoha/hid_express/src/rv_fake_report.o
                0x840681b8                rv_fake_report_fake_report
 .text.rv_fake_report_post_process
                0x8406820c       0x44 /workdir/out/ab1623m_evk/keychron_mouse_LM7/Keychron_LM7_design_mouse/riscv/mouse_ref_design/hid_ref_mouse_m20_pro/common/middleware/airoha/hid_express/src/rv_fake_report.o
                0x8406820c                rv_fake_report_post_process
 .text.rv_fake_report_set
                0x84068250        0xa /workdir/out/ab1623m_evk/keychron_mouse_LM7/Keychron_LM7_design_mouse/riscv/mouse_ref_design/hid_ref_mouse_m20_pro/common/middleware/airoha/hid_express/src/rv_fake_report.o
                0x84068250                rv_fake_report_set
 .text.rv_fake_report__get_state
                0x8406825a       0x26 /workdir/out/ab1623m_evk/keychron_mouse_LM7/Keychron_LM7_design_mouse/riscv/mouse_ref_design/hid_ref_mouse_m20_pro/common/middleware/airoha/hid_express/src/rv_fake_report.o
                0x8406825a                rv_fake_report__get_state
 .text.hid_express_dbg_inc_pka_hid_cnt
                0x84068280       0x10 /workdir/out/ab1623m_evk/keychron_mouse_LM7/Keychron_LM7_design_mouse/riscv/mouse_ref_design/hid_ref_mouse_m20_pro/common/middleware/airoha/hid_express/src/rv_hid_exp_delay_printf.o
                0x84068280                hid_express_dbg_inc_pka_hid_cnt
 .text.hid_express_dbg_inc_pka_acl_cnt
                0x84068290       0x10 /workdir/out/ab1623m_evk/keychron_mouse_LM7/Keychron_LM7_design_mouse/riscv/mouse_ref_design/hid_ref_mouse_m20_pro/common/middleware/airoha/hid_express/src/rv_hid_exp_delay_printf.o
                0x84068290                hid_express_dbg_inc_pka_acl_cnt
 .text.hid_express_dbg_inc_pka_hid_drop_cnt
                0x840682a0       0x10 /workdir/out/ab1623m_evk/keychron_mouse_LM7/Keychron_LM7_design_mouse/riscv/mouse_ref_design/hid_ref_mouse_m20_pro/common/middleware/airoha/hid_express/src/rv_hid_exp_delay_printf.o
                0x840682a0                hid_express_dbg_inc_pka_hid_drop_cnt
 .text.hid_express_dbg_check
                0x840682b0       0xee /workdir/out/ab1623m_evk/keychron_mouse_LM7/Keychron_LM7_design_mouse/riscv/mouse_ref_design/hid_ref_mouse_m20_pro/common/middleware/airoha/hid_express/src/rv_hid_exp_delay_printf.o
                0x840682b0                hid_express_dbg_check
 .text.rv_hid_exp_delay_printf
                0x8406839e       0xfc /workdir/out/ab1623m_evk/keychron_mouse_LM7/Keychron_LM7_design_mouse/riscv/mouse_ref_design/hid_ref_mouse_m20_pro/common/middleware/airoha/hid_express/src/rv_hid_exp_delay_printf.o
                0x8406839e                rv_hid_exp_delay_printf
 .text.riscv_hid_report_id_select
                0x8406849a       0x28 /workdir/out/ab1623m_evk/keychron_mouse_LM7/Keychron_LM7_design_mouse/riscv/mouse_ref_design/hid_ref_mouse_m20_pro/common/middleware/airoha/hid_express/src/riscv_hid_report_id_selector.o
                0x8406849a                riscv_hid_report_id_select
 .text.rv_bt_burst_tx_num_ctrl
                0x840684c2      0x10a /workdir/out/ab1623m_evk/keychron_mouse_LM7/Keychron_LM7_design_mouse/riscv/mouse_ref_design/hid_ref_mouse_m20_pro/common/middleware/airoha/hid_express/src/rv_burst_tx_buf_ctrl.o
                0x840684c2                rv_bt_burst_tx_num_ctrl
 .text.key_remap_frontend_process_xy
                0x840685cc        0x4 /workdir/out/ab1623m_evk/keychron_mouse_LM7/Keychron_LM7_design_mouse/riscv/mouse_ref_design/hid_ref_mouse_m20_pro/common/middleware/airoha/key_remap/src/key_remap_frontend.o
                0x840685cc                key_remap_frontend_process_xy
 .text.key_remap_frontend_process
                0x840685d0       0x42 /workdir/out/ab1623m_evk/keychron_mouse_LM7/Keychron_LM7_design_mouse/riscv/mouse_ref_design/hid_ref_mouse_m20_pro/common/middleware/airoha/key_remap/src/key_remap_frontend.o
                0x840685d0                key_remap_frontend_process
 .text.key_remap_frontend_setting_update
                0x84068612       0x44 /workdir/out/ab1623m_evk/keychron_mouse_LM7/Keychron_LM7_design_mouse/riscv/mouse_ref_design/hid_ref_mouse_m20_pro/common/middleware/airoha/key_remap/src/key_remap_frontend.o
                0x84068612                key_remap_frontend_setting_update
 .text.key_remap_frontend_init
                0x84068656       0x34 /workdir/out/ab1623m_evk/keychron_mouse_LM7/Keychron_LM7_design_mouse/riscv/mouse_ref_design/hid_ref_mouse_m20_pro/common/middleware/airoha/key_remap/src/key_remap_frontend.o
                0x84068656                key_remap_frontend_init
 .text.key_remap_update_record
                0x8406868a       0x54 /workdir/out/ab1623m_evk/keychron_mouse_LM7/Keychron_LM7_design_mouse/riscv/mouse_ref_design/hid_ref_mouse_m20_pro/common/middleware/airoha/key_remap/src/key_remap_backend.o
 .text.key_remap_macro_stop
                0x840686de       0x66 /workdir/out/ab1623m_evk/keychron_mouse_LM7/Keychron_LM7_design_mouse/riscv/mouse_ref_design/hid_ref_mouse_m20_pro/common/middleware/airoha/key_remap/src/key_remap_backend.o
 .text.key_remap_macro_key_press
                0x84068744       0x72 /workdir/out/ab1623m_evk/keychron_mouse_LM7/Keychron_LM7_design_mouse/riscv/mouse_ref_design/hid_ref_mouse_m20_pro/common/middleware/airoha/key_remap/src/key_remap_backend.o
 .text.key_remap_get_ms_x_y