The target system is: Generic - 3.7.1 - arm
The host system is: Linux - 6.6.114.1-microsoft-standard-WSL2 - x86_64
Compiling the C compiler identification source file "CMakeCCompilerId.c" succeeded.
Compiler: /opt/toolchains/zephyr-sdk-0.16.9/arm-zephyr-eabi/bin/arm-zephyr-eabi-gcc 
Build flags: 
Id flags: -c 

The output was:
0


Compilation of the C compiler identification source "CMakeCCompilerId.c" produced "CMakeCCompilerId.o"

The C compiler identification is GNU, found in "/workdir/out/ab1623m_evk/hid_ref_mouse_m20/hid_device_ref_design_mouse/CMakeFiles/3.22.1/CompilerIdC/CMakeCCompilerId.o"

Compiling the CXX compiler identification source file "CMakeCXXCompilerId.cpp" succeeded.
Compiler: /opt/toolchains/zephyr-sdk-0.16.9/arm-zephyr-eabi/bin/arm-zephyr-eabi-g++ 
Build flags: 
Id flags: -c 

The output was:
0


Compilation of the CXX compiler identification source "CMakeCXXCompilerId.cpp" produced "CMakeCXXCompilerId.o"

The CXX compiler identification is GNU, found in "/workdir/out/ab1623m_evk/hid_ref_mouse_m20/hid_device_ref_design_mouse/CMakeFiles/3.22.1/CompilerIdCXX/CMakeCXXCompilerId.o"

Checking whether the ASM compiler is GNU using "--version" matched "(GNU assembler)|(GCC)|(Free Software Foundation)":
arm-zephyr-eabi-gcc (Zephyr SDK 0.16.9) 12.2.0
Copyright (C) 2022 Free Software Foundation, Inc.
This is free software; see the source for copying conditions.  There is NO
warranty; not even for MERCHANTABILITY or FITNESS FOR A PARTICULAR PURPOSE.

Performing C SOURCE FILE Test check_fmacro_prefix_map__workdir_airoha_mcu_applications_hid_device_ref_design_mouse_CMAKE_SOURCE_DIR_C__nostartfiles__nostdlib__isystem___opt_toolchains_zephyr_sdk_0_16_9_arm_zephyr_eabi_bin____lib_gcc_arm_zephyr_eabi_12_2_0_include___isystem___opt_toolchains_zephyr_sdk_0_16_9_arm_zephyr_eabi_bin____lib_gcc_arm_zephyr_eabi_12_2_0_include_fixed___Wl___unresolved_symbols_ignore_in_object_files__Wl___entry_0 succeeded with the following output:
Change Dir: /workdir/out/ab1623m_evk/hid_ref_mouse_m20/hid_device_ref_design_mouse/CMakeFiles/CMakeTmp

Run Build Command(s):/usr/local/bin/ninja cmTC_cea4d && [1/2] Building C object CMakeFiles/cmTC_cea4d.dir/src.c.obj
[2/2] Linking C executable cmTC_cea4d


Source file was:
int main(void) { return 0; }
Performing C++ SOURCE FILE Test check_fmacro_prefix_map__workdir_airoha_mcu_applications_hid_device_ref_design_mouse_CMAKE_SOURCE_DIR_CXX__nostartfiles__nostdlib__isystem___opt_toolchains_zephyr_sdk_0_16_9_arm_zephyr_eabi_bin____lib_gcc_arm_zephyr_eabi_12_2_0_include___isystem___opt_toolchains_zephyr_sdk_0_16_9_arm_zephyr_eabi_bin____lib_gcc_arm_zephyr_eabi_12_2_0_include_fixed___Wl___unresolved_symbols_ignore_in_object_files__Wl___entry_0 succeeded with the following output:
Change Dir: /workdir/out/ab1623m_evk/hid_ref_mouse_m20/hid_device_ref_design_mouse/CMakeFiles/CMakeTmp

Run Build Command(s):/usr/local/bin/ninja cmTC_e262a && [1/2] Building CXX object CMakeFiles/cmTC_e262a.dir/src.cxx.obj
[2/2] Linking CXX executable cmTC_e262a


Source file was:
int main() { return 0; }
Performing C SOURCE FILE Test check_C__nostartfiles__nostdlib__isystem___opt_toolchains_zephyr_sdk_0_16_9_arm_zephyr_eabi_bin____lib_gcc_arm_zephyr_eabi_12_2_0_include___isystem___opt_toolchains_zephyr_sdk_0_16_9_arm_zephyr_eabi_bin____lib_gcc_arm_zephyr_eabi_12_2_0_include_fixed___Wl___unresolved_symbols_ignore_in_object_files__Wl___entry_0__Wl__wrap_k_free succeeded with the following output:
Change Dir: /workdir/out/ab1623m_evk/hid_ref_mouse_m20/hid_device_ref_design_mouse/CMakeFiles/CMakeTmp

Run Build Command(s):/usr/local/bin/ninja cmTC_3839c && [1/2] Building C object CMakeFiles/cmTC_3839c.dir/src.c.obj
[2/2] Linking C executable cmTC_3839c


Source file was:
int main(void) { return 0; }
Performing C SOURCE FILE Test check_C__nostartfiles__nostdlib__isystem___opt_toolchains_zephyr_sdk_0_16_9_arm_zephyr_eabi_bin____lib_gcc_arm_zephyr_eabi_12_2_0_include___isystem___opt_toolchains_zephyr_sdk_0_16_9_arm_zephyr_eabi_bin____lib_gcc_arm_zephyr_eabi_12_2_0_include_fixed___Wl___unresolved_symbols_ignore_in_object_files__Wl___entry_0__Wl__wrap_k_aligned_alloc succeeded with the following output:
Change Dir: /workdir/out/ab1623m_evk/hid_ref_mouse_m20/hid_device_ref_design_mouse/CMakeFiles/CMakeTmp

Run Build Command(s):/usr/local/bin/ninja cmTC_d0e8e && [1/2] Building C object CMakeFiles/cmTC_d0e8e.dir/src.c.obj
[2/2] Linking C executable cmTC_d0e8e


Source file was:
int main(void) { return 0; }
Performing C SOURCE FILE Test check_C__nostartfiles__nostdlib__isystem___opt_toolchains_zephyr_sdk_0_16_9_arm_zephyr_eabi_bin____lib_gcc_arm_zephyr_eabi_12_2_0_include___isystem___opt_toolchains_zephyr_sdk_0_16_9_arm_zephyr_eabi_bin____lib_gcc_arm_zephyr_eabi_12_2_0_include_fixed___Wl___unresolved_symbols_ignore_in_object_files__Wl___entry_0__Wl__wrap_k_malloc succeeded with the following output:
Change Dir: /workdir/out/ab1623m_evk/hid_ref_mouse_m20/hid_device_ref_design_mouse/CMakeFiles/CMakeTmp

Run Build Command(s):/usr/local/bin/ninja cmTC_bfdd2 && [1/2] Building C object CMakeFiles/cmTC_bfdd2.dir/src.c.obj
[2/2] Linking C executable cmTC_bfdd2


Source file was:
int main(void) { return 0; }
Performing C SOURCE FILE Test check_C__nostartfiles__nostdlib__isystem___opt_toolchains_zephyr_sdk_0_16_9_arm_zephyr_eabi_bin____lib_gcc_arm_zephyr_eabi_12_2_0_include___isystem___opt_toolchains_zephyr_sdk_0_16_9_arm_zephyr_eabi_bin____lib_gcc_arm_zephyr_eabi_12_2_0_include_fixed___Wl___unresolved_symbols_ignore_in_object_files__Wl___entry_0__Wl__wrap_k_calloc succeeded with the following output:
Change Dir: /workdir/out/ab1623m_evk/hid_ref_mouse_m20/hid_device_ref_design_mouse/CMakeFiles/CMakeTmp

Run Build Command(s):/usr/local/bin/ninja cmTC_8db03 && [1/2] Building C object CMakeFiles/cmTC_8db03.dir/src.c.obj
[2/2] Linking C executable cmTC_8db03


Source file was:
int main(void) { return 0; }
Performing C SOURCE FILE Test check_C__nostartfiles__nostdlib__isystem___opt_toolchains_zephyr_sdk_0_16_9_arm_zephyr_eabi_bin____lib_gcc_arm_zephyr_eabi_12_2_0_include___isystem___opt_toolchains_zephyr_sdk_0_16_9_arm_zephyr_eabi_bin____lib_gcc_arm_zephyr_eabi_12_2_0_include_fixed___Wl___unresolved_symbols_ignore_in_object_files__Wl___entry_0__Wl__wrap_k_realloc succeeded with the following output:
Change Dir: /workdir/out/ab1623m_evk/hid_ref_mouse_m20/hid_device_ref_design_mouse/CMakeFiles/CMakeTmp

Run Build Command(s):/usr/local/bin/ninja cmTC_ef49e && [1/2] Building C object CMakeFiles/cmTC_ef49e.dir/src.c.obj
[2/2] Linking C executable cmTC_ef49e


Source file was:
int main(void) { return 0; }
Performing C SOURCE FILE Test check_C__nostartfiles__nostdlib__isystem___opt_toolchains_zephyr_sdk_0_16_9_arm_zephyr_eabi_bin____lib_gcc_arm_zephyr_eabi_12_2_0_include___isystem___opt_toolchains_zephyr_sdk_0_16_9_arm_zephyr_eabi_bin____lib_gcc_arm_zephyr_eabi_12_2_0_include_fixed___Wl___unresolved_symbols_ignore_in_object_files__Wl___entry_0__Wl__wrap_z_arm_configure_static_mpu_regions succeeded with the following output:
Change Dir: /workdir/out/ab1623m_evk/hid_ref_mouse_m20/hid_device_ref_design_mouse/CMakeFiles/CMakeTmp

Run Build Command(s):/usr/local/bin/ninja cmTC_e07f0 && [1/2] Building C object CMakeFiles/cmTC_e07f0.dir/src.c.obj
[2/2] Linking C executable cmTC_e07f0


Source file was:
int main(void) { return 0; }
Performing C SOURCE FILE Test check_C__nostartfiles__nostdlib__isystem___opt_toolchains_zephyr_sdk_0_16_9_arm_zephyr_eabi_bin____lib_gcc_arm_zephyr_eabi_12_2_0_include___isystem___opt_toolchains_zephyr_sdk_0_16_9_arm_zephyr_eabi_bin____lib_gcc_arm_zephyr_eabi_12_2_0_include_fixed___Wl___unresolved_symbols_ignore_in_object_files__Wl___entry_0__Wl__wrap_z_arm_mpu_init succeeded with the following output:
Change Dir: /workdir/out/ab1623m_evk/hid_ref_mouse_m20/hid_device_ref_design_mouse/CMakeFiles/CMakeTmp

Run Build Command(s):/usr/local/bin/ninja cmTC_0892c && [1/2] Building C object CMakeFiles/cmTC_0892c.dir/src.c.obj
[2/2] Linking C executable cmTC_0892c


Source file was:
int main(void) { return 0; }
Performing C SOURCE FILE Test check_C__nostartfiles__nostdlib__isystem___opt_toolchains_zephyr_sdk_0_16_9_arm_zephyr_eabi_bin____lib_gcc_arm_zephyr_eabi_12_2_0_include___isystem___opt_toolchains_zephyr_sdk_0_16_9_arm_zephyr_eabi_bin____lib_gcc_arm_zephyr_eabi_12_2_0_include_fixed___Wl___unresolved_symbols_ignore_in_object_files__Wl___entry_0__Wl__wrap_z_impl_device_get_binding succeeded with the following output:
Change Dir: /workdir/out/ab1623m_evk/hid_ref_mouse_m20/hid_device_ref_design_mouse/CMakeFiles/CMakeTmp

Run Build Command(s):/usr/local/bin/ninja cmTC_988ef && [1/2] Building C object CMakeFiles/cmTC_988ef.dir/src.c.obj
[2/2] Linking C executable cmTC_988ef


Source file was:
int main(void) { return 0; }
